[2026-06-05 16:03:13] === 挂机第一模式启动 ===
[2026-06-05 16:03:13] 正在初始化坦克数据...
[2026-06-05 16:03:15] 我的坦克 ID: 230 | 当前分数: 2626 | 当前点数: 826
[2026-06-05 16:03:15] 正在搜寻全服最高分合格对手...
[2026-06-05 16:04:27] [搜寻成功] 锁定对手 #1: 虾米M#2016 (分数: 2900)
[2026-06-05 16:04:27] [第 1 场对战] 正在挑战第一名: 虾米M#2016 (2900)
[2026-06-05 16:04:30] [第 1 场] 结果: WIN | 得分: 2654 (+28) | 点数: 854 | 原因: star | 链接: https://agentank.ai/history/mat_CeFFdSltNgaF9yHB1
[2026-06-05 16:04:30] 等待 5 秒后发起下一次挑战...

[2026-06-05 16:04:35] [第 2 场对战] 正在挑战第一名: 虾米M#2016 (2900)
[2026-06-05 16:04:40] [第 2 场] 结果: LOSS | 得分: 2646 (-8) | 点数: 846 | 原因: crashed | 链接: https://agentank.ai/history/mat_6yxme0qdPyM5iOglC
[2026-06-05 16:04:40] 等待 5 秒后发起下一次挑战...

[2026-06-05 16:04:45] [第 3 场对战] 正在挑战第一名: 虾米M#2016 (2900)
[2026-06-05 16:04:49] [第 3 场] 结果: LOSS | 得分: 2636 (-10) | 点数: 836 | 原因: crashed | 链接: https://agentank.ai/history/mat_8d4vHCdNfnjDuz3tc
[2026-06-05 16:04:49] 等待 5 秒后发起下一次挑战...

[2026-06-05 16:04:54] [第 4 场对战] 正在挑战第一名: 虾米M#2016 (2900)
[2026-06-05 16:04:58] [第 4 场] 结果: LOSS | 得分: 2626 (-10) | 点数: 826 | 原因: crashed | 链接: https://agentank.ai/history/mat_HyEphTvoqnjKshhY4
[2026-06-05 16:04:58] 等待 5 秒后发起下一次挑战...

[2026-06-05 16:05:03] [第 5 场对战] 正在挑战第一名: 虾米M#2016 (2900)
[2026-06-05 16:05:08] [第 5 场] 结果: LOSS | 得分: 2616 (-10) | 点数: 816 | 原因: star | 链接: https://agentank.ai/history/mat_7Lv1BcHvhISBZ2wI9
[2026-06-05 16:05:08] 等待 5 秒后发起下一次挑战...

[2026-06-05 16:05:13] [第 6 场对战] 正在挑战第一名: 虾米M#2016 (2900)
[2026-06-05 16:05:20] [第 6 场] 结果: LOSS | 得分: 2606 (-10) | 点数: 806 | 原因: star | 链接: https://agentank.ai/history/mat_F0CRVJaT9dGEdqFbG
[2026-06-05 16:05:20] 等待 5 秒后发起下一次挑战...

[2026-06-05 16:05:26] [第 7 场对战] 正在挑战第一名: 虾米M#2016 (2900)
[2026-06-05 16:05:32] [第 7 场] 结果: LOSS | 得分: 2596 (-10) | 点数: 796 | 原因: crashed | 链接: https://agentank.ai/history/mat_7N0d8rbTiKdAAuGXh
[2026-06-05 16:05:32] 等待 5 秒后发起下一次挑战...

[2026-06-05 16:05:37] [第 8 场对战] 正在挑战第一名: 虾米M#2016 (2900)
[2026-06-05 16:05:41] [第 8 场] 结果: LOSS | 得分: 2586 (-10) | 点数: 786 | 原因: crashed | 链接: https://agentank.ai/history/mat_HHaQm9sYQJCFwj34B
[2026-06-05 16:05:41] 等待 5 秒后发起下一次挑战...

[2026-06-05 16:05:46] [第 9 场对战] 正在挑战第一名: 虾米M#2016 (2900)
[2026-06-05 16:05:50] [第 9 场] 结果: WIN | 得分: 2614 (+28) | 点数: 814 | 原因: star | 链接: https://agentank.ai/history/mat_2qkE2tqKHuCLbCLf4
[2026-06-05 16:05:50] 等待 5 秒后发起下一次挑战...

[2026-06-05 16:05:55] [第 10 场对战] 正在挑战第一名: 虾米M#2016 (2900)
[2026-06-05 16:05:59] [第 10 场] 结果: WIN | 得分: 2642 (+28) | 点数: 842 | 原因: runTime | 链接: https://agentank.ai/history/mat_68jkcGepX4GCZwkCu
[2026-06-05 16:05:59] 等待 5 秒后发起下一次挑战...

[2026-06-05 16:06:04] 正在搜寻全服最高分合格对手...
[2026-06-05 16:07:53] [搜寻成功] 锁定对手 #1: DONKING#2954 (分数: 2898)
[2026-06-05 16:07:53] [第 11 场对战] 正在挑战第一名: DONKING#2954 (2898)
[2026-06-05 16:07:57] [第 11 场] 结果: WIN | 得分: 2670 (+28) | 点数: 870 | 原因: star | 链接: https://agentank.ai/history/mat_AEXJVTDFtKO32IKrq
[2026-06-05 16:07:57] 等待 5 秒后发起下一次挑战...

[2026-06-05 16:08:02] [第 12 场对战] 正在挑战第一名: DONKING#2954 (2898)
[2026-06-05 16:08:08] [第 12 场] 结果: LOSS | 得分: 2659 (-11) | 点数: 859 | 原因: crashed | 链接: https://agentank.ai/history/mat_3fbPjEWfr4c4WPQnJ
[2026-06-05 16:08:08] 等待 5 秒后发起下一次挑战...

[2026-06-05 16:08:13] [第 13 场对战] 正在挑战第一名: DONKING#2954 (2898)
[2026-06-05 16:08:16] [第 13 场] 结果: WIN | 得分: 2689 (+30) | 点数: 889 | 原因: crashed | 链接: https://agentank.ai/history/mat_Iw3bfjsFfHz28xTTr
[2026-06-05 16:08:16] 等待 5 秒后发起下一次挑战...

[2026-06-05 16:08:21] [第 14 场对战] 正在挑战第一名: DONKING#2954 (2898)
[2026-06-05 16:08:26] [第 14 场] 结果: WIN | 得分: 2715 (+26) | 点数: 915 | 原因: star | 链接: https://agentank.ai/history/mat_Gq0DZhYSRG8C6SiP1
[2026-06-05 16:08:26] 等待 5 秒后发起下一次挑战...

[2026-06-05 16:08:31] [第 15 场对战] 正在挑战第一名: DONKING#2954 (2898)
[2026-06-05 16:08:36] [第 15 场] 结果: WIN | 得分: 2738 (+23) | 点数: 938 | 原因: star | 链接: https://agentank.ai/history/mat_LCNqZl9CWuX9B6Ukb
[2026-06-05 16:08:36] 等待 5 秒后发起下一次挑战...

[2026-06-05 16:08:41] [第 16 场对战] 正在挑战第一名: DONKING#2954 (2898)
[2026-06-05 16:08:47] [第 16 场] 结果: WIN | 得分: 2760 (+22) | 点数: 960 | 原因: runTime | 链接: https://agentank.ai/history/mat_7MBnoPIwdPe6db12r
[2026-06-05 16:08:47] 等待 5 秒后发起下一次挑战...

[2026-06-05 16:08:52] [第 17 场对战] 正在挑战第一名: DONKING#2954 (2898)
[2026-06-05 16:08:57] [第 17 场] 结果: LOSS | 得分: 2741 (-19) | 点数: 941 | 原因: crashed | 链接: https://agentank.ai/history/mat_Kf6guo9UUWWH7JCMk
[2026-06-05 16:08:57] 等待 5 秒后发起下一次挑战...

[2026-06-05 16:09:02] [第 18 场对战] 正在挑战第一名: DONKING#2954 (2898)
[2026-06-05 16:09:05] [第 18 场] 结果: WIN | 得分: 2764 (+23) | 点数: 964 | 原因: crashed | 链接: https://agentank.ai/history/mat_B8tUvsxtAB8H6igPZ
[2026-06-05 16:09:05] 等待 5 秒后发起下一次挑战...

[2026-06-05 16:09:10] [第 19 场对战] 正在挑战第一名: DONKING#2954 (2898)
[2026-06-05 16:09:14] [第 19 场] 结果: WIN | 得分: 2785 (+21) | 点数: 985 | 原因: crashed | 链接: https://agentank.ai/history/mat_9q7sxAgvgI1C43sWn
[2026-06-05 16:09:14] 等待 5 秒后发起下一次挑战...

[2026-06-05 16:09:19] [第 20 场对战] 正在挑战第一名: DONKING#2954 (2898)
[2026-06-05 16:09:29] [第 20 场] 结果: LOSS | 得分: 2763 (-22) | 点数: 963 | 原因: crashed | 链接: https://agentank.ai/history/mat_KMKhqiMOC344sZEBW
[2026-06-05 16:09:29] 等待 5 秒后发起下一次挑战...

[2026-06-05 16:09:34] 正在搜寻全服最高分合格对手...
[2026-06-05 16:11:25] [搜寻成功] 锁定对手 #1: 小强#1394 (分数: 2971)
[2026-06-05 16:11:25] [第 21 场对战] 正在挑战第一名: 小强#1394 (2971)
[2026-06-05 16:11:30] [第 21 场] 结果: WIN | 得分: 2841 (+29) | 点数: 1041 | 原因: crashed | 链接: https://agentank.ai/history/mat_Kv30gEQSSCEK6asNf
[2026-06-05 16:11:30] 等待 5 秒后发起下一次挑战...

[2026-06-05 16:11:35] [第 22 场对战] 正在挑战第一名: 小强#1394 (2971)
[2026-06-05 16:11:39] [第 22 场] 结果: WIN | 得分: 2867 (+26) | 点数: 1067 | 原因: crashed | 链接: https://agentank.ai/history/mat_GOgj5hqwVGoDIZsBw
[2026-06-05 16:11:39] 等待 5 秒后发起下一次挑战...

[2026-06-05 16:11:44] [第 23 场对战] 正在挑战第一名: 小强#1394 (2971)
[2026-06-05 16:11:51] [第 23 场] 结果: WIN | 得分: 2890 (+23) | 点数: 1090 | 原因: crashed | 链接: https://agentank.ai/history/mat_3lGtL6jiiQi5XZwWD
[2026-06-05 16:11:51] 等待 5 秒后发起下一次挑战...

[2026-06-05 16:11:56] [第 24 场对战] 正在挑战第一名: 小强#1394 (2971)
[2026-06-05 16:12:00] [第 24 场] 结果: WIN | 得分: 2910 (+20) | 点数: 1110 | 原因: crashed | 链接: https://agentank.ai/history/mat_1wMTsYAeB033fRsrp
[2026-06-05 16:12:00] 等待 5 秒后发起下一次挑战...

[2026-06-05 16:12:05] [第 25 场对战] 正在挑战第一名: 小强#1394 (2971)
[2026-06-05 16:12:11] [第 25 场] 结果: WIN | 得分: 2928 (+18) | 点数: 1128 | 原因: crashed | 链接: https://agentank.ai/history/mat_5UdQjUeSvTaCeaBNz
[2026-06-05 16:12:11] 等待 5 秒后发起下一次挑战...

[2026-06-05 16:12:16] [第 26 场对战] 正在挑战第一名: 小强#1394 (2971)
[2026-06-05 16:12:21] [第 26 场] 结果: LOSS | 得分: 2904 (-24) | 点数: 1104 | 原因: star | 链接: https://agentank.ai/history/mat_Gjw3Pawo9MgGqGrvN
[2026-06-05 16:12:21] 等待 5 秒后发起下一次挑战...

[2026-06-05 16:12:26] [第 27 场对战] 正在挑战第一名: 小强#1394 (2971)
[2026-06-05 16:12:31] [第 27 场] 结果: WIN | 得分: 2922 (+18) | 点数: 1122 | 原因: crashed | 链接: https://agentank.ai/history/mat_FLCttMEMLO32IKjLl
[2026-06-05 16:12:31] 等待 5 秒后发起下一次挑战...

[2026-06-05 16:12:36] [第 28 场对战] 正在挑战第一名: 小强#1394 (2971)
[2026-06-05 16:12:41] [第 28 场] 结果: WIN | 得分: 2940 (+18) | 点数: 1140 | 原因: crashed | 链接: https://agentank.ai/history/mat_2Nd6WpVYtsX0fkfNy
[2026-06-05 16:12:41] 等待 5 秒后发起下一次挑战...

[2026-06-05 16:12:46] [第 29 场对战] 正在挑战第一名: 小强#1394 (2971)
[2026-06-05 16:12:50] [第 29 场] 结果: WIN | 得分: 2958 (+18) | 点数: 1158 | 原因: crashed | 链接: https://agentank.ai/history/mat_E4pYYgkArFWCOFd8O
[2026-06-05 16:12:50] 等待 5 秒后发起下一次挑战...

[2026-06-05 16:12:55] [第 30 场对战] 正在挑战第一名: 小强#1394 (2971)
[2026-06-05 16:12:59] [第 30 场] 结果: WIN | 得分: 2989 (+13) | 点数: 1189 | 原因: star | 链接: https://agentank.ai/history/mat_56mEw04WraN7EWKzj
[2026-06-05 16:12:59] 等待 5 秒后发起下一次挑战...

[2026-06-05 16:13:04] 正在搜寻全服最高分合格对手...
