
=================== Simulation Config ===================
  My Tank (XDB) ID : 3fe7c7c8 (Index: 0)
  Enemy (Riftwalker) ID : 340bd8a5 (Index: 1)
=========================================================

--------------------------------------------------------------------------------
Frame 1 | Star: [3,11] | Map: random
[State] XDB   : Pos=[2,2] Dir=left  | CD=0 | Status=[Normal]
        Riftwalker : Pos=[3,10] Dir=down  | CD=40 | Status=[fireLocked] (Visible: true)
[Replay Actions]
  ⚔️ Riftwalker: teleported to [3,10]
  🛡️ XDB   : turn left (now left)
[Local Simulation Evaluation]
  Chosen Target: {"action":"move","target":[1,4],"score":770}
  Path NextStep: [1,2] -> Need Turn/Move Dir: left
  🤖 Local Code Action: go(1)
  ⚠️ [Diverged] Local Code Action differs from Replay!
     -> Replay Action: turn left (now left)
     -> Local Code   : go(1)
--------------------------------------------------------------------------------
Frame 2 | Star: [3,11] | Map: random
[State] XDB   : Pos=[1,2] Dir=left  | CD=0 | Status=[Normal]
        Riftwalker : Pos=[3,11] Dir=down  | CD=39 | Status=[fireLocked] (Visible: false)
[Replay Actions]
  ⚔️ Riftwalker: move to [3,11]
  🛡️ XDB   : move to [1,2]
[Local Simulation Evaluation]
  Chosen Target: {"action":"move","target":[1,4],"score":780}
  Path NextStep: [1,3] -> Need Turn/Move Dir: down
  🤖 Local Code Action: turn("left")
  ⚠️ [Diverged] Local Code Action differs from Replay!
     -> Replay Action: move to [1,2]
     -> Local Code   : turn("left")
--------------------------------------------------------------------------------
Frame 3 | Star: null | Map: random
[State] XDB   : Pos=[1,2] Dir=down  | CD=0 | Status=[Normal]
        Riftwalker : Pos=[3,11] Dir=left  | CD=38 | Status=[Normal] (Visible: false)
[Replay Actions]
  ⚔️ Riftwalker: turn right (now left)
  🛡️ XDB   : turn left (now down)
[Local Simulation Evaluation]
  Chosen Target: {"action":"move","target":[1,4],"score":780}
  Path NextStep: [1,3] -> Need Turn/Move Dir: down
  🤖 Local Code Action: go(1)
  ⚠️ [Diverged] Local Code Action differs from Replay!
     -> Replay Action: turn left (now down)
     -> Local Code   : go(1)
--------------------------------------------------------------------------------
Frame 4 | Star: null | Map: random
[State] XDB   : Pos=[1,3] Dir=down  | CD=0 | Status=[Normal]
        Riftwalker : Pos=[3,11] Dir=up    | CD=37 | Status=[Normal] (Visible: false)
[Replay Actions]
  ⚔️ Riftwalker: turn right (now up)
  🛡️ XDB   : move to [1,3]
[Local Simulation Evaluation]
  Chosen Target: {"action":"move","target":[1,4],"score":790}
  Path NextStep: [1,4] -> Need Turn/Move Dir: down
  🤖 Local Code Action: go(1)
  ⚠️ [Diverged] Local Code Action differs from Replay!
     -> Replay Action: move to [1,3]
     -> Local Code   : go(1)
--------------------------------------------------------------------------------
Frame 5 | Star: null | Map: random
[State] XDB   : Pos=[1,4] Dir=down  | CD=0 | Status=[Normal]
        Riftwalker : Pos=[3,10] Dir=up    | CD=36 | Status=[Normal] (Visible: false)
[Replay Actions]
  ⚔️ Riftwalker: move to [3,10]
  🛡️ XDB   : move to [1,4]
[Local Simulation Evaluation]
  Chosen Target: {"action":"turn","target":[0,4],"score":9950}
  🤖 Local Code Action: turn("right")
  ⚠️ [Diverged] Local Code Action differs from Replay!
     -> Replay Action: move to [1,4]
     -> Local Code   : turn("right")
--------------------------------------------------------------------------------
Frame 6 | Star: null | Map: random
[State] XDB   : Pos=[8,11] Dir=down  | CD=40 | Status=[fireLocked]
        Riftwalker : Pos=[3,10] Dir=up    | CD=35 | Status=[Normal] (Visible: false)
[Replay Actions]
  ⚔️ Riftwalker: stay still
  🛡️ XDB   : teleported to [8,11]
[Local Simulation Evaluation]
  Chosen Target: {"action":"turn","target":[3,11],"score":9900}
  🤖 Local Code Action: go(1)
  ⚠️ [Diverged] Local Code Action differs from Replay!
     -> Replay Action: teleported to [8,11]
     -> Local Code   : go(1)
--------------------------------------------------------------------------------
Frame 7 | Star: null | Map: random
[State] XDB   : Pos=[8,12] Dir=down  | CD=39 | Status=[fireLocked]
        Riftwalker : Pos=[3,10] Dir=right | CD=34 | Status=[Normal] (Visible: false)
[Replay Actions]
  ⚔️ Riftwalker: turn right (now right)
  🛡️ XDB   : move to [8,12]
[Local Simulation Evaluation]
  Chosen Target: null
  🤖 Local Code Action: stay still
  ⚠️ [Diverged] Local Code Action differs from Replay!
     -> Replay Action: move to [8,12]
     -> Local Code   : stay still
--------------------------------------------------------------------------------
Frame 8 | Star: null | Map: random
[State] XDB   : Pos=[8,12] Dir=down  | CD=38 | Status=[Normal]
        Riftwalker : Pos=[3,10] Dir=down  | CD=33 | Status=[Normal] (Visible: false)
[Replay Actions]
  ⚔️ Riftwalker: turn right (now down)
  🛡️ XDB   : stay still
[Local Simulation Evaluation]
  Chosen Target: null
  🤖 Local Code Action: stay still
--------------------------------------------------------------------------------
Frame 9 | Star: null | Map: random
[State] XDB   : Pos=[8,12] Dir=down  | CD=37 | Status=[Normal]
        Riftwalker : Pos=[3,11] Dir=down  | CD=32 | Status=[Normal] (Visible: false)
[Replay Actions]
  ⚔️ Riftwalker: move to [3,11]
  🛡️ XDB   : stay still
[Local Simulation Evaluation]
  Chosen Target: null
  🤖 Local Code Action: stay still
--------------------------------------------------------------------------------
Frame 10 | Star: null | Map: random
[State] XDB   : Pos=[8,12] Dir=down  | CD=36 | Status=[Normal]
        Riftwalker : Pos=[3,11] Dir=right | CD=31 | Status=[Normal] (Visible: false)
[Replay Actions]
  ⚔️ Riftwalker: turn left (now right)
  🛡️ XDB   : stay still
[Local Simulation Evaluation]
  Chosen Target: null
  🤖 Local Code Action: stay still
--------------------------------------------------------------------------------
Frame 11 | Star: null | Map: random
[State] XDB   : Pos=[8,12] Dir=down  | CD=35 | Status=[Normal]
        Riftwalker : Pos=[3,11] Dir=right | CD=30 | Status=[Normal] (Visible: false)
[Replay Actions]
  ⚔️ Riftwalker: stay still
  🛡️ XDB   : stay still
[Local Simulation Evaluation]
  Chosen Target: null
  🤖 Local Code Action: stay still
--------------------------------------------------------------------------------
Frame 12 | Star: null | Map: random
[State] XDB   : Pos=[8,12] Dir=down  | CD=34 | Status=[Normal]
        Riftwalker : Pos=[3,11] Dir=right | CD=29 | Status=[Normal] (Visible: false)
[Replay Actions]
  ⚔️ Riftwalker: stay still
  🛡️ XDB   : stay still
[Local Simulation Evaluation]
  Chosen Target: null
  🤖 Local Code Action: stay still
--------------------------------------------------------------------------------
Frame 13 | Star: [13,5] | Map: random
[State] XDB   : Pos=[8,12] Dir=down  | CD=33 | Status=[Normal]
        Riftwalker : Pos=[3,11] Dir=right | CD=28 | Status=[Normal] (Visible: false)
[Replay Actions]
  ⚔️ Riftwalker: stay still
  🛡️ XDB   : stay still
[Local Simulation Evaluation]
  Chosen Target: {"action":"move","target":[13,5],"score":1788}
  Path NextStep: [8,13] -> Need Turn/Move Dir: down
  🤖 Local Code Action: go(1)
  ⚠️ [Diverged] Local Code Action differs from Replay!
     -> Replay Action: stay still
     -> Local Code   : go(1)
--------------------------------------------------------------------------------
Frame 14 | Star: [13,5] | Map: random
[State] XDB   : Pos=[8,13] Dir=down  | CD=32 | Status=[Normal]
        Riftwalker : Pos=[3,11] Dir=right | CD=27 | Status=[Normal] (Visible: false)
[Replay Actions]
  ⚔️ Riftwalker: stay still
  🛡️ XDB   : move to [8,13]
[Local Simulation Evaluation]
  Chosen Target: {"action":"move","target":[13,5],"score":1787}
  Path NextStep: [9,13] -> Need Turn/Move Dir: right
  🤖 Local Code Action: turn("left")
  ⚠️ [Diverged] Local Code Action differs from Replay!
     -> Replay Action: move to [8,13]
     -> Local Code   : turn("left")
--------------------------------------------------------------------------------
Frame 15 | Star: [13,5] | Map: random
[State] XDB   : Pos=[8,13] Dir=right | CD=31 | Status=[Normal]
        Riftwalker : Pos=[3,11] Dir=right | CD=26 | Status=[Normal] (Visible: false)
[Replay Actions]
  ⚔️ Riftwalker: stay still
  🛡️ XDB   : turn left (now right)
[Local Simulation Evaluation]
  Chosen Target: {"action":"move","target":[13,5],"score":1787}
  Path NextStep: [9,13] -> Need Turn/Move Dir: right
  🤖 Local Code Action: go(1)
  ⚠️ [Diverged] Local Code Action differs from Replay!
     -> Replay Action: turn left (now right)
     -> Local Code   : go(1)
--------------------------------------------------------------------------------
Frame 16 | Star: [13,5] | Map: random
[State] XDB   : Pos=[9,13] Dir=right | CD=30 | Status=[Normal]
        Riftwalker : Pos=[3,11] Dir=down  | CD=25 | Status=[Normal] (Visible: false)
[Replay Actions]
  ⚔️ Riftwalker: turn right (now down)
  🛡️ XDB   : move to [9,13]
[Local Simulation Evaluation]
  Chosen Target: {"action":"move","target":[13,5],"score":1788}
  Path NextStep: [10,13] -> Need Turn/Move Dir: right
  🤖 Local Code Action: go(1)
  ⚠️ [Diverged] Local Code Action differs from Replay!
     -> Replay Action: move to [9,13]
     -> Local Code   : go(1)
--------------------------------------------------------------------------------
Frame 17 | Star: [13,5] | Map: random
[State] XDB   : Pos=[10,13] Dir=right | CD=29 | Status=[Normal]
        Riftwalker : Pos=[3,11] Dir=down  | CD=24 | Status=[Normal] (Visible: false)
[Replay Actions]
  ⚔️ Riftwalker: stay still
  🛡️ XDB   : move to [10,13]
[Local Simulation Evaluation]
  Chosen Target: {"action":"move","target":[13,5],"score":1389}
  Path NextStep: [11,13] -> Need Turn/Move Dir: right
  🤖 Local Code Action: go(1)
  ⚠️ [Diverged] Local Code Action differs from Replay!
     -> Replay Action: move to [10,13]
     -> Local Code   : go(1)
--------------------------------------------------------------------------------
Frame 18 | Star: [13,5] | Map: random
[State] XDB   : Pos=[11,13] Dir=right | CD=28 | Status=[Normal]
        Riftwalker : Pos=[3,11] Dir=down  | CD=23 | Status=[Normal] (Visible: false)
[Replay Actions]
  ⚔️ Riftwalker: stay still
  🛡️ XDB   : move to [11,13]
[Local Simulation Evaluation]
  Chosen Target: {"action":"move","target":[13,5],"score":1390}
  Path NextStep: [12,13] -> Need Turn/Move Dir: right
  🤖 Local Code Action: go(1)
  ⚠️ [Diverged] Local Code Action differs from Replay!
     -> Replay Action: move to [11,13]
     -> Local Code   : go(1)
--------------------------------------------------------------------------------
Frame 19 | Star: [13,5] | Map: random
[State] XDB   : Pos=[12,13] Dir=right | CD=27 | Status=[Normal]
        Riftwalker : Pos=[3,11] Dir=down  | CD=22 | Status=[Normal] (Visible: false)
[Replay Actions]
  ⚔️ Riftwalker: stay still
  🛡️ XDB   : move to [12,13]
[Local Simulation Evaluation]
  Chosen Target: {"action":"move","target":[13,5],"score":1391}
  Path NextStep: [13,13] -> Need Turn/Move Dir: right
  🤖 Local Code Action: go(1)
  ⚠️ [Diverged] Local Code Action differs from Replay!
     -> Replay Action: move to [12,13]
     -> Local Code   : go(1)
--------------------------------------------------------------------------------
Frame 20 | Star: [13,5] | Map: random
[State] XDB   : Pos=[13,13] Dir=right | CD=26 | Status=[Normal]
        Riftwalker : Pos=[3,11] Dir=down  | CD=21 | Status=[Normal] (Visible: false)
[Replay Actions]
  ⚔️ Riftwalker: stay still
  🛡️ XDB   : move to [13,13]
[Local Simulation Evaluation]
  Chosen Target: {"action":"move","target":[13,5],"score":1392}
  Path NextStep: [13,12] -> Need Turn/Move Dir: up
  🤖 Local Code Action: turn("left")
  ⚠️ [Diverged] Local Code Action differs from Replay!
     -> Replay Action: move to [13,13]
     -> Local Code   : turn("left")
--------------------------------------------------------------------------------
Frame 21 | Star: [13,5] | Map: random
[State] XDB   : Pos=[13,13] Dir=up    | CD=25 | Status=[Normal]
        Riftwalker : Pos=[3,11] Dir=down  | CD=20 | Status=[Normal] (Visible: false)
[Replay Actions]
  ⚔️ Riftwalker: stay still
  🛡️ XDB   : turn left (now up)
[Local Simulation Evaluation]
  Chosen Target: {"action":"move","target":[13,5],"score":1392}
  Path NextStep: [13,12] -> Need Turn/Move Dir: up
  🤖 Local Code Action: go(1)
  ⚠️ [Diverged] Local Code Action differs from Replay!
     -> Replay Action: turn left (now up)
     -> Local Code   : go(1)
--------------------------------------------------------------------------------
Frame 22 | Star: [13,5] | Map: random
[State] XDB   : Pos=[13,12] Dir=up    | CD=24 | Status=[Normal]
        Riftwalker : Pos=[3,11] Dir=right | CD=19 | Status=[Normal] (Visible: false)
[Replay Actions]
  ⚔️ Riftwalker: turn left (now right)
  🛡️ XDB   : move to [13,12]
[Local Simulation Evaluation]
  Chosen Target: {"action":"move","target":[13,5],"score":1393}
  🤖 Local Code Action: stay still
  ⚠️ [Diverged] Local Code Action differs from Replay!
     -> Replay Action: move to [13,12]
     -> Local Code   : stay still
--------------------------------------------------------------------------------
Frame 23 | Star: [13,5] | Map: random
[State] XDB   : Pos=[13,12] Dir=up    | CD=23 | Status=[Normal]
        Riftwalker : Pos=[3,11] Dir=right | CD=18 | Status=[Normal] (Visible: false)
[Replay Actions]
  ⚔️ Riftwalker: stay still
  🛡️ XDB   : stay still
[Local Simulation Evaluation]
  Chosen Target: {"action":"move","target":[13,5],"score":1393}
  🤖 Local Code Action: stay still
--------------------------------------------------------------------------------
Frame 24 | Star: [13,5] | Map: random
[State] XDB   : Pos=[13,12] Dir=up    | CD=22 | Status=[Normal]
        Riftwalker : Pos=[3,11] Dir=right | CD=17 | Status=[Normal] (Visible: false)
[Replay Actions]
  ⚔️ Riftwalker: stay still
  🛡️ XDB   : stay still
[Local Simulation Evaluation]
  Chosen Target: {"action":"move","target":[13,5],"score":1393}
  🤖 Local Code Action: stay still
--------------------------------------------------------------------------------
Frame 25 | Star: [13,5] | Map: random
[State] XDB   : Pos=[13,12] Dir=up    | CD=21 | Status=[Normal]
        Riftwalker : Pos=[3,11] Dir=right | CD=16 | Status=[Normal] (Visible: false)
[Replay Actions]
  ⚔️ Riftwalker: stay still
  🛡️ XDB   : stay still
[Local Simulation Evaluation]
  Chosen Target: {"action":"move","target":[13,5],"score":1393}
  🤖 Local Code Action: stay still
--------------------------------------------------------------------------------
Frame 26 | Star: [13,5] | Map: random
[State] XDB   : Pos=[13,12] Dir=up    | CD=20 | Status=[Normal]
        Riftwalker : Pos=[3,11] Dir=right | CD=15 | Status=[Normal] (Visible: false)
[Replay Actions]
  ⚔️ Riftwalker: stay still
  🛡️ XDB   : stay still
[Local Simulation Evaluation]
  Chosen Target: {"action":"move","target":[13,5],"score":1393}
  🤖 Local Code Action: stay still
--------------------------------------------------------------------------------
Frame 27 | Star: [13,5] | Map: random
[State] XDB   : Pos=[13,12] Dir=up    | CD=19 | Status=[Normal]
        Riftwalker : Pos=[3,11] Dir=right | CD=14 | Status=[Normal] (Visible: false)
[Replay Actions]
  ⚔️ Riftwalker: stay still
  🛡️ XDB   : stay still
[Local Simulation Evaluation]
  Chosen Target: {"action":"move","target":[13,5],"score":1393}
  🤖 Local Code Action: stay still
--------------------------------------------------------------------------------
Frame 28 | Star: [13,5] | Map: random
[State] XDB   : Pos=[13,12] Dir=up    | CD=18 | Status=[Normal]
        Riftwalker : Pos=[3,11] Dir=right | CD=13 | Status=[Normal] (Visible: false)
[Replay Actions]
  ⚔️ Riftwalker: stay still
  🛡️ XDB   : stay still
[Local Simulation Evaluation]
  Chosen Target: {"action":"move","target":[13,5],"score":1393}
  🤖 Local Code Action: stay still
--------------------------------------------------------------------------------
Frame 29 | Star: [13,5] | Map: random
[State] XDB   : Pos=[13,12] Dir=up    | CD=17 | Status=[Normal]
        Riftwalker : Pos=[3,11] Dir=right | CD=12 | Status=[Normal] (Visible: false)
[Replay Actions]
  ⚔️ Riftwalker: stay still
  🛡️ XDB   : stay still
[Local Simulation Evaluation]
  Chosen Target: {"action":"move","target":[13,5],"score":1393}
  🤖 Local Code Action: stay still
--------------------------------------------------------------------------------
Frame 30 | Star: [13,5] | Map: random
[State] XDB   : Pos=[13,12] Dir=up    | CD=16 | Status=[Normal]
        Riftwalker : Pos=[3,11] Dir=right | CD=11 | Status=[Normal] (Visible: false)
[Replay Actions]
  ⚔️ Riftwalker: stay still
  🛡️ XDB   : stay still
[Local Simulation Evaluation]
  Chosen Target: {"action":"move","target":[13,5],"score":1393}
  🤖 Local Code Action: stay still
--------------------------------------------------------------------------------
Frame 31 | Star: [13,5] | Map: random
[State] XDB   : Pos=[13,12] Dir=up    | CD=15 | Status=[Normal]
        Riftwalker : Pos=[3,11] Dir=right | CD=10 | Status=[Normal] (Visible: false)
[Replay Actions]
  ⚔️ Riftwalker: stay still
  🛡️ XDB   : stay still
[Local Simulation Evaluation]
  Chosen Target: {"action":"move","target":[13,5],"score":1393}
  🤖 Local Code Action: stay still
--------------------------------------------------------------------------------
Frame 32 | Star: [13,5] | Map: random
[State] XDB   : Pos=[13,12] Dir=up    | CD=14 | Status=[Normal]
        Riftwalker : Pos=[3,11] Dir=right | CD=9 | Status=[Normal] (Visible: false)
[Replay Actions]
  ⚔️ Riftwalker: stay still
  🛡️ XDB   : stay still
[Local Simulation Evaluation]
  Chosen Target: {"action":"move","target":[13,5],"score":1393}
  🤖 Local Code Action: stay still
--------------------------------------------------------------------------------
Frame 33 | Star: [13,5] | Map: random
[State] XDB   : Pos=[13,12] Dir=up    | CD=13 | Status=[Normal]
        Riftwalker : Pos=[3,11] Dir=right | CD=8 | Status=[Normal] (Visible: false)
[Replay Actions]
  ⚔️ Riftwalker: stay still
  🛡️ XDB   : stay still
[Local Simulation Evaluation]
  Chosen Target: {"action":"move","target":[13,5],"score":1393}
  🤖 Local Code Action: stay still
--------------------------------------------------------------------------------
Frame 34 | Star: [13,5] | Map: random
[State] XDB   : Pos=[13,12] Dir=up    | CD=12 | Status=[Normal]
        Riftwalker : Pos=[3,11] Dir=right | CD=7 | Status=[Normal] (Visible: false)
[Replay Actions]
  ⚔️ Riftwalker: stay still
  🛡️ XDB   : stay still
[Local Simulation Evaluation]
  Chosen Target: {"action":"move","target":[13,5],"score":1393}
  🤖 Local Code Action: stay still
--------------------------------------------------------------------------------
Frame 35 | Star: [13,5] | Map: random
[State] XDB   : Pos=[13,12] Dir=up    | CD=11 | Status=[Normal]
        Riftwalker : Pos=[3,11] Dir=right | CD=6 | Status=[Normal] (Visible: false)
[Replay Actions]
  ⚔️ Riftwalker: stay still
  🛡️ XDB   : stay still
[Local Simulation Evaluation]
  Chosen Target: {"action":"move","target":[13,5],"score":1393}
  🤖 Local Code Action: stay still
--------------------------------------------------------------------------------
Frame 36 | Star: [13,5] | Map: random
[State] XDB   : Pos=[13,12] Dir=up    | CD=10 | Status=[Normal]
        Riftwalker : Pos=[3,11] Dir=right | CD=5 | Status=[Normal] (Visible: false)
[Replay Actions]
  ⚔️ Riftwalker: stay still
  🛡️ XDB   : stay still
[Local Simulation Evaluation]
  Chosen Target: {"action":"move","target":[13,5],"score":1393}
  🤖 Local Code Action: stay still
--------------------------------------------------------------------------------
Frame 37 | Star: [13,5] | Map: random
[State] XDB   : Pos=[13,12] Dir=up    | CD=9 | Status=[Normal]
        Riftwalker : Pos=[3,11] Dir=right | CD=4 | Status=[Normal] (Visible: false)
[Replay Actions]
  ⚔️ Riftwalker: stay still
  🛡️ XDB   : stay still
[Local Simulation Evaluation]
  Chosen Target: {"action":"move","target":[13,5],"score":1393}
  🤖 Local Code Action: stay still
--------------------------------------------------------------------------------
Frame 38 | Star: [13,5] | Map: random
[State] XDB   : Pos=[13,12] Dir=up    | CD=8 | Status=[Normal]
        Riftwalker : Pos=[3,11] Dir=right | CD=3 | Status=[Normal] (Visible: false)
[Replay Actions]
  ⚔️ Riftwalker: stay still
  🛡️ XDB   : stay still
[Local Simulation Evaluation]
  Chosen Target: {"action":"move","target":[13,5],"score":1393}
  🤖 Local Code Action: go(1)
  ⚠️ [Diverged] Local Code Action differs from Replay!
     -> Replay Action: stay still
     -> Local Code   : go(1)
--------------------------------------------------------------------------------
Frame 39 | Star: [13,5] | Map: random
[State] XDB   : Pos=[13,11] Dir=up    | CD=7 | Status=[Normal]
        Riftwalker : Pos=[3,11] Dir=right | CD=2 | Status=[Normal] (Visible: false)
[Replay Actions]
  ⚔️ Riftwalker: stay still
  🛡️ XDB   : move to [13,11]
[Local Simulation Evaluation]
  Chosen Target: {"action":"turn","target":[3,11],"score":9900}
  🤖 Local Code Action: turn("left")
  ⚠️ [Diverged] Local Code Action differs from Replay!
     -> Replay Action: move to [13,11]
     -> Local Code   : turn("left")
--------------------------------------------------------------------------------
Frame 40 | Star: [13,5] | Map: random
[State] XDB   : Pos=[13,11] Dir=left  | CD=6 | Status=[Normal]
        Riftwalker : Pos=[3,11] Dir=right | CD=1 | Status=[Normal] (Visible: false)
[Replay Actions]
  ⚔️ Riftwalker: stay still
  🛡️ XDB   : turn left (now left)
[Local Simulation Evaluation]
  Chosen Target: {"action":"move","target":[13,5],"score":1394}
  Path NextStep: [12,11] -> Need Turn/Move Dir: left
  🤖 Local Code Action: fire() | speak("射击压制: [3,11]")
  ⚠️ [Diverged] Local Code Action differs from Replay!
     -> Replay Action: turn left (now left)
     -> Local Code   : fire() | speak("射击压制: [3,11]")
--------------------------------------------------------------------------------
Frame 41 | Star: [13,5] | Map: random
[State] XDB   : Pos=[13,11] Dir=left  | CD=5 | Status=[Normal]
        Riftwalker : Pos=[3,11] Dir=right | CD=0 | Status=[Normal] (Visible: false)
[Replay Actions]
  ⚔️ Riftwalker: stay still
  🛡️ XDB   : stay still
[Local Simulation Evaluation]
  Chosen Target: {"action":"move","target":[13,5],"score":1394}
  Path NextStep: [14,11] -> Need Turn/Move Dir: right
  🤖 Local Code Action: turn("right")
  ⚠️ [Diverged] Local Code Action differs from Replay!
     -> Replay Action: stay still
     -> Local Code   : turn("right")
--------------------------------------------------------------------------------
Frame 42 | Star: [13,5] | Map: random
[State] XDB   : Pos=[13,11] Dir=up    | CD=4 | Status=[Normal]
        Riftwalker : Pos=[3,11] Dir=right | CD=0 | Status=[Normal] (Visible: false)
[Replay Actions]
  ⚔️ Riftwalker: stay still
  🛡️ XDB   : turn right (now up)
[Local Simulation Evaluation]
  Chosen Target: {"action":"move","target":[13,5],"score":1394}
  Path NextStep: [14,11] -> Need Turn/Move Dir: right
  🤖 Local Code Action: go(1)
  ⚠️ [Diverged] Local Code Action differs from Replay!
     -> Replay Action: turn right (now up)
     -> Local Code   : go(1)
--------------------------------------------------------------------------------
Frame 43 | Star: [13,5] | Map: random
[State] XDB   : Pos=[13,10] Dir=up    | CD=3 | Status=[Normal]
        Riftwalker : Pos=[12,7] Dir=right | CD=40 | Status=[fireLocked] (Visible: false)
[Replay Actions]
  ⚔️ Riftwalker: teleported to [12,7]
  🛡️ XDB   : move to [13,10]
[Local Simulation Evaluation]
  Chosen Target: {"action":"move","target":[13,5],"score":-500}
  Path NextStep: [13,9] -> Need Turn/Move Dir: up
  🤖 Local Code Action: speak("预判在: [12,7]")
  ⚠️ [Diverged] Local Code Action differs from Replay!
     -> Replay Action: move to [13,10]
     -> Local Code   : speak("预判在: [12,7]")
--------------------------------------------------------------------------------
Frame 44 | Star: [13,5] | Map: random
[State] XDB   : Pos=[13,10] Dir=up    | CD=2 | Status=[Normal]
        Riftwalker : Pos=[12,7] Dir=right | CD=39 | Status=[fireLocked] (Visible: false)
[Replay Actions]
  ⚔️ Riftwalker: stay still
  🛡️ XDB   : stay still
[Local Simulation Evaluation]
  Chosen Target: {"action":"move","target":[13,5],"score":-500}
  Path NextStep: [14,10] -> Need Turn/Move Dir: right
  🤖 Local Code Action: turn("right")
  ⚠️ [Diverged] Local Code Action differs from Replay!
     -> Replay Action: stay still
     -> Local Code   : turn("right")
--------------------------------------------------------------------------------
Frame 45 | Star: [13,5] | Map: random
[State] XDB   : Pos=[13,10] Dir=right | CD=1 | Status=[Normal]
        Riftwalker : Pos=[12,7] Dir=right | CD=38 | Status=[Normal] (Visible: false)
[Replay Actions]
  ⚔️ Riftwalker: stay still
  🛡️ XDB   : turn right (now right)
[Local Simulation Evaluation]
  Chosen Target: {"action":"move","target":[13,5],"score":-500}
  Path NextStep: [14,10] -> Need Turn/Move Dir: right
  🤖 Local Code Action: go(1)
  ⚠️ [Diverged] Local Code Action differs from Replay!
     -> Replay Action: turn right (now right)
     -> Local Code   : go(1)
--------------------------------------------------------------------------------
Frame 46 | Star: [13,5] | Map: random
[State] XDB   : Pos=[14,10] Dir=right | CD=0 | Status=[Normal]
        Riftwalker : Pos=[12,7] Dir=right | CD=37 | Status=[Normal] (Visible: false)
[Replay Actions]
  ⚔️ Riftwalker: stay still
  🛡️ XDB   : move to [14,10]
[Local Simulation Evaluation]
  Chosen Target: {"action":"teleport","target":[7,7],"score":10100}
  🤖 Local Code Action: turn("right")
  ⚠️ [Diverged] Local Code Action differs from Replay!
     -> Replay Action: move to [14,10]
     -> Local Code   : turn("right")
--------------------------------------------------------------------------------
Frame 47 | Star: [13,5] | Map: random
[State] XDB   : Pos=[14,10] Dir=down  | CD=0 | Status=[Normal]
        Riftwalker : Pos=[12,7] Dir=down  | CD=36 | Status=[Normal] (Visible: false)
[Replay Actions]
  ⚔️ Riftwalker: turn right (now down)
  🛡️ XDB   : turn right (now down)
[Local Simulation Evaluation]
  Chosen Target: {"action":"turn","target":[15,10],"score":10100}
  🤖 Local Code Action: turn("right")
  ⚠️ [Diverged] Local Code Action differs from Replay!
     -> Replay Action: turn right (now down)
     -> Local Code   : turn("right")
--------------------------------------------------------------------------------
Frame 48 | Star: [13,5] | Map: random
[State] XDB   : Pos=[14,10] Dir=left  | CD=0 | Status=[Normal]
        Riftwalker : Pos=[12,7] Dir=right | CD=35 | Status=[Normal] (Visible: false)
[Replay Actions]
  ⚔️ Riftwalker: turn left (now right)
  🛡️ XDB   : turn right (now left)
[Local Simulation Evaluation]
  Chosen Target: {"action":"turn","target":[15,10],"score":10100}
  🤖 Local Code Action: go(1)
  ⚠️ [Diverged] Local Code Action differs from Replay!
     -> Replay Action: turn right (now left)
     -> Local Code   : go(1)
--------------------------------------------------------------------------------
Frame 49 | Star: [13,5] | Map: random
[State] XDB   : Pos=[13,10] Dir=left  | CD=0 | Status=[Normal]
        Riftwalker : Pos=[12,7] Dir=down  | CD=34 | Status=[Normal] (Visible: false)
[Replay Actions]
  ⚔️ Riftwalker: turn right (now down)
  🛡️ XDB   : move to [13,10]
[Local Simulation Evaluation]
  Chosen Target: {"action":"turn","target":[14,10],"score":10100}
  🤖 Local Code Action: speak("刺杀预瞄") | speak("守星转向")
  ⚠️ [Diverged] Local Code Action differs from Replay!
     -> Replay Action: move to [13,10]
     -> Local Code   : speak("刺杀预瞄") | speak("守星转向")
--------------------------------------------------------------------------------
Frame 50 | Star: [13,5] | Map: random
[State] XDB   : Pos=[13,10] Dir=left  | CD=0 | Status=[Normal]
        Riftwalker : Pos=[12,7] Dir=down  | CD=33 | Status=[Normal] (Visible: false)
[Replay Actions]
  ⚔️ Riftwalker: stay still
  🛡️ XDB   : stay still
[Local Simulation Evaluation]
  Chosen Target: {"action":"turn","target":[14,10],"score":10100}
  🤖 Local Code Action: speak("刺杀预瞄") | speak("守星转向")
  ⚠️ [Diverged] Local Code Action differs from Replay!
     -> Replay Action: stay still
     -> Local Code   : speak("刺杀预瞄") | speak("守星转向")
--------------------------------------------------------------------------------
Frame 51 | Star: [13,5] | Map: random
[State] XDB   : Pos=[13,10] Dir=left  | CD=0 | Status=[Normal]
        Riftwalker : Pos=[12,7] Dir=down  | CD=32 | Status=[Normal] (Visible: false)
[Replay Actions]
  ⚔️ Riftwalker: stay still
  🛡️ XDB   : stay still
[Local Simulation Evaluation]
  Chosen Target: {"action":"turn","target":[14,10],"score":10100}
  🤖 Local Code Action: turn("right")
  ⚠️ [Diverged] Local Code Action differs from Replay!
     -> Replay Action: stay still
     -> Local Code   : turn("right")
--------------------------------------------------------------------------------
Frame 52 | Star: [13,5] | Map: random
[State] XDB   : Pos=[7,7] Dir=left  | CD=40 | Status=[fireLocked]
        Riftwalker : Pos=[12,7] Dir=down  | CD=31 | Status=[Normal] (Visible: false)
[Replay Actions]
  ⚔️ Riftwalker: stay still
  🛡️ XDB   : teleported to [7,7]
[Local Simulation Evaluation]
  Chosen Target: {"action":"turn","target":[12,7],"score":9900}
  🤖 Local Code Action: turn("right")
  ⚠️ [Diverged] Local Code Action differs from Replay!
     -> Replay Action: teleported to [7,7]
     -> Local Code   : turn("right")
--------------------------------------------------------------------------------
Frame 53 | Star: [13,5] | Map: random
[State] XDB   : Pos=[7,7] Dir=up    | CD=39 | Status=[fireLocked]
        Riftwalker : Pos=[12,7] Dir=left  | CD=30 | Status=[Normal] (Visible: false)
[Replay Actions]
  ⚔️ Riftwalker: turn right (now left)
  🛡️ XDB   : turn right (now up)
[Local Simulation Evaluation]
  Chosen Target: {"action":"turn","target":[12,7],"score":9900}
  🤖 Local Code Action: go(1)
  ⚠️ [Diverged] Local Code Action differs from Replay!
     -> Replay Action: turn right (now up)
     -> Local Code   : go(1)
--------------------------------------------------------------------------------
Frame 54 | Star: [13,5] | Map: random
[State] XDB   : Pos=[7,6] Dir=up    | CD=38 | Status=[Normal]
        Riftwalker : Pos=[12,7] Dir=left  | CD=29 | Status=[Normal] (Visible: false)
[Replay Actions]
  ⚔️ Riftwalker: stay still
  🛡️ XDB   : move to [7,6]
[Local Simulation Evaluation]
  Chosen Target: {"action":"move","target":[13,5],"score":-500}
  Path NextStep: [7,5] -> Need Turn/Move Dir: up
  🤖 Local Code Action: stay still
  ⚠️ [Diverged] Local Code Action differs from Replay!
     -> Replay Action: move to [7,6]
     -> Local Code   : stay still
--------------------------------------------------------------------------------
Frame 55 | Star: [13,5] | Map: random
[State] XDB   : Pos=[7,6] Dir=up    | CD=37 | Status=[Normal]
        Riftwalker : Pos=[12,7] Dir=left  | CD=28 | Status=[Normal] (Visible: false)
[Replay Actions]
  ⚔️ Riftwalker: stay still
  🛡️ XDB   : stay still
[Local Simulation Evaluation]
  Chosen Target: {"action":"move","target":[13,5],"score":-500}
  Path NextStep: [7,5] -> Need Turn/Move Dir: up
  🤖 Local Code Action: stay still
--------------------------------------------------------------------------------
Frame 56 | Star: [13,5] | Map: random
[State] XDB   : Pos=[7,6] Dir=up    | CD=36 | Status=[Normal]
        Riftwalker : Pos=[12,7] Dir=left  | CD=27 | Status=[Normal] (Visible: false)
[Replay Actions]
  ⚔️ Riftwalker: stay still
  🛡️ XDB   : stay still
[Local Simulation Evaluation]
  Chosen Target: {"action":"move","target":[13,5],"score":-500}
  Path NextStep: [7,5] -> Need Turn/Move Dir: up
  🤖 Local Code Action: fire()
  ⚠️ [Diverged] Local Code Action differs from Replay!
     -> Replay Action: stay still
     -> Local Code   : fire()
--------------------------------------------------------------------------------
Frame 57 | Star: [13,5] | Map: random
[State] XDB   : Pos=[7,6] Dir=up    | CD=35 | Status=[Normal]
        Riftwalker : Pos=[12,7] Dir=left  | CD=26 | Status=[Normal] (Visible: false)
[Replay Actions]
  ⚔️ Riftwalker: stay still
  🛡️ XDB   : stay still
[Local Simulation Evaluation]
  Chosen Target: {"action":"move","target":[13,5],"score":-500}
  Path NextStep: [7,5] -> Need Turn/Move Dir: up
  🤖 Local Code Action: go(1)
  ⚠️ [Diverged] Local Code Action differs from Replay!
     -> Replay Action: stay still
     -> Local Code   : go(1)
--------------------------------------------------------------------------------
Frame 58 | Star: [13,5] | Map: random
[State] XDB   : Pos=[7,5] Dir=up    | CD=34 | Status=[Normal]
        Riftwalker : Pos=[12,7] Dir=left  | CD=25 | Status=[Normal] (Visible: false)
[Replay Actions]
  ⚔️ Riftwalker: stay still
  🛡️ XDB   : move to [7,5]
[Local Simulation Evaluation]
  Chosen Target: {"action":"turn","target":[13,5],"score":2200}
  🤖 Local Code Action: turn("right")
  ⚠️ [Diverged] Local Code Action differs from Replay!
     -> Replay Action: move to [7,5]
     -> Local Code   : turn("right")
--------------------------------------------------------------------------------
Frame 59 | Star: [13,5] | Map: random
[State] XDB   : Pos=[7,5] Dir=right | CD=33 | Status=[Normal]
        Riftwalker : Pos=[12,7] Dir=left  | CD=24 | Status=[Normal] (Visible: false)
[Replay Actions]
  ⚔️ Riftwalker: stay still
  🛡️ XDB   : turn right (now right)
[Local Simulation Evaluation]
  Chosen Target: {"action":"fire","target":[13,5],"score":2200}
  🤖 Local Code Action: fire()
  ⚠️ [Diverged] Local Code Action differs from Replay!
     -> Replay Action: turn right (now right)
     -> Local Code   : fire()
--------------------------------------------------------------------------------
Frame 60 | Star: [13,5] | Map: random
[State] XDB   : Pos=[7,5] Dir=right | CD=32 | Status=[Normal]
        Riftwalker : Pos=[12,7] Dir=up    | CD=23 | Status=[Normal] (Visible: false)
[Replay Actions]
  ⚔️ Riftwalker: turn right (now up)
  🛡️ XDB   : stay still
[Local Simulation Evaluation]
  Chosen Target: {"action":"move","target":[13,5],"score":-500}
  Path NextStep: [8,5] -> Need Turn/Move Dir: right
  🤖 Local Code Action: go(1)
  ⚠️ [Diverged] Local Code Action differs from Replay!
     -> Replay Action: stay still
     -> Local Code   : go(1)
--------------------------------------------------------------------------------
Frame 61 | Star: [13,5] | Map: random
[State] XDB   : Pos=[8,5] Dir=right | CD=31 | Status=[Normal]
        Riftwalker : Pos=[12,7] Dir=up    | CD=22 | Status=[Normal] (Visible: false)
[Replay Actions]
  ⚔️ Riftwalker: stay still
  🛡️ XDB   : move to [8,5]
[Local Simulation Evaluation]
  Chosen Target: {"action":"move","target":[13,5],"score":-500}
  Path NextStep: [9,5] -> Need Turn/Move Dir: right
  🤖 Local Code Action: go(1)
  ⚠️ [Diverged] Local Code Action differs from Replay!
     -> Replay Action: move to [8,5]
     -> Local Code   : go(1)
--------------------------------------------------------------------------------
Frame 62 | Star: [13,5] | Map: random
[State] XDB   : Pos=[9,5] Dir=right | CD=30 | Status=[Normal]
        Riftwalker : Pos=[12,7] Dir=up    | CD=21 | Status=[Normal] (Visible: false)
[Replay Actions]
  ⚔️ Riftwalker: stay still
  🛡️ XDB   : move to [9,5]
[Local Simulation Evaluation]
  Chosen Target: {"action":"move","target":[13,5],"score":-500}
  Path NextStep: [10,5] -> Need Turn/Move Dir: right
  🤖 Local Code Action: go(1)
  ⚠️ [Diverged] Local Code Action differs from Replay!
     -> Replay Action: move to [9,5]
     -> Local Code   : go(1)
--------------------------------------------------------------------------------
Frame 63 | Star: [13,5] | Map: random
[State] XDB   : Pos=[10,5] Dir=right | CD=29 | Status=[Normal]
        Riftwalker : Pos=[12,7] Dir=up    | CD=20 | Status=[Normal] (Visible: false)
[Replay Actions]
  ⚔️ Riftwalker: stay still
  🛡️ XDB   : move to [10,5]
[Local Simulation Evaluation]
  Chosen Target: {"action":"move","target":[13,5],"score":-500}
  🤖 Local Code Action: stay still
  ⚠️ [Diverged] Local Code Action differs from Replay!
     -> Replay Action: move to [10,5]
     -> Local Code   : stay still
--------------------------------------------------------------------------------
Frame 64 | Star: [13,5] | Map: random
[State] XDB   : Pos=[10,5] Dir=right | CD=28 | Status=[Normal]
        Riftwalker : Pos=[12,7] Dir=up    | CD=19 | Status=[Normal] (Visible: false)
[Replay Actions]
  ⚔️ Riftwalker: stay still
  🛡️ XDB   : stay still
[Local Simulation Evaluation]
  Chosen Target: {"action":"move","target":[13,5],"score":-500}
  🤖 Local Code Action: stay still
--------------------------------------------------------------------------------
Frame 65 | Star: [13,5] | Map: random
[State] XDB   : Pos=[10,5] Dir=right | CD=27 | Status=[Normal]
        Riftwalker : Pos=[12,7] Dir=up    | CD=18 | Status=[Normal] (Visible: false)
[Replay Actions]
  ⚔️ Riftwalker: stay still
  🛡️ XDB   : stay still
[Local Simulation Evaluation]
  Chosen Target: {"action":"fire","target":[13,5],"score":2200}
  🤖 Local Code Action: fire()
  ⚠️ [Diverged] Local Code Action differs from Replay!
     -> Replay Action: stay still
     -> Local Code   : fire()
--------------------------------------------------------------------------------
Frame 66 | Star: [13,5] | Map: random
[State] XDB   : Pos=[10,5] Dir=right | CD=26 | Status=[Normal]
        Riftwalker : Pos=[12,7] Dir=up    | CD=17 | Status=[Normal] (Visible: false)
[Replay Actions]
  ⚔️ Riftwalker: stay still
  🛡️ XDB   : stay still
[Local Simulation Evaluation]
  Chosen Target: {"action":"move","target":[13,5],"score":-500}
  🤖 Local Code Action: stay still
--------------------------------------------------------------------------------
Frame 67 | Star: [13,5] | Map: random
[State] XDB   : Pos=[10,5] Dir=right | CD=25 | Status=[Normal]
        Riftwalker : Pos=[12,7] Dir=up    | CD=16 | Status=[Normal] (Visible: false)
[Replay Actions]
  ⚔️ Riftwalker: stay still
  🛡️ XDB   : stay still
[Local Simulation Evaluation]
  Chosen Target: {"action":"move","target":[13,5],"score":-500}
  🤖 Local Code Action: stay still
--------------------------------------------------------------------------------
Frame 68 | Star: [13,5] | Map: random
[State] XDB   : Pos=[10,5] Dir=right | CD=24 | Status=[Normal]
        Riftwalker : Pos=[12,7] Dir=up    | CD=15 | Status=[Normal] (Visible: false)
[Replay Actions]
  ⚔️ Riftwalker: stay still
  🛡️ XDB   : stay still
[Local Simulation Evaluation]
  Chosen Target: {"action":"move","target":[13,5],"score":-500}
  🤖 Local Code Action: stay still
--------------------------------------------------------------------------------
Frame 69 | Star: [13,5] | Map: random
[State] XDB   : Pos=[10,5] Dir=right | CD=23 | Status=[Normal]
        Riftwalker : Pos=[12,7] Dir=up    | CD=14 | Status=[Normal] (Visible: false)
[Replay Actions]
  ⚔️ Riftwalker: stay still
  🛡️ XDB   : stay still
[Local Simulation Evaluation]
  Chosen Target: {"action":"fire","target":[13,5],"score":2200}
  🤖 Local Code Action: fire()
  ⚠️ [Diverged] Local Code Action differs from Replay!
     -> Replay Action: stay still
     -> Local Code   : fire()
--------------------------------------------------------------------------------
Frame 70 | Star: [13,5] | Map: random
[State] XDB   : Pos=[10,5] Dir=right | CD=22 | Status=[Normal]
        Riftwalker : Pos=[12,7] Dir=up    | CD=13 | Status=[Normal] (Visible: false)
[Replay Actions]
  ⚔️ Riftwalker: stay still
  🛡️ XDB   : stay still
[Local Simulation Evaluation]
  Chosen Target: {"action":"move","target":[13,5],"score":-500}
  🤖 Local Code Action: stay still
--------------------------------------------------------------------------------
Frame 71 | Star: [13,5] | Map: random
[State] XDB   : Pos=[10,5] Dir=right | CD=21 | Status=[Normal]
        Riftwalker : Pos=[12,7] Dir=up    | CD=12 | Status=[Normal] (Visible: false)
[Replay Actions]
  ⚔️ Riftwalker: stay still
  🛡️ XDB   : stay still
[Local Simulation Evaluation]
  Chosen Target: {"action":"move","target":[13,5],"score":-500}
  🤖 Local Code Action: stay still
--------------------------------------------------------------------------------
Frame 72 | Star: [13,5] | Map: random
[State] XDB   : Pos=[10,5] Dir=right | CD=20 | Status=[Normal]
        Riftwalker : Pos=[12,7] Dir=up    | CD=11 | Status=[Normal] (Visible: false)
[Replay Actions]
  ⚔️ Riftwalker: stay still
  🛡️ XDB   : stay still
[Local Simulation Evaluation]
  Chosen Target: {"action":"move","target":[13,5],"score":-500}
  🤖 Local Code Action: stay still
--------------------------------------------------------------------------------
Frame 73 | Star: [13,5] | Map: random
[State] XDB   : Pos=[10,5] Dir=right | CD=19 | Status=[Normal]
        Riftwalker : Pos=[12,7] Dir=up    | CD=10 | Status=[Normal] (Visible: false)
[Replay Actions]
  ⚔️ Riftwalker: stay still
  🛡️ XDB   : stay still
[Local Simulation Evaluation]
  Chosen Target: {"action":"fire","target":[13,5],"score":2200}
  🤖 Local Code Action: fire()
  ⚠️ [Diverged] Local Code Action differs from Replay!
     -> Replay Action: stay still
     -> Local Code   : fire()
--------------------------------------------------------------------------------
Frame 74 | Star: [13,5] | Map: random
[State] XDB   : Pos=[10,5] Dir=right | CD=18 | Status=[Normal]
        Riftwalker : Pos=[12,7] Dir=up    | CD=9 | Status=[Normal] (Visible: false)
[Replay Actions]
  ⚔️ Riftwalker: stay still
  🛡️ XDB   : stay still
[Local Simulation Evaluation]
  Chosen Target: {"action":"move","target":[13,5],"score":-500}
  🤖 Local Code Action: stay still
--------------------------------------------------------------------------------
Frame 75 | Star: [13,5] | Map: random
[State] XDB   : Pos=[10,5] Dir=right | CD=17 | Status=[Normal]
        Riftwalker : Pos=[12,7] Dir=up    | CD=8 | Status=[Normal] (Visible: false)
[Replay Actions]
  ⚔️ Riftwalker: stay still
  🛡️ XDB   : stay still
[Local Simulation Evaluation]
  Chosen Target: {"action":"move","target":[13,5],"score":-500}
  🤖 Local Code Action: stay still
--------------------------------------------------------------------------------
Frame 76 | Star: [13,5] | Map: random
[State] XDB   : Pos=[10,5] Dir=right | CD=16 | Status=[Normal]
        Riftwalker : Pos=[12,7] Dir=up    | CD=7 | Status=[Normal] (Visible: false)
[Replay Actions]
  ⚔️ Riftwalker: stay still
  🛡️ XDB   : stay still
[Local Simulation Evaluation]
  Chosen Target: {"action":"move","target":[13,5],"score":-500}
  🤖 Local Code Action: stay still
--------------------------------------------------------------------------------
Frame 77 | Star: [13,5] | Map: random
[State] XDB   : Pos=[10,5] Dir=right | CD=15 | Status=[Normal]
        Riftwalker : Pos=[12,7] Dir=up    | CD=6 | Status=[Normal] (Visible: false)
[Replay Actions]
  ⚔️ Riftwalker: stay still
  🛡️ XDB   : stay still
[Local Simulation Evaluation]
  Chosen Target: {"action":"fire","target":[13,5],"score":2200}
  🤖 Local Code Action: fire()
  ⚠️ [Diverged] Local Code Action differs from Replay!
     -> Replay Action: stay still
     -> Local Code   : fire()
--------------------------------------------------------------------------------
Frame 78 | Star: [13,5] | Map: random
[State] XDB   : Pos=[10,5] Dir=right | CD=14 | Status=[Normal]
        Riftwalker : Pos=[12,7] Dir=up    | CD=5 | Status=[Normal] (Visible: false)
[Replay Actions]
  ⚔️ Riftwalker: stay still
  🛡️ XDB   : stay still
[Local Simulation Evaluation]
  Chosen Target: {"action":"move","target":[13,5],"score":-500}
  🤖 Local Code Action: stay still
--------------------------------------------------------------------------------
Frame 79 | Star: [13,5] | Map: random
[State] XDB   : Pos=[10,5] Dir=right | CD=13 | Status=[Normal]
        Riftwalker : Pos=[12,7] Dir=up    | CD=4 | Status=[Normal] (Visible: false)
[Replay Actions]
  ⚔️ Riftwalker: stay still
  🛡️ XDB   : stay still
[Local Simulation Evaluation]
  Chosen Target: {"action":"move","target":[13,5],"score":-500}
  🤖 Local Code Action: stay still
--------------------------------------------------------------------------------
Frame 80 | Star: [13,5] | Map: random
[State] XDB   : Pos=[10,5] Dir=right | CD=12 | Status=[Normal]
        Riftwalker : Pos=[12,7] Dir=up    | CD=3 | Status=[Normal] (Visible: false)
[Replay Actions]
  ⚔️ Riftwalker: stay still
  🛡️ XDB   : stay still
[Local Simulation Evaluation]
  Chosen Target: {"action":"move","target":[13,5],"score":-500}
  🤖 Local Code Action: go(1)
  ⚠️ [Diverged] Local Code Action differs from Replay!
     -> Replay Action: stay still
     -> Local Code   : go(1)
--------------------------------------------------------------------------------
Frame 81 | Star: [13,5] | Map: random
[State] XDB   : Pos=[11,5] Dir=right | CD=11 | Status=[Normal]
        Riftwalker : Pos=[12,7] Dir=up    | CD=2 | Status=[Normal] (Visible: false)
[Replay Actions]
  ⚔️ Riftwalker: stay still
  🛡️ XDB   : move to [11,5]
[Local Simulation Evaluation]
  Chosen Target: {"action":"fire","target":[13,5],"score":2200}
  🤖 Local Code Action: fire()
  ⚠️ [Diverged] Local Code Action differs from Replay!
     -> Replay Action: move to [11,5]
     -> Local Code   : fire()
--------------------------------------------------------------------------------
Frame 82 | Star: [13,5] | Map: random
[State] XDB   : Pos=[11,5] Dir=right | CD=10 | Status=[Normal]
        Riftwalker : Pos=[12,7] Dir=up    | CD=1 | Status=[Normal] (Visible: false)
[Replay Actions]
  ⚔️ Riftwalker: stay still
  🛡️ XDB   : stay still
[Local Simulation Evaluation]
  Chosen Target: {"action":"move","target":[13,5],"score":-500}
  Path NextStep: [11,6] -> Need Turn/Move Dir: down
  🤖 Local Code Action: turn("right")
  ⚠️ [Diverged] Local Code Action differs from Replay!
     -> Replay Action: stay still
     -> Local Code   : turn("right")
--------------------------------------------------------------------------------
Frame 83 | Star: [13,5] | Map: random
[State] XDB   : Pos=[11,5] Dir=down  | CD=9 | Status=[Normal]
        Riftwalker : Pos=[12,7] Dir=up    | CD=0 | Status=[Normal] (Visible: false)
[Replay Actions]
  ⚔️ Riftwalker: stay still
  🛡️ XDB   : turn right (now down)
[Local Simulation Evaluation]
  Chosen Target: {"action":"move","target":[13,5],"score":-500}
  Path NextStep: [11,6] -> Need Turn/Move Dir: down
  🤖 Local Code Action: turn("left")
  ⚠️ [Diverged] Local Code Action differs from Replay!
     -> Replay Action: turn right (now down)
     -> Local Code   : turn("left")
--------------------------------------------------------------------------------
Frame 84 | Star: [13,5] | Map: random
[State] XDB   : Pos=[11,5] Dir=right | CD=8 | Status=[Normal]
        Riftwalker : Pos=[12,7] Dir=left  | CD=0 | Status=[Normal] (Visible: false)
[Replay Actions]
  ⚔️ Riftwalker: turn left (now left)
  🛡️ XDB   : turn left (now right)
[Local Simulation Evaluation]
  Chosen Target: {"action":"move","target":[13,5],"score":-500}
  Path NextStep: [12,5] -> Need Turn/Move Dir: right
  🤖 Local Code Action: go(1)
  ⚠️ [Diverged] Local Code Action differs from Replay!
     -> Replay Action: turn left (now right)
     -> Local Code   : go(1)
--------------------------------------------------------------------------------
Frame 85 | Star: [13,5] | Map: random
[State] XDB   : Pos=[12,5] Dir=right | CD=7 | Status=[Normal]
        Riftwalker : Pos=[12,7] Dir=up    | CD=0 | Status=[Normal] (Visible: false)
[Replay Actions]
  ⚔️ Riftwalker: turn right (now up)
  🛡️ XDB   : move to [12,5]
[Local Simulation Evaluation]
  Chosen Target: {"action":"turn","target":[12,7],"score":9900}
  🤖 Local Code Action: turn("right")
  ⚠️ [Diverged] Local Code Action differs from Replay!
     -> Replay Action: move to [12,5]
     -> Local Code   : turn("right")
--------------------------------------------------------------------------------
Frame 86 | Star: [13,5] | Map: random
[State] XDB   : Pos=[12,5] Dir=down  | CD=6 | Status=[Normal]
        Riftwalker : Pos=[12,7] Dir=up    | CD=0 | Status=[Normal] (Visible: false)
[Replay Actions]
  ⚔️ Riftwalker: stay still
  🛡️ XDB   : CRASHED
[Local Simulation Evaluation]
  Chosen Target: {"action":"turn","target":[13,5],"score":2200}
  🤖 Local Code Action: fire() | speak("射击压制: [12,7]")
  ⚠️ [Diverged] Local Code Action differs from Replay!
     -> Replay Action: CRASHED
     -> Local Code   : fire() | speak("射击压制: [12,7]")
================================================================================
