[2026-06-17 02:19:10] === 挂机第一模式启动 ===
[2026-06-17 02:19:10] 模式: 无限循环
[2026-06-17 02:19:10] 正在初始化坦克数据...
[2026-06-17 02:19:11] 我的坦克 ID: 230 | 当前分数: 2713 | 当前点数: 913
[2026-06-17 02:19:11] [第 1 轮] 正在搜寻全服最高分合格对手...
[2026-06-17 02:19:50] [搜寻成功] 锁定对手 #1: Fei-Fei#1687 (分数: 3011)
[2026-06-17 02:19:50] [第 1 场对战] 正在挑战第一名: Fei-Fei#1687 (3011)
[2026-06-17 02:19:53] [第 1 场] 结果: LOSS | 得分: 2703 (-10) | 点数: 903 | 原因: crashed | 链接: https://agentank.ai/history/mat_4HbK82tnq8AKhrnP8
[2026-06-17 02:19:54] [第 1 场] 失败录像已保存: battle_first\Fei-Fei_001_mat_4HbK82tnq8AKhrnP8.json
[2026-06-17 02:19:54] 等待 5 秒后发起下一次挑战...

[2026-06-17 02:19:59] [第 2 场对战] 正在挑战第一名: Fei-Fei#1687 (3011)
[2026-06-17 02:20:03] [第 2 场] 结果: LOSS | 得分: 2693 (-10) | 点数: 893 | 原因: crashed | 链接: https://agentank.ai/history/mat_D5VyiMcuTRjIIcQwJ
[2026-06-17 02:20:04] [第 2 场] 失败录像已保存: battle_first\Fei-Fei_002_mat_D5VyiMcuTRjIIcQwJ.json
[2026-06-17 02:20:04] 等待 5 秒后发起下一次挑战...

[2026-06-17 02:20:09] [第 3 场对战] 正在挑战第一名: Fei-Fei#1687 (3011)
[2026-06-17 02:20:12] [第 3 场] 结果: WIN | 得分: 2721 (+28) | 点数: 921 | 原因: crashed | 链接: https://agentank.ai/history/mat_4I0xcLOengXBEokS2
[2026-06-17 02:20:12] 等待 5 秒后发起下一次挑战...

[2026-06-17 02:20:17] [第 4 场对战] 正在挑战第一名: Fei-Fei#1687 (3011)
[2026-06-17 02:20:20] [第 4 场] 结果: LOSS | 得分: 2711 (-10) | 点数: 911 | 原因: crashed | 链接: https://agentank.ai/history/mat_GfAnWm0EyilEzAFi1
[2026-06-17 02:20:21] [第 4 场] 失败录像已保存: battle_first\Fei-Fei_004_mat_GfAnWm0EyilEzAFi1.json
[2026-06-17 02:20:21] 等待 5 秒后发起下一次挑战...

[2026-06-17 02:20:26] [第 5 场对战] 正在挑战第一名: Fei-Fei#1687 (3011)
[2026-06-17 02:20:31] [第 5 场] 结果: LOSS | 得分: 2701 (-10) | 点数: 901 | 原因: crashed | 链接: https://agentank.ai/history/mat_Cod91vnIUZkIDhbhw
[2026-06-17 02:20:32] [第 5 场] 失败录像已保存: battle_first\Fei-Fei_005_mat_Cod91vnIUZkIDhbhw.json
[2026-06-17 02:20:32] 等待 5 秒后发起下一次挑战...

[2026-06-17 02:20:37] [第 6 场对战] 正在挑战第一名: Fei-Fei#1687 (3011)
[2026-06-17 02:20:44] [第 6 场] 结果: LOSS | 得分: 2691 (-10) | 点数: 891 | 原因: runTime | 链接: https://agentank.ai/history/mat_A2dmaXa8Wv73h5gMw
[2026-06-17 02:20:45] [第 6 场] 失败录像已保存: battle_first\Fei-Fei_006_mat_A2dmaXa8Wv73h5gMw.json
[2026-06-17 02:20:45] 等待 5 秒后发起下一次挑战...

[2026-06-17 02:20:50] [第 7 场对战] 正在挑战第一名: Fei-Fei#1687 (3011)
[2026-06-17 02:20:54] [第 7 场] 结果: LOSS | 得分: 2681 (-10) | 点数: 881 | 原因: runTime | 链接: https://agentank.ai/history/mat_J4TUs0j1zQ9HLUyMJ
[2026-06-17 02:20:55] [第 7 场] 失败录像已保存: battle_first\Fei-Fei_007_mat_J4TUs0j1zQ9HLUyMJ.json
[2026-06-17 02:20:55] 等待 5 秒后发起下一次挑战...

[2026-06-17 02:21:00] [第 8 场对战] 正在挑战第一名: Fei-Fei#1687 (3011)
[2026-06-17 02:21:03] [第 8 场] 结果: LOSS | 得分: 2671 (-10) | 点数: 871 | 原因: crashed | 链接: https://agentank.ai/history/mat_81OtzFeCz3g9nEz27
[2026-06-17 02:21:04] [第 8 场] 失败录像已保存: battle_first\Fei-Fei_008_mat_81OtzFeCz3g9nEz27.json
[2026-06-17 02:21:04] 等待 5 秒后发起下一次挑战...

[2026-06-17 02:21:09] [第 9 场对战] 正在挑战第一名: Fei-Fei#1687 (3011)
[2026-06-17 02:21:13] [第 9 场] 结果: LOSS | 得分: 2661 (-10) | 点数: 861 | 原因: runTime | 链接: https://agentank.ai/history/mat_4caxk96JANc5asczr
[2026-06-17 02:21:14] [第 9 场] 失败录像已保存: battle_first\Fei-Fei_009_mat_4caxk96JANc5asczr.json
[2026-06-17 02:21:14] 等待 5 秒后发起下一次挑战...

[2026-06-17 02:21:19] [第 10 场对战] 正在挑战第一名: Fei-Fei#1687 (3011)
[2026-06-17 02:21:22] [第 10 场] 结果: WIN | 得分: 2689 (+28) | 点数: 889 | 原因: crashed | 链接: https://agentank.ai/history/mat_Gjzz9wEHVDoLIoap9
[2026-06-17 02:21:22] 等待 5 秒后发起下一次挑战...

[2026-06-17 02:21:27] [第 2 轮] 正在搜寻全服最高分合格对手...
