
=================== Simulation Config ===================
  My Tank (XDB) ID : f04e179f (Index: 0)
  Enemy (Riftwalker) ID : 5cb92a48 (Index: 1)
=========================================================

--------------------------------------------------------------------------------
Frame 1 | Star: [15,7] | Map: classic
[State] XDB   : Pos=[2,1] Dir=up    | CD=0 | Status=[Normal]
        Riftwalker : Pos=[13,7] Dir=down  | CD=40 | Status=[fireLocked] (Visible: true)
[Replay Actions]
  ⚔️ Riftwalker: teleported to [13,7]
  🛡️ XDB   : move to [2,1]
[Local Simulation Evaluation]
  Chosen Target: {"action":"teleport","target":[10,7],"score":10100,"reason":"assassination"}
  🤖 Local Code Action: teleport(10, 7)
  ⚠️ [Diverged] Local Code Action differs from Replay!
     -> Replay Action: move to [2,1]
     -> Local Code   : teleport(10, 7)
--------------------------------------------------------------------------------
Frame 2 | Star: [15,7] | Map: classic
[State] XDB   : Pos=[2,1] Dir=up    | CD=0 | Status=[Normal]
        Riftwalker : Pos=[13,7] Dir=down  | CD=39 | Status=[fireLocked] (Visible: false)
[Replay Actions]
  ⚔️ Riftwalker: stay still
  🛡️ XDB   : stay still
[Local Simulation Evaluation]
  Chosen Target: {"action":"teleport","target":[12,7],"score":10100,"reason":"assassination"}
  🤖 Local Code Action: teleport(12, 7)
  ⚠️ [Diverged] Local Code Action differs from Replay!
     -> Replay Action: stay still
     -> Local Code   : teleport(12, 7)
--------------------------------------------------------------------------------
Frame 3 | Star: [15,7] | Map: classic
[State] XDB   : Pos=[2,1] Dir=up    | CD=0 | Status=[Normal]
        Riftwalker : Pos=[13,7] Dir=down  | CD=38 | Status=[Normal] (Visible: false)
[Replay Actions]
  ⚔️ Riftwalker: stay still
  🛡️ XDB   : stay still
[Local Simulation Evaluation]
  Chosen Target: {"action":"move","target":[2,1],"score":300}
  🤖 Local Code Action: speak("预判传送埋伏") | speak("传送失败记录") | speak("预判传送埋伏")
  ⚠️ [Diverged] Local Code Action differs from Replay!
     -> Replay Action: stay still
     -> Local Code   : speak("预判传送埋伏") | speak("传送失败记录") | speak("预判传送埋伏")
--------------------------------------------------------------------------------
Frame 4 | Star: [15,7] | Map: classic
[State] XDB   : Pos=[2,1] Dir=up    | CD=0 | Status=[Normal]
        Riftwalker : Pos=[13,7] Dir=down  | CD=37 | Status=[Normal] (Visible: false)
[Replay Actions]
  ⚔️ Riftwalker: stay still
  🛡️ XDB   : stay still
[Local Simulation Evaluation]
  Chosen Target: {"action":"move","target":[15,7],"score":-500}
  Path NextStep: [3,1] -> Need Turn/Move Dir: right
  🤖 Local Code Action: turn("right")
  ⚠️ [Diverged] Local Code Action differs from Replay!
     -> Replay Action: stay still
     -> Local Code   : turn("right")
--------------------------------------------------------------------------------
Frame 5 | Star: [15,7] | Map: classic
[State] XDB   : Pos=[2,1] Dir=up    | CD=0 | Status=[Normal]
        Riftwalker : Pos=[13,7] Dir=down  | CD=36 | Status=[Normal] (Visible: false)
[Replay Actions]
  ⚔️ Riftwalker: stay still
  🛡️ XDB   : stay still
[Local Simulation Evaluation]
  Chosen Target: {"action":"move","target":[15,7],"score":-500}
  Path NextStep: [3,1] -> Need Turn/Move Dir: right
  🤖 Local Code Action: turn("right")
  ⚠️ [Diverged] Local Code Action differs from Replay!
     -> Replay Action: stay still
     -> Local Code   : turn("right")
--------------------------------------------------------------------------------
Frame 6 | Star: [15,7] | Map: classic
[State] XDB   : Pos=[2,1] Dir=right | CD=0 | Status=[Normal]
        Riftwalker : Pos=[13,7] Dir=down  | CD=35 | Status=[Normal] (Visible: false)
[Replay Actions]
  ⚔️ Riftwalker: stay still
  🛡️ XDB   : turn right (now right)
[Local Simulation Evaluation]
  Chosen Target: {"action":"move","target":[15,7],"score":-500}
  Path NextStep: [3,1] -> Need Turn/Move Dir: right
  🤖 Local Code Action: fire()
  ⚠️ [Diverged] Local Code Action differs from Replay!
     -> Replay Action: turn right (now right)
     -> Local Code   : fire()
--------------------------------------------------------------------------------
Frame 7 | Star: [15,7] | Map: classic
[State] XDB   : Pos=[2,1] Dir=right | CD=0 | Status=[Normal]
        Riftwalker : Pos=[13,7] Dir=down  | CD=34 | Status=[Normal] (Visible: false)
[Replay Actions]
  ⚔️ Riftwalker: stay still
  🛡️ XDB   : stay still
[Local Simulation Evaluation]
  Chosen Target: {"action":"move","target":[15,7],"score":-500}
  Path NextStep: [3,1] -> Need Turn/Move Dir: right
  🤖 Local Code Action: go(1)
  ⚠️ [Diverged] Local Code Action differs from Replay!
     -> Replay Action: stay still
     -> Local Code   : go(1)
--------------------------------------------------------------------------------
Frame 8 | Star: [15,7] | Map: classic
[State] XDB   : Pos=[3,1] Dir=right | CD=0 | Status=[Normal]
        Riftwalker : Pos=[13,7] Dir=down  | CD=33 | Status=[Normal] (Visible: false)
[Replay Actions]
  ⚔️ Riftwalker: stay still
  🛡️ XDB   : move to [3,1]
[Local Simulation Evaluation]
  Chosen Target: {"action":"move","target":[15,7],"score":-500}
  🤖 Local Code Action: stay still
  ⚠️ [Diverged] Local Code Action differs from Replay!
     -> Replay Action: move to [3,1]
     -> Local Code   : stay still
--------------------------------------------------------------------------------
Frame 9 | Star: [15,7] | Map: classic
[State] XDB   : Pos=[3,1] Dir=right | CD=0 | Status=[Normal]
        Riftwalker : Pos=[13,7] Dir=down  | CD=32 | Status=[Normal] (Visible: false)
[Replay Actions]
  ⚔️ Riftwalker: stay still
  🛡️ XDB   : stay still
[Local Simulation Evaluation]
  Chosen Target: {"action":"move","target":[15,7],"score":-500}
  🤖 Local Code Action: stay still
--------------------------------------------------------------------------------
Frame 10 | Star: [15,7] | Map: classic
[State] XDB   : Pos=[3,1] Dir=right | CD=0 | Status=[Normal]
        Riftwalker : Pos=[13,7] Dir=down  | CD=31 | Status=[Normal] (Visible: false)
[Replay Actions]
  ⚔️ Riftwalker: stay still
  🛡️ XDB   : stay still
[Local Simulation Evaluation]
  Chosen Target: {"action":"move","target":[15,7],"score":-500}
  🤖 Local Code Action: stay still
--------------------------------------------------------------------------------
Frame 11 | Star: [15,7] | Map: classic
[State] XDB   : Pos=[3,1] Dir=right | CD=0 | Status=[Normal]
        Riftwalker : Pos=[13,7] Dir=down  | CD=30 | Status=[Normal] (Visible: false)
[Replay Actions]
  ⚔️ Riftwalker: stay still
  🛡️ XDB   : stay still
[Local Simulation Evaluation]
  Chosen Target: {"action":"move","target":[15,7],"score":-500}
  🤖 Local Code Action: stay still
--------------------------------------------------------------------------------
Frame 12 | Star: [15,7] | Map: classic
[State] XDB   : Pos=[3,1] Dir=right | CD=0 | Status=[Normal]
        Riftwalker : Pos=[13,7] Dir=down  | CD=29 | Status=[Normal] (Visible: false)
[Replay Actions]
  ⚔️ Riftwalker: stay still
  🛡️ XDB   : stay still
[Local Simulation Evaluation]
  Chosen Target: {"action":"move","target":[15,7],"score":-500}
  🤖 Local Code Action: stay still
--------------------------------------------------------------------------------
Frame 13 | Star: [15,7] | Map: classic
[State] XDB   : Pos=[3,1] Dir=right | CD=0 | Status=[Normal]
        Riftwalker : Pos=[13,7] Dir=down  | CD=28 | Status=[Normal] (Visible: false)
[Replay Actions]
  ⚔️ Riftwalker: stay still
  🛡️ XDB   : stay still
[Local Simulation Evaluation]
  Chosen Target: {"action":"move","target":[15,7],"score":-500}
  🤖 Local Code Action: stay still
--------------------------------------------------------------------------------
Frame 14 | Star: [15,7] | Map: classic
[State] XDB   : Pos=[3,1] Dir=right | CD=0 | Status=[Normal]
        Riftwalker : Pos=[13,7] Dir=down  | CD=27 | Status=[Normal] (Visible: false)
[Replay Actions]
  ⚔️ Riftwalker: stay still
  🛡️ XDB   : stay still
[Local Simulation Evaluation]
  Chosen Target: {"action":"move","target":[15,7],"score":-500}
  🤖 Local Code Action: stay still
--------------------------------------------------------------------------------
Frame 15 | Star: [15,7] | Map: classic
[State] XDB   : Pos=[3,1] Dir=right | CD=0 | Status=[Normal]
        Riftwalker : Pos=[13,7] Dir=down  | CD=26 | Status=[Normal] (Visible: false)
[Replay Actions]
  ⚔️ Riftwalker: stay still
  🛡️ XDB   : stay still
[Local Simulation Evaluation]
  Chosen Target: {"action":"move","target":[15,7],"score":-500}
  🤖 Local Code Action: stay still
--------------------------------------------------------------------------------
Frame 16 | Star: [15,7] | Map: classic
[State] XDB   : Pos=[3,1] Dir=right | CD=0 | Status=[Normal]
        Riftwalker : Pos=[13,7] Dir=down  | CD=25 | Status=[Normal] (Visible: false)
[Replay Actions]
  ⚔️ Riftwalker: stay still
  🛡️ XDB   : stay still
[Local Simulation Evaluation]
  Chosen Target: {"action":"move","target":[15,7],"score":-500}
  🤖 Local Code Action: stay still
--------------------------------------------------------------------------------
Frame 17 | Star: [15,7] | Map: classic
[State] XDB   : Pos=[3,1] Dir=right | CD=0 | Status=[Normal]
        Riftwalker : Pos=[13,7] Dir=down  | CD=24 | Status=[Normal] (Visible: false)
[Replay Actions]
  ⚔️ Riftwalker: stay still
  🛡️ XDB   : stay still
[Local Simulation Evaluation]
  Chosen Target: {"action":"move","target":[15,7],"score":-500}
  🤖 Local Code Action: stay still
--------------------------------------------------------------------------------
Frame 18 | Star: [15,7] | Map: classic
[State] XDB   : Pos=[3,1] Dir=right | CD=0 | Status=[Normal]
        Riftwalker : Pos=[13,7] Dir=down  | CD=23 | Status=[Normal] (Visible: false)
[Replay Actions]
  ⚔️ Riftwalker: stay still
  🛡️ XDB   : stay still
[Local Simulation Evaluation]
  Chosen Target: {"action":"move","target":[15,7],"score":-500}
  🤖 Local Code Action: stay still
--------------------------------------------------------------------------------
Frame 19 | Star: [15,7] | Map: classic
[State] XDB   : Pos=[3,1] Dir=right | CD=0 | Status=[Normal]
        Riftwalker : Pos=[13,7] Dir=down  | CD=22 | Status=[Normal] (Visible: false)
[Replay Actions]
  ⚔️ Riftwalker: stay still
  🛡️ XDB   : stay still
[Local Simulation Evaluation]
  Chosen Target: {"action":"move","target":[15,7],"score":-500}
  🤖 Local Code Action: stay still
--------------------------------------------------------------------------------
Frame 20 | Star: [15,7] | Map: classic
[State] XDB   : Pos=[3,1] Dir=right | CD=0 | Status=[Normal]
        Riftwalker : Pos=[13,7] Dir=down  | CD=21 | Status=[Normal] (Visible: false)
[Replay Actions]
  ⚔️ Riftwalker: stay still
  🛡️ XDB   : stay still
[Local Simulation Evaluation]
  Chosen Target: {"action":"move","target":[15,7],"score":-500}
  🤖 Local Code Action: stay still
--------------------------------------------------------------------------------
Frame 21 | Star: [15,7] | Map: classic
[State] XDB   : Pos=[3,1] Dir=right | CD=0 | Status=[Normal]
        Riftwalker : Pos=[13,7] Dir=down  | CD=20 | Status=[Normal] (Visible: false)
[Replay Actions]
  ⚔️ Riftwalker: stay still
  🛡️ XDB   : stay still
[Local Simulation Evaluation]
  Chosen Target: {"action":"move","target":[15,7],"score":-500}
  🤖 Local Code Action: stay still
--------------------------------------------------------------------------------
Frame 22 | Star: [15,7] | Map: classic
[State] XDB   : Pos=[3,1] Dir=right | CD=0 | Status=[Normal]
        Riftwalker : Pos=[13,7] Dir=down  | CD=19 | Status=[Normal] (Visible: false)
[Replay Actions]
  ⚔️ Riftwalker: stay still
  🛡️ XDB   : stay still
[Local Simulation Evaluation]
  Chosen Target: {"action":"move","target":[15,7],"score":-500}
  🤖 Local Code Action: stay still
--------------------------------------------------------------------------------
Frame 23 | Star: [15,7] | Map: classic
[State] XDB   : Pos=[3,1] Dir=right | CD=0 | Status=[Normal]
        Riftwalker : Pos=[13,7] Dir=down  | CD=18 | Status=[Normal] (Visible: false)
[Replay Actions]
  ⚔️ Riftwalker: stay still
  🛡️ XDB   : stay still
[Local Simulation Evaluation]
  Chosen Target: {"action":"move","target":[15,7],"score":-500}
  🤖 Local Code Action: stay still
--------------------------------------------------------------------------------
Frame 24 | Star: [15,7] | Map: classic
[State] XDB   : Pos=[3,1] Dir=right | CD=0 | Status=[Normal]
        Riftwalker : Pos=[13,7] Dir=down  | CD=17 | Status=[Normal] (Visible: false)
[Replay Actions]
  ⚔️ Riftwalker: stay still
  🛡️ XDB   : stay still
[Local Simulation Evaluation]
  Chosen Target: {"action":"move","target":[15,7],"score":-500}
  🤖 Local Code Action: stay still
--------------------------------------------------------------------------------
Frame 25 | Star: [15,7] | Map: classic
[State] XDB   : Pos=[3,1] Dir=right | CD=0 | Status=[Normal]
        Riftwalker : Pos=[13,7] Dir=down  | CD=16 | Status=[Normal] (Visible: false)
[Replay Actions]
  ⚔️ Riftwalker: stay still
  🛡️ XDB   : stay still
[Local Simulation Evaluation]
  Chosen Target: {"action":"move","target":[15,7],"score":-500}
  🤖 Local Code Action: stay still
--------------------------------------------------------------------------------
Frame 26 | Star: [15,7] | Map: classic
[State] XDB   : Pos=[3,1] Dir=right | CD=0 | Status=[Normal]
        Riftwalker : Pos=[13,7] Dir=down  | CD=15 | Status=[Normal] (Visible: false)
[Replay Actions]
  ⚔️ Riftwalker: stay still
  🛡️ XDB   : stay still
[Local Simulation Evaluation]
  Chosen Target: {"action":"move","target":[15,7],"score":-500}
  🤖 Local Code Action: stay still
--------------------------------------------------------------------------------
Frame 27 | Star: [15,7] | Map: classic
[State] XDB   : Pos=[3,1] Dir=right | CD=0 | Status=[Normal]
        Riftwalker : Pos=[13,7] Dir=down  | CD=14 | Status=[Normal] (Visible: false)
[Replay Actions]
  ⚔️ Riftwalker: stay still
  🛡️ XDB   : stay still
[Local Simulation Evaluation]
  Chosen Target: {"action":"move","target":[15,7],"score":-500}
  🤖 Local Code Action: stay still
--------------------------------------------------------------------------------
Frame 28 | Star: [15,7] | Map: classic
[State] XDB   : Pos=[3,1] Dir=right | CD=0 | Status=[Normal]
        Riftwalker : Pos=[13,7] Dir=down  | CD=13 | Status=[Normal] (Visible: false)
[Replay Actions]
  ⚔️ Riftwalker: stay still
  🛡️ XDB   : stay still
[Local Simulation Evaluation]
  Chosen Target: {"action":"move","target":[15,7],"score":-500}
  🤖 Local Code Action: stay still
--------------------------------------------------------------------------------
Frame 29 | Star: [15,7] | Map: classic
[State] XDB   : Pos=[3,1] Dir=right | CD=0 | Status=[Normal]
        Riftwalker : Pos=[13,7] Dir=down  | CD=12 | Status=[Normal] (Visible: false)
[Replay Actions]
  ⚔️ Riftwalker: stay still
  🛡️ XDB   : stay still
[Local Simulation Evaluation]
  Chosen Target: {"action":"move","target":[15,7],"score":-500}
  🤖 Local Code Action: stay still
--------------------------------------------------------------------------------
Frame 30 | Star: [15,7] | Map: classic
[State] XDB   : Pos=[3,1] Dir=right | CD=0 | Status=[Normal]
        Riftwalker : Pos=[13,7] Dir=down  | CD=11 | Status=[Normal] (Visible: false)
[Replay Actions]
  ⚔️ Riftwalker: stay still
  🛡️ XDB   : stay still
[Local Simulation Evaluation]
  Chosen Target: {"action":"move","target":[15,7],"score":-500}
  🤖 Local Code Action: stay still
--------------------------------------------------------------------------------
Frame 31 | Star: [15,7] | Map: classic
[State] XDB   : Pos=[3,1] Dir=right | CD=0 | Status=[Normal]
        Riftwalker : Pos=[13,7] Dir=down  | CD=10 | Status=[Normal] (Visible: false)
[Replay Actions]
  ⚔️ Riftwalker: stay still
  🛡️ XDB   : stay still
[Local Simulation Evaluation]
  Chosen Target: {"action":"move","target":[15,7],"score":-500}
  🤖 Local Code Action: stay still
--------------------------------------------------------------------------------
Frame 32 | Star: [15,7] | Map: classic
[State] XDB   : Pos=[3,1] Dir=right | CD=0 | Status=[Normal]
        Riftwalker : Pos=[13,7] Dir=down  | CD=9 | Status=[Normal] (Visible: false)
[Replay Actions]
  ⚔️ Riftwalker: stay still
  🛡️ XDB   : stay still
[Local Simulation Evaluation]
  Chosen Target: {"action":"move","target":[15,7],"score":-500}
  🤖 Local Code Action: stay still
--------------------------------------------------------------------------------
Frame 33 | Star: [15,7] | Map: classic
[State] XDB   : Pos=[3,1] Dir=right | CD=0 | Status=[Normal]
        Riftwalker : Pos=[13,7] Dir=down  | CD=8 | Status=[Normal] (Visible: false)
[Replay Actions]
  ⚔️ Riftwalker: stay still
  🛡️ XDB   : stay still
[Local Simulation Evaluation]
  Chosen Target: {"action":"move","target":[15,7],"score":-500}
  🤖 Local Code Action: stay still
--------------------------------------------------------------------------------
Frame 34 | Star: [15,7] | Map: classic
[State] XDB   : Pos=[3,1] Dir=right | CD=0 | Status=[Normal]
        Riftwalker : Pos=[13,7] Dir=down  | CD=7 | Status=[Normal] (Visible: false)
[Replay Actions]
  ⚔️ Riftwalker: stay still
  🛡️ XDB   : stay still
[Local Simulation Evaluation]
  Chosen Target: {"action":"move","target":[15,7],"score":-500}
  🤖 Local Code Action: stay still
--------------------------------------------------------------------------------
Frame 35 | Star: [15,7] | Map: classic
[State] XDB   : Pos=[3,1] Dir=right | CD=0 | Status=[Normal]
        Riftwalker : Pos=[13,7] Dir=down  | CD=6 | Status=[Normal] (Visible: false)
[Replay Actions]
  ⚔️ Riftwalker: stay still
  🛡️ XDB   : stay still
[Local Simulation Evaluation]
  Chosen Target: {"action":"move","target":[15,7],"score":-500}
  🤖 Local Code Action: stay still
--------------------------------------------------------------------------------
Frame 36 | Star: [15,7] | Map: classic
[State] XDB   : Pos=[3,1] Dir=right | CD=0 | Status=[Normal]
        Riftwalker : Pos=[13,7] Dir=down  | CD=5 | Status=[Normal] (Visible: false)
[Replay Actions]
  ⚔️ Riftwalker: stay still
  🛡️ XDB   : stay still
[Local Simulation Evaluation]
  Chosen Target: {"action":"move","target":[15,7],"score":-500}
  🤖 Local Code Action: stay still
--------------------------------------------------------------------------------
Frame 37 | Star: [15,7] | Map: classic
[State] XDB   : Pos=[3,1] Dir=right | CD=0 | Status=[Normal]
        Riftwalker : Pos=[13,7] Dir=down  | CD=4 | Status=[Normal] (Visible: false)
[Replay Actions]
  ⚔️ Riftwalker: stay still
  🛡️ XDB   : stay still
[Local Simulation Evaluation]
  Chosen Target: {"action":"move","target":[15,7],"score":-500}
  🤖 Local Code Action: stay still
--------------------------------------------------------------------------------
Frame 38 | Star: [15,7] | Map: classic
[State] XDB   : Pos=[3,1] Dir=right | CD=0 | Status=[Normal]
        Riftwalker : Pos=[13,7] Dir=down  | CD=3 | Status=[Normal] (Visible: false)
[Replay Actions]
  ⚔️ Riftwalker: stay still
  🛡️ XDB   : stay still
[Local Simulation Evaluation]
  Chosen Target: {"action":"teleport","target":[15,6],"score":1800}
  🤖 Local Code Action: teleport(15, 6)
  ⚠️ [Diverged] Local Code Action differs from Replay!
     -> Replay Action: stay still
     -> Local Code   : teleport(15, 6)
--------------------------------------------------------------------------------
Frame 39 | Star: [15,7] | Map: classic
[State] XDB   : Pos=[15,6] Dir=right | CD=40 | Status=[fireLocked]
        Riftwalker : Pos=[13,7] Dir=down  | CD=2 | Status=[Normal] (Visible: false)
[Replay Actions]
  ⚔️ Riftwalker: stay still
  🛡️ XDB   : teleported to [15,6]
[Local Simulation Evaluation]
  Chosen Target: {"action":"turn","target":[15,7],"score":1300}
  🤖 Local Code Action: go(1)
  ⚠️ [Diverged] Local Code Action differs from Replay!
     -> Replay Action: teleported to [15,6]
     -> Local Code   : go(1)
--------------------------------------------------------------------------------
Frame 40 | Star: [15,7] | Map: classic
[State] XDB   : Pos=[16,6] Dir=right | CD=39 | Status=[fireLocked]
        Riftwalker : Pos=[13,7] Dir=left  | CD=1 | Status=[Normal] (Visible: false)
[Replay Actions]
  ⚔️ Riftwalker: turn right (now left)
  🛡️ XDB   : move to [16,6]
[Local Simulation Evaluation]
  Chosen Target: {"action":"move","target":[15,7],"score":1398}
  Path NextStep: [16,7] -> Need Turn/Move Dir: down
  🤖 Local Code Action: go(1)
  ⚠️ [Diverged] Local Code Action differs from Replay!
     -> Replay Action: move to [16,6]
     -> Local Code   : go(1)
--------------------------------------------------------------------------------
Frame 41 | Star: [15,7] | Map: classic
[State] XDB   : Pos=[17,6] Dir=right | CD=38 | Status=[Normal]
        Riftwalker : Pos=[13,7] Dir=up    | CD=0 | Status=[Normal] (Visible: false)
[Replay Actions]
  ⚔️ Riftwalker: turn right (now up)
  🛡️ XDB   : move to [17,6]
[Local Simulation Evaluation]
  Chosen Target: {"action":"move","target":[15,7],"score":1397}
  Path NextStep: [16,6] -> Need Turn/Move Dir: left
  🤖 Local Code Action: turn("left")
  ⚠️ [Diverged] Local Code Action differs from Replay!
     -> Replay Action: move to [17,6]
     -> Local Code   : turn("left")
--------------------------------------------------------------------------------
Frame 42 | Star: [15,7] | Map: classic
[State] XDB   : Pos=[17,6] Dir=up    | CD=37 | Status=[Normal]
        Riftwalker : Pos=[13,7] Dir=up    | CD=0 | Status=[Normal] (Visible: false)
[Replay Actions]
  ⚔️ Riftwalker: stay still
  🛡️ XDB   : turn left (now up)
[Local Simulation Evaluation]
  Chosen Target: {"action":"move","target":[15,7],"score":1397}
  Path NextStep: [16,6] -> Need Turn/Move Dir: left
  🤖 Local Code Action: go(1)
  ⚠️ [Diverged] Local Code Action differs from Replay!
     -> Replay Action: turn left (now up)
     -> Local Code   : go(1)
--------------------------------------------------------------------------------
Frame 43 | Star: [15,7] | Map: classic
[State] XDB   : Pos=[17,5] Dir=up    | CD=36 | Status=[Normal]
        Riftwalker : Pos=[13,7] Dir=right | CD=0 | Status=[Normal] (Visible: false)
[Replay Actions]
  ⚔️ Riftwalker: turn right (now right)
  🛡️ XDB   : move to [17,5]
[Local Simulation Evaluation]
  Chosen Target: {"action":"move","target":[15,7],"score":1396}
  Path NextStep: [17,6] -> Need Turn/Move Dir: down
  🤖 Local Code Action: turn("right")
  ⚠️ [Diverged] Local Code Action differs from Replay!
     -> Replay Action: move to [17,5]
     -> Local Code   : turn("right")
--------------------------------------------------------------------------------
Frame 44 | Star: [15,7] | Map: classic
[State] XDB   : Pos=[17,5] Dir=right | CD=35 | Status=[Normal]
        Riftwalker : Pos=[13,7] Dir=right | CD=0 | Status=[Normal] (Visible: false)
[Replay Actions]
  ⚔️ Riftwalker: stay still
  🛡️ XDB   : turn right (now right)
[Local Simulation Evaluation]
  Chosen Target: {"action":"move","target":[15,7],"score":1396}
  Path NextStep: [17,6] -> Need Turn/Move Dir: down
  🤖 Local Code Action: turn("right")
  ⚠️ [Diverged] Local Code Action differs from Replay!
     -> Replay Action: turn right (now right)
     -> Local Code   : turn("right")
--------------------------------------------------------------------------------
Frame 45 | Star: [15,7] | Map: classic
[State] XDB   : Pos=[17,5] Dir=down  | CD=34 | Status=[Normal]
        Riftwalker : Pos=[13,7] Dir=up    | CD=0 | Status=[Normal] (Visible: false)
[Replay Actions]
  ⚔️ Riftwalker: turn left (now up)
  🛡️ XDB   : turn right (now down)
[Local Simulation Evaluation]
  Chosen Target: {"action":"move","target":[15,7],"score":1396}
  Path NextStep: [17,6] -> Need Turn/Move Dir: down
  🤖 Local Code Action: go(1)
  ⚠️ [Diverged] Local Code Action differs from Replay!
     -> Replay Action: turn right (now down)
     -> Local Code   : go(1)
--------------------------------------------------------------------------------
Frame 46 | Star: [15,7] | Map: classic
[State] XDB   : Pos=[17,6] Dir=down  | CD=33 | Status=[Normal]
        Riftwalker : Pos=[13,7] Dir=right | CD=0 | Status=[Normal] (Visible: false)
[Replay Actions]
  ⚔️ Riftwalker: turn right (now right)
  🛡️ XDB   : move to [17,6]
[Local Simulation Evaluation]
  Chosen Target: {"action":"move","target":[15,7],"score":1397}
  Path NextStep: [17,7] -> Need Turn/Move Dir: down
  🤖 Local Code Action: turn("left")
  ⚠️ [Diverged] Local Code Action differs from Replay!
     -> Replay Action: move to [17,6]
     -> Local Code   : turn("left")
--------------------------------------------------------------------------------
Frame 47 | Star: [15,7] | Map: classic
[State] XDB   : Pos=[17,6] Dir=right | CD=32 | Status=[Normal]
        Riftwalker : Pos=[13,7] Dir=right | CD=0 | Status=[Normal] (Visible: false)
[Replay Actions]
  ⚔️ Riftwalker: stay still
  🛡️ XDB   : turn left (now right)
[Local Simulation Evaluation]
  Chosen Target: {"action":"move","target":[15,7],"score":1397}
  Path NextStep: [16,6] -> Need Turn/Move Dir: left
  🤖 Local Code Action: turn("left")
  ⚠️ [Diverged] Local Code Action differs from Replay!
     -> Replay Action: turn left (now right)
     -> Local Code   : turn("left")
--------------------------------------------------------------------------------
Frame 48 | Star: [15,7] | Map: classic
[State] XDB   : Pos=[17,6] Dir=up    | CD=31 | Status=[Normal]
        Riftwalker : Pos=[13,7] Dir=up    | CD=0 | Status=[Normal] (Visible: false)
[Replay Actions]
  ⚔️ Riftwalker: turn left (now up)
  🛡️ XDB   : turn left (now up)
[Local Simulation Evaluation]
  Chosen Target: {"action":"move","target":[15,7],"score":1397}
  Path NextStep: [16,6] -> Need Turn/Move Dir: left
  🤖 Local Code Action: go(1)
  ⚠️ [Diverged] Local Code Action differs from Replay!
     -> Replay Action: turn left (now up)
     -> Local Code   : go(1)
--------------------------------------------------------------------------------
Frame 49 | Star: [15,7] | Map: classic
[State] XDB   : Pos=[17,5] Dir=up    | CD=30 | Status=[Normal]
        Riftwalker : Pos=[13,7] Dir=right | CD=0 | Status=[Normal] (Visible: false)
[Replay Actions]
  ⚔️ Riftwalker: turn right (now right)
  🛡️ XDB   : move to [17,5]
[Local Simulation Evaluation]
  Chosen Target: {"action":"move","target":[15,7],"score":1396}
  Path NextStep: [17,6] -> Need Turn/Move Dir: down
  🤖 Local Code Action: turn("right")
  ⚠️ [Diverged] Local Code Action differs from Replay!
     -> Replay Action: move to [17,5]
     -> Local Code   : turn("right")
--------------------------------------------------------------------------------
Frame 50 | Star: [15,7] | Map: classic
[State] XDB   : Pos=[17,5] Dir=right | CD=29 | Status=[Normal]
        Riftwalker : Pos=[13,7] Dir=right | CD=0 | Status=[Normal] (Visible: false)
[Replay Actions]
  ⚔️ Riftwalker: stay still
  🛡️ XDB   : turn right (now right)
[Local Simulation Evaluation]
  Chosen Target: {"action":"move","target":[15,7],"score":1396}
  Path NextStep: [17,6] -> Need Turn/Move Dir: down
  🤖 Local Code Action: turn("right")
  ⚠️ [Diverged] Local Code Action differs from Replay!
     -> Replay Action: turn right (now right)
     -> Local Code   : turn("right")
--------------------------------------------------------------------------------
Frame 51 | Star: [15,7] | Map: classic
[State] XDB   : Pos=[17,5] Dir=down  | CD=28 | Status=[Normal]
        Riftwalker : Pos=[13,7] Dir=up    | CD=0 | Status=[Normal] (Visible: false)
[Replay Actions]
  ⚔️ Riftwalker: turn left (now up)
  🛡️ XDB   : turn right (now down)
[Local Simulation Evaluation]
  Chosen Target: {"action":"move","target":[15,7],"score":1396}
  Path NextStep: [17,6] -> Need Turn/Move Dir: down
  🤖 Local Code Action: go(1)
  ⚠️ [Diverged] Local Code Action differs from Replay!
     -> Replay Action: turn right (now down)
     -> Local Code   : go(1)
--------------------------------------------------------------------------------
Frame 52 | Star: [15,7] | Map: classic
[State] XDB   : Pos=[17,6] Dir=down  | CD=27 | Status=[Normal]
        Riftwalker : Pos=[13,7] Dir=right | CD=0 | Status=[Normal] (Visible: false)
[Replay Actions]
  ⚔️ Riftwalker: turn right (now right)
  🛡️ XDB   : move to [17,6]
[Local Simulation Evaluation]
  Chosen Target: {"action":"move","target":[15,7],"score":1397}
  Path NextStep: [17,7] -> Need Turn/Move Dir: down
  🤖 Local Code Action: turn("left")
  ⚠️ [Diverged] Local Code Action differs from Replay!
     -> Replay Action: move to [17,6]
     -> Local Code   : turn("left")
--------------------------------------------------------------------------------
Frame 53 | Star: [15,7] | Map: classic
[State] XDB   : Pos=[17,6] Dir=right | CD=26 | Status=[Normal]
        Riftwalker : Pos=[13,7] Dir=right | CD=0 | Status=[Normal] (Visible: false)
[Replay Actions]
  ⚔️ Riftwalker: stay still
  🛡️ XDB   : turn left (now right)
[Local Simulation Evaluation]
  Chosen Target: {"action":"move","target":[15,7],"score":1397}
  Path NextStep: [16,6] -> Need Turn/Move Dir: left
  🤖 Local Code Action: turn("left")
  ⚠️ [Diverged] Local Code Action differs from Replay!
     -> Replay Action: turn left (now right)
     -> Local Code   : turn("left")
--------------------------------------------------------------------------------
Frame 54 | Star: [15,7] | Map: classic
[State] XDB   : Pos=[17,6] Dir=up    | CD=25 | Status=[Normal]
        Riftwalker : Pos=[13,7] Dir=up    | CD=0 | Status=[Normal] (Visible: false)
[Replay Actions]
  ⚔️ Riftwalker: turn left (now up)
  🛡️ XDB   : turn left (now up)
[Local Simulation Evaluation]
  Chosen Target: {"action":"move","target":[15,7],"score":1397}
  Path NextStep: [16,6] -> Need Turn/Move Dir: left
  🤖 Local Code Action: go(1)
  ⚠️ [Diverged] Local Code Action differs from Replay!
     -> Replay Action: turn left (now up)
     -> Local Code   : go(1)
--------------------------------------------------------------------------------
Frame 55 | Star: [15,7] | Map: classic
[State] XDB   : Pos=[17,5] Dir=up    | CD=24 | Status=[Normal]
        Riftwalker : Pos=[13,7] Dir=right | CD=0 | Status=[Normal] (Visible: false)
[Replay Actions]
  ⚔️ Riftwalker: turn right (now right)
  🛡️ XDB   : move to [17,5]
[Local Simulation Evaluation]
  Chosen Target: {"action":"move","target":[15,7],"score":1396}
  Path NextStep: [17,6] -> Need Turn/Move Dir: down
  🤖 Local Code Action: turn("right")
  ⚠️ [Diverged] Local Code Action differs from Replay!
     -> Replay Action: move to [17,5]
     -> Local Code   : turn("right")
--------------------------------------------------------------------------------
Frame 56 | Star: [15,7] | Map: classic
[State] XDB   : Pos=[17,5] Dir=right | CD=23 | Status=[Normal]
        Riftwalker : Pos=[13,7] Dir=right | CD=0 | Status=[Normal] (Visible: false)
[Replay Actions]
  ⚔️ Riftwalker: stay still
  🛡️ XDB   : turn right (now right)
[Local Simulation Evaluation]
  Chosen Target: {"action":"move","target":[15,7],"score":1396}
  Path NextStep: [17,6] -> Need Turn/Move Dir: down
  🤖 Local Code Action: turn("right")
  ⚠️ [Diverged] Local Code Action differs from Replay!
     -> Replay Action: turn right (now right)
     -> Local Code   : turn("right")
--------------------------------------------------------------------------------
Frame 57 | Star: [15,7] | Map: classic
[State] XDB   : Pos=[17,5] Dir=down  | CD=22 | Status=[Normal]
        Riftwalker : Pos=[13,7] Dir=up    | CD=0 | Status=[Normal] (Visible: false)
[Replay Actions]
  ⚔️ Riftwalker: turn left (now up)
  🛡️ XDB   : turn right (now down)
[Local Simulation Evaluation]
  Chosen Target: {"action":"move","target":[15,7],"score":1396}
  Path NextStep: [17,6] -> Need Turn/Move Dir: down
  🤖 Local Code Action: go(1)
  ⚠️ [Diverged] Local Code Action differs from Replay!
     -> Replay Action: turn right (now down)
     -> Local Code   : go(1)
--------------------------------------------------------------------------------
Frame 58 | Star: [15,7] | Map: classic
[State] XDB   : Pos=[17,6] Dir=down  | CD=21 | Status=[Normal]
        Riftwalker : Pos=[13,7] Dir=right | CD=0 | Status=[Normal] (Visible: false)
[Replay Actions]
  ⚔️ Riftwalker: turn right (now right)
  🛡️ XDB   : move to [17,6]
[Local Simulation Evaluation]
  Chosen Target: {"action":"move","target":[15,7],"score":1397}
  Path NextStep: [17,7] -> Need Turn/Move Dir: down
  🤖 Local Code Action: turn("left")
  ⚠️ [Diverged] Local Code Action differs from Replay!
     -> Replay Action: move to [17,6]
     -> Local Code   : turn("left")
--------------------------------------------------------------------------------
Frame 59 | Star: [15,7] | Map: classic
[State] XDB   : Pos=[17,6] Dir=right | CD=20 | Status=[Normal]
        Riftwalker : Pos=[13,7] Dir=right | CD=0 | Status=[Normal] (Visible: false)
[Replay Actions]
  ⚔️ Riftwalker: stay still
  🛡️ XDB   : turn left (now right)
[Local Simulation Evaluation]
  Chosen Target: {"action":"move","target":[15,7],"score":1397}
  Path NextStep: [16,6] -> Need Turn/Move Dir: left
  🤖 Local Code Action: turn("left")
  ⚠️ [Diverged] Local Code Action differs from Replay!
     -> Replay Action: turn left (now right)
     -> Local Code   : turn("left")
--------------------------------------------------------------------------------
Frame 60 | Star: [15,7] | Map: classic
[State] XDB   : Pos=[17,6] Dir=up    | CD=19 | Status=[Normal]
        Riftwalker : Pos=[13,7] Dir=up    | CD=0 | Status=[Normal] (Visible: false)
[Replay Actions]
  ⚔️ Riftwalker: turn left (now up)
  🛡️ XDB   : turn left (now up)
[Local Simulation Evaluation]
  Chosen Target: {"action":"move","target":[15,7],"score":1397}
  Path NextStep: [16,6] -> Need Turn/Move Dir: left
  🤖 Local Code Action: go(1)
  ⚠️ [Diverged] Local Code Action differs from Replay!
     -> Replay Action: turn left (now up)
     -> Local Code   : go(1)
--------------------------------------------------------------------------------
Frame 61 | Star: [15,7] | Map: classic
[State] XDB   : Pos=[17,5] Dir=up    | CD=18 | Status=[Normal]
        Riftwalker : Pos=[13,7] Dir=right | CD=0 | Status=[Normal] (Visible: false)
[Replay Actions]
  ⚔️ Riftwalker: turn right (now right)
  🛡️ XDB   : move to [17,5]
[Local Simulation Evaluation]
  Chosen Target: {"action":"move","target":[15,7],"score":1396}
  Path NextStep: [17,6] -> Need Turn/Move Dir: down
  🤖 Local Code Action: turn("right")
  ⚠️ [Diverged] Local Code Action differs from Replay!
     -> Replay Action: move to [17,5]
     -> Local Code   : turn("right")
--------------------------------------------------------------------------------
Frame 62 | Star: [15,7] | Map: classic
[State] XDB   : Pos=[17,5] Dir=right | CD=17 | Status=[Normal]
        Riftwalker : Pos=[13,7] Dir=right | CD=0 | Status=[Normal] (Visible: false)
[Replay Actions]
  ⚔️ Riftwalker: stay still
  🛡️ XDB   : turn right (now right)
[Local Simulation Evaluation]
  Chosen Target: {"action":"move","target":[15,7],"score":1396}
  Path NextStep: [17,6] -> Need Turn/Move Dir: down
  🤖 Local Code Action: turn("right")
  ⚠️ [Diverged] Local Code Action differs from Replay!
     -> Replay Action: turn right (now right)
     -> Local Code   : turn("right")
--------------------------------------------------------------------------------
Frame 63 | Star: [15,7] | Map: classic
[State] XDB   : Pos=[17,5] Dir=down  | CD=16 | Status=[Normal]
        Riftwalker : Pos=[13,7] Dir=up    | CD=0 | Status=[Normal] (Visible: false)
[Replay Actions]
  ⚔️ Riftwalker: turn left (now up)
  🛡️ XDB   : turn right (now down)
[Local Simulation Evaluation]
  Chosen Target: {"action":"move","target":[15,7],"score":1396}
  Path NextStep: [17,6] -> Need Turn/Move Dir: down
  🤖 Local Code Action: go(1)
  ⚠️ [Diverged] Local Code Action differs from Replay!
     -> Replay Action: turn right (now down)
     -> Local Code   : go(1)
--------------------------------------------------------------------------------
Frame 64 | Star: [15,7] | Map: classic
[State] XDB   : Pos=[17,6] Dir=down  | CD=15 | Status=[Normal]
        Riftwalker : Pos=[13,7] Dir=right | CD=0 | Status=[Normal] (Visible: false)
[Replay Actions]
  ⚔️ Riftwalker: turn right (now right)
  🛡️ XDB   : move to [17,6]
[Local Simulation Evaluation]
  Chosen Target: {"action":"move","target":[15,7],"score":1397}
  Path NextStep: [17,7] -> Need Turn/Move Dir: down
  🤖 Local Code Action: turn("left")
  ⚠️ [Diverged] Local Code Action differs from Replay!
     -> Replay Action: move to [17,6]
     -> Local Code   : turn("left")
--------------------------------------------------------------------------------
Frame 65 | Star: [15,7] | Map: classic
[State] XDB   : Pos=[17,6] Dir=right | CD=14 | Status=[Normal]
        Riftwalker : Pos=[13,7] Dir=right | CD=0 | Status=[Normal] (Visible: false)
[Replay Actions]
  ⚔️ Riftwalker: stay still
  🛡️ XDB   : turn left (now right)
[Local Simulation Evaluation]
  Chosen Target: {"action":"move","target":[15,7],"score":1397}
  Path NextStep: [16,6] -> Need Turn/Move Dir: left
  🤖 Local Code Action: turn("left")
  ⚠️ [Diverged] Local Code Action differs from Replay!
     -> Replay Action: turn left (now right)
     -> Local Code   : turn("left")
--------------------------------------------------------------------------------
Frame 66 | Star: [15,7] | Map: classic
[State] XDB   : Pos=[17,6] Dir=up    | CD=13 | Status=[Normal]
        Riftwalker : Pos=[13,7] Dir=up    | CD=0 | Status=[Normal] (Visible: false)
[Replay Actions]
  ⚔️ Riftwalker: turn left (now up)
  🛡️ XDB   : turn left (now up)
[Local Simulation Evaluation]
  Chosen Target: {"action":"move","target":[15,7],"score":1397}
  Path NextStep: [16,6] -> Need Turn/Move Dir: left
  🤖 Local Code Action: go(1)
  ⚠️ [Diverged] Local Code Action differs from Replay!
     -> Replay Action: turn left (now up)
     -> Local Code   : go(1)
--------------------------------------------------------------------------------
Frame 67 | Star: [15,7] | Map: classic
[State] XDB   : Pos=[17,5] Dir=up    | CD=12 | Status=[Normal]
        Riftwalker : Pos=[13,7] Dir=right | CD=0 | Status=[Normal] (Visible: false)
[Replay Actions]
  ⚔️ Riftwalker: turn right (now right)
  🛡️ XDB   : move to [17,5]
[Local Simulation Evaluation]
  Chosen Target: {"action":"move","target":[15,7],"score":1396}
  Path NextStep: [17,6] -> Need Turn/Move Dir: down
  🤖 Local Code Action: turn("right")
  ⚠️ [Diverged] Local Code Action differs from Replay!
     -> Replay Action: move to [17,5]
     -> Local Code   : turn("right")
--------------------------------------------------------------------------------
Frame 68 | Star: [15,7] | Map: classic
[State] XDB   : Pos=[17,5] Dir=right | CD=11 | Status=[Normal]
        Riftwalker : Pos=[13,7] Dir=right | CD=0 | Status=[Normal] (Visible: false)
[Replay Actions]
  ⚔️ Riftwalker: stay still
  🛡️ XDB   : turn right (now right)
[Local Simulation Evaluation]
  Chosen Target: {"action":"move","target":[15,7],"score":1396}
  Path NextStep: [17,6] -> Need Turn/Move Dir: down
  🤖 Local Code Action: turn("right")
  ⚠️ [Diverged] Local Code Action differs from Replay!
     -> Replay Action: turn right (now right)
     -> Local Code   : turn("right")
--------------------------------------------------------------------------------
Frame 69 | Star: [15,7] | Map: classic
[State] XDB   : Pos=[17,5] Dir=down  | CD=10 | Status=[Normal]
        Riftwalker : Pos=[13,7] Dir=up    | CD=0 | Status=[Normal] (Visible: false)
[Replay Actions]
  ⚔️ Riftwalker: turn left (now up)
  🛡️ XDB   : turn right (now down)
[Local Simulation Evaluation]
  Chosen Target: {"action":"move","target":[15,7],"score":1396}
  Path NextStep: [17,6] -> Need Turn/Move Dir: down
  🤖 Local Code Action: go(1)
  ⚠️ [Diverged] Local Code Action differs from Replay!
     -> Replay Action: turn right (now down)
     -> Local Code   : go(1)
--------------------------------------------------------------------------------
Frame 70 | Star: [15,7] | Map: classic
[State] XDB   : Pos=[17,6] Dir=down  | CD=9 | Status=[Normal]
        Riftwalker : Pos=[13,7] Dir=right | CD=0 | Status=[Normal] (Visible: false)
[Replay Actions]
  ⚔️ Riftwalker: turn right (now right)
  🛡️ XDB   : move to [17,6]
[Local Simulation Evaluation]
  Chosen Target: {"action":"move","target":[15,7],"score":1397}
  Path NextStep: [17,7] -> Need Turn/Move Dir: down
  🤖 Local Code Action: turn("left")
  ⚠️ [Diverged] Local Code Action differs from Replay!
     -> Replay Action: move to [17,6]
     -> Local Code   : turn("left")
--------------------------------------------------------------------------------
Frame 71 | Star: [15,7] | Map: classic
[State] XDB   : Pos=[17,6] Dir=right | CD=8 | Status=[Normal]
        Riftwalker : Pos=[13,7] Dir=right | CD=0 | Status=[Normal] (Visible: false)
[Replay Actions]
  ⚔️ Riftwalker: stay still
  🛡️ XDB   : turn left (now right)
[Local Simulation Evaluation]
  Chosen Target: {"action":"move","target":[15,7],"score":1397}
  Path NextStep: [16,6] -> Need Turn/Move Dir: left
  🤖 Local Code Action: turn("left")
  ⚠️ [Diverged] Local Code Action differs from Replay!
     -> Replay Action: turn left (now right)
     -> Local Code   : turn("left")
--------------------------------------------------------------------------------
Frame 72 | Star: [15,7] | Map: classic
[State] XDB   : Pos=[17,6] Dir=up    | CD=7 | Status=[Normal]
        Riftwalker : Pos=[13,7] Dir=up    | CD=0 | Status=[Normal] (Visible: false)
[Replay Actions]
  ⚔️ Riftwalker: turn left (now up)
  🛡️ XDB   : turn left (now up)
[Local Simulation Evaluation]
  Chosen Target: {"action":"move","target":[15,7],"score":1397}
  Path NextStep: [16,6] -> Need Turn/Move Dir: left
  🤖 Local Code Action: go(1)
  ⚠️ [Diverged] Local Code Action differs from Replay!
     -> Replay Action: turn left (now up)
     -> Local Code   : go(1)
--------------------------------------------------------------------------------
Frame 73 | Star: [15,7] | Map: classic
[State] XDB   : Pos=[17,5] Dir=up    | CD=6 | Status=[Normal]
        Riftwalker : Pos=[13,7] Dir=right | CD=0 | Status=[Normal] (Visible: false)
[Replay Actions]
  ⚔️ Riftwalker: turn right (now right)
  🛡️ XDB   : move to [17,5]
[Local Simulation Evaluation]
  Chosen Target: {"action":"move","target":[15,7],"score":1396}
  Path NextStep: [17,6] -> Need Turn/Move Dir: down
  🤖 Local Code Action: turn("right")
  ⚠️ [Diverged] Local Code Action differs from Replay!
     -> Replay Action: move to [17,5]
     -> Local Code   : turn("right")
--------------------------------------------------------------------------------
Frame 74 | Star: [15,7] | Map: classic
[State] XDB   : Pos=[17,5] Dir=right | CD=5 | Status=[Normal]
        Riftwalker : Pos=[13,7] Dir=right | CD=0 | Status=[Normal] (Visible: false)
[Replay Actions]
  ⚔️ Riftwalker: stay still
  🛡️ XDB   : turn right (now right)
[Local Simulation Evaluation]
  Chosen Target: {"action":"move","target":[15,7],"score":1396}
  Path NextStep: [17,6] -> Need Turn/Move Dir: down
  🤖 Local Code Action: turn("right")
  ⚠️ [Diverged] Local Code Action differs from Replay!
     -> Replay Action: turn right (now right)
     -> Local Code   : turn("right")
--------------------------------------------------------------------------------
Frame 75 | Star: [15,7] | Map: classic
[State] XDB   : Pos=[17,5] Dir=down  | CD=4 | Status=[Normal]
        Riftwalker : Pos=[13,7] Dir=up    | CD=0 | Status=[Normal] (Visible: false)
[Replay Actions]
  ⚔️ Riftwalker: turn left (now up)
  🛡️ XDB   : turn right (now down)
[Local Simulation Evaluation]
  Chosen Target: {"action":"move","target":[15,7],"score":1396}
  Path NextStep: [17,6] -> Need Turn/Move Dir: down
  🤖 Local Code Action: go(1)
  ⚠️ [Diverged] Local Code Action differs from Replay!
     -> Replay Action: turn right (now down)
     -> Local Code   : go(1)
--------------------------------------------------------------------------------
Frame 76 | Star: [15,7] | Map: classic
[State] XDB   : Pos=[17,6] Dir=down  | CD=3 | Status=[Normal]
        Riftwalker : Pos=[13,7] Dir=right | CD=0 | Status=[Normal] (Visible: false)
[Replay Actions]
  ⚔️ Riftwalker: turn right (now right)
  🛡️ XDB   : move to [17,6]
[Local Simulation Evaluation]
  Chosen Target: {"action":"move","target":[15,7],"score":1397}
  Path NextStep: [17,7] -> Need Turn/Move Dir: down
  🤖 Local Code Action: turn("left")
  ⚠️ [Diverged] Local Code Action differs from Replay!
     -> Replay Action: move to [17,6]
     -> Local Code   : turn("left")
--------------------------------------------------------------------------------
Frame 77 | Star: [15,7] | Map: classic
[State] XDB   : Pos=[17,6] Dir=right | CD=2 | Status=[Normal]
        Riftwalker : Pos=[13,7] Dir=right | CD=0 | Status=[Normal] (Visible: false)
[Replay Actions]
  ⚔️ Riftwalker: stay still
  🛡️ XDB   : turn left (now right)
[Local Simulation Evaluation]
  Chosen Target: {"action":"move","target":[15,7],"score":1397}
  Path NextStep: [16,6] -> Need Turn/Move Dir: left
  🤖 Local Code Action: turn("left")
  ⚠️ [Diverged] Local Code Action differs from Replay!
     -> Replay Action: turn left (now right)
     -> Local Code   : turn("left")
--------------------------------------------------------------------------------
Frame 78 | Star: [15,7] | Map: classic
[State] XDB   : Pos=[17,6] Dir=up    | CD=1 | Status=[Normal]
        Riftwalker : Pos=[13,7] Dir=up    | CD=0 | Status=[Normal] (Visible: false)
[Replay Actions]
  ⚔️ Riftwalker: turn left (now up)
  🛡️ XDB   : turn left (now up)
[Local Simulation Evaluation]
  Chosen Target: {"action":"move","target":[15,7],"score":1397}
  Path NextStep: [16,6] -> Need Turn/Move Dir: left
  🤖 Local Code Action: go(1)
  ⚠️ [Diverged] Local Code Action differs from Replay!
     -> Replay Action: turn left (now up)
     -> Local Code   : go(1)
--------------------------------------------------------------------------------
Frame 79 | Star: [15,7] | Map: classic
[State] XDB   : Pos=[17,5] Dir=up    | CD=0 | Status=[Normal]
        Riftwalker : Pos=[13,7] Dir=right | CD=0 | Status=[Normal] (Visible: false)
[Replay Actions]
  ⚔️ Riftwalker: turn right (now right)
  🛡️ XDB   : move to [17,5]
[Local Simulation Evaluation]
  Chosen Target: {"action":"move","target":[15,7],"score":1396}
  Path NextStep: [17,6] -> Need Turn/Move Dir: down
  🤖 Local Code Action: turn("right")
  ⚠️ [Diverged] Local Code Action differs from Replay!
     -> Replay Action: move to [17,5]
     -> Local Code   : turn("right")
--------------------------------------------------------------------------------
Frame 80 | Star: [15,7] | Map: classic
[State] XDB   : Pos=[17,5] Dir=right | CD=0 | Status=[Normal]
        Riftwalker : Pos=[13,7] Dir=right | CD=0 | Status=[Normal] (Visible: false)
[Replay Actions]
  ⚔️ Riftwalker: stay still
  🛡️ XDB   : turn right (now right)
[Local Simulation Evaluation]
  Chosen Target: {"action":"move","target":[15,7],"score":796}
  Path NextStep: [17,6] -> Need Turn/Move Dir: down
  🤖 Local Code Action: turn("right")
  ⚠️ [Diverged] Local Code Action differs from Replay!
     -> Replay Action: turn right (now right)
     -> Local Code   : turn("right")
--------------------------------------------------------------------------------
Frame 81 | Star: [15,7] | Map: classic
[State] XDB   : Pos=[17,5] Dir=down  | CD=0 | Status=[Normal]
        Riftwalker : Pos=[13,7] Dir=up    | CD=0 | Status=[Normal] (Visible: false)
[Replay Actions]
  ⚔️ Riftwalker: turn left (now up)
  🛡️ XDB   : turn right (now down)
[Local Simulation Evaluation]
  Chosen Target: {"action":"move","target":[15,7],"score":796}
  Path NextStep: [17,6] -> Need Turn/Move Dir: down
  🤖 Local Code Action: go(1)
  ⚠️ [Diverged] Local Code Action differs from Replay!
     -> Replay Action: turn right (now down)
     -> Local Code   : go(1)
--------------------------------------------------------------------------------
Frame 82 | Star: [15,7] | Map: classic
[State] XDB   : Pos=[17,6] Dir=down  | CD=0 | Status=[Normal]
        Riftwalker : Pos=[13,7] Dir=right | CD=0 | Status=[Normal] (Visible: false)
[Replay Actions]
  ⚔️ Riftwalker: turn right (now right)
  🛡️ XDB   : move to [17,6]
[Local Simulation Evaluation]
  Chosen Target: {"action":"move","target":[15,7],"score":797}
  Path NextStep: [17,7] -> Need Turn/Move Dir: down
  🤖 Local Code Action: turn("left")
  ⚠️ [Diverged] Local Code Action differs from Replay!
     -> Replay Action: move to [17,6]
     -> Local Code   : turn("left")
--------------------------------------------------------------------------------
Frame 83 | Star: [15,7] | Map: classic
[State] XDB   : Pos=[17,6] Dir=right | CD=0 | Status=[Normal]
        Riftwalker : Pos=[13,7] Dir=right | CD=0 | Status=[Normal] (Visible: false)
[Replay Actions]
  ⚔️ Riftwalker: stay still
  🛡️ XDB   : turn left (now right)
[Local Simulation Evaluation]
  Chosen Target: {"action":"move","target":[15,7],"score":797}
  Path NextStep: [16,6] -> Need Turn/Move Dir: left
  🤖 Local Code Action: turn("left")
  ⚠️ [Diverged] Local Code Action differs from Replay!
     -> Replay Action: turn left (now right)
     -> Local Code   : turn("left")
--------------------------------------------------------------------------------
Frame 84 | Star: [15,7] | Map: classic
[State] XDB   : Pos=[17,6] Dir=up    | CD=0 | Status=[Normal]
        Riftwalker : Pos=[13,7] Dir=up    | CD=0 | Status=[Normal] (Visible: false)
[Replay Actions]
  ⚔️ Riftwalker: turn left (now up)
  🛡️ XDB   : turn left (now up)
[Local Simulation Evaluation]
  Chosen Target: {"action":"move","target":[15,7],"score":797}
  Path NextStep: [16,6] -> Need Turn/Move Dir: left
  🤖 Local Code Action: go(1)
  ⚠️ [Diverged] Local Code Action differs from Replay!
     -> Replay Action: turn left (now up)
     -> Local Code   : go(1)
--------------------------------------------------------------------------------
Frame 85 | Star: [15,7] | Map: classic
[State] XDB   : Pos=[17,5] Dir=up    | CD=0 | Status=[Normal]
        Riftwalker : Pos=[13,7] Dir=right | CD=0 | Status=[Normal] (Visible: false)
[Replay Actions]
  ⚔️ Riftwalker: turn right (now right)
  🛡️ XDB   : move to [17,5]
[Local Simulation Evaluation]
  Chosen Target: {"action":"move","target":[15,7],"score":796}
  Path NextStep: [17,6] -> Need Turn/Move Dir: down
  🤖 Local Code Action: turn("right")
  ⚠️ [Diverged] Local Code Action differs from Replay!
     -> Replay Action: move to [17,5]
     -> Local Code   : turn("right")
--------------------------------------------------------------------------------
Frame 86 | Star: [15,7] | Map: classic
[State] XDB   : Pos=[17,5] Dir=right | CD=0 | Status=[Normal]
        Riftwalker : Pos=[13,7] Dir=right | CD=0 | Status=[Normal] (Visible: false)
[Replay Actions]
  ⚔️ Riftwalker: stay still
  🛡️ XDB   : turn right (now right)
[Local Simulation Evaluation]
  Chosen Target: {"action":"move","target":[15,7],"score":796}
  Path NextStep: [17,6] -> Need Turn/Move Dir: down
  🤖 Local Code Action: turn("right")
  ⚠️ [Diverged] Local Code Action differs from Replay!
     -> Replay Action: turn right (now right)
     -> Local Code   : turn("right")
--------------------------------------------------------------------------------
Frame 87 | Star: [15,7] | Map: classic
[State] XDB   : Pos=[17,5] Dir=down  | CD=0 | Status=[Normal]
        Riftwalker : Pos=[13,7] Dir=up    | CD=0 | Status=[Normal] (Visible: false)
[Replay Actions]
  ⚔️ Riftwalker: turn left (now up)
  🛡️ XDB   : turn right (now down)
[Local Simulation Evaluation]
  Chosen Target: {"action":"move","target":[15,7],"score":796}
  Path NextStep: [17,6] -> Need Turn/Move Dir: down
  🤖 Local Code Action: go(1)
  ⚠️ [Diverged] Local Code Action differs from Replay!
     -> Replay Action: turn right (now down)
     -> Local Code   : go(1)
--------------------------------------------------------------------------------
Frame 88 | Star: [15,7] | Map: classic
[State] XDB   : Pos=[17,6] Dir=down  | CD=0 | Status=[Normal]
        Riftwalker : Pos=[13,7] Dir=right | CD=0 | Status=[Normal] (Visible: false)
[Replay Actions]
  ⚔️ Riftwalker: turn right (now right)
  🛡️ XDB   : move to [17,6]
[Local Simulation Evaluation]
  Chosen Target: {"action":"move","target":[15,7],"score":797}
  Path NextStep: [17,7] -> Need Turn/Move Dir: down
  🤖 Local Code Action: turn("left")
  ⚠️ [Diverged] Local Code Action differs from Replay!
     -> Replay Action: move to [17,6]
     -> Local Code   : turn("left")
--------------------------------------------------------------------------------
Frame 89 | Star: [15,7] | Map: classic
[State] XDB   : Pos=[17,6] Dir=right | CD=0 | Status=[Normal]
        Riftwalker : Pos=[13,7] Dir=right | CD=0 | Status=[Normal] (Visible: false)
[Replay Actions]
  ⚔️ Riftwalker: stay still
  🛡️ XDB   : turn left (now right)
[Local Simulation Evaluation]
  Chosen Target: {"action":"move","target":[15,7],"score":797}
  Path NextStep: [16,6] -> Need Turn/Move Dir: left
  🤖 Local Code Action: turn("left")
  ⚠️ [Diverged] Local Code Action differs from Replay!
     -> Replay Action: turn left (now right)
     -> Local Code   : turn("left")
--------------------------------------------------------------------------------
Frame 90 | Star: [15,7] | Map: classic
[State] XDB   : Pos=[17,6] Dir=up    | CD=0 | Status=[Normal]
        Riftwalker : Pos=[13,7] Dir=up    | CD=0 | Status=[Normal] (Visible: false)
[Replay Actions]
  ⚔️ Riftwalker: turn left (now up)
  🛡️ XDB   : turn left (now up)
[Local Simulation Evaluation]
  Chosen Target: {"action":"move","target":[15,7],"score":797}
  Path NextStep: [16,6] -> Need Turn/Move Dir: left
  🤖 Local Code Action: go(1)
  ⚠️ [Diverged] Local Code Action differs from Replay!
     -> Replay Action: turn left (now up)
     -> Local Code   : go(1)
--------------------------------------------------------------------------------
Frame 91 | Star: [15,7] | Map: classic
[State] XDB   : Pos=[17,5] Dir=up    | CD=0 | Status=[Normal]
        Riftwalker : Pos=[13,7] Dir=right | CD=0 | Status=[Normal] (Visible: false)
[Replay Actions]
  ⚔️ Riftwalker: turn right (now right)
  🛡️ XDB   : move to [17,5]
[Local Simulation Evaluation]
  Chosen Target: {"action":"move","target":[15,7],"score":796}
  Path NextStep: [17,6] -> Need Turn/Move Dir: down
  🤖 Local Code Action: turn("right")
  ⚠️ [Diverged] Local Code Action differs from Replay!
     -> Replay Action: move to [17,5]
     -> Local Code   : turn("right")
--------------------------------------------------------------------------------
Frame 92 | Star: [15,7] | Map: classic
[State] XDB   : Pos=[17,5] Dir=right | CD=0 | Status=[Normal]
        Riftwalker : Pos=[13,7] Dir=right | CD=0 | Status=[Normal] (Visible: false)
[Replay Actions]
  ⚔️ Riftwalker: stay still
  🛡️ XDB   : turn right (now right)
[Local Simulation Evaluation]
  Chosen Target: {"action":"move","target":[15,7],"score":796}
  Path NextStep: [17,6] -> Need Turn/Move Dir: down
  🤖 Local Code Action: turn("right")
  ⚠️ [Diverged] Local Code Action differs from Replay!
     -> Replay Action: turn right (now right)
     -> Local Code   : turn("right")
--------------------------------------------------------------------------------
Frame 93 | Star: [15,7] | Map: classic
[State] XDB   : Pos=[17,5] Dir=down  | CD=0 | Status=[Normal]
        Riftwalker : Pos=[13,7] Dir=up    | CD=0 | Status=[Normal] (Visible: false)
[Replay Actions]
  ⚔️ Riftwalker: turn left (now up)
  🛡️ XDB   : turn right (now down)
[Local Simulation Evaluation]
  Chosen Target: {"action":"move","target":[15,7],"score":796}
  Path NextStep: [17,6] -> Need Turn/Move Dir: down
  🤖 Local Code Action: go(1)
  ⚠️ [Diverged] Local Code Action differs from Replay!
     -> Replay Action: turn right (now down)
     -> Local Code   : go(1)
--------------------------------------------------------------------------------
Frame 94 | Star: [15,7] | Map: classic
[State] XDB   : Pos=[17,6] Dir=down  | CD=0 | Status=[Normal]
        Riftwalker : Pos=[13,7] Dir=right | CD=0 | Status=[Normal] (Visible: false)
[Replay Actions]
  ⚔️ Riftwalker: turn right (now right)
  🛡️ XDB   : move to [17,6]
[Local Simulation Evaluation]
  Chosen Target: {"action":"move","target":[15,7],"score":797}
  Path NextStep: [17,7] -> Need Turn/Move Dir: down
  🤖 Local Code Action: turn("left")
  ⚠️ [Diverged] Local Code Action differs from Replay!
     -> Replay Action: move to [17,6]
     -> Local Code   : turn("left")
--------------------------------------------------------------------------------
Frame 95 | Star: [15,7] | Map: classic
[State] XDB   : Pos=[17,6] Dir=right | CD=0 | Status=[Normal]
        Riftwalker : Pos=[13,7] Dir=right | CD=0 | Status=[Normal] (Visible: false)
[Replay Actions]
  ⚔️ Riftwalker: stay still
  🛡️ XDB   : turn left (now right)
[Local Simulation Evaluation]
  Chosen Target: {"action":"move","target":[15,7],"score":797}
  Path NextStep: [16,6] -> Need Turn/Move Dir: left
  🤖 Local Code Action: turn("left")
  ⚠️ [Diverged] Local Code Action differs from Replay!
     -> Replay Action: turn left (now right)
     -> Local Code   : turn("left")
--------------------------------------------------------------------------------
Frame 96 | Star: [15,7] | Map: classic
[State] XDB   : Pos=[17,6] Dir=up    | CD=0 | Status=[Normal]
        Riftwalker : Pos=[13,7] Dir=up    | CD=0 | Status=[Normal] (Visible: false)
[Replay Actions]
  ⚔️ Riftwalker: turn left (now up)
  🛡️ XDB   : turn left (now up)
[Local Simulation Evaluation]
  Chosen Target: {"action":"move","target":[15,7],"score":797}
  Path NextStep: [16,6] -> Need Turn/Move Dir: left
  🤖 Local Code Action: go(1)
  ⚠️ [Diverged] Local Code Action differs from Replay!
     -> Replay Action: turn left (now up)
     -> Local Code   : go(1)
--------------------------------------------------------------------------------
Frame 97 | Star: [15,7] | Map: classic
[State] XDB   : Pos=[17,5] Dir=up    | CD=0 | Status=[Normal]
        Riftwalker : Pos=[13,7] Dir=right | CD=0 | Status=[Normal] (Visible: false)
[Replay Actions]
  ⚔️ Riftwalker: turn right (now right)
  🛡️ XDB   : move to [17,5]
[Local Simulation Evaluation]
  Chosen Target: {"action":"move","target":[15,7],"score":796}
  Path NextStep: [17,6] -> Need Turn/Move Dir: down
  🤖 Local Code Action: turn("right")
  ⚠️ [Diverged] Local Code Action differs from Replay!
     -> Replay Action: move to [17,5]
     -> Local Code   : turn("right")
--------------------------------------------------------------------------------
Frame 98 | Star: [15,7] | Map: classic
[State] XDB   : Pos=[17,5] Dir=right | CD=0 | Status=[Normal]
        Riftwalker : Pos=[13,7] Dir=right | CD=0 | Status=[Normal] (Visible: false)
[Replay Actions]
  ⚔️ Riftwalker: stay still
  🛡️ XDB   : turn right (now right)
[Local Simulation Evaluation]
  Chosen Target: {"action":"move","target":[15,7],"score":796}
  Path NextStep: [17,6] -> Need Turn/Move Dir: down
  🤖 Local Code Action: turn("right")
  ⚠️ [Diverged] Local Code Action differs from Replay!
     -> Replay Action: turn right (now right)
     -> Local Code   : turn("right")
--------------------------------------------------------------------------------
Frame 99 | Star: [15,7] | Map: classic
[State] XDB   : Pos=[17,5] Dir=down  | CD=0 | Status=[Normal]
        Riftwalker : Pos=[13,7] Dir=up    | CD=0 | Status=[Normal] (Visible: false)
[Replay Actions]
  ⚔️ Riftwalker: turn left (now up)
  🛡️ XDB   : turn right (now down)
[Local Simulation Evaluation]
  Chosen Target: {"action":"move","target":[15,7],"score":796}
  Path NextStep: [17,6] -> Need Turn/Move Dir: down
  🤖 Local Code Action: go(1)
  ⚠️ [Diverged] Local Code Action differs from Replay!
     -> Replay Action: turn right (now down)
     -> Local Code   : go(1)
--------------------------------------------------------------------------------
Frame 100 | Star: [15,7] | Map: classic
[State] XDB   : Pos=[17,6] Dir=down  | CD=0 | Status=[Normal]
        Riftwalker : Pos=[13,7] Dir=right | CD=0 | Status=[Normal] (Visible: false)
[Replay Actions]
  ⚔️ Riftwalker: turn right (now right)
  🛡️ XDB   : move to [17,6]
[Local Simulation Evaluation]
  Chosen Target: {"action":"move","target":[15,7],"score":797}
  Path NextStep: [17,7] -> Need Turn/Move Dir: down
  🤖 Local Code Action: turn("left")
  ⚠️ [Diverged] Local Code Action differs from Replay!
     -> Replay Action: move to [17,6]
     -> Local Code   : turn("left")
--------------------------------------------------------------------------------
Frame 101 | Star: [15,7] | Map: classic
[State] XDB   : Pos=[17,6] Dir=right | CD=0 | Status=[Normal]
        Riftwalker : Pos=[13,7] Dir=right | CD=0 | Status=[Normal] (Visible: false)
[Replay Actions]
  ⚔️ Riftwalker: stay still
  🛡️ XDB   : turn left (now right)
[Local Simulation Evaluation]
  Chosen Target: {"action":"move","target":[15,7],"score":797}
  Path NextStep: [16,6] -> Need Turn/Move Dir: left
  🤖 Local Code Action: turn("left")
  ⚠️ [Diverged] Local Code Action differs from Replay!
     -> Replay Action: turn left (now right)
     -> Local Code   : turn("left")
--------------------------------------------------------------------------------
Frame 102 | Star: [15,7] | Map: classic
[State] XDB   : Pos=[17,6] Dir=up    | CD=0 | Status=[Normal]
        Riftwalker : Pos=[13,7] Dir=up    | CD=0 | Status=[Normal] (Visible: false)
[Replay Actions]
  ⚔️ Riftwalker: turn left (now up)
  🛡️ XDB   : turn left (now up)
[Local Simulation Evaluation]
  Chosen Target: {"action":"move","target":[15,7],"score":797}
  Path NextStep: [16,6] -> Need Turn/Move Dir: left
  🤖 Local Code Action: go(1)
  ⚠️ [Diverged] Local Code Action differs from Replay!
     -> Replay Action: turn left (now up)
     -> Local Code   : go(1)
--------------------------------------------------------------------------------
Frame 103 | Star: [15,7] | Map: classic
[State] XDB   : Pos=[17,5] Dir=up    | CD=0 | Status=[Normal]
        Riftwalker : Pos=[13,7] Dir=right | CD=0 | Status=[Normal] (Visible: false)
[Replay Actions]
  ⚔️ Riftwalker: turn right (now right)
  🛡️ XDB   : move to [17,5]
[Local Simulation Evaluation]
  Chosen Target: {"action":"move","target":[15,7],"score":796}
  Path NextStep: [17,6] -> Need Turn/Move Dir: down
  🤖 Local Code Action: turn("right")
  ⚠️ [Diverged] Local Code Action differs from Replay!
     -> Replay Action: move to [17,5]
     -> Local Code   : turn("right")
--------------------------------------------------------------------------------
Frame 104 | Star: [15,7] | Map: classic
[State] XDB   : Pos=[17,5] Dir=right | CD=0 | Status=[Normal]
        Riftwalker : Pos=[13,7] Dir=right | CD=0 | Status=[Normal] (Visible: false)
[Replay Actions]
  ⚔️ Riftwalker: stay still
  🛡️ XDB   : turn right (now right)
[Local Simulation Evaluation]
  Chosen Target: {"action":"move","target":[15,7],"score":796}
  Path NextStep: [17,6] -> Need Turn/Move Dir: down
  🤖 Local Code Action: turn("right")
  ⚠️ [Diverged] Local Code Action differs from Replay!
     -> Replay Action: turn right (now right)
     -> Local Code   : turn("right")
--------------------------------------------------------------------------------
Frame 105 | Star: [15,7] | Map: classic
[State] XDB   : Pos=[17,5] Dir=down  | CD=0 | Status=[Normal]
        Riftwalker : Pos=[13,7] Dir=up    | CD=0 | Status=[Normal] (Visible: false)
[Replay Actions]
  ⚔️ Riftwalker: turn left (now up)
  🛡️ XDB   : turn right (now down)
[Local Simulation Evaluation]
  Chosen Target: {"action":"move","target":[15,7],"score":796}
  Path NextStep: [17,6] -> Need Turn/Move Dir: down
  🤖 Local Code Action: go(1)
  ⚠️ [Diverged] Local Code Action differs from Replay!
     -> Replay Action: turn right (now down)
     -> Local Code   : go(1)
--------------------------------------------------------------------------------
Frame 106 | Star: [15,7] | Map: classic
[State] XDB   : Pos=[17,6] Dir=down  | CD=0 | Status=[Normal]
        Riftwalker : Pos=[13,7] Dir=right | CD=0 | Status=[Normal] (Visible: false)
[Replay Actions]
  ⚔️ Riftwalker: turn right (now right)
  🛡️ XDB   : move to [17,6]
[Local Simulation Evaluation]
  Chosen Target: {"action":"move","target":[15,7],"score":797}
  Path NextStep: [17,7] -> Need Turn/Move Dir: down
  🤖 Local Code Action: turn("left")
  ⚠️ [Diverged] Local Code Action differs from Replay!
     -> Replay Action: move to [17,6]
     -> Local Code   : turn("left")
--------------------------------------------------------------------------------
Frame 107 | Star: [15,7] | Map: classic
[State] XDB   : Pos=[17,6] Dir=right | CD=0 | Status=[Normal]
        Riftwalker : Pos=[13,7] Dir=right | CD=0 | Status=[Normal] (Visible: false)
[Replay Actions]
  ⚔️ Riftwalker: stay still
  🛡️ XDB   : turn left (now right)
[Local Simulation Evaluation]
  Chosen Target: {"action":"move","target":[15,7],"score":797}
  Path NextStep: [16,6] -> Need Turn/Move Dir: left
  🤖 Local Code Action: turn("left")
  ⚠️ [Diverged] Local Code Action differs from Replay!
     -> Replay Action: turn left (now right)
     -> Local Code   : turn("left")
--------------------------------------------------------------------------------
Frame 108 | Star: [15,7] | Map: classic
[State] XDB   : Pos=[17,6] Dir=up    | CD=0 | Status=[Normal]
        Riftwalker : Pos=[13,7] Dir=up    | CD=0 | Status=[Normal] (Visible: false)
[Replay Actions]
  ⚔️ Riftwalker: turn left (now up)
  🛡️ XDB   : turn left (now up)
[Local Simulation Evaluation]
  Chosen Target: {"action":"move","target":[15,7],"score":797}
  Path NextStep: [16,6] -> Need Turn/Move Dir: left
  🤖 Local Code Action: go(1)
  ⚠️ [Diverged] Local Code Action differs from Replay!
     -> Replay Action: turn left (now up)
     -> Local Code   : go(1)
--------------------------------------------------------------------------------
Frame 109 | Star: [15,7] | Map: classic
[State] XDB   : Pos=[17,5] Dir=up    | CD=0 | Status=[Normal]
        Riftwalker : Pos=[13,7] Dir=right | CD=0 | Status=[Normal] (Visible: false)
[Replay Actions]
  ⚔️ Riftwalker: turn right (now right)
  🛡️ XDB   : move to [17,5]
[Local Simulation Evaluation]
  Chosen Target: {"action":"move","target":[15,7],"score":796}
  Path NextStep: [17,6] -> Need Turn/Move Dir: down
  🤖 Local Code Action: turn("right")
  ⚠️ [Diverged] Local Code Action differs from Replay!
     -> Replay Action: move to [17,5]
     -> Local Code   : turn("right")
--------------------------------------------------------------------------------
Frame 110 | Star: [15,7] | Map: classic
[State] XDB   : Pos=[17,5] Dir=right | CD=0 | Status=[Normal]
        Riftwalker : Pos=[13,7] Dir=right | CD=0 | Status=[Normal] (Visible: false)
[Replay Actions]
  ⚔️ Riftwalker: stay still
  🛡️ XDB   : turn right (now right)
[Local Simulation Evaluation]
  Chosen Target: {"action":"move","target":[15,7],"score":796}
  Path NextStep: [17,6] -> Need Turn/Move Dir: down
  🤖 Local Code Action: turn("right")
  ⚠️ [Diverged] Local Code Action differs from Replay!
     -> Replay Action: turn right (now right)
     -> Local Code   : turn("right")
--------------------------------------------------------------------------------
Frame 111 | Star: [15,7] | Map: classic
[State] XDB   : Pos=[17,5] Dir=down  | CD=0 | Status=[Normal]
        Riftwalker : Pos=[13,7] Dir=up    | CD=0 | Status=[Normal] (Visible: false)
[Replay Actions]
  ⚔️ Riftwalker: turn left (now up)
  🛡️ XDB   : turn right (now down)
[Local Simulation Evaluation]
  Chosen Target: {"action":"move","target":[15,7],"score":796}
  Path NextStep: [17,6] -> Need Turn/Move Dir: down
  🤖 Local Code Action: go(1)
  ⚠️ [Diverged] Local Code Action differs from Replay!
     -> Replay Action: turn right (now down)
     -> Local Code   : go(1)
--------------------------------------------------------------------------------
Frame 112 | Star: [15,7] | Map: classic
[State] XDB   : Pos=[17,6] Dir=down  | CD=0 | Status=[Normal]
        Riftwalker : Pos=[13,7] Dir=right | CD=0 | Status=[Normal] (Visible: false)
[Replay Actions]
  ⚔️ Riftwalker: turn right (now right)
  🛡️ XDB   : move to [17,6]
[Local Simulation Evaluation]
  Chosen Target: {"action":"move","target":[15,7],"score":797}
  Path NextStep: [17,7] -> Need Turn/Move Dir: down
  🤖 Local Code Action: turn("left")
  ⚠️ [Diverged] Local Code Action differs from Replay!
     -> Replay Action: move to [17,6]
     -> Local Code   : turn("left")
--------------------------------------------------------------------------------
Frame 113 | Star: [15,7] | Map: classic
[State] XDB   : Pos=[17,6] Dir=right | CD=0 | Status=[Normal]
        Riftwalker : Pos=[13,7] Dir=right | CD=0 | Status=[Normal] (Visible: false)
[Replay Actions]
  ⚔️ Riftwalker: stay still
  🛡️ XDB   : turn left (now right)
[Local Simulation Evaluation]
  Chosen Target: {"action":"move","target":[15,7],"score":797}
  Path NextStep: [16,6] -> Need Turn/Move Dir: left
  🤖 Local Code Action: turn("left")
  ⚠️ [Diverged] Local Code Action differs from Replay!
     -> Replay Action: turn left (now right)
     -> Local Code   : turn("left")
--------------------------------------------------------------------------------
Frame 114 | Star: [15,7] | Map: classic
[State] XDB   : Pos=[17,6] Dir=up    | CD=0 | Status=[Normal]
        Riftwalker : Pos=[13,7] Dir=up    | CD=0 | Status=[Normal] (Visible: false)
[Replay Actions]
  ⚔️ Riftwalker: turn left (now up)
  🛡️ XDB   : turn left (now up)
[Local Simulation Evaluation]
  Chosen Target: {"action":"move","target":[15,7],"score":797}
  Path NextStep: [16,6] -> Need Turn/Move Dir: left
  🤖 Local Code Action: go(1)
  ⚠️ [Diverged] Local Code Action differs from Replay!
     -> Replay Action: turn left (now up)
     -> Local Code   : go(1)
--------------------------------------------------------------------------------
Frame 115 | Star: [15,7] | Map: classic
[State] XDB   : Pos=[17,5] Dir=up    | CD=0 | Status=[Normal]
        Riftwalker : Pos=[13,7] Dir=right | CD=0 | Status=[Normal] (Visible: false)
[Replay Actions]
  ⚔️ Riftwalker: turn right (now right)
  🛡️ XDB   : move to [17,5]
[Local Simulation Evaluation]
  Chosen Target: {"action":"move","target":[15,7],"score":796}
  Path NextStep: [17,6] -> Need Turn/Move Dir: down
  🤖 Local Code Action: turn("right")
  ⚠️ [Diverged] Local Code Action differs from Replay!
     -> Replay Action: move to [17,5]
     -> Local Code   : turn("right")
--------------------------------------------------------------------------------
Frame 116 | Star: [15,7] | Map: classic
[State] XDB   : Pos=[17,5] Dir=right | CD=0 | Status=[Normal]
        Riftwalker : Pos=[13,7] Dir=right | CD=0 | Status=[Normal] (Visible: false)
[Replay Actions]
  ⚔️ Riftwalker: stay still
  🛡️ XDB   : turn right (now right)
[Local Simulation Evaluation]
  Chosen Target: {"action":"move","target":[15,7],"score":796}
  Path NextStep: [17,6] -> Need Turn/Move Dir: down
  🤖 Local Code Action: turn("right")
  ⚠️ [Diverged] Local Code Action differs from Replay!
     -> Replay Action: turn right (now right)
     -> Local Code   : turn("right")
--------------------------------------------------------------------------------
Frame 117 | Star: [15,7] | Map: classic
[State] XDB   : Pos=[17,5] Dir=down  | CD=0 | Status=[Normal]
        Riftwalker : Pos=[13,7] Dir=up    | CD=0 | Status=[Normal] (Visible: false)
[Replay Actions]
  ⚔️ Riftwalker: turn left (now up)
  🛡️ XDB   : turn right (now down)
[Local Simulation Evaluation]
  Chosen Target: {"action":"move","target":[15,7],"score":796}
  Path NextStep: [17,6] -> Need Turn/Move Dir: down
  🤖 Local Code Action: go(1)
  ⚠️ [Diverged] Local Code Action differs from Replay!
     -> Replay Action: turn right (now down)
     -> Local Code   : go(1)
--------------------------------------------------------------------------------
Frame 118 | Star: [15,7] | Map: classic
[State] XDB   : Pos=[17,6] Dir=down  | CD=0 | Status=[Normal]
        Riftwalker : Pos=[13,7] Dir=right | CD=0 | Status=[Normal] (Visible: false)
[Replay Actions]
  ⚔️ Riftwalker: turn right (now right)
  🛡️ XDB   : move to [17,6]
[Local Simulation Evaluation]
  Chosen Target: {"action":"move","target":[15,7],"score":797}
  Path NextStep: [17,7] -> Need Turn/Move Dir: down
  🤖 Local Code Action: turn("left")
  ⚠️ [Diverged] Local Code Action differs from Replay!
     -> Replay Action: move to [17,6]
     -> Local Code   : turn("left")
--------------------------------------------------------------------------------
Frame 119 | Star: [15,7] | Map: classic
[State] XDB   : Pos=[17,6] Dir=right | CD=0 | Status=[Normal]
        Riftwalker : Pos=[13,7] Dir=right | CD=0 | Status=[Normal] (Visible: false)
[Replay Actions]
  ⚔️ Riftwalker: stay still
  🛡️ XDB   : turn left (now right)
[Local Simulation Evaluation]
  Chosen Target: {"action":"move","target":[15,7],"score":797}
  Path NextStep: [16,6] -> Need Turn/Move Dir: left
  🤖 Local Code Action: turn("left")
  ⚠️ [Diverged] Local Code Action differs from Replay!
     -> Replay Action: turn left (now right)
     -> Local Code   : turn("left")
--------------------------------------------------------------------------------
Frame 120 | Star: [15,7] | Map: classic
[State] XDB   : Pos=[17,6] Dir=up    | CD=0 | Status=[Normal]
        Riftwalker : Pos=[13,7] Dir=up    | CD=0 | Status=[Normal] (Visible: false)
[Replay Actions]
  ⚔️ Riftwalker: turn left (now up)
  🛡️ XDB   : turn left (now up)
[Local Simulation Evaluation]
  Chosen Target: {"action":"move","target":[15,7],"score":797}
  Path NextStep: [16,6] -> Need Turn/Move Dir: left
  🤖 Local Code Action: go(1)
  ⚠️ [Diverged] Local Code Action differs from Replay!
     -> Replay Action: turn left (now up)
     -> Local Code   : go(1)
--------------------------------------------------------------------------------
Frame 121 | Star: [15,7] | Map: classic
[State] XDB   : Pos=[17,5] Dir=up    | CD=0 | Status=[Normal]
        Riftwalker : Pos=[13,7] Dir=right | CD=0 | Status=[Normal] (Visible: false)
[Replay Actions]
  ⚔️ Riftwalker: turn right (now right)
  🛡️ XDB   : move to [17,5]
[Local Simulation Evaluation]
  Chosen Target: {"action":"move","target":[15,7],"score":796}
  Path NextStep: [17,6] -> Need Turn/Move Dir: down
  🤖 Local Code Action: turn("right")
  ⚠️ [Diverged] Local Code Action differs from Replay!
     -> Replay Action: move to [17,5]
     -> Local Code   : turn("right")
--------------------------------------------------------------------------------
Frame 122 | Star: [15,7] | Map: classic
[State] XDB   : Pos=[17,5] Dir=right | CD=0 | Status=[Normal]
        Riftwalker : Pos=[13,7] Dir=right | CD=0 | Status=[Normal] (Visible: false)
[Replay Actions]
  ⚔️ Riftwalker: stay still
  🛡️ XDB   : turn right (now right)
[Local Simulation Evaluation]
  Chosen Target: {"action":"move","target":[15,7],"score":796}
  Path NextStep: [17,6] -> Need Turn/Move Dir: down
  🤖 Local Code Action: turn("right")
  ⚠️ [Diverged] Local Code Action differs from Replay!
     -> Replay Action: turn right (now right)
     -> Local Code   : turn("right")
--------------------------------------------------------------------------------
Frame 123 | Star: [15,7] | Map: classic
[State] XDB   : Pos=[17,5] Dir=down  | CD=0 | Status=[Normal]
        Riftwalker : Pos=[13,7] Dir=up    | CD=0 | Status=[Normal] (Visible: false)
[Replay Actions]
  ⚔️ Riftwalker: turn left (now up)
  🛡️ XDB   : turn right (now down)
[Local Simulation Evaluation]
  Chosen Target: {"action":"move","target":[15,7],"score":796}
  Path NextStep: [17,6] -> Need Turn/Move Dir: down
  🤖 Local Code Action: go(1)
  ⚠️ [Diverged] Local Code Action differs from Replay!
     -> Replay Action: turn right (now down)
     -> Local Code   : go(1)
--------------------------------------------------------------------------------
Frame 124 | Star: [15,7] | Map: classic
[State] XDB   : Pos=[17,6] Dir=down  | CD=0 | Status=[Normal]
        Riftwalker : Pos=[13,7] Dir=right | CD=0 | Status=[Normal] (Visible: false)
[Replay Actions]
  ⚔️ Riftwalker: turn right (now right)
  🛡️ XDB   : move to [17,6]
[Local Simulation Evaluation]
  Chosen Target: {"action":"move","target":[15,7],"score":797}
  Path NextStep: [17,7] -> Need Turn/Move Dir: down
  🤖 Local Code Action: turn("left")
  ⚠️ [Diverged] Local Code Action differs from Replay!
     -> Replay Action: move to [17,6]
     -> Local Code   : turn("left")
--------------------------------------------------------------------------------
Frame 125 | Star: [15,7] | Map: classic
[State] XDB   : Pos=[17,6] Dir=right | CD=0 | Status=[Normal]
        Riftwalker : Pos=[13,7] Dir=right | CD=0 | Status=[Normal] (Visible: false)
[Replay Actions]
  ⚔️ Riftwalker: stay still
  🛡️ XDB   : turn left (now right)
[Local Simulation Evaluation]
  Chosen Target: {"action":"move","target":[15,7],"score":797}
  Path NextStep: [16,6] -> Need Turn/Move Dir: left
  🤖 Local Code Action: turn("left")
  ⚠️ [Diverged] Local Code Action differs from Replay!
     -> Replay Action: turn left (now right)
     -> Local Code   : turn("left")
--------------------------------------------------------------------------------
Frame 126 | Star: [15,7] | Map: classic
[State] XDB   : Pos=[17,6] Dir=up    | CD=0 | Status=[Normal]
        Riftwalker : Pos=[13,7] Dir=up    | CD=0 | Status=[Normal] (Visible: false)
[Replay Actions]
  ⚔️ Riftwalker: turn left (now up)
  🛡️ XDB   : turn left (now up)
[Local Simulation Evaluation]
  Chosen Target: {"action":"move","target":[15,7],"score":797}
  Path NextStep: [16,6] -> Need Turn/Move Dir: left
  🤖 Local Code Action: go(1)
  ⚠️ [Diverged] Local Code Action differs from Replay!
     -> Replay Action: turn left (now up)
     -> Local Code   : go(1)
--------------------------------------------------------------------------------
Frame 127 | Star: [15,7] | Map: classic
[State] XDB   : Pos=[17,5] Dir=up    | CD=0 | Status=[Normal]
        Riftwalker : Pos=[13,7] Dir=right | CD=0 | Status=[Normal] (Visible: false)
[Replay Actions]
  ⚔️ Riftwalker: turn right (now right)
  🛡️ XDB   : move to [17,5]
[Local Simulation Evaluation]
  Chosen Target: {"action":"move","target":[15,7],"score":796}
  Path NextStep: [17,6] -> Need Turn/Move Dir: down
  🤖 Local Code Action: turn("right")
  ⚠️ [Diverged] Local Code Action differs from Replay!
     -> Replay Action: move to [17,5]
     -> Local Code   : turn("right")
================================================================================
