Map Grid (Transposed for printing y downwards):
 0: x x x x x x x x x x x x x x x x x x x 
 1: x o o o . . . . . . . . . . . . . . x 
 2: x o . x . . . . . x . . . . . . . . x 
 3: x x x x . . . . . x . . . . . . . . x 
 4: x . . . . . . . . x . . . . . . . . x 
 5: x . . x x x x x x x x x x x . . . . x 
 6: x . . . . o o x o o o o o o . . . . x 
 7: x . . . . o o o o o o o o o . . . . x 
 8: x . . . . o o o o o o x o o . . . . x 
 9: x . . . . x x x x x x x x x x x . . x 
10: x . . . . . . . . x . . . . . . . . x 
11: x . . . . . . . . x . . . . . x x x x 
12: x . . . . . . . . x . . . . . x . o x 
13: x . . . . . . . . . . . . . . o o o x 
14: x x x x x x x x x x x x x x x x x x x 
    0 1 2 3 4 5 6 7 8 9 0 1 2 3 4 5 6 7 8 
Dynamic Identifications:
  Me ID: 6c868e88 (XDB (鎴戞柟))
  Enemy ID: 9713a23e (ByteStorm (鏁屾柟))

Timeline of Events:

--- Frame 0 ---
  [Star Event] created at [12,13]

--- Frame 1 ---
  [Speak] XDB (鎴戞柟) said: "V12.70: 棰勫垽鑳屾潃" at [2,2]
  [Other Event] type=skill action=cast actor=0 pos=undefined
  [Other Event] type=skill action=applied actor=0 pos=undefined
  [Tank Move] ByteStorm (鏁屾柟) moved to [16,13] (reverse: false)

--- Frame 2 ---
  [Speak] XDB (鎴戞柟) said: "鍏辫酱閬垮脊" at [11,13]
  [Tank Move] XDB (鎴戞柟) moved to [11,12] (reverse: false)
  [Tank Turn] ByteStorm (鏁屾柟) turned relative direction "right"

--- Frame 3 ---
  [Tank Move] ByteStorm (鏁屾柟) moved to [15,13] (reverse: false)

--- Frame 4 ---
  [Tank Move] ByteStorm (鏁屾柟) moved to [14,13] (reverse: false)

--- Frame 5 ---
  [Tank Turn] XDB (鎴戞柟) turned relative direction "left"
  [Tank Move] ByteStorm (鏁屾柟) moved to [13,13] (reverse: false)

--- Frame 6 ---
  [Tank Turn] XDB (鎴戞柟) turned relative direction "left"
  [Tank Move] ByteStorm (鏁屾柟) moved to [12,13] (reverse: false)
  [Star Event] collected at [undefined]

--- Frame 7 ---
  [Speak] XDB (鎴戞柟) said: "鏁屽緱鍒? 鎴?0 鏁?1" at [11,12]
  [Tank Turn] ByteStorm (鏁屾柟) turned relative direction "right"

--- Frame 8 ---
  [Tank Turn] XDB (鎴戞柟) turned relative direction "left"
  [Tank Move] ByteStorm (鏁屾柟) moved to [12,12] (reverse: false)

--- Frame 9 ---
  [Bullet Created] from actor 鏁屾柟 at [undefined] dir=right
  [Tank Move] ByteStorm (鏁屾柟) moved to [12,11] (reverse: false)
  [Bullet Action] go at [12,12]
  [Bullet Action] go at [13,12]

--- Frame 10 ---
  [Tank Turn] XDB (鎴戞柟) turned relative direction "right"
  [Tank Turn] ByteStorm (鏁屾柟) turned relative direction "left"
  [Bullet Action] go at [14,12]
  [Bullet Action] go at [15,12]
  [Bullet Crashed] at [undefined] due to undefined

--- Frame 11 ---
  [Speak] XDB (鎴戞柟) said: "骞界伒閬垮脊" at [11,12]
  [Tank Move] XDB (鎴戞柟) moved to [11,13] (reverse: false)
  [Other Event] type=skill action=cast actor=1 pos=undefined
  [Other Event] type=skill action=applied actor=1 pos=undefined

--- Frame 12 ---
  [Tank Move] ByteStorm (鏁屾柟) moved to [11,11] (reverse: false)

--- Frame 13 ---
  [Tank Turn] ByteStorm (鏁屾柟) turned relative direction "left"

--- Frame 14 ---
  [Speak] XDB (鎴戞柟) said: "骞界伒閬垮脊" at [11,13]
  [Tank Turn] XDB (鎴戞柟) turned relative direction "right"
  [Bullet Created] from actor 鏁屾柟 at [undefined] dir=down
  [Bullet Created] from actor 鏁屾柟 at [undefined] dir=down
  [Other Event] type=skill action=expired actor=1 pos=undefined
  [Bullet Action] go at [12,12]
  [Bullet Action] go at [12,13]
  [Bullet Action] go at [11,12]
  [Bullet Action] go at [11,13]
  [Bullet Crashed] at [undefined] due to undefined
  [Tank Action] XDB (鎴戞柟) did crashed at undefined
