Map Grid (Transposed for printing y downwards):
 0: x x x x x x x x x x x x x x x x x x x 
 1: x o o o . . . . . . . . . . . . . . x 
 2: x o . x . . . . . x . . . . . . . . x 
 3: x x x x . . . . . x . . . . . . . . x 
 4: x . . . . . . . . x . . . . . . . . x 
 5: x . . x x x x x x x x x x x . . . . x 
 6: x . . . . o o x o o o o o o . . . . x 
 7: x . . . . o o o o o o o o o . . . . x 
 8: x . . . . o o o o o o x o o . . . . x 
 9: x . . . . x x x x x x x x x x x . . x 
10: x . . . . . . . . x . . . . . . . . x 
11: x . . . . . . . . x . . . . . x x x x 
12: x . . . . . . . . x . . . . . x . o x 
13: x . . . . . . . . . . . . . . o o o x 
14: x x x x x x x x x x x x x x x x x x x 
    0 1 2 3 4 5 6 7 8 9 0 1 2 3 4 5 6 7 8 
Dynamic Identifications:
  Me ID: a7fa7a46 (XDB (鎴戞柟))
  Enemy ID: 87b8c55f (ByteStorm (鏁屾柟))

Timeline of Events:

--- Frame 0 ---
  [Star Event] created at [2,7]

--- Frame 1 ---
  [Speak] XDB (鎴戞柟) said: "V12.87: 棰勫垽鑳屾潃" at [2,2]
  [Tank Move] XDB (鎴戞柟) moved to [2,1] (reverse: false)
  [Tank Move] ByteStorm (鏁屾柟) moved to [16,13] (reverse: false)

--- Frame 2 ---
  [Tank Turn] XDB (鎴戞柟) turned relative direction "right"
  [Tank Turn] ByteStorm (鏁屾柟) turned relative direction "right"

--- Frame 3 ---
  [Tank Move] XDB (鎴戞柟) moved to [3,1] (reverse: false)
  [Tank Move] ByteStorm (鏁屾柟) moved to [15,13] (reverse: false)

--- Frame 4 ---
  [Tank Move] XDB (鎴戞柟) moved to [4,1] (reverse: false)
  [Tank Move] ByteStorm (鏁屾柟) moved to [14,13] (reverse: false)

--- Frame 5 ---
  [Other Event] type=skill action=cast actor=0 pos=undefined
  [Other Event] type=skill action=applied actor=0 pos=undefined
  [Tank Move] ByteStorm (鏁屾柟) moved to [13,13] (reverse: false)

--- Frame 6 ---
  [Speak] XDB (鎴戞柟) said: "浼犻€佸欢杩熺瓑寰? at [1,7]
  [Tank Move] ByteStorm (鏁屾柟) moved to [12,13] (reverse: false)

--- Frame 7 ---
  [Tank Move] XDB (鎴戞柟) moved to [2,7] (reverse: false)
  [Tank Move] ByteStorm (鏁屾柟) moved to [11,13] (reverse: false)
  [Star Event] collected at [undefined]

--- Frame 8 ---
  [Speak] XDB (鎴戞柟) said: "鎴戝緱鍒? 鎴?1 鏁?0" at [2,7]
  [Tank Move] XDB (鎴戞柟) moved to [3,7] (reverse: false)
  [Tank Move] ByteStorm (鏁屾柟) moved to [10,13] (reverse: false)

--- Frame 9 ---
  [Tank Move] XDB (鎴戞柟) moved to [4,7] (reverse: false)
  [Tank Move] ByteStorm (鏁屾柟) moved to [9,13] (reverse: false)

--- Frame 10 ---
  [Tank Turn] XDB (鎴戞柟) turned relative direction "right"
  [Tank Move] ByteStorm (鏁屾柟) moved to [8,13] (reverse: false)

--- Frame 11 ---
  [Tank Move] ByteStorm (鏁屾柟) moved to [7,13] (reverse: false)

--- Frame 12 ---
  [Tank Move] ByteStorm (鏁屾柟) moved to [6,13] (reverse: false)

--- Frame 13 ---
  [Tank Turn] XDB (鎴戞柟) turned relative direction "left"
  [Tank Move] ByteStorm (鏁屾柟) moved to [5,13] (reverse: false)

--- Frame 14 ---
  [Tank Move] XDB (鎴戞柟) moved to [5,7] (reverse: false)
  [Tank Move] ByteStorm (鏁屾柟) moved to [4,13] (reverse: false)

--- Frame 15 ---
  [Tank Turn] ByteStorm (鏁屾柟) turned relative direction "right"

--- Frame 16 ---
  [Tank Turn] XDB (鎴戞柟) turned relative direction "right"
  [Tank Move] ByteStorm (鏁屾柟) moved to [4,12] (reverse: false)

--- Frame 17 ---
  [Star Event] created at [8,2]
  [Tank Turn] XDB (鎴戞柟) turned relative direction "right"
  [Tank Move] ByteStorm (鏁屾柟) moved to [4,11] (reverse: false)

--- Frame 18 ---
  [Tank Move] ByteStorm (鏁屾柟) moved to [4,10] (reverse: false)

--- Frame 19 ---
  [Tank Move] ByteStorm (鏁屾柟) moved to [4,9] (reverse: false)

--- Frame 20 ---
  [Other Event] type=skill action=cast actor=1 pos=undefined
  [Other Event] type=skill action=applied actor=1 pos=undefined

--- Frame 21 ---
  [Bullet Created] from actor 鏁屾柟 at [undefined] dir=up
  [Bullet Created] from actor 鏁屾柟 at [undefined] dir=up
  [Other Event] type=skill action=expired actor=1 pos=undefined
  [Bullet Action] go at [5,8]
  [Bullet Action] go at [5,7]
  [Bullet Crashed] at [undefined] due to undefined
  [Tank Action] XDB (鎴戞柟) did crashed at undefined
  [Bullet Action] go at [4,8]
  [Bullet Action] go at [4,7]
