Map Grid (Transposed for printing y downwards):
 0: x x x x x x x x x x x x x x x x x x x 
 1: x o o o . . . . . . . . . . . . . . x 
 2: x o . x . . . . . x . . . . . . . . x 
 3: x x x x . . . . . x . . . . . . . . x 
 4: x . . . . . . . . x . . . . . . . . x 
 5: x . . x x x x x x x x x x x . . . . x 
 6: x . . . . o o x o o o o o o . . . . x 
 7: x . . . . o o o o o o o o o . . . . x 
 8: x . . . . o o o o o o x o o . . . . x 
 9: x . . . . x x x x x x x x x x x . . x 
10: x . . . . . . . . x . . . . . . . . x 
11: x . . . . . . . . x . . . . . x x x x 
12: x . . . . . . . . x . . . . . x . o x 
13: x . . . . . . . . . . . . . . o o o x 
14: x x x x x x x x x x x x x x x x x x x 
    0 1 2 3 4 5 6 7 8 9 0 1 2 3 4 5 6 7 8 
Dynamic Identifications:
  Me ID: e947a123 (XDB (鎴戞柟))
  Enemy ID: 11c11793 (ByteStorm (鏁屾柟))

Timeline of Events:

--- Frame 0 ---
  [Star Event] created at [17,9]

--- Frame 1 ---
  [Speak] XDB (鎴戞柟) said: "V12.78: 棰勫垽鑳屾潃" at [2,2]
  [Other Event] type=skill action=cast actor=0 pos=undefined
  [Other Event] type=skill action=applied actor=0 pos=undefined
  [Tank Move] ByteStorm (鏁屾柟) moved to [16,13] (reverse: false)

--- Frame 2 ---
  [Speak] XDB (鎴戞柟) said: "浼犻€佸欢杩熻浆鍚? at [17,8]
  [Tank Turn] XDB (鎴戞柟) turned relative direction "left"
  [Tank Turn] ByteStorm (鏁屾柟) turned relative direction "right"

--- Frame 3 ---
  [Speak] XDB (鎴戞柟) said: "瀹堟槦杞悜" at [17,8]
  [Tank Turn] XDB (鎴戞柟) turned relative direction "left"
  [Tank Move] ByteStorm (鏁屾柟) moved to [15,13] (reverse: false)

--- Frame 4 ---
  [Speak] XDB (鎴戞柟) said: "瀹堟槦寮€鐏? at [17,8]
  [Bullet Created] from actor 鏁屾柟 at [undefined] dir=down
  [Tank Move] ByteStorm (鏁屾柟) moved to [14,13] (reverse: false)
  [Bullet Action] go at [17,9]
  [Bullet Action] go at [17,10]

--- Frame 5 ---
  [Tank Move] XDB (鎴戞柟) moved to [17,9] (reverse: false)
  [Tank Turn] ByteStorm (鏁屾柟) turned relative direction "right"
  [Star Event] collected at [undefined]
  [Bullet Action] go at [17,11]
  [Bullet Crashed] at [undefined] due to undefined

--- Frame 6 ---
  [Speak] XDB (鎴戞柟) said: "鎴戝緱鍒? 鎴?1 鏁?0" at [17,9]
  [Tank Turn] XDB (鎴戞柟) turned relative direction "right"
  [Tank Move] ByteStorm (鏁屾柟) moved to [14,12] (reverse: false)

--- Frame 7 ---
  [Tank Turn] XDB (鎴戞柟) turned relative direction "right"
  [Tank Turn] ByteStorm (鏁屾柟) turned relative direction "left"

--- Frame 8 ---
  [Tank Move] XDB (鎴戞柟) moved to [17,8] (reverse: false)
  [Tank Turn] ByteStorm (鏁屾柟) turned relative direction "right"

--- Frame 9 ---
  [Tank Turn] XDB (鎴戞柟) turned relative direction "left"
  [Tank Move] ByteStorm (鏁屾柟) moved to [14,11] (reverse: false)

--- Frame 10 ---
  [Tank Move] XDB (鎴戞柟) moved to [16,8] (reverse: false)
  [Tank Move] ByteStorm (鏁屾柟) moved to [14,10] (reverse: false)

--- Frame 11 ---
  [Tank Turn] XDB (鎴戞柟) turned relative direction "right"
  [Tank Turn] ByteStorm (鏁屾柟) turned relative direction "right"

--- Frame 12 ---
  [Tank Move] XDB (鎴戞柟) moved to [16,7] (reverse: false)
  [Tank Move] ByteStorm (鏁屾柟) moved to [15,10] (reverse: false)

--- Frame 13 ---
  [Tank Move] XDB (鎴戞柟) moved to [16,6] (reverse: false)
  [Tank Turn] ByteStorm (鏁屾柟) turned relative direction "left"

--- Frame 14 ---
  [Speak] XDB (鎴戞柟) said: "骞界伒閬垮脊" at [16,6]
  [Tank Turn] XDB (鎴戞柟) turned relative direction "right"
  [Tank Turn] ByteStorm (鏁屾柟) turned relative direction "right"

--- Frame 15 ---
  [Star Event] created at [6,6]
  [Tank Move] XDB (鎴戞柟) moved to [17,6] (reverse: false)
  [Tank Move] ByteStorm (鏁屾柟) moved to [16,10] (reverse: false)

--- Frame 16 ---
  [Tank Turn] ByteStorm (鏁屾柟) turned relative direction "left"

--- Frame 17 ---
  [Speak] XDB (鎴戞柟) said: "骞界伒閬垮脊" at [17,6]
  [Tank Turn] XDB (鎴戞柟) turned relative direction "left"
  [Other Event] type=skill action=cast actor=1 pos=undefined
  [Other Event] type=skill action=applied actor=1 pos=undefined

--- Frame 18 ---
  [Tank Move] XDB (鎴戞柟) moved to [17,5] (reverse: false)
  [Bullet Created] from actor 鏁屾柟 at [undefined] dir=up
  [Bullet Created] from actor 鏁屾柟 at [undefined] dir=up
  [Other Event] type=skill action=expired actor=1 pos=undefined
  [Bullet Action] go at [17,9]
  [Bullet Action] go at [17,8]
  [Bullet Action] go at [16,9]
  [Bullet Action] go at [16,8]

--- Frame 19 ---
  [Tank Move] XDB (鎴戞柟) moved to [17,4] (reverse: false)
  [Tank Move] ByteStorm (鏁屾柟) moved to [16,9] (reverse: false)
  [Bullet Action] go at [17,7]
  [Bullet Action] go at [17,6]
  [Bullet Action] go at [16,7]
  [Bullet Action] go at [16,6]

--- Frame 20 ---
  [Speak] XDB (鎴戞柟) said: "骞界伒閬垮脊" at [17,4]
  [Tank Move] XDB (鎴戞柟) moved to [17,3] (reverse: false)
  [Tank Move] ByteStorm (鏁屾柟) moved to [16,8] (reverse: false)
  [Bullet Action] go at [17,5]
  [Bullet Action] go at [17,4]
  [Bullet Action] go at [16,5]
  [Bullet Action] go at [16,4]

--- Frame 21 ---
  [Tank Move] XDB (鎴戞柟) moved to [17,2] (reverse: false)
  [Tank Move] ByteStorm (鏁屾柟) moved to [16,7] (reverse: false)
  [Bullet Action] go at [17,3]
  [Bullet Action] go at [17,2]
  [Bullet Crashed] at [undefined] due to undefined
  [Tank Action] XDB (鎴戞柟) did crashed at undefined
  [Bullet Action] go at [16,3]
  [Bullet Action] go at [16,2]
