Map Grid (Transposed for printing y downwards):
 0: x x x x x x x x x x x x x x x x x x x 
 1: x o o o . . . . . . . . . . . . . . x 
 2: x o . x . . . . . x . . . . . . . . x 
 3: x x x x . . . . . x . . . . . . . . x 
 4: x . . . . . . . . x . . . . . . . . x 
 5: x . . x x x x x x x x x x x . . . . x 
 6: x . . . . o o x o o o o o o . . . . x 
 7: x . . . . o o o o o o o o o . . . . x 
 8: x . . . . o o o o o o x o o . . . . x 
 9: x . . . . x x x x x x x x x x x . . x 
10: x . . . . . . . . x . . . . . . . . x 
11: x . . . . . . . . x . . . . . x x x x 
12: x . . . . . . . . x . . . . . x . o x 
13: x . . . . . . . . . . . . . . o o o x 
14: x x x x x x x x x x x x x x x x x x x 
    0 1 2 3 4 5 6 7 8 9 0 1 2 3 4 5 6 7 8 
Dynamic Identifications:
  Me ID: eae1ff9e (XDB (鎴戞柟))
  Enemy ID: a973c76a (ByteStorm (鏁屾柟))

Timeline of Events:

--- Frame 0 ---
  [Star Event] created at [10,13]

--- Frame 1 ---
  [Speak] XDB (鎴戞柟) said: "V12.65: 棰勫垽鑳屾潃" at [2,2]
  [Other Event] type=skill action=cast actor=0 pos=undefined
  [Other Event] type=skill action=applied actor=0 pos=undefined
  [Tank Move] ByteStorm (鏁屾柟) moved to [16,13] (reverse: false)

--- Frame 2 ---
  [Speak] XDB (鎴戞柟) said: "浼犻€佸欢杩熻浆鍚? at [10,12]
  [Tank Turn] XDB (鎴戞柟) turned relative direction "right"
  [Tank Turn] ByteStorm (鏁屾柟) turned relative direction "right"

--- Frame 3 ---
  [Speak] XDB (鎴戞柟) said: "瀹堟槦杞悜" at [10,12]
  [Tank Turn] XDB (鎴戞柟) turned relative direction "right"
  [Tank Move] ByteStorm (鏁屾柟) moved to [15,13] (reverse: false)

--- Frame 4 ---
  [Speak] XDB (鎴戞柟) said: "瀹堟槦寮€鐏? at [10,12]
  [Bullet Created] from actor 鏁屾柟 at [undefined] dir=down
  [Tank Move] ByteStorm (鏁屾柟) moved to [14,13] (reverse: false)
  [Bullet Action] go at [10,13]
  [Bullet Action] go at [10,14]
  [Bullet Crashed] at [undefined] due to undefined

--- Frame 5 ---
  [Speak] XDB (鎴戞柟) said: "瀹堟槦寮€鐏? at [10,12]
  [Tank Move] ByteStorm (鏁屾柟) moved to [13,13] (reverse: false)

--- Frame 6 ---
  [Tank Move] ByteStorm (鏁屾柟) moved to [12,13] (reverse: false)

--- Frame 7 ---
  [Tank Move] ByteStorm (鏁屾柟) moved to [11,13] (reverse: false)

--- Frame 8 ---
  [Tank Turn] ByteStorm (鏁屾柟) turned relative direction "right"

--- Frame 9 ---
  [Tank Move] XDB (鎴戞柟) moved to [10,13] (reverse: false)
  [Tank Move] ByteStorm (鏁屾柟) moved to [11,12] (reverse: false)
  [Star Event] collected at [undefined]

--- Frame 10 ---
  [Speak] XDB (鎴戞柟) said: "鎴戝緱鍒? 鎴?1 鏁?0" at [10,13]
  [Tank Turn] XDB (鎴戞柟) turned relative direction "right"
  [Tank Turn] ByteStorm (鏁屾柟) turned relative direction "left"

--- Frame 11 ---
  [Speak] XDB (鎴戞柟) said: "骞界伒閬垮脊" at [10,13]
  [Other Event] type=skill action=cast actor=1 pos=undefined
  [Other Event] type=skill action=applied actor=1 pos=undefined

--- Frame 12 ---
  [Speak] XDB (鎴戞柟) said: "杩戣窛鍗遍櫓" at [10,13]
  [Bullet Created] from actor 鏁屾柟 at [undefined] dir=left
  [Bullet Created] from actor 鏁屾柟 at [undefined] dir=left
  [Other Event] type=skill action=expired actor=1 pos=undefined
  [Bullet Action] go at [10,13]
  [Bullet Crashed] at [undefined] due to undefined
  [Tank Action] XDB (鎴戞柟) did crashed at undefined
  [Bullet Action] go at [10,12]
  [Bullet Action] go at [9,12]
  [Bullet Crashed] at [undefined] due to undefined
