Map Grid (Transposed for printing y downwards):
 0: x x x x x x x x x x x x x x x x x x x 
 1: x . . . x . . . . . . x . . . . . . x 
 2: x . . . . x x . . . . x . . . . x . x 
 3: x . . . x o . . . . . . . . . . . . x 
 4: x . . . . m . . . . . . . x x . o . x 
 5: x . . . . . o . . . . . . o . . . o x 
 6: x . . . . . . . . . . . m . . . x o x 
 7: x . o o . o . . . . . . . o . o o . x 
 8: x o x . . . m . . . . . . . . . . . x 
 9: x o . . . o . . . . . . o . . . . . x 
10: x . o . x x . . . . . . . m . . . . x 
11: x . . . . . . . . . . . . o x . . . x 
12: x . x . . . . x . . . . x x . . . . x 
13: x . . . . . . x . . . . . . x . . . x 
14: x x x x x x x x x x x x x x x x x x x 
    0 1 2 3 4 5 6 7 8 9 0 1 2 3 4 5 6 7 8 
Dynamic Identifications:
  Me ID: f598b692 (XDB (鎴戞柟))
  Enemy ID: 5bcbeed8 (Tank 05704 (鏁屾柟))

Timeline of Events:

--- Frame 0 ---
  [Star Event] created at [15,13]

--- Frame 1 ---
  [Speak] Tank 05704 (鏁屾柟) said: "灞变汉鑷湁濡欒" at [2,2]
  [Speak] XDB (鎴戞柟) said: "V12.65: 棰勫垽鑳屾潃" at [16,12]
  [Tank Turn] Tank 05704 (鏁屾柟) turned relative direction "right"
  [Tank Move] XDB (鎴戞柟) moved to [16,13] (reverse: false)

--- Frame 2 ---
  [Speak] Tank 05704 (鏁屾柟) said: "灞变汉鑷湁濡欒" at [2,2]
  [Tank Move] Tank 05704 (鏁屾柟) moved to [3,2] (reverse: false)
  [Tank Turn] XDB (鎴戞柟) turned relative direction "right"

--- Frame 3 ---
  [Speak] Tank 05704 (鏁屾柟) said: "灞变汉鑷湁濡欒" at [3,2]
  [Tank Turn] Tank 05704 (鏁屾柟) turned relative direction "right"
  [Tank Move] XDB (鎴戞柟) moved to [15,13] (reverse: false)
  [Star Event] collected at [undefined]

--- Frame 4 ---
  [Speak] Tank 05704 (鏁屾柟) said: "灞变汉鑷湁濡欒" at [3,2]
  [Speak] XDB (鎴戞柟) said: "鎴戝緱鍒? 鎴?1 鏁?0" at [15,13]
  [Tank Move] Tank 05704 (鏁屾柟) moved to [3,3] (reverse: false)
  [Tank Turn] XDB (鎴戞柟) turned relative direction "right"

--- Frame 5 ---
  [Speak] Tank 05704 (鏁屾柟) said: "灞变汉鑷湁濡欒" at [3,3]
  [Tank Move] Tank 05704 (鏁屾柟) moved to [3,4] (reverse: false)
  [Tank Move] XDB (鎴戞柟) moved to [15,12] (reverse: false)

--- Frame 6 ---
  [Speak] Tank 05704 (鏁屾柟) said: "灞变汉鑷湁濡欒" at [3,4]
  [Tank Turn] Tank 05704 (鏁屾柟) turned relative direction "left"
  [Tank Move] XDB (鎴戞柟) moved to [15,11] (reverse: false)

--- Frame 7 ---
  [Speak] Tank 05704 (鏁屾柟) said: "灞变汉鑷湁濡欒" at [3,4]
  [Tank Move] Tank 05704 (鏁屾柟) moved to [4,4] (reverse: false)
  [Tank Move] XDB (鎴戞柟) moved to [15,10] (reverse: false)

--- Frame 8 ---
  [Speak] Tank 05704 (鏁屾柟) said: "灞变汉鑷湁濡欒" at [4,4]
  [Tank Turn] Tank 05704 (鏁屾柟) turned relative direction "right"
  [Tank Move] XDB (鎴戞柟) moved to [15,9] (reverse: false)

--- Frame 9 ---
  [Speak] Tank 05704 (鏁屾柟) said: "灞变汉鑷湁濡欒" at [4,4]
  [Tank Move] Tank 05704 (鏁屾柟) moved to [4,5] (reverse: false)
  [Tank Move] XDB (鎴戞柟) moved to [15,8] (reverse: false)

--- Frame 10 ---
  [Speak] Tank 05704 (鏁屾柟) said: "瓒呯骇璧涗簹浜哄彉韬? at [4,5]
  [Other Event] type=skill action=cast actor=0 pos=undefined
  [Other Event] type=skill action=applied actor=0 pos=undefined
  [Tank Move] XDB (鎴戞柟) moved to [15,7] (reverse: false)

--- Frame 11 ---
  [Speak] Tank 05704 (鏁屾柟) said: "灞变汉鑷湁濡欒" at [4,5]
  [Tank Turn] Tank 05704 (鏁屾柟) turned relative direction "left"
  [Tank Turn] XDB (鎴戞柟) turned relative direction "left"

--- Frame 12 ---
  [Speak] Tank 05704 (鏁屾柟) said: "灞变汉鑷湁濡欒" at [4,5]
  [Tank Move] Tank 05704 (鏁屾柟) moved to [5,5] (reverse: false)

--- Frame 13 ---
  [Star Event] created at [3,11]
  [Speak] Tank 05704 (鏁屾柟) said: "灞变汉鑷湁濡欒" at [5,5]
  [Tank Move] Tank 05704 (鏁屾柟) moved to [6,5] (reverse: false)

--- Frame 14 ---
  [Speak] Tank 05704 (鏁屾柟) said: "涓嶇煡閬撹骞插槢浜? at [6,5]
  [Tank Move] Tank 05704 (鏁屾柟) moved to [7,5] (reverse: false)
  [Other Event] type=skill action=cast actor=1 pos=undefined
  [Other Event] type=skill action=applied actor=1 pos=undefined

--- Frame 15 ---
  [Speak] Tank 05704 (鏁屾柟) said: "灞变汉鑷湁濡欒" at [7,5]
  [Speak] XDB (鎴戞柟) said: "浼犻€佸欢杩熺瓑寰? at [4,11]
  [Tank Turn] Tank 05704 (鏁屾柟) turned relative direction "right"

--- Frame 16 ---
  [Speak] Tank 05704 (鏁屾柟) said: "灞变汉鑷湁濡欒" at [7,5]
  [Tank Move] Tank 05704 (鏁屾柟) moved to [7,6] (reverse: false)
  [Tank Turn] XDB (鎴戞柟) turned relative direction "left"

--- Frame 17 ---
  [Speak] Tank 05704 (鏁屾柟) said: "灞变汉鑷湁濡欒" at [7,6]
  [Tank Move] Tank 05704 (鏁屾柟) moved to [7,7] (reverse: false)
  [Tank Turn] XDB (鎴戞柟) turned relative direction "left"

--- Frame 18 ---
  [Speak] Tank 05704 (鏁屾柟) said: "灞变汉鑷湁濡欒" at [7,7]
  [Tank Move] Tank 05704 (鏁屾柟) moved to [7,8] (reverse: false)

--- Frame 19 ---
  [Speak] Tank 05704 (鏁屾柟) said: "灞变汉鑷湁濡欒" at [7,8]
  [Tank Move] Tank 05704 (鏁屾柟) moved to [7,9] (reverse: false)

--- Frame 20 ---
  [Other Event] type=skill action=expired actor=0 pos=undefined
  [Speak] Tank 05704 (鏁屾柟) said: "灞变汉鑷湁濡欒" at [7,9]
  [Tank Turn] Tank 05704 (鏁屾柟) turned relative direction "right"

--- Frame 21 ---
  [Speak] Tank 05704 (鏁屾柟) said: "灞变汉鑷湁濡欒" at [7,9]
  [Tank Move] Tank 05704 (鏁屾柟) moved to [6,9] (reverse: false)
  [Tank Turn] XDB (鎴戞柟) turned relative direction "right"

--- Frame 22 ---
  [Speak] Tank 05704 (鏁屾柟) said: "姝よ矾鏄垜寮€,姝ゆ爲鏄垜鏍? at [6,9]
  [Tank Move] Tank 05704 (鏁屾柟) moved to [5,9] (reverse: false)
  [Tank Turn] XDB (鎴戞柟) turned relative direction "right"

--- Frame 23 ---
  [Speak] Tank 05704 (鏁屾柟) said: "灞变汉鑷湁濡欒" at [5,9]
  [Tank Turn] Tank 05704 (鏁屾柟) turned relative direction "right"
  [Tank Move] XDB (鎴戞柟) moved to [3,11] (reverse: false)
  [Star Event] collected at [undefined]

--- Frame 24 ---
  [Speak] XDB (鎴戞柟) said: "鎴戝緱鍒? 鎴?2 鏁?0" at [3,11]
  [Tank Move] XDB (鎴戞柟) moved to [2,11] (reverse: false)

--- Frame 25 ---
  [Speak] Tank 05704 (鏁屾柟) said: "灞变汉鑷湁濡欒" at [5,9]
  [Tank Turn] Tank 05704 (鏁屾柟) turned relative direction "left"
  [Tank Turn] XDB (鎴戞柟) turned relative direction "right"

--- Frame 26 ---
  [Speak] Tank 05704 (鏁屾柟) said: "灞变汉鑷湁濡欒" at [5,9]
  [Speak] XDB (鎴戞柟) said: "鍏辫酱閬垮脊" at [2,11]
  [Tank Move] Tank 05704 (鏁屾柟) moved to [4,9] (reverse: false)
  [Tank Move] XDB (鎴戞柟) moved to [2,10] (reverse: false)

--- Frame 27 ---
  [Speak] Tank 05704 (鏁屾柟) said: "灞变汉鑷湁濡欒" at [4,9]
  [Tank Move] Tank 05704 (鏁屾柟) moved to [3,9] (reverse: false)

--- Frame 28 ---
  [Speak] Tank 05704 (鏁屾柟) said: "灞变汉鑷湁濡欒" at [3,9]

--- Frame 29 ---
  [Speak] Tank 05704 (鏁屾柟) said: "灞变汉鑷湁濡欒" at [3,9]

--- Frame 30 ---
  [Speak] Tank 05704 (鏁屾柟) said: "灞变汉鑷湁濡欒" at [3,9]

--- Frame 31 ---
  [Speak] Tank 05704 (鏁屾柟) said: "灞变汉鑷湁濡欒" at [3,9]

--- Frame 32 ---
  [Speak] Tank 05704 (鏁屾柟) said: "灞变汉鑷湁濡欒" at [3,9]

--- Frame 33 ---
  [Star Event] created at [16,5]
  [Speak] Tank 05704 (鏁屾柟) said: "灞变汉鑷湁濡欒" at [3,9]

--- Frame 34 ---

--- Frame 35 ---

--- Frame 36 ---

--- Frame 37 ---

--- Frame 38 ---

--- Frame 39 ---

--- Frame 40 ---

--- Frame 41 ---

--- Frame 42 ---

--- Frame 43 ---
  [Other Event] type=skill action=cast actor=0 pos=undefined
  [Other Event] type=skill action=applied actor=0 pos=undefined

--- Frame 44 ---
  [Speak] XDB (鎴戞柟) said: "骞界伒閬垮脊" at [2,10]
  [Bullet Created] from actor 鏁屾柟 at [undefined] dir=left
  [Bullet Created] from actor 鏁屾柟 at [undefined] dir=left
  [Other Event] type=skill action=expired actor=0 pos=undefined
  [Tank Turn] XDB (鎴戞柟) turned relative direction "left"
  [Bullet Action] go at [2,10]
  [Bullet Crashed] at [undefined] due to undefined
  [Tank Action] XDB (鎴戞柟) did crashed at undefined
  [Bullet Action] go at [2,9]
  [Bullet Action] go at [1,9]
