Map Grid (Transposed for printing y downwards):
 0: x x x x x x x x x x x x x x x x x x x 
 1: x o o o . . . . . . . . . . . . . . x 
 2: x o . x . . . . . x . . . . . . . . x 
 3: x x x x . . . . . x . . . . . . . . x 
 4: x . . . . . . . . x . . . . . . . . x 
 5: x . . x x x x x x x x x x x . . . . x 
 6: x . . . . o o x o o o o o o . . . . x 
 7: x . . . . o o o o o o o o o . . . . x 
 8: x . . . . o o o o o o x o o . . . . x 
 9: x . . . . x x x x x x x x x x x . . x 
10: x . . . . . . . . x . . . . . . . . x 
11: x . . . . . . . . x . . . . . x x x x 
12: x . . . . . . . . x . . . . . x . o x 
13: x . . . . . . . . . . . . . . o o o x 
14: x x x x x x x x x x x x x x x x x x x 
    0 1 2 3 4 5 6 7 8 9 0 1 2 3 4 5 6 7 8 
Dynamic Identifications:
  Me ID: af673ef0 (XDB (鎴戞柟))
  Enemy ID: a1b035a8 (ByteStorm (鏁屾柟))

Timeline of Events:

--- Frame 0 ---
  [Star Event] created at [2,4]

--- Frame 1 ---
  [Speak] XDB (鎴戞柟) said: "V12.85: 棰勫垽鑳屾潃" at [2,2]
  [Tank Move] XDB (鎴戞柟) moved to [2,1] (reverse: false)
  [Tank Move] ByteStorm (鏁屾柟) moved to [16,13] (reverse: false)

--- Frame 2 ---
  [Tank Turn] XDB (鎴戞柟) turned relative direction "right"
  [Tank Turn] ByteStorm (鏁屾柟) turned relative direction "right"

--- Frame 3 ---
  [Tank Move] XDB (鎴戞柟) moved to [3,1] (reverse: false)
  [Tank Move] ByteStorm (鏁屾柟) moved to [15,13] (reverse: false)

--- Frame 4 ---
  [Tank Move] XDB (鎴戞柟) moved to [4,1] (reverse: false)
  [Tank Move] ByteStorm (鏁屾柟) moved to [14,13] (reverse: false)

--- Frame 5 ---
  [Tank Turn] XDB (鎴戞柟) turned relative direction "right"
  [Tank Move] ByteStorm (鏁屾柟) moved to [13,13] (reverse: false)

--- Frame 6 ---
  [Tank Move] XDB (鎴戞柟) moved to [4,2] (reverse: false)
  [Tank Move] ByteStorm (鏁屾柟) moved to [12,13] (reverse: false)

--- Frame 7 ---
  [Tank Move] XDB (鎴戞柟) moved to [4,3] (reverse: false)
  [Tank Turn] ByteStorm (鏁屾柟) turned relative direction "left"

--- Frame 8 ---
  [Tank Move] XDB (鎴戞柟) moved to [4,4] (reverse: false)
  [Tank Turn] ByteStorm (鏁屾柟) turned relative direction "left"

--- Frame 9 ---
  [Tank Turn] XDB (鎴戞柟) turned relative direction "right"
  [Tank Move] ByteStorm (鏁屾柟) moved to [13,13] (reverse: false)

--- Frame 10 ---
  [Tank Move] XDB (鎴戞柟) moved to [3,4] (reverse: false)
  [Tank Move] ByteStorm (鏁屾柟) moved to [14,13] (reverse: false)

--- Frame 11 ---
  [Tank Move] XDB (鎴戞柟) moved to [2,4] (reverse: false)
  [Tank Turn] ByteStorm (鏁屾柟) turned relative direction "left"
  [Star Event] collected at [undefined]

--- Frame 12 ---
  [Speak] XDB (鎴戞柟) said: "鎴戝緱鍒? 鎴?1 鏁?0" at [2,4]
  [Tank Turn] XDB (鎴戞柟) turned relative direction "left"
  [Tank Turn] ByteStorm (鏁屾柟) turned relative direction "left"

--- Frame 13 ---
  [Tank Turn] XDB (鎴戞柟) turned relative direction "left"
  [Tank Move] ByteStorm (鏁屾柟) moved to [13,13] (reverse: false)

--- Frame 14 ---
  [Tank Move] XDB (鎴戞柟) moved to [3,4] (reverse: false)
  [Tank Move] ByteStorm (鏁屾柟) moved to [12,13] (reverse: false)

--- Frame 15 ---
  [Tank Move] XDB (鎴戞柟) moved to [4,4] (reverse: false)
  [Tank Turn] ByteStorm (鏁屾柟) turned relative direction "left"

--- Frame 16 ---
  [Tank Turn] XDB (鎴戞柟) turned relative direction "left"
  [Tank Turn] ByteStorm (鏁屾柟) turned relative direction "left"

--- Frame 17 ---
  [Tank Turn] XDB (鎴戞柟) turned relative direction "left"
  [Tank Move] ByteStorm (鏁屾柟) moved to [13,13] (reverse: false)

--- Frame 18 ---
  [Tank Move] XDB (鎴戞柟) moved to [3,4] (reverse: false)
  [Tank Move] ByteStorm (鏁屾柟) moved to [14,13] (reverse: false)

--- Frame 19 ---
  [Tank Turn] XDB (鎴戞柟) turned relative direction "right"
  [Tank Turn] ByteStorm (鏁屾柟) turned relative direction "left"

--- Frame 20 ---
  [Tank Turn] XDB (鎴戞柟) turned relative direction "right"
  [Tank Move] ByteStorm (鏁屾柟) moved to [14,12] (reverse: false)

--- Frame 21 ---
  [Star Event] created at [12,3]
  [Tank Move] XDB (鎴戞柟) moved to [4,4] (reverse: false)
  [Tank Move] ByteStorm (鏁屾柟) moved to [14,11] (reverse: false)

--- Frame 22 ---
  [Other Event] type=skill action=cast actor=0 pos=undefined
  [Other Event] type=skill action=applied actor=0 pos=undefined
  [Tank Move] ByteStorm (鏁屾柟) moved to [14,10] (reverse: false)

--- Frame 23 ---
  [Speak] XDB (鎴戞柟) said: "浼犻€佸欢杩熺瓑寰? at [11,3]
  [Tank Turn] ByteStorm (鏁屾柟) turned relative direction "right"

--- Frame 24 ---
  [Tank Move] XDB (鎴戞柟) moved to [12,3] (reverse: false)
  [Tank Move] ByteStorm (鏁屾柟) moved to [15,10] (reverse: false)
  [Star Event] collected at [undefined]

--- Frame 25 ---
  [Speak] XDB (鎴戞柟) said: "鎴戝緱鍒? 鎴?2 鏁?0" at [12,3]
  [Tank Move] XDB (鎴戞柟) moved to [13,3] (reverse: false)
  [Tank Move] ByteStorm (鏁屾柟) moved to [16,10] (reverse: false)

--- Frame 26 ---
  [Tank Move] XDB (鎴戞柟) moved to [14,3] (reverse: false)
  [Tank Turn] ByteStorm (鏁屾柟) turned relative direction "left"

--- Frame 27 ---
  [Tank Turn] XDB (鎴戞柟) turned relative direction "right"
  [Tank Move] ByteStorm (鏁屾柟) moved to [16,9] (reverse: false)

--- Frame 28 ---
  [Tank Turn] XDB (鎴戞柟) turned relative direction "left"
  [Tank Move] ByteStorm (鏁屾柟) moved to [16,8] (reverse: false)

--- Frame 29 ---
  [Tank Turn] ByteStorm (鏁屾柟) turned relative direction "left"

--- Frame 30 ---
  [Tank Turn] XDB (鎴戞柟) turned relative direction "right"
  [Tank Move] ByteStorm (鏁屾柟) moved to [15,8] (reverse: false)

--- Frame 31 ---
  [Tank Turn] XDB (鎴戞柟) turned relative direction "right"
  [Tank Move] ByteStorm (鏁屾柟) moved to [14,8] (reverse: false)

--- Frame 32 ---
  [Tank Turn] XDB (鎴戞柟) turned relative direction "left"
  [Tank Move] ByteStorm (鏁屾柟) moved to [13,8] (reverse: false)

--- Frame 33 ---
  [Speak] XDB (鎴戞柟) said: "鍏辫酱閬垮脊" at [14,3]
  [Tank Turn] XDB (鎴戞柟) turned relative direction "left"
  [Tank Turn] ByteStorm (鏁屾柟) turned relative direction "right"

--- Frame 34 ---
  [Star Event] created at [17,10]
  [Tank Move] XDB (鎴戞柟) moved to [15,3] (reverse: false)
  [Tank Move] ByteStorm (鏁屾柟) moved to [13,7] (reverse: false)

--- Frame 35 ---
  [Tank Turn] ByteStorm (鏁屾柟) turned relative direction "right"

--- Frame 36 ---
  [Tank Turn] XDB (鎴戞柟) turned relative direction "right"
  [Tank Move] ByteStorm (鏁屾柟) moved to [14,7] (reverse: false)

--- Frame 37 ---
  [Tank Turn] XDB (鎴戞柟) turned relative direction "left"
  [Tank Turn] ByteStorm (鏁屾柟) turned relative direction "left"

--- Frame 38 ---
  [Speak] XDB (鎴戞柟) said: "骞界伒閬垮脊" at [15,3]
  [Tank Turn] XDB (鎴戞柟) turned relative direction "right"
  [Tank Move] ByteStorm (鏁屾柟) moved to [14,6] (reverse: false)

--- Frame 39 ---
  [Speak] XDB (鎴戞柟) said: "骞界伒閬垮脊" at [15,3]
  [Tank Turn] XDB (鎴戞柟) turned relative direction "right"
  [Other Event] type=skill action=cast actor=1 pos=undefined
  [Other Event] type=skill action=applied actor=1 pos=undefined

--- Frame 40 ---
  [Speak] XDB (鎴戞柟) said: "骞界伒閬垮脊" at [15,3]
  [Tank Move] XDB (鎴戞柟) moved to [14,3] (reverse: false)
  [Bullet Created] from actor 鏁屾柟 at [undefined] dir=up
  [Bullet Created] from actor 鏁屾柟 at [undefined] dir=up
  [Other Event] type=skill action=expired actor=1 pos=undefined
  [Bullet Action] go at [15,5]
  [Bullet Action] go at [15,4]
  [Bullet Action] go at [14,5]
  [Bullet Action] go at [14,4]

--- Frame 41 ---
  [Speak] XDB (鎴戞柟) said: "骞界伒閬垮脊" at [14,3]
  [Tank Move] XDB (鎴戞柟) moved to [13,3] (reverse: false)
  [Tank Turn] ByteStorm (鏁屾柟) turned relative direction "left"
  [Bullet Action] go at [15,3]
  [Bullet Action] go at [15,2]
  [Bullet Action] go at [14,3]
  [Bullet Action] go at [14,2]

--- Frame 42 ---
  [Tank Turn] ByteStorm (鏁屾柟) turned relative direction "left"
  [Bullet Action] go at [15,1]
  [Bullet Action] go at [15,0]
  [Bullet Crashed] at [undefined] due to undefined
  [Bullet Action] go at [14,1]
  [Bullet Action] go at [14,0]
  [Bullet Crashed] at [undefined] due to undefined

--- Frame 43 ---
  [Tank Turn] ByteStorm (鏁屾柟) turned relative direction "left"

--- Frame 44 ---
  [Tank Move] XDB (鎴戞柟) moved to [12,3] (reverse: false)
  [Tank Move] ByteStorm (鏁屾柟) moved to [15,6] (reverse: false)

--- Frame 45 ---
  [Tank Move] XDB (鎴戞柟) moved to [11,3] (reverse: false)
  [Tank Turn] ByteStorm (鏁屾柟) turned relative direction "left"

--- Frame 46 ---
  [Tank Move] XDB (鎴戞柟) moved to [10,3] (reverse: false)
  [Tank Turn] ByteStorm (鏁屾柟) turned relative direction "left"

--- Frame 47 ---
  [Tank Turn] XDB (鎴戞柟) turned relative direction "right"
  [Tank Move] ByteStorm (鏁屾柟) moved to [14,6] (reverse: false)

--- Frame 48 ---
  [Tank Turn] XDB (鎴戞柟) turned relative direction "right"
  [Tank Turn] ByteStorm (鏁屾柟) turned relative direction "right"

--- Frame 49 ---
  [Tank Turn] XDB (鎴戞柟) turned relative direction "left"
  [Tank Turn] ByteStorm (鏁屾柟) turned relative direction "right"

--- Frame 50 ---
  [Tank Move] XDB (鎴戞柟) moved to [10,2] (reverse: false)
  [Tank Turn] ByteStorm (鏁屾柟) turned relative direction "left"

--- Frame 51 ---
  [Tank Move] XDB (鎴戞柟) moved to [10,1] (reverse: false)
  [Tank Move] ByteStorm (鏁屾柟) moved to [14,5] (reverse: false)

--- Frame 52 ---
  [Tank Turn] XDB (鎴戞柟) turned relative direction "left"
  [Tank Move] ByteStorm (鏁屾柟) moved to [14,4] (reverse: false)

--- Frame 53 ---
  [Tank Move] XDB (鎴戞柟) moved to [9,1] (reverse: false)
  [Tank Move] ByteStorm (鏁屾柟) moved to [14,3] (reverse: false)

--- Frame 54 ---
  [Tank Move] XDB (鎴戞柟) moved to [8,1] (reverse: false)
  [Tank Turn] ByteStorm (鏁屾柟) turned relative direction "left"

--- Frame 55 ---
  [Tank Turn] XDB (鎴戞柟) turned relative direction "left"
  [Tank Turn] ByteStorm (鏁屾柟) turned relative direction "left"

--- Frame 56 ---
  [Tank Turn] XDB (鎴戞柟) turned relative direction "left"
  [Tank Move] ByteStorm (鏁屾柟) moved to [14,4] (reverse: false)

--- Frame 57 ---
  [Tank Move] XDB (鎴戞柟) moved to [9,1] (reverse: false)
  [Tank Move] ByteStorm (鏁屾柟) moved to [14,5] (reverse: false)

--- Frame 58 ---
  [Tank Move] XDB (鎴戞柟) moved to [10,1] (reverse: false)
  [Tank Move] ByteStorm (鏁屾柟) moved to [14,6] (reverse: false)

--- Frame 59 ---
  [Tank Move] XDB (鎴戞柟) moved to [11,1] (reverse: false)
  [Tank Move] ByteStorm (鏁屾柟) moved to [14,7] (reverse: false)

--- Frame 60 ---
  [Tank Move] XDB (鎴戞柟) moved to [12,1] (reverse: false)
  [Tank Turn] ByteStorm (鏁屾柟) turned relative direction "left"

--- Frame 61 ---
  [Tank Move] XDB (鎴戞柟) moved to [13,1] (reverse: false)
  [Tank Turn] ByteStorm (鏁屾柟) turned relative direction "left"

--- Frame 62 ---
  [Tank Turn] XDB (鎴戞柟) turned relative direction "right"
  [Tank Move] ByteStorm (鏁屾柟) moved to [14,6] (reverse: false)

--- Frame 63 ---
  [Other Event] type=skill action=cast actor=0 pos=undefined
  [Other Event] type=skill action=applied actor=0 pos=undefined
  [Tank Turn] ByteStorm (鏁屾柟) turned relative direction "left"

--- Frame 64 ---
  [Speak] XDB (鎴戞柟) said: "浼犻€佸欢杩熺瓑寰? at [17,9]
  [Tank Turn] XDB (鎴戞柟) turned relative direction "right"
  [Tank Turn] ByteStorm (鏁屾柟) turned relative direction "left"

--- Frame 65 ---
  [Tank Turn] XDB (鎴戞柟) turned relative direction "right"
  [Tank Turn] ByteStorm (鏁屾柟) turned relative direction "left"

--- Frame 66 ---
  [Tank Move] ByteStorm (鏁屾柟) moved to [15,6] (reverse: false)

--- Frame 67 ---
  [Tank Move] ByteStorm (鏁屾柟) moved to [16,6] (reverse: false)

--- Frame 68 ---

--- Frame 69 ---

--- Frame 70 ---

--- Frame 71 ---
  [Tank Turn] XDB (鎴戞柟) turned relative direction "left"

--- Frame 72 ---
  [Tank Turn] XDB (鎴戞柟) turned relative direction "left"
  [Tank Turn] ByteStorm (鏁屾柟) turned relative direction "right"

--- Frame 73 ---
  [Tank Move] XDB (鎴戞柟) moved to [17,10] (reverse: false)
  [Other Event] type=skill action=cast actor=1 pos=undefined
  [Other Event] type=skill action=applied actor=1 pos=undefined
  [Star Event] collected at [undefined]

--- Frame 74 ---
  [Speak] XDB (鎴戞柟) said: "鎴戝緱鍒? 鎴?3 鏁?0" at [17,10]
  [Tank Turn] XDB (鎴戞柟) turned relative direction "right"
  [Bullet Created] from actor 鏁屾柟 at [undefined] dir=down
  [Bullet Created] from actor 鏁屾柟 at [undefined] dir=down
  [Other Event] type=skill action=expired actor=1 pos=undefined
  [Bullet Action] go at [17,7]
  [Bullet Action] go at [17,8]
  [Bullet Action] go at [16,7]
  [Bullet Action] go at [16,8]

--- Frame 75 ---
  [Speak] XDB (鎴戞柟) said: "骞界伒閬垮脊" at [17,10]
  [Tank Move] XDB (鎴戞柟) moved to [16,10] (reverse: false)
  [Tank Move] ByteStorm (鏁屾柟) moved to [16,7] (reverse: false)
  [Bullet Action] go at [17,9]
  [Bullet Action] go at [17,10]
  [Bullet Action] go at [16,9]
  [Bullet Action] go at [16,10]
  [Bullet Crashed] at [undefined] due to undefined
  [Tank Action] XDB (鎴戞柟) did crashed at undefined
