Map Grid (Transposed for printing y downwards):
 0: x x x x x x x x x x x x x x x x x x x 
 1: x . . . . . x . . . . . . . . . . . x 
 2: x . . . . . . . . . . . . . . . . x x 
 3: x . . . . o . . . . . o . . x . . x x 
 4: x . . x x o x . . . . . . . . . o m x 
 5: x . . o o . . x . . . . . . . m . m x 
 6: x . . o . . . . . . . . . . . . . . x 
 7: x . . o . o o . . . . . o o . o . . x 
 8: x . . . . . . . . . . . . . . o . . x 
 9: x m . m . . . . . . . x . . o o . . x 
10: x m o . . . . . . . . . x o x x . . x 
11: x x . . x . . o . . . . . o . . . . x 
12: x x . . . . . . . . . . . . . . . . x 
13: x . . . . . . . . . . . x . . . . . x 
14: x x x x x x x x x x x x x x x x x x x 
    0 1 2 3 4 5 6 7 8 9 0 1 2 3 4 5 6 7 8 
Dynamic Identifications:
  Me ID: 807d0e77 (XDB (鎴戞柟))
  Enemy ID: 08538566 (楹荤摐鏉€鎵?(鏁屾柟))

Timeline of Events:

--- Frame 0 ---
  [Star Event] created at [5,11]

--- Frame 1 ---
  [Speak] XDB (鎴戞柟) said: "V12.85: 棰勫垽鑳屾潃" at [2,2]
  [Tank Turn] XDB (鎴戞柟) turned relative direction "left"
  [Other Event] type=skill action=cast actor=1 pos=undefined
  [Other Event] type=skill action=applied actor=1 pos=undefined

--- Frame 2 ---
  [Speak] XDB (鎴戞柟) said: "鏁屼紶鑷? [7,11]" at [2,2]
  [Tank Turn] XDB (鎴戞柟) turned relative direction "left"
  [Tank Turn] 楹荤摐鏉€鎵?(鏁屾柟) turned relative direction "right"

--- Frame 3 ---
  [Tank Move] XDB (鎴戞柟) moved to [2,3] (reverse: false)

--- Frame 4 ---
  [Tank Move] XDB (鎴戞柟) moved to [2,4] (reverse: false)

--- Frame 5 ---
  [Tank Move] XDB (鎴戞柟) moved to [2,5] (reverse: false)

--- Frame 6 ---
  [Tank Turn] XDB (鎴戞柟) turned relative direction "left"

--- Frame 7 ---
  [Tank Move] XDB (鎴戞柟) moved to [3,5] (reverse: false)

--- Frame 8 ---

--- Frame 9 ---

--- Frame 10 ---

--- Frame 11 ---

--- Frame 12 ---

--- Frame 13 ---

--- Frame 14 ---

--- Frame 15 ---

--- Frame 16 ---

--- Frame 17 ---

--- Frame 18 ---

--- Frame 19 ---

--- Frame 20 ---

--- Frame 21 ---

--- Frame 22 ---

--- Frame 23 ---

--- Frame 24 ---

--- Frame 25 ---

--- Frame 26 ---

--- Frame 27 ---

--- Frame 28 ---

--- Frame 29 ---

--- Frame 30 ---

--- Frame 31 ---

--- Frame 32 ---

--- Frame 33 ---

--- Frame 34 ---

--- Frame 35 ---

--- Frame 36 ---

--- Frame 37 ---

--- Frame 38 ---
  [Other Event] type=skill action=cast actor=0 pos=undefined
  [Other Event] type=skill action=applied actor=0 pos=undefined

--- Frame 39 ---
  [Speak] XDB (鎴戞柟) said: "浼犻€佸欢杩熻浆鍚? at [5,10]
  [Tank Turn] XDB (鎴戞柟) turned relative direction "right"

--- Frame 40 ---
  [Tank Move] XDB (鎴戞柟) moved to [5,11] (reverse: false)
  [Bullet Created] from actor 鏁屾柟 at [undefined] dir=left
  [Star Event] collected at [undefined]
  [Bullet Action] go at [6,11]
  [Bullet Action] go at [5,11]
  [Bullet Crashed] at [undefined] due to undefined
  [Tank Action] XDB (鎴戞柟) did crashed at undefined
