[Simulator] Downloading match data for mat_BUvLZ2ihXSUEFgBKe...
[Simulator] Downloaded and saved to scratch/

=================== Simulation Config ===================
  My Tank (XDB) ID : cbf80bb4 (Index: 0)
  Enemy (Meltdown) ID : 4a1c5126 (Index: 1)
=========================================================

--------------------------------------------------------------------------------
Frame 1 | Star: [5,3] | Map: classic
[State] XDB   : Pos=[2,1] Dir=up    | CD=0 | Status=[Normal]
        Meltdown : Pos=[16,13] Dir=down  | CD=0 | Status=[Normal] (Visible: true)
[Replay Actions]
  ⚔️ Meltdown: move to [16,13]
  🛡️ XDB   : move to [2,1]
[Local Simulation Evaluation]
  Chosen Target: {"action":"move","target":[5,3],"score":1795}
  Path NextStep: [3,1] -> Need Turn/Move Dir: right
  🤖 Local Code Action: turn("right")
  ⚠️ [Diverged] Local Code Action differs from Replay!
     -> Replay Action: move to [2,1]
     -> Local Code   : turn("right")
--------------------------------------------------------------------------------
Frame 2 | Star: [5,3] | Map: classic
[State] XDB   : Pos=[2,1] Dir=right | CD=0 | Status=[Normal]
        Meltdown : Pos=[16,13] Dir=down  | CD=0 | Status=[Normal] (Visible: false)
[Replay Actions]
  ⚔️ Meltdown: stay still
  🛡️ XDB   : turn right (now right)
[Local Simulation Evaluation]
  Chosen Target: {"action":"move","target":[5,3],"score":1795}
  Path NextStep: [3,1] -> Need Turn/Move Dir: right
  🤖 Local Code Action: go(1)
  ⚠️ [Diverged] Local Code Action differs from Replay!
     -> Replay Action: turn right (now right)
     -> Local Code   : go(1)
--------------------------------------------------------------------------------
Frame 3 | Star: [5,3] | Map: classic
[State] XDB   : Pos=[3,1] Dir=right | CD=0 | Status=[Normal]
        Meltdown : Pos=[16,13] Dir=left  | CD=0 | Status=[Normal] (Visible: false)
[Replay Actions]
  ⚔️ Meltdown: turn right (now left)
  🛡️ XDB   : move to [3,1]
[Local Simulation Evaluation]
  Chosen Target: {"action":"move","target":[5,3],"score":1796}
  Path NextStep: [4,1] -> Need Turn/Move Dir: right
  🤖 Local Code Action: go(1)
  ⚠️ [Diverged] Local Code Action differs from Replay!
     -> Replay Action: move to [3,1]
     -> Local Code   : go(1)
--------------------------------------------------------------------------------
Frame 4 | Star: [5,3] | Map: classic
[State] XDB   : Pos=[4,1] Dir=right | CD=0 | Status=[Normal]
        Meltdown : Pos=[15,13] Dir=left  | CD=0 | Status=[Normal] (Visible: false)
[Replay Actions]
  ⚔️ Meltdown: move to [15,13]
  🛡️ XDB   : move to [4,1]
[Local Simulation Evaluation]
  Chosen Target: {"action":"move","target":[5,3],"score":1797}
  Path NextStep: [5,1] -> Need Turn/Move Dir: right
  🤖 Local Code Action: go(1)
  ⚠️ [Diverged] Local Code Action differs from Replay!
     -> Replay Action: move to [4,1]
     -> Local Code   : go(1)
--------------------------------------------------------------------------------
Frame 5 | Star: [5,3] | Map: classic
[State] XDB   : Pos=[5,1] Dir=right | CD=0 | Status=[Normal]
        Meltdown : Pos=[14,13] Dir=left  | CD=0 | Status=[Normal] (Visible: true)
[Replay Actions]
  ⚔️ Meltdown: move to [14,13]
  🛡️ XDB   : move to [5,1]
[Local Simulation Evaluation]
  Chosen Target: {"action":"move","target":[5,3],"score":1798}
  Path NextStep: [5,2] -> Need Turn/Move Dir: down
  🤖 Local Code Action: turn("right")
  ⚠️ [Diverged] Local Code Action differs from Replay!
     -> Replay Action: move to [5,1]
     -> Local Code   : turn("right")
--------------------------------------------------------------------------------
Frame 6 | Star: [5,3] | Map: classic
[State] XDB   : Pos=[5,1] Dir=down  | CD=0 | Status=[Normal]
        Meltdown : Pos=[13,13] Dir=left  | CD=0 | Status=[Normal] (Visible: true)
[Replay Actions]
  ⚔️ Meltdown: move to [13,13]
  🛡️ XDB   : turn right (now down)
[Local Simulation Evaluation]
  Chosen Target: {"action":"move","target":[5,3],"score":1798}
  Path NextStep: [5,2] -> Need Turn/Move Dir: down
  🤖 Local Code Action: go(1)
  ⚠️ [Diverged] Local Code Action differs from Replay!
     -> Replay Action: turn right (now down)
     -> Local Code   : go(1)
--------------------------------------------------------------------------------
Frame 7 | Star: [5,3] | Map: classic
[State] XDB   : Pos=[5,2] Dir=down  | CD=0 | Status=[Normal]
        Meltdown : Pos=[12,13] Dir=left  | CD=0 | Status=[Normal] (Visible: true)
[Replay Actions]
  ⚔️ Meltdown: move to [12,13]
  🛡️ XDB   : move to [5,2]
[Local Simulation Evaluation]
  Chosen Target: {"action":"move","target":[5,3],"score":1799}
  Path NextStep: [5,3] -> Need Turn/Move Dir: down
  🤖 Local Code Action: go(1)
  ⚠️ [Diverged] Local Code Action differs from Replay!
     -> Replay Action: move to [5,2]
     -> Local Code   : go(1)
--------------------------------------------------------------------------------
Frame 8 | Star: null | Map: classic
[State] XDB   : Pos=[5,3] Dir=down  | CD=0 | Status=[Normal]
        Meltdown : Pos=[11,13] Dir=left  | CD=0 | Status=[Normal] (Visible: true)
[Replay Actions]
  ⚔️ Meltdown: move to [11,13]
  🛡️ XDB   : move to [5,3]
[Local Simulation Evaluation]
  Chosen Target: {"action":"move","target":[5,6],"score":770}
  Path NextStep: [5,4] -> Need Turn/Move Dir: down
  🤖 Local Code Action: go(1)
  ⚠️ [Diverged] Local Code Action differs from Replay!
     -> Replay Action: move to [5,3]
     -> Local Code   : go(1)
--------------------------------------------------------------------------------
Frame 9 | Star: null | Map: classic
[State] XDB   : Pos=[5,4] Dir=down  | CD=0 | Status=[Normal]
        Meltdown : Pos=[10,13] Dir=left  | CD=0 | Status=[Normal] (Visible: true)
[Replay Actions]
  ⚔️ Meltdown: move to [10,13]
  🛡️ XDB   : move to [5,4]
[Local Simulation Evaluation]
  Chosen Target: {"action":"move","target":[5,6],"score":780}
  Path NextStep: [4,4] -> Need Turn/Move Dir: left
  🤖 Local Code Action: turn("right")
  ⚠️ [Diverged] Local Code Action differs from Replay!
     -> Replay Action: move to [5,4]
     -> Local Code   : turn("right")
--------------------------------------------------------------------------------
Frame 10 | Star: null | Map: classic
[State] XDB   : Pos=[5,4] Dir=left  | CD=0 | Status=[Normal]
        Meltdown : Pos=[9,13] Dir=left  | CD=0 | Status=[Normal] (Visible: true)
[Replay Actions]
  ⚔️ Meltdown: move to [9,13]
  🛡️ XDB   : turn right (now left)
[Local Simulation Evaluation]
  Chosen Target: {"action":"move","target":[5,6],"score":780}
  Path NextStep: [4,4] -> Need Turn/Move Dir: left
  🤖 Local Code Action: go(1)
  ⚠️ [Diverged] Local Code Action differs from Replay!
     -> Replay Action: turn right (now left)
     -> Local Code   : go(1)
--------------------------------------------------------------------------------
Frame 11 | Star: null | Map: classic
[State] XDB   : Pos=[4,4] Dir=left  | CD=0 | Status=[Normal]
        Meltdown : Pos=[8,13] Dir=left  | CD=0 | Status=[Normal] (Visible: true)
[Replay Actions]
  ⚔️ Meltdown: move to [8,13]
  🛡️ XDB   : move to [4,4]
[Local Simulation Evaluation]
  Chosen Target: {"action":"move","target":[5,6],"score":770}
  Path NextStep: [3,4] -> Need Turn/Move Dir: left
  🤖 Local Code Action: go(1)
  ⚠️ [Diverged] Local Code Action differs from Replay!
     -> Replay Action: move to [4,4]
     -> Local Code   : go(1)
--------------------------------------------------------------------------------
Frame 12 | Star: null | Map: classic
[State] XDB   : Pos=[3,4] Dir=left  | CD=0 | Status=[Normal]
        Meltdown : Pos=[7,13] Dir=left  | CD=0 | Status=[Normal] (Visible: true)
[Replay Actions]
  ⚔️ Meltdown: move to [7,13]
  🛡️ XDB   : move to [3,4]
[Local Simulation Evaluation]
  Chosen Target: {"action":"move","target":[3,1],"score":770}
  Path NextStep: [4,4] -> Need Turn/Move Dir: right
  🤖 Local Code Action: turn("right")
  ⚠️ [Diverged] Local Code Action differs from Replay!
     -> Replay Action: move to [3,4]
     -> Local Code   : turn("right")
--------------------------------------------------------------------------------
Frame 13 | Star: null | Map: classic
[State] XDB   : Pos=[3,4] Dir=up    | CD=0 | Status=[Normal]
        Meltdown : Pos=[6,13] Dir=left  | CD=0 | Status=[Normal] (Visible: true)
[Replay Actions]
  ⚔️ Meltdown: move to [6,13]
  🛡️ XDB   : turn right (now up)
[Local Simulation Evaluation]
  Chosen Target: {"action":"move","target":[3,1],"score":770}
  Path NextStep: [4,4] -> Need Turn/Move Dir: right
  🤖 Local Code Action: turn("right")
  ⚠️ [Diverged] Local Code Action differs from Replay!
     -> Replay Action: turn right (now up)
     -> Local Code   : turn("right")
--------------------------------------------------------------------------------
Frame 14 | Star: null | Map: classic
[State] XDB   : Pos=[3,4] Dir=right | CD=0 | Status=[Normal]
        Meltdown : Pos=[5,13] Dir=left  | CD=0 | Status=[Normal] (Visible: true)
[Replay Actions]
  ⚔️ Meltdown: move to [5,13]
  🛡️ XDB   : turn right (now right)
[Local Simulation Evaluation]
  Chosen Target: {"action":"move","target":[3,1],"score":770}
  Path NextStep: [4,4] -> Need Turn/Move Dir: right
  🤖 Local Code Action: go(1)
  ⚠️ [Diverged] Local Code Action differs from Replay!
     -> Replay Action: turn right (now right)
     -> Local Code   : go(1)
--------------------------------------------------------------------------------
Frame 15 | Star: null | Map: classic
[State] XDB   : Pos=[4,4] Dir=right | CD=0 | Status=[Normal]
        Meltdown : Pos=[4,13] Dir=left  | CD=0 | Status=[Normal] (Visible: true)
[Replay Actions]
  ⚔️ Meltdown: move to [4,13]
  🛡️ XDB   : move to [4,4]
[Local Simulation Evaluation]
  Chosen Target: {"action":"move","target":[5,6],"score":770}
  Path NextStep: [5,4] -> Need Turn/Move Dir: right
  🤖 Local Code Action: go(1)
  ⚠️ [Diverged] Local Code Action differs from Replay!
     -> Replay Action: move to [4,4]
     -> Local Code   : go(1)
--------------------------------------------------------------------------------
Frame 16 | Star: null | Map: classic
[State] XDB   : Pos=[4,4] Dir=up    | CD=0 | Status=[Normal]
        Meltdown : Pos=[4,13] Dir=up    | CD=0 | Status=[Normal] (Visible: true)
[Replay Actions]
  ⚔️ Meltdown: turn right (now up)
  🛡️ XDB   : turn left (now up)
[Local Simulation Evaluation]
  Chosen Target: {"action":"move","target":[5,6],"score":770}
  Path NextStep: [4,3] -> Need Turn/Move Dir: up
  🤖 Local Code Action: go(1)
  ⚠️ [Diverged] Local Code Action differs from Replay!
     -> Replay Action: turn left (now up)
     -> Local Code   : go(1)
--------------------------------------------------------------------------------
Frame 17 | Star: null | Map: classic
[State] XDB   : Pos=[4,3] Dir=up    | CD=0 | Status=[Normal]
        Meltdown : Pos=[4,12] Dir=up    | CD=0 | Status=[Normal] (Visible: true)
[Replay Actions]
  ⚔️ Meltdown: move to [4,12]
  🛡️ XDB   : move to [4,3]
[Local Simulation Evaluation]
  Chosen Target: {"action":"move","target":[3,1],"score":770}
  Path NextStep: [4,2] -> Need Turn/Move Dir: up
  🤖 Local Code Action: go(1)
  ⚠️ [Diverged] Local Code Action differs from Replay!
     -> Replay Action: move to [4,3]
     -> Local Code   : go(1)
--------------------------------------------------------------------------------
Frame 18 | Star: [13,1] | Map: classic
[State] XDB   : Pos=[4,2] Dir=up    | CD=0 | Status=[Normal]
        Meltdown : Pos=[4,11] Dir=up    | CD=0 | Status=[Normal] (Visible: true)
[Replay Actions]
  ⚔️ Meltdown: move to [4,11]
  🛡️ XDB   : move to [4,2]
[Local Simulation Evaluation]
  Chosen Target: {"action":"teleport","target":[13,2],"score":1800}
  🤖 Local Code Action: teleport(13, 2)
  ⚠️ [Diverged] Local Code Action differs from Replay!
     -> Replay Action: move to [4,2]
     -> Local Code   : teleport(13, 2)
--------------------------------------------------------------------------------
Frame 19 | Star: [13,1] | Map: classic
[State] XDB   : Pos=[13,2] Dir=up    | CD=40 | Status=[fireLocked]
        Meltdown : Pos=[4,10] Dir=up    | CD=0 | Status=[Normal] (Visible: true)
[Replay Actions]
  ⚔️ Meltdown: move to [4,10]
  🛡️ XDB   : teleported to [13,2]
[Local Simulation Evaluation]
  Chosen Target: {"action":"move","target":[13,2],"score":1300}
  🤖 Local Code Action: speak("传送延迟等待") | speak("传送延迟等待")
  ⚠️ [Diverged] Local Code Action differs from Replay!
     -> Replay Action: teleported to [13,2]
     -> Local Code   : speak("传送延迟等待") | speak("传送延迟等待")
--------------------------------------------------------------------------------
Frame 20 | Star: [13,1] | Map: classic
[State] XDB   : Pos=[13,2] Dir=up    | CD=39 | Status=[fireLocked]
        Meltdown : Pos=[4,9] Dir=up    | CD=0 | Status=[Normal] (Visible: true)
[Replay Actions]
  ⚔️ Meltdown: move to [4,9]
  🛡️ XDB   : stay still
[Local Simulation Evaluation]
  Chosen Target: {"action":"move","target":[13,1],"score":1399}
  Path NextStep: [13,1] -> Need Turn/Move Dir: up
  🤖 Local Code Action: go(1)
  ⚠️ [Diverged] Local Code Action differs from Replay!
     -> Replay Action: stay still
     -> Local Code   : go(1)
--------------------------------------------------------------------------------
Frame 21 | Star: null | Map: classic
[State] XDB   : Pos=[13,1] Dir=up    | CD=38 | Status=[Normal]
        Meltdown : Pos=[4,8] Dir=up    | CD=0 | Status=[Normal] (Visible: true)
[Replay Actions]
  ⚔️ Meltdown: move to [4,8]
  🛡️ XDB   : move to [13,1]
[Local Simulation Evaluation]
  Chosen Target: {"action":"move","target":[13,6],"score":750}
  Path NextStep: [13,2] -> Need Turn/Move Dir: down
  🤖 Local Code Action: turn("right")
  ⚠️ [Diverged] Local Code Action differs from Replay!
     -> Replay Action: move to [13,1]
     -> Local Code   : turn("right")
--------------------------------------------------------------------------------
Frame 22 | Star: null | Map: classic
[State] XDB   : Pos=[13,1] Dir=right | CD=37 | Status=[Normal]
        Meltdown : Pos=[4,7] Dir=up    | CD=0 | Status=[Normal] (Visible: true)
[Replay Actions]
  ⚔️ Meltdown: move to [4,7]
  🛡️ XDB   : turn right (now right)
[Local Simulation Evaluation]
  Chosen Target: {"action":"move","target":[13,6],"score":750}
  Path NextStep: [14,1] -> Need Turn/Move Dir: right
  🤖 Local Code Action: go(1)
  ⚠️ [Diverged] Local Code Action differs from Replay!
     -> Replay Action: turn right (now right)
     -> Local Code   : go(1)
--------------------------------------------------------------------------------
Frame 23 | Star: null | Map: classic
[State] XDB   : Pos=[14,1] Dir=right | CD=36 | Status=[Normal]
        Meltdown : Pos=[4,6] Dir=up    | CD=0 | Status=[Normal] (Visible: true)
[Replay Actions]
  ⚔️ Meltdown: move to [4,6]
  🛡️ XDB   : move to [14,1]
[Local Simulation Evaluation]
  Chosen Target: {"action":"move","target":[13,6],"score":740}
  Path NextStep: [14,2] -> Need Turn/Move Dir: down
  🤖 Local Code Action: turn("right")
  ⚠️ [Diverged] Local Code Action differs from Replay!
     -> Replay Action: move to [14,1]
     -> Local Code   : turn("right")
--------------------------------------------------------------------------------
Frame 24 | Star: null | Map: classic
[State] XDB   : Pos=[14,1] Dir=down  | CD=35 | Status=[Normal]
        Meltdown : Pos=[4,6] Dir=right | CD=0 | Status=[Normal] (Visible: true)
[Replay Actions]
  ⚔️ Meltdown: turn right (now right)
  🛡️ XDB   : turn right (now down)
[Local Simulation Evaluation]
  Chosen Target: {"action":"move","target":[13,6],"score":740}
  Path NextStep: [14,2] -> Need Turn/Move Dir: down
  🤖 Local Code Action: go(1)
  ⚠️ [Diverged] Local Code Action differs from Replay!
     -> Replay Action: turn right (now down)
     -> Local Code   : go(1)
--------------------------------------------------------------------------------
Frame 25 | Star: null | Map: classic
[State] XDB   : Pos=[14,2] Dir=down  | CD=34 | Status=[Normal]
        Meltdown : Pos=[5,6] Dir=right | CD=0 | Status=[Normal] (Visible: false)
[Replay Actions]
  ⚔️ Meltdown: move to [5,6]
  🛡️ XDB   : move to [14,2]
[Local Simulation Evaluation]
  Chosen Target: {"action":"move","target":[13,6],"score":750}
  Path NextStep: [14,3] -> Need Turn/Move Dir: down
  🤖 Local Code Action: go(1)
  ⚠️ [Diverged] Local Code Action differs from Replay!
     -> Replay Action: move to [14,2]
     -> Local Code   : go(1)
--------------------------------------------------------------------------------
Frame 26 | Star: null | Map: classic
[State] XDB   : Pos=[14,3] Dir=down  | CD=33 | Status=[Normal]
        Meltdown : Pos=[5,6] Dir=right | CD=0 | Status=[Normal] (Visible: false)
[Replay Actions]
  ⚔️ Meltdown: stay still
  🛡️ XDB   : move to [14,3]
[Local Simulation Evaluation]
  Chosen Target: {"action":"move","target":[13,6],"score":760}
  Path NextStep: [14,4] -> Need Turn/Move Dir: down
  🤖 Local Code Action: go(1)
  ⚠️ [Diverged] Local Code Action differs from Replay!
     -> Replay Action: move to [14,3]
     -> Local Code   : go(1)
--------------------------------------------------------------------------------
Frame 27 | Star: null | Map: classic
[State] XDB   : Pos=[14,4] Dir=down  | CD=32 | Status=[Normal]
        Meltdown : Pos=[6,6] Dir=right | CD=0 | Status=[Normal] (Visible: false)
[Replay Actions]
  ⚔️ Meltdown: move to [6,6]
  🛡️ XDB   : move to [14,4]
[Local Simulation Evaluation]
  Chosen Target: {"action":"move","target":[13,6],"score":770}
  Path NextStep: [14,5] -> Need Turn/Move Dir: down
  🤖 Local Code Action: go(1)
  ⚠️ [Diverged] Local Code Action differs from Replay!
     -> Replay Action: move to [14,4]
     -> Local Code   : go(1)
--------------------------------------------------------------------------------
Frame 28 | Star: null | Map: classic
[State] XDB   : Pos=[14,5] Dir=down  | CD=31 | Status=[Normal]
        Meltdown : Pos=[6,6] Dir=down  | CD=0 | Status=[Normal] (Visible: false)
[Replay Actions]
  ⚔️ Meltdown: turn right (now down)
  🛡️ XDB   : move to [14,5]
[Local Simulation Evaluation]
  Chosen Target: {"action":"move","target":[13,6],"score":780}
  🤖 Local Code Action: stay still
  ⚠️ [Diverged] Local Code Action differs from Replay!
     -> Replay Action: move to [14,5]
     -> Local Code   : stay still
--------------------------------------------------------------------------------
Frame 29 | Star: null | Map: classic
[State] XDB   : Pos=[14,5] Dir=down  | CD=30 | Status=[Normal]
        Meltdown : Pos=[6,7] Dir=down  | CD=0 | Status=[Normal] (Visible: false)
[Replay Actions]
  ⚔️ Meltdown: move to [6,7]
  🛡️ XDB   : stay still
[Local Simulation Evaluation]
  Chosen Target: {"action":"move","target":[13,6],"score":780}
  🤖 Local Code Action: stay still
--------------------------------------------------------------------------------
Frame 30 | Star: null | Map: classic
[State] XDB   : Pos=[14,5] Dir=down  | CD=29 | Status=[Normal]
        Meltdown : Pos=[6,7] Dir=right | CD=0 | Status=[Normal] (Visible: false)
[Replay Actions]
  ⚔️ Meltdown: turn left (now right)
  🛡️ XDB   : stay still
[Local Simulation Evaluation]
  Chosen Target: {"action":"move","target":[13,6],"score":780}
  🤖 Local Code Action: stay still
--------------------------------------------------------------------------------
Frame 31 | Star: [5,4] | Map: classic
[State] XDB   : Pos=[14,5] Dir=down  | CD=28 | Status=[Normal]
        Meltdown : Pos=[7,7] Dir=right | CD=0 | Status=[Normal] (Visible: false)
[Replay Actions]
  ⚔️ Meltdown: move to [7,7]
  🛡️ XDB   : stay still
[Local Simulation Evaluation]
  Chosen Target: {"action":"move","target":[13,6],"score":780}
  🤖 Local Code Action: stay still
--------------------------------------------------------------------------------
Frame 32 | Star: [5,4] | Map: classic
[State] XDB   : Pos=[14,5] Dir=down  | CD=27 | Status=[Normal]
        Meltdown : Pos=[7,7] Dir=up    | CD=0 | Status=[Normal] (Visible: false)
[Replay Actions]
  ⚔️ Meltdown: turn left (now up)
  🛡️ XDB   : stay still
[Local Simulation Evaluation]
  Chosen Target: {"action":"move","target":[13,6],"score":780}
  🤖 Local Code Action: stay still
--------------------------------------------------------------------------------
Frame 33 | Star: [5,4] | Map: classic
[State] XDB   : Pos=[14,5] Dir=down  | CD=26 | Status=[Normal]
        Meltdown : Pos=[7,7] Dir=left  | CD=0 | Status=[Normal] (Visible: false)
[Replay Actions]
  ⚔️ Meltdown: turn left (now left)
  🛡️ XDB   : stay still
[Local Simulation Evaluation]
  Chosen Target: {"action":"move","target":[13,6],"score":780}
  🤖 Local Code Action: stay still
--------------------------------------------------------------------------------
Frame 34 | Star: [5,4] | Map: classic
[State] XDB   : Pos=[14,5] Dir=down  | CD=25 | Status=[Normal]
        Meltdown : Pos=[6,7] Dir=left  | CD=0 | Status=[Normal] (Visible: false)
[Replay Actions]
  ⚔️ Meltdown: move to [6,7]
  🛡️ XDB   : stay still
[Local Simulation Evaluation]
  Chosen Target: {"action":"move","target":[13,6],"score":780}
  🤖 Local Code Action: stay still
--------------------------------------------------------------------------------
Frame 35 | Star: [5,4] | Map: classic
[State] XDB   : Pos=[14,5] Dir=down  | CD=24 | Status=[Normal]
        Meltdown : Pos=[6,7] Dir=down  | CD=0 | Status=[Normal] (Visible: false)
[Replay Actions]
  ⚔️ Meltdown: turn left (now down)
  🛡️ XDB   : stay still
[Local Simulation Evaluation]
  Chosen Target: {"action":"move","target":[13,6],"score":780}
  🤖 Local Code Action: stay still
--------------------------------------------------------------------------------
Frame 36 | Star: [5,4] | Map: classic
[State] XDB   : Pos=[14,5] Dir=down  | CD=23 | Status=[Normal]
        Meltdown : Pos=[6,7] Dir=down  | CD=0 | Status=[Normal] (Visible: false)
[Replay Actions]
  ⚔️ Meltdown: stay still
  🛡️ XDB   : stay still
[Local Simulation Evaluation]
  Chosen Target: {"action":"move","target":[13,6],"score":780}
  🤖 Local Code Action: stay still
--------------------------------------------------------------------------------
Frame 37 | Star: [5,4] | Map: classic
[State] XDB   : Pos=[14,5] Dir=down  | CD=22 | Status=[Normal]
        Meltdown : Pos=[6,7] Dir=left  | CD=0 | Status=[Normal] (Visible: false)
[Replay Actions]
  ⚔️ Meltdown: turn right (now left)
  🛡️ XDB   : stay still
[Local Simulation Evaluation]
  Chosen Target: {"action":"move","target":[13,6],"score":780}
  🤖 Local Code Action: stay still
--------------------------------------------------------------------------------
Frame 38 | Star: [5,4] | Map: classic
[State] XDB   : Pos=[14,5] Dir=down  | CD=21 | Status=[Normal]
        Meltdown : Pos=[5,7] Dir=left  | CD=0 | Status=[Normal] (Visible: false)
[Replay Actions]
  ⚔️ Meltdown: move to [5,7]
  🛡️ XDB   : stay still
[Local Simulation Evaluation]
  Chosen Target: {"action":"move","target":[13,6],"score":780}
  🤖 Local Code Action: stay still
--------------------------------------------------------------------------------
Frame 39 | Star: [5,4] | Map: classic
[State] XDB   : Pos=[14,5] Dir=down  | CD=20 | Status=[Normal]
        Meltdown : Pos=[4,7] Dir=left  | CD=0 | Status=[Normal] (Visible: true)
[Replay Actions]
  ⚔️ Meltdown: move to [4,7]
  🛡️ XDB   : stay still
[Local Simulation Evaluation]
  Chosen Target: {"action":"move","target":[5,4],"score":1390}
  Path NextStep: [14,4] -> Need Turn/Move Dir: up
  🤖 Local Code Action: turn("left")
  ⚠️ [Diverged] Local Code Action differs from Replay!
     -> Replay Action: stay still
     -> Local Code   : turn("left")
--------------------------------------------------------------------------------
Frame 40 | Star: [5,4] | Map: classic
[State] XDB   : Pos=[14,5] Dir=right | CD=19 | Status=[Normal]
        Meltdown : Pos=[3,7] Dir=left  | CD=0 | Status=[Normal] (Visible: true)
[Replay Actions]
  ⚔️ Meltdown: move to [3,7]
  🛡️ XDB   : turn left (now right)
[Local Simulation Evaluation]
  Chosen Target: {"action":"move","target":[5,4],"score":1390}
  Path NextStep: [14,4] -> Need Turn/Move Dir: up
  🤖 Local Code Action: turn("left")
  ⚠️ [Diverged] Local Code Action differs from Replay!
     -> Replay Action: turn left (now right)
     -> Local Code   : turn("left")
--------------------------------------------------------------------------------
Frame 41 | Star: [5,4] | Map: classic
[State] XDB   : Pos=[14,5] Dir=up    | CD=18 | Status=[Normal]
        Meltdown : Pos=[3,7] Dir=up    | CD=0 | Status=[Normal] (Visible: true)
[Replay Actions]
  ⚔️ Meltdown: turn right (now up)
  🛡️ XDB   : turn left (now up)
[Local Simulation Evaluation]
  Chosen Target: {"action":"move","target":[5,4],"score":1390}
  Path NextStep: [14,4] -> Need Turn/Move Dir: up
  🤖 Local Code Action: go(1)
  ⚠️ [Diverged] Local Code Action differs from Replay!
     -> Replay Action: turn left (now up)
     -> Local Code   : go(1)
--------------------------------------------------------------------------------
Frame 42 | Star: [5,4] | Map: classic
[State] XDB   : Pos=[14,4] Dir=up    | CD=17 | Status=[Normal]
        Meltdown : Pos=[3,6] Dir=up    | CD=0 | Status=[Normal] (Visible: true)
[Replay Actions]
  ⚔️ Meltdown: move to [3,6]
  🛡️ XDB   : move to [14,4]
[Local Simulation Evaluation]
  Chosen Target: {"action":"move","target":[5,4],"score":1391}
  Path NextStep: [14,3] -> Need Turn/Move Dir: up
  🤖 Local Code Action: go(1)
  ⚠️ [Diverged] Local Code Action differs from Replay!
     -> Replay Action: move to [14,4]
     -> Local Code   : go(1)
--------------------------------------------------------------------------------
Frame 43 | Star: [5,4] | Map: classic
[State] XDB   : Pos=[14,3] Dir=up    | CD=16 | Status=[Normal]
        Meltdown : Pos=[3,6] Dir=left  | CD=0 | Status=[Normal] (Visible: true)
[Replay Actions]
  ⚔️ Meltdown: turn left (now left)
  🛡️ XDB   : move to [14,3]
[Local Simulation Evaluation]
  Chosen Target: {"action":"move","target":[5,4],"score":1390}
  Path NextStep: [14,2] -> Need Turn/Move Dir: up
  🤖 Local Code Action: go(1)
  ⚠️ [Diverged] Local Code Action differs from Replay!
     -> Replay Action: move to [14,3]
     -> Local Code   : go(1)
--------------------------------------------------------------------------------
Frame 44 | Star: [5,4] | Map: classic
[State] XDB   : Pos=[14,2] Dir=up    | CD=15 | Status=[Normal]
        Meltdown : Pos=[2,6] Dir=left  | CD=0 | Status=[Normal] (Visible: true)
[Replay Actions]
  ⚔️ Meltdown: move to [2,6]
  🛡️ XDB   : move to [14,2]
[Local Simulation Evaluation]
  Chosen Target: {"action":"move","target":[5,4],"score":1389}
  Path NextStep: [14,1] -> Need Turn/Move Dir: up
  🤖 Local Code Action: go(1)
  ⚠️ [Diverged] Local Code Action differs from Replay!
     -> Replay Action: move to [14,2]
     -> Local Code   : go(1)
--------------------------------------------------------------------------------
Frame 45 | Star: [5,4] | Map: classic
[State] XDB   : Pos=[14,1] Dir=up    | CD=14 | Status=[Normal]
        Meltdown : Pos=[2,6] Dir=up    | CD=0 | Status=[Normal] (Visible: true)
[Replay Actions]
  ⚔️ Meltdown: turn right (now up)
  🛡️ XDB   : move to [14,1]
[Local Simulation Evaluation]
  Chosen Target: {"action":"move","target":[5,4],"score":1388}
  Path NextStep: [13,1] -> Need Turn/Move Dir: left
  🤖 Local Code Action: turn("left")
  ⚠️ [Diverged] Local Code Action differs from Replay!
     -> Replay Action: move to [14,1]
     -> Local Code   : turn("left")
--------------------------------------------------------------------------------
Frame 46 | Star: [5,4] | Map: classic
[State] XDB   : Pos=[14,1] Dir=left  | CD=13 | Status=[Normal]
        Meltdown : Pos=[2,5] Dir=up    | CD=0 | Status=[Normal] (Visible: true)
[Replay Actions]
  ⚔️ Meltdown: move to [2,5]
  🛡️ XDB   : turn left (now left)
[Local Simulation Evaluation]
  Chosen Target: {"action":"move","target":[5,4],"score":1388}
  Path NextStep: [13,1] -> Need Turn/Move Dir: left
  🤖 Local Code Action: go(1)
  ⚠️ [Diverged] Local Code Action differs from Replay!
     -> Replay Action: turn left (now left)
     -> Local Code   : go(1)
--------------------------------------------------------------------------------
Frame 47 | Star: [5,4] | Map: classic
[State] XDB   : Pos=[13,1] Dir=left  | CD=12 | Status=[Normal]
        Meltdown : Pos=[2,4] Dir=up    | CD=0 | Status=[Normal] (Visible: true)
[Replay Actions]
  ⚔️ Meltdown: move to [2,4]
  🛡️ XDB   : move to [13,1]
[Local Simulation Evaluation]
  Chosen Target: {"action":"move","target":[13,6],"score":750}
  Path NextStep: [13,2] -> Need Turn/Move Dir: down
  🤖 Local Code Action: turn("left")
  ⚠️ [Diverged] Local Code Action differs from Replay!
     -> Replay Action: move to [13,1]
     -> Local Code   : turn("left")
--------------------------------------------------------------------------------
Frame 48 | Star: [5,4] | Map: classic
[State] XDB   : Pos=[13,1] Dir=down  | CD=11 | Status=[Normal]
        Meltdown : Pos=[2,4] Dir=right | CD=0 | Status=[Normal] (Visible: true)
[Replay Actions]
  ⚔️ Meltdown: turn right (now right)
  🛡️ XDB   : turn left (now down)
[Local Simulation Evaluation]
  Chosen Target: {"action":"move","target":[13,6],"score":750}
  Path NextStep: [13,2] -> Need Turn/Move Dir: down
  🤖 Local Code Action: go(1)
  ⚠️ [Diverged] Local Code Action differs from Replay!
     -> Replay Action: turn left (now down)
     -> Local Code   : go(1)
--------------------------------------------------------------------------------
Frame 49 | Star: [5,4] | Map: classic
[State] XDB   : Pos=[13,2] Dir=down  | CD=10 | Status=[Normal]
        Meltdown : Pos=[3,4] Dir=right | CD=0 | Status=[Normal] (Visible: true)
[Replay Actions]
  ⚔️ Meltdown: move to [3,4]
  🛡️ XDB   : move to [13,2]
[Local Simulation Evaluation]
  Chosen Target: {"action":"move","target":[13,6],"score":760}
  Path NextStep: [13,3] -> Need Turn/Move Dir: down
  🤖 Local Code Action: go(1)
  ⚠️ [Diverged] Local Code Action differs from Replay!
     -> Replay Action: move to [13,2]
     -> Local Code   : go(1)
--------------------------------------------------------------------------------
Frame 50 | Star: [5,4] | Map: classic
[State] XDB   : Pos=[13,3] Dir=down  | CD=9 | Status=[Normal]
        Meltdown : Pos=[4,4] Dir=right | CD=0 | Status=[Normal] (Visible: true)
[Replay Actions]
  ⚔️ Meltdown: move to [4,4]
  🛡️ XDB   : move to [13,3]
[Local Simulation Evaluation]
  Chosen Target: {"action":"move","target":[13,6],"score":770}
  Path NextStep: [13,4] -> Need Turn/Move Dir: down
  🤖 Local Code Action: go(1)
  ⚠️ [Diverged] Local Code Action differs from Replay!
     -> Replay Action: move to [13,3]
     -> Local Code   : go(1)
--------------------------------------------------------------------------------
Frame 51 | Star: null | Map: classic
[State] XDB   : Pos=[13,4] Dir=down  | CD=8 | Status=[Normal]
        Meltdown : Pos=[5,4] Dir=right | CD=0 | Status=[Normal] (Visible: true)
[Replay Actions]
  ⚔️ Meltdown: move to [5,4]
  🛡️ XDB   : move to [13,4]
[Local Simulation Evaluation]
  Chosen Target: {"action":"move","target":[13,6],"score":780}
  Path NextStep: [14,4] -> Need Turn/Move Dir: right
  🤖 Local Code Action: turn("left")
  ⚠️ [Diverged] Local Code Action differs from Replay!
     -> Replay Action: move to [13,4]
     -> Local Code   : turn("left")
--------------------------------------------------------------------------------
Frame 52 | Star: null | Map: classic
[State] XDB   : Pos=[13,4] Dir=right | CD=7 | Status=[Normal]
        Meltdown : Pos=[6,4] Dir=right | CD=0 | Status=[Normal] (Visible: true)
[Replay Actions]
  ⚔️ Meltdown: move to [6,4]
  🛡️ XDB   : turn left (now right)
[Local Simulation Evaluation]
  Chosen Target: {"action":"move","target":[13,6],"score":780}
  Path NextStep: [14,4] -> Need Turn/Move Dir: right
  🤖 Local Code Action: go(1)
  ⚠️ [Diverged] Local Code Action differs from Replay!
     -> Replay Action: turn left (now right)
     -> Local Code   : go(1)
--------------------------------------------------------------------------------
Frame 53 | Star: null | Map: classic
[State] XDB   : Pos=[14,4] Dir=right | CD=6 | Status=[Normal]
        Meltdown : Pos=[7,4] Dir=right | CD=0 | Status=[Normal] (Visible: true)
[Replay Actions]
  ⚔️ Meltdown: move to [7,4]
  🛡️ XDB   : move to [14,4]
[Local Simulation Evaluation]
  Chosen Target: {"action":"move","target":[13,6],"score":770}
  Path NextStep: [14,5] -> Need Turn/Move Dir: down
  🤖 Local Code Action: turn("right")
  ⚠️ [Diverged] Local Code Action differs from Replay!
     -> Replay Action: move to [14,4]
     -> Local Code   : turn("right")
--------------------------------------------------------------------------------
Frame 54 | Star: null | Map: classic
[State] XDB   : Pos=[14,4] Dir=down  | CD=5 | Status=[Normal]
        Meltdown : Pos=[8,4] Dir=right | CD=0 | Status=[Normal] (Visible: true)
[Replay Actions]
  ⚔️ Meltdown: move to [8,4]
  🛡️ XDB   : turn right (now down)
[Local Simulation Evaluation]
  Chosen Target: {"action":"move","target":[13,6],"score":770}
  Path NextStep: [14,5] -> Need Turn/Move Dir: down
  🤖 Local Code Action: go(1)
  ⚠️ [Diverged] Local Code Action differs from Replay!
     -> Replay Action: turn right (now down)
     -> Local Code   : go(1)
--------------------------------------------------------------------------------
Frame 55 | Star: null | Map: classic
[State] XDB   : Pos=[14,5] Dir=down  | CD=4 | Status=[Normal]
        Meltdown : Pos=[8,4] Dir=up    | CD=0 | Status=[Normal] (Visible: true)
[Replay Actions]
  ⚔️ Meltdown: turn left (now up)
  🛡️ XDB   : move to [14,5]
[Local Simulation Evaluation]
  Chosen Target: {"action":"move","target":[13,6],"score":780}
  Path NextStep: [14,6] -> Need Turn/Move Dir: down
  🤖 Local Code Action: go(1)
  ⚠️ [Diverged] Local Code Action differs from Replay!
     -> Replay Action: move to [14,5]
     -> Local Code   : go(1)
--------------------------------------------------------------------------------
Frame 56 | Star: null | Map: classic
[State] XDB   : Pos=[14,6] Dir=down  | CD=3 | Status=[Normal]
        Meltdown : Pos=[8,3] Dir=up    | CD=0 | Status=[Normal] (Visible: true)
[Replay Actions]
  ⚔️ Meltdown: move to [8,3]
  🛡️ XDB   : move to [14,6]
[Local Simulation Evaluation]
  Chosen Target: {"action":"move","target":[13,6],"score":790}
  Path NextStep: [13,6] -> Need Turn/Move Dir: left
  🤖 Local Code Action: turn("right")
  ⚠️ [Diverged] Local Code Action differs from Replay!
     -> Replay Action: move to [14,6]
     -> Local Code   : turn("right")
--------------------------------------------------------------------------------
Frame 57 | Star: null | Map: classic
[State] XDB   : Pos=[14,6] Dir=left  | CD=2 | Status=[Normal]
        Meltdown : Pos=[8,2] Dir=up    | CD=0 | Status=[Normal] (Visible: true)
[Replay Actions]
  ⚔️ Meltdown: move to [8,2]
  🛡️ XDB   : turn right (now left)
[Local Simulation Evaluation]
  Chosen Target: {"action":"move","target":[13,6],"score":790}
  Path NextStep: [13,6] -> Need Turn/Move Dir: left
  🤖 Local Code Action: go(1)
  ⚠️ [Diverged] Local Code Action differs from Replay!
     -> Replay Action: turn right (now left)
     -> Local Code   : go(1)
--------------------------------------------------------------------------------
Frame 58 | Star: null | Map: classic
[State] XDB   : Pos=[13,6] Dir=left  | CD=1 | Status=[Normal]
        Meltdown : Pos=[8,1] Dir=up    | CD=0 | Status=[Normal] (Visible: true)
[Replay Actions]
  ⚔️ Meltdown: move to [8,1]
  🛡️ XDB   : move to [13,6]
[Local Simulation Evaluation]
  Chosen Target: {"action":"move","target":[13,6],"score":300}
  🤖 Local Code Action: stay still
  ⚠️ [Diverged] Local Code Action differs from Replay!
     -> Replay Action: move to [13,6]
     -> Local Code   : stay still
--------------------------------------------------------------------------------
Frame 59 | Star: null | Map: classic
[State] XDB   : Pos=[13,6] Dir=left  | CD=0 | Status=[Normal]
        Meltdown : Pos=[8,1] Dir=right | CD=0 | Status=[Normal] (Visible: true)
[Replay Actions]
  ⚔️ Meltdown: turn right (now right)
  🛡️ XDB   : stay still
[Local Simulation Evaluation]
  Chosen Target: {"action":"move","target":[13,6],"score":300}
  🤖 Local Code Action: stay still
--------------------------------------------------------------------------------
Frame 60 | Star: null | Map: classic
[State] XDB   : Pos=[13,6] Dir=left  | CD=0 | Status=[Normal]
        Meltdown : Pos=[9,1] Dir=right | CD=0 | Status=[Normal] (Visible: true)
[Replay Actions]
  ⚔️ Meltdown: move to [9,1]
  🛡️ XDB   : stay still
[Local Simulation Evaluation]
  Chosen Target: {"action":"move","target":[13,6],"score":300}
  🤖 Local Code Action: stay still
--------------------------------------------------------------------------------
Frame 61 | Star: [2,11] | Map: classic
[State] XDB   : Pos=[13,6] Dir=left  | CD=0 | Status=[Normal]
        Meltdown : Pos=[10,1] Dir=right | CD=0 | Status=[Normal] (Visible: true)
[Replay Actions]
  ⚔️ Meltdown: move to [10,1]
  🛡️ XDB   : stay still
[Local Simulation Evaluation]
  Chosen Target: {"action":"teleport","target":[3,11],"score":1800}
  🤖 Local Code Action: teleport(3, 11)
  ⚠️ [Diverged] Local Code Action differs from Replay!
     -> Replay Action: stay still
     -> Local Code   : teleport(3, 11)
--------------------------------------------------------------------------------
Frame 62 | Star: [2,11] | Map: classic
[State] XDB   : Pos=[3,11] Dir=left  | CD=40 | Status=[fireLocked]
        Meltdown : Pos=[11,1] Dir=right | CD=0 | Status=[Normal] (Visible: true)
[Replay Actions]
  ⚔️ Meltdown: move to [11,1]
  🛡️ XDB   : teleported to [3,11]
[Local Simulation Evaluation]
  Chosen Target: {"action":"move","target":[3,11],"score":1300}
  🤖 Local Code Action: speak("传送延迟等待") | speak("传送延迟等待")
  ⚠️ [Diverged] Local Code Action differs from Replay!
     -> Replay Action: teleported to [3,11]
     -> Local Code   : speak("传送延迟等待") | speak("传送延迟等待")
--------------------------------------------------------------------------------
Frame 63 | Star: [2,11] | Map: classic
[State] XDB   : Pos=[3,11] Dir=left  | CD=39 | Status=[fireLocked]
        Meltdown : Pos=[11,1] Dir=up    | CD=0 | Status=[Normal] (Visible: true)
[Replay Actions]
  ⚔️ Meltdown: turn left (now up)
  🛡️ XDB   : stay still
[Local Simulation Evaluation]
  Chosen Target: {"action":"move","target":[2,11],"score":1399}
  Path NextStep: [2,11] -> Need Turn/Move Dir: left
  🤖 Local Code Action: go(1)
  ⚠️ [Diverged] Local Code Action differs from Replay!
     -> Replay Action: stay still
     -> Local Code   : go(1)
--------------------------------------------------------------------------------
Frame 64 | Star: null | Map: classic
[State] XDB   : Pos=[2,11] Dir=left  | CD=38 | Status=[Normal]
        Meltdown : Pos=[11,1] Dir=left  | CD=0 | Status=[Normal] (Visible: true)
[Replay Actions]
  ⚔️ Meltdown: turn left (now left)
  🛡️ XDB   : move to [2,11]
[Local Simulation Evaluation]
  Chosen Target: {"action":"move","target":[5,8],"score":740}
  Path NextStep: [2,10] -> Need Turn/Move Dir: up
  🤖 Local Code Action: turn("right")
  ⚠️ [Diverged] Local Code Action differs from Replay!
     -> Replay Action: move to [2,11]
     -> Local Code   : turn("right")
--------------------------------------------------------------------------------
Frame 65 | Star: null | Map: classic
[State] XDB   : Pos=[2,11] Dir=up    | CD=37 | Status=[Normal]
        Meltdown : Pos=[10,1] Dir=left  | CD=0 | Status=[Normal] (Visible: true)
[Replay Actions]
  ⚔️ Meltdown: move to [10,1]
  🛡️ XDB   : turn right (now up)
[Local Simulation Evaluation]
  Chosen Target: {"action":"move","target":[5,8],"score":740}
  Path NextStep: [2,10] -> Need Turn/Move Dir: up
  🤖 Local Code Action: go(1)
  ⚠️ [Diverged] Local Code Action differs from Replay!
     -> Replay Action: turn right (now up)
     -> Local Code   : go(1)
--------------------------------------------------------------------------------
Frame 66 | Star: null | Map: classic
[State] XDB   : Pos=[2,10] Dir=up    | CD=36 | Status=[Normal]
        Meltdown : Pos=[10,1] Dir=down  | CD=0 | Status=[Normal] (Visible: true)
[Replay Actions]
  ⚔️ Meltdown: turn left (now down)
  🛡️ XDB   : move to [2,10]
[Local Simulation Evaluation]
  Chosen Target: {"action":"move","target":[5,8],"score":750}
  Path NextStep: [2,9] -> Need Turn/Move Dir: up
  🤖 Local Code Action: go(1)
  ⚠️ [Diverged] Local Code Action differs from Replay!
     -> Replay Action: move to [2,10]
     -> Local Code   : go(1)
--------------------------------------------------------------------------------
Frame 67 | Star: null | Map: classic
[State] XDB   : Pos=[2,9] Dir=up    | CD=35 | Status=[Normal]
        Meltdown : Pos=[10,2] Dir=down  | CD=0 | Status=[Normal] (Visible: true)
[Replay Actions]
  ⚔️ Meltdown: move to [10,2]
  🛡️ XDB   : move to [2,9]
[Local Simulation Evaluation]
  Chosen Target: {"action":"move","target":[5,8],"score":760}
  Path NextStep: [2,8] -> Need Turn/Move Dir: up
  🤖 Local Code Action: go(1)
  ⚠️ [Diverged] Local Code Action differs from Replay!
     -> Replay Action: move to [2,9]
     -> Local Code   : go(1)
--------------------------------------------------------------------------------
Frame 68 | Star: null | Map: classic
[State] XDB   : Pos=[2,8] Dir=up    | CD=34 | Status=[Normal]
        Meltdown : Pos=[10,3] Dir=down  | CD=0 | Status=[Normal] (Visible: true)
[Replay Actions]
  ⚔️ Meltdown: move to [10,3]
  🛡️ XDB   : move to [2,8]
[Local Simulation Evaluation]
  Chosen Target: {"action":"move","target":[5,8],"score":770}
  Path NextStep: [3,8] -> Need Turn/Move Dir: right
  🤖 Local Code Action: turn("right")
  ⚠️ [Diverged] Local Code Action differs from Replay!
     -> Replay Action: move to [2,8]
     -> Local Code   : turn("right")
--------------------------------------------------------------------------------
Frame 69 | Star: null | Map: classic
[State] XDB   : Pos=[2,8] Dir=right | CD=33 | Status=[Normal]
        Meltdown : Pos=[10,4] Dir=down  | CD=0 | Status=[Normal] (Visible: true)
[Replay Actions]
  ⚔️ Meltdown: move to [10,4]
  🛡️ XDB   : turn right (now right)
[Local Simulation Evaluation]
  Chosen Target: {"action":"move","target":[5,8],"score":770}
  Path NextStep: [3,8] -> Need Turn/Move Dir: right
  🤖 Local Code Action: go(1)
  ⚠️ [Diverged] Local Code Action differs from Replay!
     -> Replay Action: turn right (now right)
     -> Local Code   : go(1)
--------------------------------------------------------------------------------
Frame 70 | Star: null | Map: classic
[State] XDB   : Pos=[3,8] Dir=right | CD=32 | Status=[Normal]
        Meltdown : Pos=[10,4] Dir=right | CD=0 | Status=[Normal] (Visible: true)
[Replay Actions]
  ⚔️ Meltdown: turn left (now right)
  🛡️ XDB   : move to [3,8]
[Local Simulation Evaluation]
  Chosen Target: {"action":"move","target":[5,8],"score":780}
  Path NextStep: [4,8] -> Need Turn/Move Dir: right
  🤖 Local Code Action: go(1)
  ⚠️ [Diverged] Local Code Action differs from Replay!
     -> Replay Action: move to [3,8]
     -> Local Code   : go(1)
--------------------------------------------------------------------------------
Frame 71 | Star: null | Map: classic
[State] XDB   : Pos=[4,8] Dir=right | CD=31 | Status=[Normal]
        Meltdown : Pos=[11,4] Dir=right | CD=0 | Status=[Normal] (Visible: true)
[Replay Actions]
  ⚔️ Meltdown: move to [11,4]
  🛡️ XDB   : move to [4,8]
[Local Simulation Evaluation]
  Chosen Target: {"action":"move","target":[5,8],"score":790}
  Path NextStep: [5,8] -> Need Turn/Move Dir: right
  🤖 Local Code Action: go(1)
  ⚠️ [Diverged] Local Code Action differs from Replay!
     -> Replay Action: move to [4,8]
     -> Local Code   : go(1)
--------------------------------------------------------------------------------
Frame 72 | Star: null | Map: classic
[State] XDB   : Pos=[5,8] Dir=right | CD=30 | Status=[Normal]
        Meltdown : Pos=[11,4] Dir=up    | CD=0 | Status=[Normal] (Visible: true)
[Replay Actions]
  ⚔️ Meltdown: turn left (now up)
  🛡️ XDB   : move to [5,8]
[Local Simulation Evaluation]
  Chosen Target: {"action":"move","target":[5,8],"score":300}
  🤖 Local Code Action: stay still
  ⚠️ [Diverged] Local Code Action differs from Replay!
     -> Replay Action: move to [5,8]
     -> Local Code   : stay still
--------------------------------------------------------------------------------
Frame 73 | Star: null | Map: classic
[State] XDB   : Pos=[5,8] Dir=right | CD=29 | Status=[Normal]
        Meltdown : Pos=[11,3] Dir=up    | CD=0 | Status=[Normal] (Visible: true)
[Replay Actions]
  ⚔️ Meltdown: move to [11,3]
  🛡️ XDB   : stay still
[Local Simulation Evaluation]
  Chosen Target: {"action":"move","target":[5,8],"score":300}
  🤖 Local Code Action: stay still
--------------------------------------------------------------------------------
Frame 74 | Star: [14,7] | Map: classic
[State] XDB   : Pos=[5,8] Dir=right | CD=28 | Status=[Normal]
        Meltdown : Pos=[11,2] Dir=up    | CD=0 | Status=[Normal] (Visible: true)
[Replay Actions]
  ⚔️ Meltdown: move to [11,2]
  🛡️ XDB   : stay still
[Local Simulation Evaluation]
  Chosen Target: {"action":"move","target":[14,7],"score":1390}
  Path NextStep: [6,8] -> Need Turn/Move Dir: right
  🤖 Local Code Action: go(1)
  ⚠️ [Diverged] Local Code Action differs from Replay!
     -> Replay Action: stay still
     -> Local Code   : go(1)
--------------------------------------------------------------------------------
Frame 75 | Star: [14,7] | Map: classic
[State] XDB   : Pos=[6,8] Dir=right | CD=27 | Status=[Normal]
        Meltdown : Pos=[11,2] Dir=right | CD=0 | Status=[Normal] (Visible: true)
[Replay Actions]
  ⚔️ Meltdown: turn right (now right)
  🛡️ XDB   : move to [6,8]
[Local Simulation Evaluation]
  Chosen Target: {"action":"move","target":[14,7],"score":1391}
  Path NextStep: [7,8] -> Need Turn/Move Dir: right
  🤖 Local Code Action: go(1)
  ⚠️ [Diverged] Local Code Action differs from Replay!
     -> Replay Action: move to [6,8]
     -> Local Code   : go(1)
--------------------------------------------------------------------------------
Frame 76 | Star: [14,7] | Map: classic
[State] XDB   : Pos=[7,8] Dir=right | CD=26 | Status=[Normal]
        Meltdown : Pos=[12,2] Dir=right | CD=0 | Status=[Normal] (Visible: true)
[Replay Actions]
  ⚔️ Meltdown: move to [12,2]
  🛡️ XDB   : move to [7,8]
[Local Simulation Evaluation]
  Chosen Target: {"action":"move","target":[14,7],"score":1392}
  Path NextStep: [8,8] -> Need Turn/Move Dir: right
  🤖 Local Code Action: go(1)
  ⚠️ [Diverged] Local Code Action differs from Replay!
     -> Replay Action: move to [7,8]
     -> Local Code   : go(1)
--------------------------------------------------------------------------------
Frame 77 | Star: [14,7] | Map: classic
[State] XDB   : Pos=[8,8] Dir=right | CD=25 | Status=[Normal]
        Meltdown : Pos=[12,2] Dir=down  | CD=0 | Status=[Normal] (Visible: true)
[Replay Actions]
  ⚔️ Meltdown: turn right (now down)
  🛡️ XDB   : move to [8,8]
[Local Simulation Evaluation]
  Chosen Target: {"action":"move","target":[14,7],"score":1393}
  Path NextStep: [9,8] -> Need Turn/Move Dir: right
  🤖 Local Code Action: go(1)
  ⚠️ [Diverged] Local Code Action differs from Replay!
     -> Replay Action: move to [8,8]
     -> Local Code   : go(1)
--------------------------------------------------------------------------------
Frame 78 | Star: [14,7] | Map: classic
[State] XDB   : Pos=[9,8] Dir=right | CD=24 | Status=[Normal]
        Meltdown : Pos=[12,3] Dir=down  | CD=0 | Status=[Normal] (Visible: true)
[Replay Actions]
  ⚔️ Meltdown: move to [12,3]
  🛡️ XDB   : move to [9,8]
[Local Simulation Evaluation]
  Chosen Target: {"action":"move","target":[14,7],"score":1394}
  Path NextStep: [8,8] -> Need Turn/Move Dir: left
  🤖 Local Code Action: turn("right")
  ⚠️ [Diverged] Local Code Action differs from Replay!
     -> Replay Action: move to [9,8]
     -> Local Code   : turn("right")
--------------------------------------------------------------------------------
Frame 79 | Star: [14,7] | Map: classic
[State] XDB   : Pos=[9,8] Dir=down  | CD=23 | Status=[Normal]
        Meltdown : Pos=[12,4] Dir=down  | CD=0 | Status=[Normal] (Visible: true)
[Replay Actions]
  ⚔️ Meltdown: move to [12,4]
  🛡️ XDB   : turn right (now down)
[Local Simulation Evaluation]
  Chosen Target: {"action":"move","target":[14,7],"score":1394}
  Path NextStep: [8,8] -> Need Turn/Move Dir: left
  🤖 Local Code Action: turn("right")
  ⚠️ [Diverged] Local Code Action differs from Replay!
     -> Replay Action: turn right (now down)
     -> Local Code   : turn("right")
--------------------------------------------------------------------------------
Frame 80 | Star: [14,7] | Map: classic
[State] XDB   : Pos=[9,8] Dir=left  | CD=22 | Status=[Normal]
        Meltdown : Pos=[12,4] Dir=right | CD=0 | Status=[Normal] (Visible: true)
[Replay Actions]
  ⚔️ Meltdown: turn left (now right)
  🛡️ XDB   : turn right (now left)
[Local Simulation Evaluation]
  Chosen Target: {"action":"move","target":[14,7],"score":794}
  Path NextStep: [8,8] -> Need Turn/Move Dir: left
  🤖 Local Code Action: go(1)
  ⚠️ [Diverged] Local Code Action differs from Replay!
     -> Replay Action: turn right (now left)
     -> Local Code   : go(1)
--------------------------------------------------------------------------------
Frame 81 | Star: [14,7] | Map: classic
[State] XDB   : Pos=[8,8] Dir=left  | CD=21 | Status=[Normal]
        Meltdown : Pos=[13,4] Dir=right | CD=0 | Status=[Normal] (Visible: true)
[Replay Actions]
  ⚔️ Meltdown: move to [13,4]
  🛡️ XDB   : move to [8,8]
[Local Simulation Evaluation]
  Chosen Target: {"action":"move","target":[14,7],"score":793}
  Path NextStep: [7,8] -> Need Turn/Move Dir: left
  🤖 Local Code Action: go(1)
  ⚠️ [Diverged] Local Code Action differs from Replay!
     -> Replay Action: move to [8,8]
     -> Local Code   : go(1)
--------------------------------------------------------------------------------
Frame 82 | Star: [14,7] | Map: classic
[State] XDB   : Pos=[7,8] Dir=left  | CD=20 | Status=[Normal]
        Meltdown : Pos=[14,4] Dir=right | CD=0 | Status=[Normal] (Visible: true)
[Replay Actions]
  ⚔️ Meltdown: move to [14,4]
  🛡️ XDB   : move to [7,8]
[Local Simulation Evaluation]
  Chosen Target: {"action":"move","target":[7,8],"score":300}
  🤖 Local Code Action: stay still
  ⚠️ [Diverged] Local Code Action differs from Replay!
     -> Replay Action: move to [7,8]
     -> Local Code   : stay still
--------------------------------------------------------------------------------
Frame 83 | Star: [14,7] | Map: classic
[State] XDB   : Pos=[7,8] Dir=left  | CD=19 | Status=[Normal]
        Meltdown : Pos=[14,4] Dir=down  | CD=0 | Status=[Normal] (Visible: true)
[Replay Actions]
  ⚔️ Meltdown: turn right (now down)
  🛡️ XDB   : stay still
[Local Simulation Evaluation]
  Chosen Target: {"action":"move","target":[7,8],"score":300}
  🤖 Local Code Action: stay still
--------------------------------------------------------------------------------
Frame 84 | Star: [14,7] | Map: classic
[State] XDB   : Pos=[7,8] Dir=left  | CD=18 | Status=[Normal]
        Meltdown : Pos=[14,5] Dir=down  | CD=0 | Status=[Normal] (Visible: true)
[Replay Actions]
  ⚔️ Meltdown: move to [14,5]
  🛡️ XDB   : stay still
[Local Simulation Evaluation]
  Chosen Target: {"action":"move","target":[7,8],"score":300}
  🤖 Local Code Action: stay still
--------------------------------------------------------------------------------
Frame 85 | Star: [14,7] | Map: classic
[State] XDB   : Pos=[7,8] Dir=left  | CD=17 | Status=[Normal]
        Meltdown : Pos=[14,6] Dir=down  | CD=0 | Status=[Normal] (Visible: true)
[Replay Actions]
  ⚔️ Meltdown: move to [14,6]
  🛡️ XDB   : stay still
[Local Simulation Evaluation]
  Chosen Target: {"action":"move","target":[7,8],"score":300}
  🤖 Local Code Action: stay still
--------------------------------------------------------------------------------
Frame 86 | Star: null | Map: classic
[State] XDB   : Pos=[7,8] Dir=left  | CD=16 | Status=[Normal]
        Meltdown : Pos=[14,7] Dir=down  | CD=0 | Status=[Normal] (Visible: true)
[Replay Actions]
  ⚔️ Meltdown: move to [14,7]
  🛡️ XDB   : stay still
[Local Simulation Evaluation]
  Chosen Target: {"action":"move","target":[7,8],"score":300}
  🤖 Local Code Action: stay still
--------------------------------------------------------------------------------
Frame 87 | Star: null | Map: classic
[State] XDB   : Pos=[7,8] Dir=left  | CD=15 | Status=[Normal]
        Meltdown : Pos=[14,8] Dir=down  | CD=0 | Status=[Normal] (Visible: true)
[Replay Actions]
  ⚔️ Meltdown: move to [14,8]
  🛡️ XDB   : stay still
[Local Simulation Evaluation]
  Chosen Target: {"action":"move","target":[7,8],"score":300}
  🤖 Local Code Action: stay still
--------------------------------------------------------------------------------
Frame 88 | Star: null | Map: classic
[State] XDB   : Pos=[7,8] Dir=left  | CD=14 | Status=[Normal]
        Meltdown : Pos=[14,8] Dir=left  | CD=0 | Status=[Normal] (Visible: true)
[Replay Actions]
  ⚔️ Meltdown: turn right (now left)
  🛡️ XDB   : stay still
[Local Simulation Evaluation]
  Chosen Target: {"action":"move","target":[7,8],"score":300}
  🤖 Local Code Action: stay still
--------------------------------------------------------------------------------
Frame 89 | Star: null | Map: classic
[State] XDB   : Pos=[7,8] Dir=left  | CD=13 | Status=[Normal]
        Meltdown : Pos=[13,8] Dir=left  | CD=0 | Status=[Normal] (Visible: false)
[Replay Actions]
  ⚔️ Meltdown: move to [13,8]
  🛡️ XDB   : stay still
[Local Simulation Evaluation]
  Chosen Target: {"action":"move","target":[7,8],"score":300}
  🤖 Local Code Action: stay still
--------------------------------------------------------------------------------
Frame 90 | Star: null | Map: classic
[State] XDB   : Pos=[7,8] Dir=left  | CD=12 | Status=[Normal]
        Meltdown : Pos=[13,8] Dir=left  | CD=0 | Status=[Normal] (Visible: false)
[Replay Actions]
  ⚔️ Meltdown: stay still
  🛡️ XDB   : stay still
[Local Simulation Evaluation]
  Chosen Target: {"action":"move","target":[7,8],"score":300}
  🤖 Local Code Action: stay still
--------------------------------------------------------------------------------
Frame 91 | Star: null | Map: classic
[State] XDB   : Pos=[7,8] Dir=left  | CD=11 | Status=[Normal]
        Meltdown : Pos=[12,8] Dir=left  | CD=0 | Status=[Normal] (Visible: false)
[Replay Actions]
  ⚔️ Meltdown: move to [12,8]
  🛡️ XDB   : stay still
[Local Simulation Evaluation]
  Chosen Target: {"action":"move","target":[7,8],"score":300}
  🤖 Local Code Action: stay still
--------------------------------------------------------------------------------
Frame 92 | Star: null | Map: classic
[State] XDB   : Pos=[7,8] Dir=left  | CD=10 | Status=[Normal]
        Meltdown : Pos=[12,8] Dir=up    | CD=0 | Status=[Normal] (Visible: false)
[Replay Actions]
  ⚔️ Meltdown: turn right (now up)
  🛡️ XDB   : stay still
[Local Simulation Evaluation]
  Chosen Target: {"action":"move","target":[7,8],"score":300}
  🤖 Local Code Action: stay still
--------------------------------------------------------------------------------
Frame 93 | Star: null | Map: classic
[State] XDB   : Pos=[7,8] Dir=left  | CD=9 | Status=[Normal]
        Meltdown : Pos=[12,7] Dir=up    | CD=0 | Status=[Normal] (Visible: false)
[Replay Actions]
  ⚔️ Meltdown: move to [12,7]
  🛡️ XDB   : stay still
[Local Simulation Evaluation]
  Chosen Target: {"action":"move","target":[7,8],"score":300}
  🤖 Local Code Action: stay still
--------------------------------------------------------------------------------
Frame 94 | Star: null | Map: classic
[State] XDB   : Pos=[7,8] Dir=left  | CD=8 | Status=[Normal]
        Meltdown : Pos=[12,7] Dir=left  | CD=0 | Status=[Normal] (Visible: false)
[Replay Actions]
  ⚔️ Meltdown: turn left (now left)
  🛡️ XDB   : stay still
[Local Simulation Evaluation]
  Chosen Target: {"action":"move","target":[7,8],"score":300}
  🤖 Local Code Action: stay still
--------------------------------------------------------------------------------
Frame 95 | Star: null | Map: classic
[State] XDB   : Pos=[7,8] Dir=left  | CD=7 | Status=[Normal]
        Meltdown : Pos=[11,7] Dir=left  | CD=0 | Status=[Normal] (Visible: false)
[Replay Actions]
  ⚔️ Meltdown: move to [11,7]
  🛡️ XDB   : stay still
[Local Simulation Evaluation]
  Chosen Target: {"action":"move","target":[7,8],"score":300}
  🤖 Local Code Action: stay still
--------------------------------------------------------------------------------
Frame 96 | Star: [3,4] | Map: classic
[State] XDB   : Pos=[7,8] Dir=left  | CD=6 | Status=[Normal]
        Meltdown : Pos=[10,7] Dir=left  | CD=0 | Status=[Normal] (Visible: false)
[Replay Actions]
  ⚔️ Meltdown: move to [10,7]
  🛡️ XDB   : stay still
[Local Simulation Evaluation]
  Chosen Target: {"action":"move","target":[3,4],"score":792}
  Path NextStep: [6,8] -> Need Turn/Move Dir: left
  🤖 Local Code Action: go(1)
  ⚠️ [Diverged] Local Code Action differs from Replay!
     -> Replay Action: stay still
     -> Local Code   : go(1)
--------------------------------------------------------------------------------
Frame 97 | Star: [3,4] | Map: classic
[State] XDB   : Pos=[6,8] Dir=left  | CD=5 | Status=[Normal]
        Meltdown : Pos=[9,7] Dir=left  | CD=0 | Status=[Normal] (Visible: false)
[Replay Actions]
  ⚔️ Meltdown: move to [9,7]
  🛡️ XDB   : move to [6,8]
[Local Simulation Evaluation]
  Chosen Target: {"action":"move","target":[3,4],"score":793}
  Path NextStep: [5,8] -> Need Turn/Move Dir: left
  🤖 Local Code Action: go(1)
  ⚠️ [Diverged] Local Code Action differs from Replay!
     -> Replay Action: move to [6,8]
     -> Local Code   : go(1)
--------------------------------------------------------------------------------
Frame 98 | Star: [3,4] | Map: classic
[State] XDB   : Pos=[5,8] Dir=left  | CD=4 | Status=[Normal]
        Meltdown : Pos=[8,7] Dir=left  | CD=0 | Status=[Normal] (Visible: false)
[Replay Actions]
  ⚔️ Meltdown: move to [8,7]
  🛡️ XDB   : move to [5,8]
[Local Simulation Evaluation]
  Chosen Target: {"action":"move","target":[3,4],"score":794}
  Path NextStep: [5,7] -> Need Turn/Move Dir: up
  🤖 Local Code Action: turn("right")
  ⚠️ [Diverged] Local Code Action differs from Replay!
     -> Replay Action: move to [5,8]
     -> Local Code   : turn("right")
--------------------------------------------------------------------------------
Frame 99 | Star: [3,4] | Map: classic
[State] XDB   : Pos=[5,8] Dir=up    | CD=3 | Status=[Normal]
        Meltdown : Pos=[7,7] Dir=left  | CD=0 | Status=[Normal] (Visible: false)
[Replay Actions]
  ⚔️ Meltdown: move to [7,7]
  🛡️ XDB   : turn right (now up)
[Local Simulation Evaluation]
  Chosen Target: {"action":"move","target":[3,4],"score":794}
  Path NextStep: [5,7] -> Need Turn/Move Dir: up
  🤖 Local Code Action: go(1)
  ⚠️ [Diverged] Local Code Action differs from Replay!
     -> Replay Action: turn right (now up)
     -> Local Code   : go(1)
--------------------------------------------------------------------------------
Frame 100 | Star: [3,4] | Map: classic
[State] XDB   : Pos=[5,7] Dir=up    | CD=2 | Status=[Normal]
        Meltdown : Pos=[7,7] Dir=left  | CD=0 | Status=[Normal] (Visible: false)
[Replay Actions]
  ⚔️ Meltdown: stay still
  🛡️ XDB   : move to [5,7]
[Local Simulation Evaluation]
  Chosen Target: {"action":"move","target":[3,4],"score":795}
  Path NextStep: [5,6] -> Need Turn/Move Dir: up
  🤖 Local Code Action: go(1)
  ⚠️ [Diverged] Local Code Action differs from Replay!
     -> Replay Action: move to [5,7]
     -> Local Code   : go(1)
--------------------------------------------------------------------------------
Frame 101 | Star: [3,4] | Map: classic
[State] XDB   : Pos=[5,6] Dir=up    | CD=1 | Status=[Normal]
        Meltdown : Pos=[6,7] Dir=left  | CD=0 | Status=[Normal] (Visible: false)
[Replay Actions]
  ⚔️ Meltdown: move to [6,7]
  🛡️ XDB   : move to [5,6]
[Local Simulation Evaluation]
  Chosen Target: {"action":"move","target":[3,4],"score":796}
  Path NextStep: [4,6] -> Need Turn/Move Dir: left
  🤖 Local Code Action: turn("left")
  ⚠️ [Diverged] Local Code Action differs from Replay!
     -> Replay Action: move to [5,6]
     -> Local Code   : turn("left")
--------------------------------------------------------------------------------
Frame 102 | Star: [3,4] | Map: classic
[State] XDB   : Pos=[5,6] Dir=left  | CD=0 | Status=[Normal]
        Meltdown : Pos=[6,7] Dir=up    | CD=0 | Status=[Normal] (Visible: false)
[Replay Actions]
  ⚔️ Meltdown: turn right (now up)
  🛡️ XDB   : turn left (now left)
[Local Simulation Evaluation]
  Chosen Target: {"action":"move","target":[3,4],"score":796}
  Path NextStep: [4,6] -> Need Turn/Move Dir: left
  🤖 Local Code Action: go(1)
  ⚠️ [Diverged] Local Code Action differs from Replay!
     -> Replay Action: turn left (now left)
     -> Local Code   : go(1)
--------------------------------------------------------------------------------
Frame 103 | Star: [3,4] | Map: classic
[State] XDB   : Pos=[4,6] Dir=left  | CD=0 | Status=[Normal]
        Meltdown : Pos=[6,6] Dir=up    | CD=0 | Status=[Normal] (Visible: false)
[Replay Actions]
  ⚔️ Meltdown: move to [6,6]
  🛡️ XDB   : move to [4,6]
[Local Simulation Evaluation]
  Chosen Target: {"action":"move","target":[3,4],"score":797}
  Path NextStep: [3,6] -> Need Turn/Move Dir: left
  🤖 Local Code Action: go(1)
  ⚠️ [Diverged] Local Code Action differs from Replay!
     -> Replay Action: move to [4,6]
     -> Local Code   : go(1)
--------------------------------------------------------------------------------
Frame 104 | Star: [3,4] | Map: classic
[State] XDB   : Pos=[3,6] Dir=left  | CD=0 | Status=[Normal]
        Meltdown : Pos=[6,6] Dir=left  | CD=0 | Status=[Normal] (Visible: false)
[Replay Actions]
  ⚔️ Meltdown: turn left (now left)
  🛡️ XDB   : move to [3,6]
[Local Simulation Evaluation]
  Chosen Target: {"action":"move","target":[3,4],"score":798}
  Path NextStep: [2,6] -> Need Turn/Move Dir: left
  🤖 Local Code Action: go(1)
  ⚠️ [Diverged] Local Code Action differs from Replay!
     -> Replay Action: move to [3,6]
     -> Local Code   : go(1)
--------------------------------------------------------------------------------
Frame 105 | Star: [3,4] | Map: classic
[State] XDB   : Pos=[2,6] Dir=left  | CD=0 | Status=[Normal]
        Meltdown : Pos=[5,6] Dir=left  | CD=0 | Status=[Normal] (Visible: false)
[Replay Actions]
  ⚔️ Meltdown: move to [5,6]
  🛡️ XDB   : move to [2,6]
[Local Simulation Evaluation]
  Chosen Target: {"action":"move","target":[3,4],"score":797}
  Path NextStep: [2,5] -> Need Turn/Move Dir: up
  🤖 Local Code Action: turn("right")
  ⚠️ [Diverged] Local Code Action differs from Replay!
     -> Replay Action: move to [2,6]
     -> Local Code   : turn("right")
--------------------------------------------------------------------------------
Frame 106 | Star: [3,4] | Map: classic
[State] XDB   : Pos=[2,6] Dir=up    | CD=0 | Status=[Normal]
        Meltdown : Pos=[4,6] Dir=left  | CD=0 | Status=[Normal] (Visible: true)
[Replay Actions]
  ⚔️ Meltdown: move to [4,6]
  🛡️ XDB   : turn right (now up)
[Local Simulation Evaluation]
  Chosen Target: {"action":"move","target":[1,2],"score":750}
  Path NextStep: [2,7] -> Need Turn/Move Dir: down
  🤖 Local Code Action: teleport(17, 13)
  ⚠️ [Diverged] Local Code Action differs from Replay!
     -> Replay Action: turn right (now up)
     -> Local Code   : teleport(17, 13)
--------------------------------------------------------------------------------
Frame 107 | Star: [3,4] | Map: classic
[State] XDB   : Pos=[17,13] Dir=up    | CD=40 | Status=[fireLocked]
        Meltdown : Pos=[4,6] Dir=left  | CD=0 | Status=[Normal] (Visible: true)
[Replay Actions]
  ⚔️ Meltdown: stay still
  🛡️ XDB   : teleported to [17,13]
[Local Simulation Evaluation]
  Chosen Target: {"action":"move","target":[17,13],"score":300}
  🤖 Local Code Action: stay still
  ⚠️ [Diverged] Local Code Action differs from Replay!
     -> Replay Action: teleported to [17,13]
     -> Local Code   : stay still
--------------------------------------------------------------------------------
Frame 108 | Star: [3,4] | Map: classic
[State] XDB   : Pos=[17,13] Dir=up    | CD=39 | Status=[fireLocked]
        Meltdown : Pos=[4,6] Dir=down  | CD=0 | Status=[Normal] (Visible: true)
[Replay Actions]
  ⚔️ Meltdown: turn left (now down)
  🛡️ XDB   : stay still
[Local Simulation Evaluation]
  Chosen Target: {"action":"move","target":[17,13],"score":300}
  🤖 Local Code Action: stay still
--------------------------------------------------------------------------------
Frame 109 | Star: [3,4] | Map: classic
[State] XDB   : Pos=[17,13] Dir=up    | CD=38 | Status=[Normal]
        Meltdown : Pos=[4,7] Dir=down  | CD=0 | Status=[Normal] (Visible: true)
[Replay Actions]
  ⚔️ Meltdown: move to [4,7]
  🛡️ XDB   : stay still
[Local Simulation Evaluation]
  Chosen Target: {"action":"turn","target":[16,13],"score":9850}
  🤖 Local Code Action: turn("left")
  ⚠️ [Diverged] Local Code Action differs from Replay!
     -> Replay Action: stay still
     -> Local Code   : turn("left")
--------------------------------------------------------------------------------
Frame 110 | Star: [3,4] | Map: classic
[State] XDB   : Pos=[17,13] Dir=left  | CD=37 | Status=[Normal]
        Meltdown : Pos=[4,8] Dir=down  | CD=0 | Status=[Normal] (Visible: true)
[Replay Actions]
  ⚔️ Meltdown: move to [4,8]
  🛡️ XDB   : turn left (now left)
[Local Simulation Evaluation]
  Chosen Target: {"action":"move","target":[3,4],"score":777}
  Path NextStep: [16,13] -> Need Turn/Move Dir: left
  🤖 Local Code Action: go(1)
  ⚠️ [Diverged] Local Code Action differs from Replay!
     -> Replay Action: turn left (now left)
     -> Local Code   : go(1)
--------------------------------------------------------------------------------
Frame 111 | Star: [3,4] | Map: classic
[State] XDB   : Pos=[16,13] Dir=left  | CD=36 | Status=[Normal]
        Meltdown : Pos=[4,8] Dir=left  | CD=0 | Status=[Normal] (Visible: true)
[Replay Actions]
  ⚔️ Meltdown: turn right (now left)
  🛡️ XDB   : move to [16,13]
[Local Simulation Evaluation]
  Chosen Target: {"action":"move","target":[3,4],"score":778}
  Path NextStep: [15,13] -> Need Turn/Move Dir: left
  🤖 Local Code Action: go(1)
  ⚠️ [Diverged] Local Code Action differs from Replay!
     -> Replay Action: move to [16,13]
     -> Local Code   : go(1)
--------------------------------------------------------------------------------
Frame 112 | Star: [3,4] | Map: classic
[State] XDB   : Pos=[15,13] Dir=left  | CD=35 | Status=[Normal]
        Meltdown : Pos=[3,8] Dir=left  | CD=0 | Status=[Normal] (Visible: true)
[Replay Actions]
  ⚔️ Meltdown: move to [3,8]
  🛡️ XDB   : move to [15,13]
[Local Simulation Evaluation]
  Chosen Target: {"action":"move","target":[3,4],"score":779}
  Path NextStep: [14,13] -> Need Turn/Move Dir: left
  🤖 Local Code Action: go(1)
  ⚠️ [Diverged] Local Code Action differs from Replay!
     -> Replay Action: move to [15,13]
     -> Local Code   : go(1)
--------------------------------------------------------------------------------
Frame 113 | Star: [3,4] | Map: classic
[State] XDB   : Pos=[14,13] Dir=left  | CD=34 | Status=[Normal]
        Meltdown : Pos=[3,8] Dir=down  | CD=0 | Status=[Normal] (Visible: true)
[Replay Actions]
  ⚔️ Meltdown: turn left (now down)
  🛡️ XDB   : move to [14,13]
[Local Simulation Evaluation]
  Chosen Target: {"action":"move","target":[3,4],"score":780}
  Path NextStep: [14,12] -> Need Turn/Move Dir: up
  🤖 Local Code Action: turn("right")
  ⚠️ [Diverged] Local Code Action differs from Replay!
     -> Replay Action: move to [14,13]
     -> Local Code   : turn("right")
--------------------------------------------------------------------------------
Frame 114 | Star: [3,4] | Map: classic
[State] XDB   : Pos=[14,13] Dir=up    | CD=33 | Status=[Normal]
        Meltdown : Pos=[3,8] Dir=left  | CD=0 | Status=[Normal] (Visible: true)
[Replay Actions]
  ⚔️ Meltdown: turn right (now left)
  🛡️ XDB   : turn right (now up)
[Local Simulation Evaluation]
  Chosen Target: {"action":"move","target":[3,4],"score":780}
  Path NextStep: [14,12] -> Need Turn/Move Dir: up
  🤖 Local Code Action: go(1)
  ⚠️ [Diverged] Local Code Action differs from Replay!
     -> Replay Action: turn right (now up)
     -> Local Code   : go(1)
--------------------------------------------------------------------------------
Frame 115 | Star: [3,4] | Map: classic
[State] XDB   : Pos=[14,12] Dir=up    | CD=32 | Status=[Normal]
        Meltdown : Pos=[2,8] Dir=left  | CD=0 | Status=[Normal] (Visible: true)
[Replay Actions]
  ⚔️ Meltdown: move to [2,8]
  🛡️ XDB   : move to [14,12]
[Local Simulation Evaluation]
  Chosen Target: {"action":"move","target":[3,4],"score":781}
  Path NextStep: [14,11] -> Need Turn/Move Dir: up
  🤖 Local Code Action: go(1)
  ⚠️ [Diverged] Local Code Action differs from Replay!
     -> Replay Action: move to [14,12]
     -> Local Code   : go(1)
--------------------------------------------------------------------------------
Frame 116 | Star: [3,4] | Map: classic
[State] XDB   : Pos=[14,11] Dir=up    | CD=31 | Status=[Normal]
        Meltdown : Pos=[2,8] Dir=up    | CD=0 | Status=[Normal] (Visible: true)
[Replay Actions]
  ⚔️ Meltdown: turn right (now up)
  🛡️ XDB   : move to [14,11]
[Local Simulation Evaluation]
  Chosen Target: {"action":"move","target":[3,4],"score":782}
  Path NextStep: [14,10] -> Need Turn/Move Dir: up
  🤖 Local Code Action: go(1)
  ⚠️ [Diverged] Local Code Action differs from Replay!
     -> Replay Action: move to [14,11]
     -> Local Code   : go(1)
--------------------------------------------------------------------------------
Frame 117 | Star: [3,4] | Map: classic
[State] XDB   : Pos=[14,10] Dir=up    | CD=30 | Status=[Normal]
        Meltdown : Pos=[2,7] Dir=up    | CD=0 | Status=[Normal] (Visible: true)
[Replay Actions]
  ⚔️ Meltdown: move to [2,7]
  🛡️ XDB   : move to [14,10]
[Local Simulation Evaluation]
  Chosen Target: {"action":"move","target":[3,4],"score":783}
  Path NextStep: [15,10] -> Need Turn/Move Dir: right
  🤖 Local Code Action: turn("right")
  ⚠️ [Diverged] Local Code Action differs from Replay!
     -> Replay Action: move to [14,10]
     -> Local Code   : turn("right")
--------------------------------------------------------------------------------
Frame 118 | Star: [3,4] | Map: classic
[State] XDB   : Pos=[14,10] Dir=right | CD=29 | Status=[Normal]
        Meltdown : Pos=[2,6] Dir=up    | CD=0 | Status=[Normal] (Visible: true)
[Replay Actions]
  ⚔️ Meltdown: move to [2,6]
  🛡️ XDB   : turn right (now right)
[Local Simulation Evaluation]
  Chosen Target: {"action":"move","target":[13,8],"score":770}
  Path NextStep: [15,10] -> Need Turn/Move Dir: right
  🤖 Local Code Action: go(1)
  ⚠️ [Diverged] Local Code Action differs from Replay!
     -> Replay Action: turn right (now right)
     -> Local Code   : go(1)
--------------------------------------------------------------------------------
Frame 119 | Star: [3,4] | Map: classic
[State] XDB   : Pos=[15,10] Dir=right | CD=28 | Status=[Normal]
        Meltdown : Pos=[2,5] Dir=up    | CD=0 | Status=[Normal] (Visible: true)
[Replay Actions]
  ⚔️ Meltdown: move to [2,5]
  🛡️ XDB   : move to [15,10]
[Local Simulation Evaluation]
  Chosen Target: {"action":"move","target":[15,13],"score":770}
  Path NextStep: [14,10] -> Need Turn/Move Dir: left
  🤖 Local Code Action: turn("right")
  ⚠️ [Diverged] Local Code Action differs from Replay!
     -> Replay Action: move to [15,10]
     -> Local Code   : turn("right")
--------------------------------------------------------------------------------
Frame 120 | Star: [3,4] | Map: classic
[State] XDB   : Pos=[15,10] Dir=down  | CD=27 | Status=[Normal]
        Meltdown : Pos=[2,4] Dir=up    | CD=0 | Status=[Normal] (Visible: true)
[Replay Actions]
  ⚔️ Meltdown: move to [2,4]
  🛡️ XDB   : turn right (now down)
[Local Simulation Evaluation]
  Chosen Target: {"action":"move","target":[15,13],"score":770}
  Path NextStep: [14,10] -> Need Turn/Move Dir: left
  🤖 Local Code Action: turn("right")
  ⚠️ [Diverged] Local Code Action differs from Replay!
     -> Replay Action: turn right (now down)
     -> Local Code   : turn("right")
--------------------------------------------------------------------------------
Frame 121 | Star: [3,4] | Map: classic
[State] XDB   : Pos=[15,10] Dir=left  | CD=26 | Status=[Normal]
        Meltdown : Pos=[2,4] Dir=right | CD=0 | Status=[Normal] (Visible: true)
[Replay Actions]
  ⚔️ Meltdown: turn right (now right)
  🛡️ XDB   : turn right (now left)
[Local Simulation Evaluation]
  Chosen Target: {"action":"move","target":[15,13],"score":770}
  Path NextStep: [14,10] -> Need Turn/Move Dir: left
  🤖 Local Code Action: go(1)
  ⚠️ [Diverged] Local Code Action differs from Replay!
     -> Replay Action: turn right (now left)
     -> Local Code   : go(1)
--------------------------------------------------------------------------------
Frame 122 | Star: null | Map: classic
[State] XDB   : Pos=[14,10] Dir=left  | CD=25 | Status=[Normal]
        Meltdown : Pos=[3,4] Dir=right | CD=0 | Status=[Normal] (Visible: true)
[Replay Actions]
  ⚔️ Meltdown: move to [3,4]
  🛡️ XDB   : move to [14,10]
[Local Simulation Evaluation]
  Chosen Target: {"action":"move","target":[13,8],"score":770}
  Path NextStep: [15,10] -> Need Turn/Move Dir: right
  🤖 Local Code Action: turn("right")
  ⚠️ [Diverged] Local Code Action differs from Replay!
     -> Replay Action: move to [14,10]
     -> Local Code   : turn("right")
--------------------------------------------------------------------------------
Frame 123 | Star: null | Map: classic
[State] XDB   : Pos=[14,10] Dir=up    | CD=24 | Status=[Normal]
        Meltdown : Pos=[4,4] Dir=right | CD=0 | Status=[Normal] (Visible: true)
[Replay Actions]
  ⚔️ Meltdown: move to [4,4]
  🛡️ XDB   : turn right (now up)
[Local Simulation Evaluation]
  Chosen Target: {"action":"move","target":[13,8],"score":770}
  Path NextStep: [15,10] -> Need Turn/Move Dir: right
  🤖 Local Code Action: turn("right")
  ⚠️ [Diverged] Local Code Action differs from Replay!
     -> Replay Action: turn right (now up)
     -> Local Code   : turn("right")
--------------------------------------------------------------------------------
Frame 124 | Star: null | Map: classic
[State] XDB   : Pos=[14,10] Dir=right | CD=23 | Status=[Normal]
        Meltdown : Pos=[5,4] Dir=right | CD=0 | Status=[Normal] (Visible: true)
[Replay Actions]
  ⚔️ Meltdown: move to [5,4]
  🛡️ XDB   : turn right (now right)
[Local Simulation Evaluation]
  Chosen Target: {"action":"move","target":[13,8],"score":770}
  Path NextStep: [15,10] -> Need Turn/Move Dir: right
  🤖 Local Code Action: go(1)
  ⚠️ [Diverged] Local Code Action differs from Replay!
     -> Replay Action: turn right (now right)
     -> Local Code   : go(1)
--------------------------------------------------------------------------------
Frame 125 | Star: null | Map: classic
[State] XDB   : Pos=[15,10] Dir=right | CD=22 | Status=[Normal]
        Meltdown : Pos=[6,4] Dir=right | CD=0 | Status=[Normal] (Visible: true)
[Replay Actions]
  ⚔️ Meltdown: move to [6,4]
  🛡️ XDB   : move to [15,10]
[Local Simulation Evaluation]
  Chosen Target: {"action":"move","target":[15,13],"score":770}
  Path NextStep: [14,10] -> Need Turn/Move Dir: left
  🤖 Local Code Action: turn("right")
  ⚠️ [Diverged] Local Code Action differs from Replay!
     -> Replay Action: move to [15,10]
     -> Local Code   : turn("right")
--------------------------------------------------------------------------------
Frame 126 | Star: null | Map: classic
[State] XDB   : Pos=[15,10] Dir=down  | CD=21 | Status=[Normal]
        Meltdown : Pos=[7,4] Dir=right | CD=0 | Status=[Normal] (Visible: true)
[Replay Actions]
  ⚔️ Meltdown: move to [7,4]
  🛡️ XDB   : turn right (now down)
[Local Simulation Evaluation]
  Chosen Target: {"action":"move","target":[15,13],"score":770}
  Path NextStep: [14,10] -> Need Turn/Move Dir: left
  🤖 Local Code Action: turn("right")
  ⚠️ [Diverged] Local Code Action differs from Replay!
     -> Replay Action: turn right (now down)
     -> Local Code   : turn("right")
--------------------------------------------------------------------------------
Frame 127 | Star: null | Map: classic
[State] XDB   : Pos=[15,10] Dir=left  | CD=20 | Status=[Normal]
        Meltdown : Pos=[8,4] Dir=right | CD=0 | Status=[Normal] (Visible: true)
[Replay Actions]
  ⚔️ Meltdown: move to [8,4]
  🛡️ XDB   : turn right (now left)
[Local Simulation Evaluation]
  Chosen Target: {"action":"move","target":[15,13],"score":770}
  Path NextStep: [14,10] -> Need Turn/Move Dir: left
  🤖 Local Code Action: go(1)
  ⚠️ [Diverged] Local Code Action differs from Replay!
     -> Replay Action: turn right (now left)
     -> Local Code   : go(1)
================================================================================
