
=================== Simulation Config ===================
  My Tank (XDB) ID : ec14337d (Index: 0)
  Enemy (ByteStorm) ID : 21f1b198 (Index: 1)
=========================================================

--------------------------------------------------------------------------------
Frame 1 | Star: [4,7] | Map: classic
[State] XDB   : Pos=[2,1] Dir=up    | CD=0 | Status=[Normal]
        ByteStorm : Pos=[16,13] Dir=down  | CD=0 | Status=[Normal] (Visible: true)
[Replay Actions]
  鈿旓笍 ByteStorm: move to [16,13]
  馃洝锔?XDB   : move to [2,1]
[Local Simulation Evaluation]
  Chosen Target: {"action":"teleport","target":[5,7],"score":1800,"type":"star"}
  馃 Local Code Action: teleport(5, 7)
  鈿狅笍 [Diverged] Local Code Action differs from Replay!
     -> Replay Action: move to [2,1]
     -> Local Code   : teleport(5, 7)
--------------------------------------------------------------------------------
Frame 2 | Star: [4,7] | Map: classic
[State] XDB   : Pos=[5,7] Dir=up    | CD=40 | Status=[fireLocked]
        ByteStorm : Pos=[16,13] Dir=left  | CD=0 | Status=[Normal] (Visible: false)
[Replay Actions]
  鈿旓笍 ByteStorm: turn right (now left)
  馃洝锔?XDB   : teleported to [5,7]
[Local Simulation Evaluation]
  Chosen Target: {"action":"turn","target":[4,7],"score":1300,"type":"star"}
  馃 Local Code Action: turn("left")
  鈿狅笍 [Diverged] Local Code Action differs from Replay!
     -> Replay Action: teleported to [5,7]
     -> Local Code   : turn("left")
--------------------------------------------------------------------------------
Frame 3 | Star: [4,7] | Map: classic
[State] XDB   : Pos=[5,7] Dir=left  | CD=39 | Status=[fireLocked]
        ByteStorm : Pos=[15,13] Dir=left  | CD=0 | Status=[Normal] (Visible: false)
[Replay Actions]
  鈿旓笍 ByteStorm: move to [15,13]
  馃洝锔?XDB   : turn left (now left)
[Local Simulation Evaluation]
  Chosen Target: {"action":"move","target":[4,7],"score":1949,"type":"star"}
  Path NextStep: [4,7] -> Need Turn/Move Dir: left
  馃 Local Code Action: go(1)
  鈿狅笍 [Diverged] Local Code Action differs from Replay!
     -> Replay Action: turn left (now left)
     -> Local Code   : go(1)
--------------------------------------------------------------------------------
Frame 4 | Star: null | Map: classic
[State] XDB   : Pos=[4,7] Dir=left  | CD=38 | Status=[Normal]
        ByteStorm : Pos=[14,13] Dir=left  | CD=0 | Status=[Normal] (Visible: true)
[Replay Actions]
  鈿旓笍 ByteStorm: move to [14,13]
  馃洝锔?XDB   : move to [4,7]
[Local Simulation Evaluation]
  Chosen Target: {"action":"move","target":[5,7],"score":790,"type":"survival"}
  Path NextStep: [5,7] -> Need Turn/Move Dir: right
  馃 Local Code Action: turn("right")
  鈿狅笍 [Diverged] Local Code Action differs from Replay!
     -> Replay Action: move to [4,7]
     -> Local Code   : turn("right")
--------------------------------------------------------------------------------
Frame 5 | Star: null | Map: classic
[State] XDB   : Pos=[4,7] Dir=up    | CD=37 | Status=[Normal]
        ByteStorm : Pos=[13,13] Dir=left  | CD=0 | Status=[Normal] (Visible: true)
[Replay Actions]
  鈿旓笍 ByteStorm: move to [13,13]
  馃洝锔?XDB   : turn right (now up)
[Local Simulation Evaluation]
  Chosen Target: {"action":"move","target":[5,7],"score":1590,"type":"survival"}
  Path NextStep: [5,7] -> Need Turn/Move Dir: right
  馃 Local Code Action: turn("right")
  鈿狅笍 [Diverged] Local Code Action differs from Replay!
     -> Replay Action: turn right (now up)
     -> Local Code   : turn("right")
--------------------------------------------------------------------------------
Frame 6 | Star: null | Map: classic
[State] XDB   : Pos=[4,7] Dir=right | CD=36 | Status=[Normal]
        ByteStorm : Pos=[12,13] Dir=left  | CD=0 | Status=[Normal] (Visible: true)
[Replay Actions]
  鈿旓笍 ByteStorm: move to [12,13]
  馃洝锔?XDB   : turn right (now right)
[Local Simulation Evaluation]
  Chosen Target: {"action":"move","target":[5,7],"score":1590,"type":"survival"}
  Path NextStep: [5,7] -> Need Turn/Move Dir: right
  馃 Local Code Action: go(1)
  鈿狅笍 [Diverged] Local Code Action differs from Replay!
     -> Replay Action: turn right (now right)
     -> Local Code   : go(1)
--------------------------------------------------------------------------------
Frame 7 | Star: null | Map: classic
[State] XDB   : Pos=[5,7] Dir=right | CD=35 | Status=[Normal]
        ByteStorm : Pos=[11,13] Dir=left  | CD=0 | Status=[Normal] (Visible: true)
[Replay Actions]
  鈿旓笍 ByteStorm: move to [11,13]
  馃洝锔?XDB   : move to [5,7]
[Local Simulation Evaluation]
  Chosen Target: {"action":"move","target":[5,7],"score":300,"type":"survival"}
  馃 Local Code Action: stay still
  鈿狅笍 [Diverged] Local Code Action differs from Replay!
     -> Replay Action: move to [5,7]
     -> Local Code   : stay still
--------------------------------------------------------------------------------
Frame 8 | Star: null | Map: classic
[State] XDB   : Pos=[5,7] Dir=right | CD=34 | Status=[Normal]
        ByteStorm : Pos=[10,13] Dir=left  | CD=0 | Status=[Normal] (Visible: true)
[Replay Actions]
  鈿旓笍 ByteStorm: move to [10,13]
  馃洝锔?XDB   : stay still
[Local Simulation Evaluation]
  Chosen Target: {"action":"move","target":[5,7],"score":300,"type":"survival"}
  馃 Local Code Action: stay still
--------------------------------------------------------------------------------
Frame 9 | Star: null | Map: classic
[State] XDB   : Pos=[5,7] Dir=right | CD=33 | Status=[Normal]
        ByteStorm : Pos=[9,13] Dir=left  | CD=0 | Status=[Normal] (Visible: true)
[Replay Actions]
  鈿旓笍 ByteStorm: move to [9,13]
  馃洝锔?XDB   : stay still
[Local Simulation Evaluation]
  Chosen Target: {"action":"move","target":[5,7],"score":300,"type":"survival"}
  馃 Local Code Action: stay still
--------------------------------------------------------------------------------
Frame 10 | Star: null | Map: classic
[State] XDB   : Pos=[5,7] Dir=right | CD=32 | Status=[Normal]
        ByteStorm : Pos=[8,13] Dir=left  | CD=0 | Status=[Normal] (Visible: true)
[Replay Actions]
  鈿旓笍 ByteStorm: move to [8,13]
  馃洝锔?XDB   : stay still
[Local Simulation Evaluation]
  Chosen Target: {"action":"move","target":[5,7],"score":300,"type":"survival"}
  馃 Local Code Action: stay still
--------------------------------------------------------------------------------
Frame 11 | Star: null | Map: classic
[State] XDB   : Pos=[5,7] Dir=right | CD=31 | Status=[Normal]
        ByteStorm : Pos=[7,13] Dir=left  | CD=0 | Status=[Normal] (Visible: true)
[Replay Actions]
  鈿旓笍 ByteStorm: move to [7,13]
  馃洝锔?XDB   : stay still
[Local Simulation Evaluation]
  Chosen Target: {"action":"move","target":[5,7],"score":300,"type":"survival"}
  馃 Local Code Action: stay still
--------------------------------------------------------------------------------
Frame 12 | Star: null | Map: classic
[State] XDB   : Pos=[5,7] Dir=right | CD=30 | Status=[Normal]
        ByteStorm : Pos=[6,13] Dir=left  | CD=0 | Status=[Normal] (Visible: true)
[Replay Actions]
  鈿旓笍 ByteStorm: move to [6,13]
  馃洝锔?XDB   : stay still
[Local Simulation Evaluation]
  Chosen Target: {"action":"move","target":[5,7],"score":300,"type":"survival"}
  馃 Local Code Action: stay still
--------------------------------------------------------------------------------
Frame 13 | Star: null | Map: classic
[State] XDB   : Pos=[5,7] Dir=right | CD=29 | Status=[Normal]
        ByteStorm : Pos=[5,13] Dir=left  | CD=0 | Status=[Normal] (Visible: true)
[Replay Actions]
  鈿旓笍 ByteStorm: move to [5,13]
  馃洝锔?XDB   : stay still
[Local Simulation Evaluation]
  Chosen Target: {"action":"move","target":[5,7],"score":300,"type":"survival"}
  馃 Local Code Action: stay still
--------------------------------------------------------------------------------
Frame 14 | Star: [3,12] | Map: classic
[State] XDB   : Pos=[5,7] Dir=right | CD=28 | Status=[Normal]
        ByteStorm : Pos=[4,13] Dir=left  | CD=0 | Status=[Normal] (Visible: true)
[Replay Actions]
  鈿旓笍 ByteStorm: move to [4,13]
  馃洝锔?XDB   : stay still
[Local Simulation Evaluation]
  Chosen Target: {"action":"move","target":[5,7],"score":300,"type":"survival"}
  馃 Local Code Action: stay still
--------------------------------------------------------------------------------
Frame 15 | Star: [3,12] | Map: classic
[State] XDB   : Pos=[5,7] Dir=right | CD=27 | Status=[Normal]
        ByteStorm : Pos=[4,13] Dir=up    | CD=0 | Status=[Normal] (Visible: true)
[Replay Actions]
  鈿旓笍 ByteStorm: turn right (now up)
  馃洝锔?XDB   : stay still
[Local Simulation Evaluation]
  Chosen Target: {"action":"turn","target":[4,7],"score":9850,"type":"pre_aim"}
  馃 Local Code Action: turn("right")
  鈿狅笍 [Diverged] Local Code Action differs from Replay!
     -> Replay Action: stay still
     -> Local Code   : turn("right")
--------------------------------------------------------------------------------
Frame 16 | Star: [3,12] | Map: classic
[State] XDB   : Pos=[5,7] Dir=down  | CD=26 | Status=[Normal]
        ByteStorm : Pos=[4,12] Dir=up    | CD=0 | Status=[Normal] (Visible: true)
[Replay Actions]
  鈿旓笍 ByteStorm: move to [4,12]
  馃洝锔?XDB   : turn right (now down)
[Local Simulation Evaluation]
  Chosen Target: {"action":"turn","target":[4,7],"score":9850,"type":"pre_aim"}
  馃 Local Code Action: turn("right")
  鈿狅笍 [Diverged] Local Code Action differs from Replay!
     -> Replay Action: turn right (now down)
     -> Local Code   : turn("right")
--------------------------------------------------------------------------------
Frame 17 | Star: [3,12] | Map: classic
[State] XDB   : Pos=[5,7] Dir=left  | CD=25 | Status=[Normal]
        ByteStorm : Pos=[4,11] Dir=up    | CD=0 | Status=[Normal] (Visible: true)
[Replay Actions]
  鈿旓笍 ByteStorm: move to [4,11]
  馃洝锔?XDB   : turn right (now left)
[Local Simulation Evaluation]
  Chosen Target: {"action":"move","target":[5,7],"score":9840,"type":"pre_aim"}
  馃 Local Code Action: speak("鎴戝緱鍒? 鎴?1 鏁?0")
  鈿狅笍 [Diverged] Local Code Action differs from Replay!
     -> Replay Action: turn right (now left)
     -> Local Code   : speak("鎴戝緱鍒? 鎴?1 鏁?0")
--------------------------------------------------------------------------------
Frame 18 | Star: [3,12] | Map: classic
[State] XDB   : Pos=[5,7] Dir=left  | CD=24 | Status=[Normal]
        ByteStorm : Pos=[4,10] Dir=up    | CD=0 | Status=[Normal] (Visible: true)
[Replay Actions]
  鈿旓笍 ByteStorm: move to [4,10]
  馃洝锔?XDB   : stay still
[Local Simulation Evaluation]
  Chosen Target: {"action":"move","target":[5,7],"score":9840,"type":"pre_aim"}
  馃 Local Code Action: stay still
--------------------------------------------------------------------------------
Frame 19 | Star: [3,12] | Map: classic
[State] XDB   : Pos=[5,7] Dir=left  | CD=23 | Status=[Normal]
        ByteStorm : Pos=[4,9] Dir=up    | CD=0 | Status=[Normal] (Visible: true)
[Replay Actions]
  鈿旓笍 ByteStorm: move to [4,9]
  馃洝锔?XDB   : stay still
[Local Simulation Evaluation]
  Chosen Target: {"action":"move","target":[5,7],"score":9840,"type":"pre_aim"}
  馃 Local Code Action: stay still
--------------------------------------------------------------------------------
Frame 20 | Star: [3,12] | Map: classic
[State] XDB   : Pos=[5,7] Dir=left  | CD=22 | Status=[Normal]
        ByteStorm : Pos=[4,9] Dir=up    | CD=32 | Status=[overloaded] (Visible: true)
[Replay Actions]
  鈿旓笍 ByteStorm: stay still
  馃洝锔?XDB   : stay still
[Local Simulation Evaluation]
  Chosen Target: {"action":"move","target":[5,7],"score":9840,"type":"pre_aim"}
  馃 Local Code Action: stay still
--------------------------------------------------------------------------------
Frame 21 | Star: [3,12] | Map: classic
[State] XDB   : Pos=[5,7] Dir=left  | CD=21 | Status=[Normal]
        ByteStorm : Pos=[4,9] Dir=up    | CD=31 | Status=[Normal] (Visible: true)
[Replay Actions]
  鈿旓笍 ByteStorm: stay still
  馃洝锔?XDB   : CRASHED
[Local Simulation Evaluation]
  Chosen Target: {"action":"move","target":[5,7],"score":9840,"type":"pre_aim"}
  馃 Local Code Action: speak("鍙戠幇浜嗗瓙寮?)
  鈿狅笍 [Diverged] Local Code Action differs from Replay!
     -> Replay Action: CRASHED
     -> Local Code   : speak("鍙戠幇浜嗗瓙寮?)
================================================================================
