
=================== Simulation Config ===================
  My Tank (XDB) ID : f598b692 (Index: 1)
  Enemy (Tank 05704) ID : 5bcbeed8 (Index: 0)
=========================================================

--------------------------------------------------------------------------------
Frame 1 | Star: [15,13] | Map: random
[State] XDB   : Pos=[16,13] Dir=down  | CD=0 | Status=[Normal]
        Tank 05704 : Pos=[2,2] Dir=right | CD=0 | Status=[Normal] (Visible: true)
[Replay Actions]
  鈿旓笍 Tank 05704: turn right (now right)
  馃洝锔?XDB   : move to [16,13]
[Local Simulation Evaluation]
  Chosen Target: {"action":"move","target":[15,13],"score":1799,"type":"star"}
  Path NextStep: [15,13] -> Need Turn/Move Dir: left
  馃 Local Code Action: turn("right")
  鈿狅笍 [Diverged] Local Code Action differs from Replay!
     -> Replay Action: move to [16,13]
     -> Local Code   : turn("right")
--------------------------------------------------------------------------------
Frame 2 | Star: [15,13] | Map: random
[State] XDB   : Pos=[16,13] Dir=left  | CD=0 | Status=[Normal]
        Tank 05704 : Pos=[3,2] Dir=right | CD=0 | Status=[Normal] (Visible: true)
[Replay Actions]
  鈿旓笍 Tank 05704: move to [3,2]
  馃洝锔?XDB   : turn right (now left)
[Local Simulation Evaluation]
  Chosen Target: {"action":"move","target":[15,13],"score":1949,"type":"star"}
  Path NextStep: [15,13] -> Need Turn/Move Dir: left
  馃 Local Code Action: go(1)
  鈿狅笍 [Diverged] Local Code Action differs from Replay!
     -> Replay Action: turn right (now left)
     -> Local Code   : go(1)
--------------------------------------------------------------------------------
Frame 3 | Star: null | Map: random
[State] XDB   : Pos=[15,13] Dir=left  | CD=0 | Status=[Normal]
        Tank 05704 : Pos=[3,2] Dir=down  | CD=0 | Status=[Normal] (Visible: true)
[Replay Actions]
  鈿旓笍 Tank 05704: turn right (now down)
  馃洝锔?XDB   : move to [15,13]
[Local Simulation Evaluation]
  Chosen Target: {"action":"move","target":[13,11],"score":760,"type":"survival"}
  Path NextStep: [15,12] -> Need Turn/Move Dir: up
  馃 Local Code Action: turn("right")
  鈿狅笍 [Diverged] Local Code Action differs from Replay!
     -> Replay Action: move to [15,13]
     -> Local Code   : turn("right")
--------------------------------------------------------------------------------
Frame 4 | Star: null | Map: random
[State] XDB   : Pos=[15,13] Dir=up    | CD=0 | Status=[Normal]
        Tank 05704 : Pos=[3,3] Dir=down  | CD=0 | Status=[Normal] (Visible: true)
[Replay Actions]
  鈿旓笍 Tank 05704: move to [3,3]
  馃洝锔?XDB   : turn right (now up)
[Local Simulation Evaluation]
  Chosen Target: {"action":"move","target":[13,11],"score":1560,"type":"survival"}
  Path NextStep: [15,12] -> Need Turn/Move Dir: up
  馃 Local Code Action: go(1)
  鈿狅笍 [Diverged] Local Code Action differs from Replay!
     -> Replay Action: turn right (now up)
     -> Local Code   : go(1)
--------------------------------------------------------------------------------
Frame 5 | Star: null | Map: random
[State] XDB   : Pos=[15,12] Dir=up    | CD=0 | Status=[Normal]
        Tank 05704 : Pos=[3,4] Dir=down  | CD=0 | Status=[Normal] (Visible: true)
[Replay Actions]
  鈿旓笍 Tank 05704: move to [3,4]
  馃洝锔?XDB   : move to [15,12]
[Local Simulation Evaluation]
  Chosen Target: {"action":"move","target":[13,11],"score":1570,"type":"survival"}
  Path NextStep: [15,11] -> Need Turn/Move Dir: up
  馃 Local Code Action: go(1)
  鈿狅笍 [Diverged] Local Code Action differs from Replay!
     -> Replay Action: move to [15,12]
     -> Local Code   : go(1)
--------------------------------------------------------------------------------
Frame 6 | Star: null | Map: random
[State] XDB   : Pos=[15,11] Dir=up    | CD=0 | Status=[Normal]
        Tank 05704 : Pos=[3,4] Dir=right | CD=0 | Status=[Normal] (Visible: true)
[Replay Actions]
  鈿旓笍 Tank 05704: turn left (now right)
  馃洝锔?XDB   : move to [15,11]
[Local Simulation Evaluation]
  Chosen Target: {"action":"move","target":[13,11],"score":1580,"type":"survival"}
  Path NextStep: [15,10] -> Need Turn/Move Dir: up
  馃 Local Code Action: go(1)
  鈿狅笍 [Diverged] Local Code Action differs from Replay!
     -> Replay Action: move to [15,11]
     -> Local Code   : go(1)
--------------------------------------------------------------------------------
Frame 7 | Star: null | Map: random
[State] XDB   : Pos=[15,10] Dir=up    | CD=0 | Status=[Normal]
        Tank 05704 : Pos=[4,4] Dir=right | CD=0 | Status=[Normal] (Visible: true)
[Replay Actions]
  鈿旓笍 Tank 05704: move to [4,4]
  馃洝锔?XDB   : move to [15,10]
[Local Simulation Evaluation]
  Chosen Target: {"action":"move","target":[13,11],"score":1570,"type":"survival"}
  Path NextStep: [15,9] -> Need Turn/Move Dir: up
  馃 Local Code Action: go(1)
  鈿狅笍 [Diverged] Local Code Action differs from Replay!
     -> Replay Action: move to [15,10]
     -> Local Code   : go(1)
--------------------------------------------------------------------------------
Frame 8 | Star: null | Map: random
[State] XDB   : Pos=[15,9] Dir=up    | CD=0 | Status=[Normal]
        Tank 05704 : Pos=[4,4] Dir=down  | CD=0 | Status=[Normal] (Visible: true)
[Replay Actions]
  鈿旓笍 Tank 05704: turn right (now down)
  馃洝锔?XDB   : move to [15,9]
[Local Simulation Evaluation]
  Chosen Target: {"action":"move","target":[15,7],"score":1580,"type":"survival"}
  Path NextStep: [15,8] -> Need Turn/Move Dir: up
  馃 Local Code Action: go(1)
  鈿狅笍 [Diverged] Local Code Action differs from Replay!
     -> Replay Action: move to [15,9]
     -> Local Code   : go(1)
--------------------------------------------------------------------------------
Frame 9 | Star: null | Map: random
[State] XDB   : Pos=[15,8] Dir=up    | CD=0 | Status=[Normal]
        Tank 05704 : Pos=[4,5] Dir=down  | CD=0 | Status=[Normal] (Visible: true)
[Replay Actions]
  鈿旓笍 Tank 05704: move to [4,5]
  馃洝锔?XDB   : move to [15,8]
[Local Simulation Evaluation]
  Chosen Target: {"action":"move","target":[15,7],"score":1590,"type":"survival"}
  Path NextStep: [15,7] -> Need Turn/Move Dir: up
  馃 Local Code Action: go(1)
  鈿狅笍 [Diverged] Local Code Action differs from Replay!
     -> Replay Action: move to [15,8]
     -> Local Code   : go(1)
--------------------------------------------------------------------------------
Frame 10 | Star: null | Map: random
[State] XDB   : Pos=[15,7] Dir=up    | CD=0 | Status=[Normal]
        Tank 05704 : Pos=[4,5] Dir=down  | CD=32 | Status=[overloaded] (Visible: true)
[Replay Actions]
  鈿旓笍 Tank 05704: stay still
  馃洝锔?XDB   : move to [15,7]
[Local Simulation Evaluation]
  Chosen Target: {"action":"turn","target":[14,7],"score":9850,"type":"pre_aim"}
  馃 Local Code Action: turn("left")
  鈿狅笍 [Diverged] Local Code Action differs from Replay!
     -> Replay Action: move to [15,7]
     -> Local Code   : turn("left")
--------------------------------------------------------------------------------
Frame 11 | Star: null | Map: random
[State] XDB   : Pos=[15,7] Dir=left  | CD=0 | Status=[Normal]
        Tank 05704 : Pos=[4,5] Dir=right | CD=31 | Status=[overloaded] (Visible: true)
[Replay Actions]
  鈿旓笍 Tank 05704: turn left (now right)
  馃洝锔?XDB   : turn left (now left)
[Local Simulation Evaluation]
  Chosen Target: {"action":"move","target":[15,7],"score":300,"type":"survival"}
  馃 Local Code Action: stay still
  鈿狅笍 [Diverged] Local Code Action differs from Replay!
     -> Replay Action: turn left (now left)
     -> Local Code   : stay still
--------------------------------------------------------------------------------
Frame 12 | Star: null | Map: random
[State] XDB   : Pos=[15,7] Dir=left  | CD=0 | Status=[Normal]
        Tank 05704 : Pos=[5,5] Dir=right | CD=30 | Status=[overloaded] (Visible: true)
[Replay Actions]
  鈿旓笍 Tank 05704: move to [5,5]
  馃洝锔?XDB   : stay still
[Local Simulation Evaluation]
  Chosen Target: {"action":"move","target":[15,7],"score":300,"type":"survival"}
  馃 Local Code Action: stay still
--------------------------------------------------------------------------------
Frame 13 | Star: [3,11] | Map: random
[State] XDB   : Pos=[15,7] Dir=left  | CD=0 | Status=[Normal]
        Tank 05704 : Pos=[6,5] Dir=right | CD=29 | Status=[overloaded] (Visible: false)
[Replay Actions]
  鈿旓笍 Tank 05704: move to [6,5]
  馃洝锔?XDB   : stay still
[Local Simulation Evaluation]
  Chosen Target: {"action":"teleport","target":[4,11],"score":1800,"type":"star"}
  馃 Local Code Action: teleport(4, 11)
  鈿狅笍 [Diverged] Local Code Action differs from Replay!
     -> Replay Action: stay still
     -> Local Code   : teleport(4, 11)
--------------------------------------------------------------------------------
Frame 14 | Star: [3,11] | Map: random
[State] XDB   : Pos=[4,11] Dir=left  | CD=40 | Status=[fireLocked]
        Tank 05704 : Pos=[7,5] Dir=right | CD=28 | Status=[overloaded] (Visible: true)
[Replay Actions]
  鈿旓笍 Tank 05704: move to [7,5]
  馃洝锔?XDB   : teleported to [4,11]
[Local Simulation Evaluation]
  Chosen Target: {"action":"move","target":[4,11],"score":1300,"type":"star"}
  馃 Local Code Action: speak("浼犻€佸欢杩熺瓑寰?) | speak("浼犻€佸欢杩熺瓑寰?)
  鈿狅笍 [Diverged] Local Code Action differs from Replay!
     -> Replay Action: teleported to [4,11]
     -> Local Code   : speak("浼犻€佸欢杩熺瓑寰?) | speak("浼犻€佸欢杩熺瓑寰?)
--------------------------------------------------------------------------------
Frame 15 | Star: [3,11] | Map: random
[State] XDB   : Pos=[4,11] Dir=left  | CD=39 | Status=[fireLocked]
        Tank 05704 : Pos=[7,5] Dir=down  | CD=27 | Status=[overloaded] (Visible: true)
[Replay Actions]
  鈿旓笍 Tank 05704: turn right (now down)
  馃洝锔?XDB   : stay still
[Local Simulation Evaluation]
  Chosen Target: {"action":"turn","target":[5,11],"score":9850,"type":"pre_aim"}
  馃 Local Code Action: turn("left")
  鈿狅笍 [Diverged] Local Code Action differs from Replay!
     -> Replay Action: stay still
     -> Local Code   : turn("left")
--------------------------------------------------------------------------------
Frame 16 | Star: [3,11] | Map: random
[State] XDB   : Pos=[4,11] Dir=down  | CD=38 | Status=[Normal]
        Tank 05704 : Pos=[7,6] Dir=down  | CD=26 | Status=[overloaded] (Visible: true)
[Replay Actions]
  鈿旓笍 Tank 05704: move to [7,6]
  馃洝锔?XDB   : turn left (now down)
[Local Simulation Evaluation]
  Chosen Target: {"action":"turn","target":[5,11],"score":9850,"type":"pre_aim"}
  馃 Local Code Action: turn("left")
  鈿狅笍 [Diverged] Local Code Action differs from Replay!
     -> Replay Action: turn left (now down)
     -> Local Code   : turn("left")
--------------------------------------------------------------------------------
Frame 17 | Star: [3,11] | Map: random
[State] XDB   : Pos=[4,11] Dir=right | CD=37 | Status=[Normal]
        Tank 05704 : Pos=[7,7] Dir=down  | CD=25 | Status=[overloaded] (Visible: true)
[Replay Actions]
  鈿旓笍 Tank 05704: move to [7,7]
  馃洝锔?XDB   : turn left (now right)
[Local Simulation Evaluation]
  Chosen Target: {"action":"move","target":[4,11],"score":9840,"type":"pre_aim"}
  馃 Local Code Action: speak("鎴戝緱鍒? 鎴?1 鏁?0")
  鈿狅笍 [Diverged] Local Code Action differs from Replay!
     -> Replay Action: turn left (now right)
     -> Local Code   : speak("鎴戝緱鍒? 鎴?1 鏁?0")
--------------------------------------------------------------------------------
Frame 18 | Star: [3,11] | Map: random
[State] XDB   : Pos=[4,11] Dir=right | CD=36 | Status=[Normal]
        Tank 05704 : Pos=[7,8] Dir=down  | CD=24 | Status=[overloaded] (Visible: true)
[Replay Actions]
  鈿旓笍 Tank 05704: move to [7,8]
  馃洝锔?XDB   : stay still
[Local Simulation Evaluation]
  Chosen Target: {"action":"move","target":[4,11],"score":9840,"type":"pre_aim"}
  馃 Local Code Action: stay still
--------------------------------------------------------------------------------
Frame 19 | Star: [3,11] | Map: random
[State] XDB   : Pos=[4,11] Dir=right | CD=35 | Status=[Normal]
        Tank 05704 : Pos=[7,9] Dir=down  | CD=23 | Status=[overloaded] (Visible: true)
[Replay Actions]
  鈿旓笍 Tank 05704: move to [7,9]
  馃洝锔?XDB   : stay still
[Local Simulation Evaluation]
  Chosen Target: {"action":"move","target":[4,11],"score":9840,"type":"pre_aim"}
  馃 Local Code Action: stay still
--------------------------------------------------------------------------------
Frame 20 | Star: [3,11] | Map: random
[State] XDB   : Pos=[4,11] Dir=right | CD=34 | Status=[Normal]
        Tank 05704 : Pos=[7,9] Dir=left  | CD=22 | Status=[Normal] (Visible: true)
[Replay Actions]
  鈿旓笍 Tank 05704: turn right (now left)
  馃洝锔?XDB   : stay still
[Local Simulation Evaluation]
  Chosen Target: {"action":"move","target":[3,11],"score":1399,"type":"star"}
  Path NextStep: [3,11] -> Need Turn/Move Dir: left
  馃 Local Code Action: turn("right")
  鈿狅笍 [Diverged] Local Code Action differs from Replay!
     -> Replay Action: stay still
     -> Local Code   : turn("right")
--------------------------------------------------------------------------------
Frame 21 | Star: [3,11] | Map: random
[State] XDB   : Pos=[4,11] Dir=down  | CD=33 | Status=[Normal]
        Tank 05704 : Pos=[6,9] Dir=left  | CD=21 | Status=[Normal] (Visible: true)
[Replay Actions]
  鈿旓笍 Tank 05704: move to [6,9]
  馃洝锔?XDB   : turn right (now down)
[Local Simulation Evaluation]
  Chosen Target: {"action":"move","target":[3,11],"score":1549,"type":"star"}
  Path NextStep: [3,11] -> Need Turn/Move Dir: left
  馃 Local Code Action: turn("right")
  鈿狅笍 [Diverged] Local Code Action differs from Replay!
     -> Replay Action: turn right (now down)
     -> Local Code   : turn("right")
--------------------------------------------------------------------------------
Frame 22 | Star: [3,11] | Map: random
[State] XDB   : Pos=[4,11] Dir=left  | CD=32 | Status=[Normal]
        Tank 05704 : Pos=[5,9] Dir=left  | CD=20 | Status=[Normal] (Visible: false)
[Replay Actions]
  鈿旓笍 Tank 05704: move to [5,9]
  馃洝锔?XDB   : turn right (now left)
[Local Simulation Evaluation]
  Chosen Target: {"action":"move","target":[3,11],"score":1549,"type":"star"}
  Path NextStep: [3,11] -> Need Turn/Move Dir: left
  馃 Local Code Action: go(1)
  鈿狅笍 [Diverged] Local Code Action differs from Replay!
     -> Replay Action: turn right (now left)
     -> Local Code   : go(1)
--------------------------------------------------------------------------------
Frame 23 | Star: null | Map: random
[State] XDB   : Pos=[3,11] Dir=left  | CD=31 | Status=[Normal]
        Tank 05704 : Pos=[5,9] Dir=up    | CD=19 | Status=[Normal] (Visible: false)
[Replay Actions]
  鈿旓笍 Tank 05704: turn right (now up)
  馃洝锔?XDB   : move to [3,11]
[Local Simulation Evaluation]
  Chosen Target: {"action":"move","target":[2,10],"score":780,"type":"survival"}
  Path NextStep: [2,11] -> Need Turn/Move Dir: left
  馃 Local Code Action: go(1)
  鈿狅笍 [Diverged] Local Code Action differs from Replay!
     -> Replay Action: move to [3,11]
     -> Local Code   : go(1)
--------------------------------------------------------------------------------
Frame 24 | Star: null | Map: random
[State] XDB   : Pos=[2,11] Dir=left  | CD=30 | Status=[Normal]
        Tank 05704 : Pos=[5,9] Dir=up    | CD=18 | Status=[Normal] (Visible: false)
[Replay Actions]
  鈿旓笍 Tank 05704: stay still
  馃洝锔?XDB   : move to [2,11]
[Local Simulation Evaluation]
  Chosen Target: {"action":"move","target":[2,10],"score":1590,"type":"survival"}
  Path NextStep: [2,10] -> Need Turn/Move Dir: up
  馃 Local Code Action: turn("right")
  鈿狅笍 [Diverged] Local Code Action differs from Replay!
     -> Replay Action: move to [2,11]
     -> Local Code   : turn("right")
--------------------------------------------------------------------------------
Frame 25 | Star: null | Map: random
[State] XDB   : Pos=[2,11] Dir=up    | CD=29 | Status=[Normal]
        Tank 05704 : Pos=[5,9] Dir=left  | CD=17 | Status=[Normal] (Visible: false)
[Replay Actions]
  鈿旓笍 Tank 05704: turn left (now left)
  馃洝锔?XDB   : turn right (now up)
[Local Simulation Evaluation]
  Chosen Target: {"action":"move","target":[2,10],"score":1590,"type":"survival"}
  Path NextStep: [2,10] -> Need Turn/Move Dir: up
  馃 Local Code Action: turn("left")
  鈿狅笍 [Diverged] Local Code Action differs from Replay!
     -> Replay Action: turn right (now up)
     -> Local Code   : turn("left")
--------------------------------------------------------------------------------
Frame 26 | Star: null | Map: random
[State] XDB   : Pos=[2,10] Dir=up    | CD=28 | Status=[Normal]
        Tank 05704 : Pos=[4,9] Dir=left  | CD=16 | Status=[Normal] (Visible: true)
[Replay Actions]
  鈿旓笍 Tank 05704: move to [4,9]
  馃洝锔?XDB   : move to [2,10]
[Local Simulation Evaluation]
  Chosen Target: {"action":"move","target":[2,10],"score":9840,"type":"pre_aim"}
  馃 Local Code Action: turn("left")
  鈿狅笍 [Diverged] Local Code Action differs from Replay!
     -> Replay Action: move to [2,10]
     -> Local Code   : turn("left")
--------------------------------------------------------------------------------
Frame 27 | Star: null | Map: random
[State] XDB   : Pos=[2,10] Dir=up    | CD=27 | Status=[Normal]
        Tank 05704 : Pos=[3,9] Dir=left  | CD=15 | Status=[Normal] (Visible: true)
[Replay Actions]
  鈿旓笍 Tank 05704: move to [3,9]
  馃洝锔?XDB   : stay still
[Local Simulation Evaluation]
  Chosen Target: {"action":"move","target":[2,10],"score":9840,"type":"pre_aim"}
  馃 Local Code Action: turn("left")
  鈿狅笍 [Diverged] Local Code Action differs from Replay!
     -> Replay Action: stay still
     -> Local Code   : turn("left")
--------------------------------------------------------------------------------
Frame 28 | Star: null | Map: random
[State] XDB   : Pos=[2,10] Dir=up    | CD=26 | Status=[Normal]
        Tank 05704 : Pos=[3,9] Dir=left  | CD=14 | Status=[Normal] (Visible: true)
[Replay Actions]
  鈿旓笍 Tank 05704: stay still
  馃洝锔?XDB   : stay still
[Local Simulation Evaluation]
  Chosen Target: {"action":"move","target":[2,10],"score":9840,"type":"pre_aim"}
  馃 Local Code Action: stay still
--------------------------------------------------------------------------------
Frame 29 | Star: null | Map: random
[State] XDB   : Pos=[2,10] Dir=up    | CD=25 | Status=[Normal]
        Tank 05704 : Pos=[3,9] Dir=left  | CD=13 | Status=[Normal] (Visible: true)
[Replay Actions]
  鈿旓笍 Tank 05704: stay still
  馃洝锔?XDB   : stay still
[Local Simulation Evaluation]
  Chosen Target: {"action":"move","target":[2,10],"score":9840,"type":"pre_aim"}
  馃 Local Code Action: stay still
--------------------------------------------------------------------------------
Frame 30 | Star: null | Map: random
[State] XDB   : Pos=[2,10] Dir=up    | CD=24 | Status=[Normal]
        Tank 05704 : Pos=[3,9] Dir=left  | CD=12 | Status=[Normal] (Visible: true)
[Replay Actions]
  鈿旓笍 Tank 05704: stay still
  馃洝锔?XDB   : stay still
[Local Simulation Evaluation]
  Chosen Target: {"action":"move","target":[2,10],"score":9840,"type":"pre_aim"}
  馃 Local Code Action: stay still
--------------------------------------------------------------------------------
Frame 31 | Star: null | Map: random
[State] XDB   : Pos=[2,10] Dir=up    | CD=23 | Status=[Normal]
        Tank 05704 : Pos=[3,9] Dir=left  | CD=11 | Status=[Normal] (Visible: true)
[Replay Actions]
  鈿旓笍 Tank 05704: stay still
  馃洝锔?XDB   : stay still
[Local Simulation Evaluation]
  Chosen Target: {"action":"move","target":[2,10],"score":9840,"type":"pre_aim"}
  馃 Local Code Action: stay still
--------------------------------------------------------------------------------
Frame 32 | Star: null | Map: random
[State] XDB   : Pos=[2,10] Dir=up    | CD=22 | Status=[Normal]
        Tank 05704 : Pos=[3,9] Dir=left  | CD=10 | Status=[Normal] (Visible: true)
[Replay Actions]
  鈿旓笍 Tank 05704: stay still
  馃洝锔?XDB   : stay still
[Local Simulation Evaluation]
  Chosen Target: {"action":"move","target":[2,10],"score":9840,"type":"pre_aim"}
  馃 Local Code Action: stay still
--------------------------------------------------------------------------------
Frame 33 | Star: [16,5] | Map: random
[State] XDB   : Pos=[2,10] Dir=up    | CD=21 | Status=[Normal]
        Tank 05704 : Pos=[3,9] Dir=left  | CD=9 | Status=[Normal] (Visible: true)
[Replay Actions]
  鈿旓笍 Tank 05704: stay still
  馃洝锔?XDB   : stay still
[Local Simulation Evaluation]
  Chosen Target: {"action":"move","target":[2,10],"score":9840,"type":"pre_aim"}
  馃 Local Code Action: stay still
--------------------------------------------------------------------------------
Frame 34 | Star: [16,5] | Map: random
[State] XDB   : Pos=[2,10] Dir=up    | CD=20 | Status=[Normal]
        Tank 05704 : Pos=[3,9] Dir=left  | CD=8 | Status=[Normal] (Visible: true)
[Replay Actions]
  鈿旓笍 Tank 05704: stay still
  馃洝锔?XDB   : stay still
[Local Simulation Evaluation]
  Chosen Target: {"action":"move","target":[2,10],"score":9840,"type":"pre_aim"}
  馃 Local Code Action: stay still
--------------------------------------------------------------------------------
Frame 35 | Star: [16,5] | Map: random
[State] XDB   : Pos=[2,10] Dir=up    | CD=19 | Status=[Normal]
        Tank 05704 : Pos=[3,9] Dir=left  | CD=7 | Status=[Normal] (Visible: true)
[Replay Actions]
  鈿旓笍 Tank 05704: stay still
  馃洝锔?XDB   : stay still
[Local Simulation Evaluation]
  Chosen Target: {"action":"move","target":[2,10],"score":9840,"type":"pre_aim"}
  馃 Local Code Action: stay still
--------------------------------------------------------------------------------
Frame 36 | Star: [16,5] | Map: random
[State] XDB   : Pos=[2,10] Dir=up    | CD=18 | Status=[Normal]
        Tank 05704 : Pos=[3,9] Dir=left  | CD=6 | Status=[Normal] (Visible: true)
[Replay Actions]
  鈿旓笍 Tank 05704: stay still
  馃洝锔?XDB   : stay still
[Local Simulation Evaluation]
  Chosen Target: {"action":"move","target":[2,10],"score":9840,"type":"pre_aim"}
  馃 Local Code Action: stay still
--------------------------------------------------------------------------------
Frame 37 | Star: [16,5] | Map: random
[State] XDB   : Pos=[2,10] Dir=up    | CD=17 | Status=[Normal]
        Tank 05704 : Pos=[3,9] Dir=left  | CD=5 | Status=[Normal] (Visible: true)
[Replay Actions]
  鈿旓笍 Tank 05704: stay still
  馃洝锔?XDB   : stay still
[Local Simulation Evaluation]
  Chosen Target: {"action":"move","target":[2,10],"score":9840,"type":"pre_aim"}
  馃 Local Code Action: turn("left")
  鈿狅笍 [Diverged] Local Code Action differs from Replay!
     -> Replay Action: stay still
     -> Local Code   : turn("left")
--------------------------------------------------------------------------------
Frame 38 | Star: [16,5] | Map: random
[State] XDB   : Pos=[2,10] Dir=up    | CD=16 | Status=[Normal]
        Tank 05704 : Pos=[3,9] Dir=left  | CD=4 | Status=[Normal] (Visible: true)
[Replay Actions]
  鈿旓笍 Tank 05704: stay still
  馃洝锔?XDB   : stay still
[Local Simulation Evaluation]
  Chosen Target: {"action":"move","target":[1,8],"score":370,"type":"survival"}
  Path NextStep: [2,11] -> Need Turn/Move Dir: down
  馃 Local Code Action: turn("left")
  鈿狅笍 [Diverged] Local Code Action differs from Replay!
     -> Replay Action: stay still
     -> Local Code   : turn("left")
--------------------------------------------------------------------------------
Frame 39 | Star: [16,5] | Map: random
[State] XDB   : Pos=[2,10] Dir=up    | CD=15 | Status=[Normal]
        Tank 05704 : Pos=[3,9] Dir=left  | CD=3 | Status=[Normal] (Visible: true)
[Replay Actions]
  鈿旓笍 Tank 05704: stay still
  馃洝锔?XDB   : stay still
[Local Simulation Evaluation]
  Chosen Target: {"action":"move","target":[1,8],"score":370,"type":"survival"}
  Path NextStep: [2,11] -> Need Turn/Move Dir: down
  馃 Local Code Action: turn("left")
  鈿狅笍 [Diverged] Local Code Action differs from Replay!
     -> Replay Action: stay still
     -> Local Code   : turn("left")
--------------------------------------------------------------------------------
Frame 40 | Star: [16,5] | Map: random
[State] XDB   : Pos=[2,10] Dir=up    | CD=14 | Status=[Normal]
        Tank 05704 : Pos=[3,9] Dir=left  | CD=2 | Status=[Normal] (Visible: true)
[Replay Actions]
  鈿旓笍 Tank 05704: stay still
  馃洝锔?XDB   : stay still
[Local Simulation Evaluation]
  Chosen Target: {"action":"move","target":[1,8],"score":370,"type":"survival"}
  Path NextStep: [2,11] -> Need Turn/Move Dir: down
  馃 Local Code Action: turn("left")
  鈿狅笍 [Diverged] Local Code Action differs from Replay!
     -> Replay Action: stay still
     -> Local Code   : turn("left")
--------------------------------------------------------------------------------
Frame 41 | Star: [16,5] | Map: random
[State] XDB   : Pos=[2,10] Dir=up    | CD=13 | Status=[Normal]
        Tank 05704 : Pos=[3,9] Dir=left  | CD=1 | Status=[Normal] (Visible: true)
[Replay Actions]
  鈿旓笍 Tank 05704: stay still
  馃洝锔?XDB   : stay still
[Local Simulation Evaluation]
  Chosen Target: {"action":"move","target":[6,5],"score":310,"type":"survival"}
  Path NextStep: [2,11] -> Need Turn/Move Dir: down
  馃 Local Code Action: turn("left")
  鈿狅笍 [Diverged] Local Code Action differs from Replay!
     -> Replay Action: stay still
     -> Local Code   : turn("left")
--------------------------------------------------------------------------------
Frame 42 | Star: [16,5] | Map: random
[State] XDB   : Pos=[2,10] Dir=up    | CD=12 | Status=[Normal]
        Tank 05704 : Pos=[3,9] Dir=left  | CD=0 | Status=[Normal] (Visible: true)
[Replay Actions]
  鈿旓笍 Tank 05704: stay still
  馃洝锔?XDB   : stay still
[Local Simulation Evaluation]
  Chosen Target: {"action":"move","target":[6,5],"score":310,"type":"survival"}
  Path NextStep: [2,11] -> Need Turn/Move Dir: down
  馃 Local Code Action: turn("left")
  鈿狅笍 [Diverged] Local Code Action differs from Replay!
     -> Replay Action: stay still
     -> Local Code   : turn("left")
--------------------------------------------------------------------------------
Frame 43 | Star: [16,5] | Map: random
[State] XDB   : Pos=[2,10] Dir=up    | CD=11 | Status=[Normal]
        Tank 05704 : Pos=[3,9] Dir=left  | CD=32 | Status=[overloaded] (Visible: true)
[Replay Actions]
  鈿旓笍 Tank 05704: stay still
  馃洝锔?XDB   : stay still
[Local Simulation Evaluation]
  Chosen Target: {"action":"move","target":[6,5],"score":310,"type":"survival"}
  Path NextStep: [2,11] -> Need Turn/Move Dir: down
  馃 Local Code Action: turn("left")
  鈿狅笍 [Diverged] Local Code Action differs from Replay!
     -> Replay Action: stay still
     -> Local Code   : turn("left")
--------------------------------------------------------------------------------
Frame 44 | Star: [16,5] | Map: random
[State] XDB   : Pos=[2,10] Dir=left  | CD=10 | Status=[Normal]
        Tank 05704 : Pos=[3,9] Dir=left  | CD=31 | Status=[Normal] (Visible: true)
[Replay Actions]
  鈿旓笍 Tank 05704: stay still
  馃洝锔?XDB   : CRASHED
[Local Simulation Evaluation]
  Chosen Target: {"action":"move","target":[16,5],"score":1381,"type":"star"}
  Path NextStep: [2,11] -> Need Turn/Move Dir: down
  馃 Local Code Action: turn("left")
  鈿狅笍 [Diverged] Local Code Action differs from Replay!
     -> Replay Action: CRASHED
     -> Local Code   : turn("left")
================================================================================
