
=================== Simulation Config ===================
  My Tank (XDB) ID : e947a123 (Index: 0)
  Enemy (ByteStorm) ID : 11c11793 (Index: 1)
=========================================================

--------------------------------------------------------------------------------
Frame 1 | Star: [17,9] | Map: classic
[State] XDB   : Pos=[17,8] Dir=up    | CD=40 | Status=[fireLocked]
        ByteStorm : Pos=[16,13] Dir=down  | CD=0 | Status=[Normal] (Visible: true)
[Replay Actions]
  鈿旓笍 ByteStorm: move to [16,13]
  馃洝锔?XDB   : teleported to [17,8]
[Local Simulation Evaluation]
  Chosen Target: {"action":"move","target":[17,9],"score":1799,"type":"star"}
  Path NextStep: [17,9] -> Need Turn/Move Dir: down
  馃 Local Code Action: turn("left")
  鈿狅笍 [Diverged] Local Code Action differs from Replay!
     -> Replay Action: teleported to [17,8]
     -> Local Code   : turn("left")
--------------------------------------------------------------------------------
Frame 2 | Star: [17,9] | Map: classic
[State] XDB   : Pos=[17,8] Dir=left  | CD=39 | Status=[fireLocked]
        ByteStorm : Pos=[16,13] Dir=left  | CD=0 | Status=[Normal] (Visible: false)
[Replay Actions]
  鈿旓笍 ByteStorm: turn right (now left)
  馃洝锔?XDB   : turn left (now left)
[Local Simulation Evaluation]
  Chosen Target: {"action":"move","target":[17,9],"score":1949,"type":"star"}
  Path NextStep: [17,9] -> Need Turn/Move Dir: down
  馃 Local Code Action: turn("left")
  鈿狅笍 [Diverged] Local Code Action differs from Replay!
     -> Replay Action: turn left (now left)
     -> Local Code   : turn("left")
--------------------------------------------------------------------------------
Frame 3 | Star: [17,9] | Map: classic
[State] XDB   : Pos=[17,8] Dir=down  | CD=38 | Status=[Normal]
        ByteStorm : Pos=[15,13] Dir=left  | CD=0 | Status=[Normal] (Visible: false)
[Replay Actions]
  鈿旓笍 ByteStorm: move to [15,13]
  馃洝锔?XDB   : turn left (now down)
[Local Simulation Evaluation]
  Chosen Target: {"action":"fire","target":[17,9],"score":2200,"type":"guard"}
  馃 Local Code Action: fire()
  鈿狅笍 [Diverged] Local Code Action differs from Replay!
     -> Replay Action: turn left (now down)
     -> Local Code   : fire()
--------------------------------------------------------------------------------
Frame 4 | Star: [17,9] | Map: classic
[State] XDB   : Pos=[17,8] Dir=down  | CD=37 | Status=[Normal]
        ByteStorm : Pos=[14,13] Dir=left  | CD=0 | Status=[Normal] (Visible: true)
[Replay Actions]
  鈿旓笍 ByteStorm: move to [14,13]
  馃洝锔?XDB   : stay still
[Local Simulation Evaluation]
  Chosen Target: {"action":"move","target":[17,9],"score":1799,"type":"star"}
  Path NextStep: [17,9] -> Need Turn/Move Dir: down
  馃 Local Code Action: go(1)
  鈿狅笍 [Diverged] Local Code Action differs from Replay!
     -> Replay Action: stay still
     -> Local Code   : go(1)
--------------------------------------------------------------------------------
Frame 5 | Star: null | Map: classic
[State] XDB   : Pos=[17,9] Dir=down  | CD=36 | Status=[Normal]
        ByteStorm : Pos=[14,13] Dir=up    | CD=0 | Status=[Normal] (Visible: true)
[Replay Actions]
  鈿旓笍 ByteStorm: turn right (now up)
  馃洝锔?XDB   : move to [17,9]
[Local Simulation Evaluation]
  Chosen Target: {"action":"move","target":[13,8],"score":750,"type":"survival"}
  Path NextStep: [17,8] -> Need Turn/Move Dir: up
  馃 Local Code Action: turn("right")
  鈿狅笍 [Diverged] Local Code Action differs from Replay!
     -> Replay Action: move to [17,9]
     -> Local Code   : turn("right")
--------------------------------------------------------------------------------
Frame 6 | Star: null | Map: classic
[State] XDB   : Pos=[17,9] Dir=left  | CD=35 | Status=[Normal]
        ByteStorm : Pos=[14,12] Dir=up    | CD=0 | Status=[Normal] (Visible: true)
[Replay Actions]
  鈿旓笍 ByteStorm: move to [14,12]
  馃洝锔?XDB   : turn right (now left)
[Local Simulation Evaluation]
  Chosen Target: {"action":"move","target":[13,8],"score":1550,"type":"survival"}
  Path NextStep: [17,8] -> Need Turn/Move Dir: up
  馃 Local Code Action: turn("right")
  鈿狅笍 [Diverged] Local Code Action differs from Replay!
     -> Replay Action: turn right (now left)
     -> Local Code   : turn("right")
--------------------------------------------------------------------------------
Frame 7 | Star: null | Map: classic
[State] XDB   : Pos=[17,9] Dir=up    | CD=34 | Status=[Normal]
        ByteStorm : Pos=[14,12] Dir=left  | CD=0 | Status=[Normal] (Visible: true)
[Replay Actions]
  鈿旓笍 ByteStorm: turn left (now left)
  馃洝锔?XDB   : turn right (now up)
[Local Simulation Evaluation]
  Chosen Target: {"action":"move","target":[13,8],"score":1550,"type":"survival"}
  Path NextStep: [17,8] -> Need Turn/Move Dir: up
  馃 Local Code Action: go(1)
  鈿狅笍 [Diverged] Local Code Action differs from Replay!
     -> Replay Action: turn right (now up)
     -> Local Code   : go(1)
--------------------------------------------------------------------------------
Frame 8 | Star: null | Map: classic
[State] XDB   : Pos=[17,8] Dir=up    | CD=33 | Status=[Normal]
        ByteStorm : Pos=[14,12] Dir=up    | CD=0 | Status=[Normal] (Visible: true)
[Replay Actions]
  鈿旓笍 ByteStorm: turn right (now up)
  馃洝锔?XDB   : move to [17,8]
[Local Simulation Evaluation]
  Chosen Target: {"action":"move","target":[13,8],"score":1560,"type":"survival"}
  Path NextStep: [16,8] -> Need Turn/Move Dir: left
  馃 Local Code Action: turn("left")
  鈿狅笍 [Diverged] Local Code Action differs from Replay!
     -> Replay Action: move to [17,8]
     -> Local Code   : turn("left")
--------------------------------------------------------------------------------
Frame 9 | Star: null | Map: classic
[State] XDB   : Pos=[17,8] Dir=left  | CD=32 | Status=[Normal]
        ByteStorm : Pos=[14,11] Dir=up    | CD=0 | Status=[Normal] (Visible: true)
[Replay Actions]
  鈿旓笍 ByteStorm: move to [14,11]
  馃洝锔?XDB   : turn left (now left)
[Local Simulation Evaluation]
  Chosen Target: {"action":"move","target":[13,8],"score":1560,"type":"survival"}
  Path NextStep: [16,8] -> Need Turn/Move Dir: left
  馃 Local Code Action: go(1)
  鈿狅笍 [Diverged] Local Code Action differs from Replay!
     -> Replay Action: turn left (now left)
     -> Local Code   : go(1)
--------------------------------------------------------------------------------
Frame 10 | Star: null | Map: classic
[State] XDB   : Pos=[16,8] Dir=left  | CD=31 | Status=[Normal]
        ByteStorm : Pos=[14,10] Dir=up    | CD=0 | Status=[Normal] (Visible: true)
[Replay Actions]
  鈿旓笍 ByteStorm: move to [14,10]
  馃洝锔?XDB   : move to [16,8]
[Local Simulation Evaluation]
  Chosen Target: {"action":"move","target":[12,8],"score":1560,"type":"survival"}
  Path NextStep: [16,7] -> Need Turn/Move Dir: up
  馃 Local Code Action: turn("right")
  鈿狅笍 [Diverged] Local Code Action differs from Replay!
     -> Replay Action: move to [16,8]
     -> Local Code   : turn("right")
--------------------------------------------------------------------------------
Frame 11 | Star: null | Map: classic
[State] XDB   : Pos=[16,8] Dir=up    | CD=30 | Status=[Normal]
        ByteStorm : Pos=[14,10] Dir=right | CD=0 | Status=[Normal] (Visible: true)
[Replay Actions]
  鈿旓笍 ByteStorm: turn right (now right)
  馃洝锔?XDB   : turn right (now up)
[Local Simulation Evaluation]
  Chosen Target: {"action":"move","target":[12,7],"score":1550,"type":"survival"}
  Path NextStep: [16,7] -> Need Turn/Move Dir: up
  馃 Local Code Action: go(1)
  鈿狅笍 [Diverged] Local Code Action differs from Replay!
     -> Replay Action: turn right (now up)
     -> Local Code   : go(1)
--------------------------------------------------------------------------------
Frame 12 | Star: null | Map: classic
[State] XDB   : Pos=[16,7] Dir=up    | CD=29 | Status=[Normal]
        ByteStorm : Pos=[15,10] Dir=right | CD=0 | Status=[Normal] (Visible: true)
[Replay Actions]
  鈿旓笍 ByteStorm: move to [15,10]
  馃洝锔?XDB   : move to [16,7]
[Local Simulation Evaluation]
  Chosen Target: {"action":"move","target":[12,7],"score":1560,"type":"survival"}
  Path NextStep: [16,6] -> Need Turn/Move Dir: up
  馃 Local Code Action: go(1)
  鈿狅笍 [Diverged] Local Code Action differs from Replay!
     -> Replay Action: move to [16,7]
     -> Local Code   : go(1)
--------------------------------------------------------------------------------
Frame 13 | Star: null | Map: classic
[State] XDB   : Pos=[16,6] Dir=up    | CD=28 | Status=[Normal]
        ByteStorm : Pos=[15,10] Dir=up    | CD=0 | Status=[Normal] (Visible: true)
[Replay Actions]
  鈿旓笍 ByteStorm: turn left (now up)
  馃洝锔?XDB   : move to [16,6]
[Local Simulation Evaluation]
  Chosen Target: {"action":"move","target":[13,6],"score":1570,"type":"survival"}
  Path NextStep: [16,5] -> Need Turn/Move Dir: up
  馃 Local Code Action: turn("right")
  鈿狅笍 [Diverged] Local Code Action differs from Replay!
     -> Replay Action: move to [16,6]
     -> Local Code   : turn("right")
--------------------------------------------------------------------------------
Frame 14 | Star: null | Map: classic
[State] XDB   : Pos=[16,6] Dir=right | CD=27 | Status=[Normal]
        ByteStorm : Pos=[15,10] Dir=right | CD=0 | Status=[Normal] (Visible: true)
[Replay Actions]
  鈿旓笍 ByteStorm: turn right (now right)
  馃洝锔?XDB   : turn right (now right)
[Local Simulation Evaluation]
  Chosen Target: {"action":"move","target":[13,6],"score":1570,"type":"survival"}
  Path NextStep: [17,6] -> Need Turn/Move Dir: right
  馃 Local Code Action: go(1)
  鈿狅笍 [Diverged] Local Code Action differs from Replay!
     -> Replay Action: turn right (now right)
     -> Local Code   : go(1)
--------------------------------------------------------------------------------
Frame 15 | Star: [6,6] | Map: classic
[State] XDB   : Pos=[17,6] Dir=right | CD=26 | Status=[Normal]
        ByteStorm : Pos=[16,10] Dir=right | CD=0 | Status=[Normal] (Visible: true)
[Replay Actions]
  鈿旓笍 ByteStorm: move to [16,10]
  馃洝锔?XDB   : move to [17,6]
[Local Simulation Evaluation]
  Chosen Target: {"action":"move","target":[6,6],"score":1789,"type":"star"}
  Path NextStep: [17,5] -> Need Turn/Move Dir: up
  馃 Local Code Action: stay still
  鈿狅笍 [Diverged] Local Code Action differs from Replay!
     -> Replay Action: move to [17,6]
     -> Local Code   : stay still
--------------------------------------------------------------------------------
Frame 16 | Star: [6,6] | Map: classic
[State] XDB   : Pos=[17,6] Dir=right | CD=25 | Status=[Normal]
        ByteStorm : Pos=[16,10] Dir=up    | CD=0 | Status=[Normal] (Visible: true)
[Replay Actions]
  鈿旓笍 ByteStorm: turn left (now up)
  馃洝锔?XDB   : stay still
[Local Simulation Evaluation]
  Chosen Target: {"action":"move","target":[6,6],"score":1789,"type":"star"}
  Path NextStep: [17,5] -> Need Turn/Move Dir: up
  馃 Local Code Action: turn("left")
  鈿狅笍 [Diverged] Local Code Action differs from Replay!
     -> Replay Action: stay still
     -> Local Code   : turn("left")
--------------------------------------------------------------------------------
Frame 17 | Star: [6,6] | Map: classic
[State] XDB   : Pos=[17,6] Dir=up    | CD=24 | Status=[Normal]
        ByteStorm : Pos=[16,10] Dir=up    | CD=32 | Status=[overloaded] (Visible: true)
[Replay Actions]
  鈿旓笍 ByteStorm: stay still
  馃洝锔?XDB   : turn left (now up)
[Local Simulation Evaluation]
  Chosen Target: {"action":"move","target":[6,6],"score":1389,"type":"star"}
  Path NextStep: [17,5] -> Need Turn/Move Dir: up
  馃 Local Code Action: go(1)
  鈿狅笍 [Diverged] Local Code Action differs from Replay!
     -> Replay Action: turn left (now up)
     -> Local Code   : go(1)
--------------------------------------------------------------------------------
Frame 18 | Star: [6,6] | Map: classic
[State] XDB   : Pos=[17,5] Dir=up    | CD=23 | Status=[Normal]
        ByteStorm : Pos=[16,10] Dir=up    | CD=31 | Status=[Normal] (Visible: true)
[Replay Actions]
  鈿旓笍 ByteStorm: stay still
  馃洝锔?XDB   : move to [17,5]
[Local Simulation Evaluation]
  Chosen Target: {"action":"move","target":[6,6],"score":1388,"type":"star"}
  Path NextStep: [17,4] -> Need Turn/Move Dir: up
  馃 Local Code Action: go(1)
  鈿狅笍 [Diverged] Local Code Action differs from Replay!
     -> Replay Action: move to [17,5]
     -> Local Code   : go(1)
--------------------------------------------------------------------------------
Frame 19 | Star: [6,6] | Map: classic
[State] XDB   : Pos=[17,4] Dir=up    | CD=22 | Status=[Normal]
        ByteStorm : Pos=[16,9] Dir=up    | CD=30 | Status=[Normal] (Visible: true)
[Replay Actions]
  鈿旓笍 ByteStorm: move to [16,9]
  馃洝锔?XDB   : move to [17,4]
[Local Simulation Evaluation]
  Chosen Target: {"action":"move","target":[6,6],"score":1387,"type":"star"}
  Path NextStep: [17,3] -> Need Turn/Move Dir: up
  馃 Local Code Action: go(1)
  鈿狅笍 [Diverged] Local Code Action differs from Replay!
     -> Replay Action: move to [17,4]
     -> Local Code   : go(1)
--------------------------------------------------------------------------------
Frame 20 | Star: [6,6] | Map: classic
[State] XDB   : Pos=[17,3] Dir=up    | CD=21 | Status=[Normal]
        ByteStorm : Pos=[16,8] Dir=up    | CD=29 | Status=[Normal] (Visible: true)
[Replay Actions]
  鈿旓笍 ByteStorm: move to [16,8]
  馃洝锔?XDB   : move to [17,3]
[Local Simulation Evaluation]
  Chosen Target: {"action":"move","target":[6,6],"score":1386,"type":"star"}
  Path NextStep: [17,2] -> Need Turn/Move Dir: up
  馃 Local Code Action: go(1)
  鈿狅笍 [Diverged] Local Code Action differs from Replay!
     -> Replay Action: move to [17,3]
     -> Local Code   : go(1)
--------------------------------------------------------------------------------
Frame 21 | Star: [6,6] | Map: classic
[State] XDB   : Pos=[17,2] Dir=up    | CD=20 | Status=[Normal]
        ByteStorm : Pos=[16,7] Dir=up    | CD=28 | Status=[Normal] (Visible: true)
[Replay Actions]
  鈿旓笍 ByteStorm: move to [16,7]
  馃洝锔?XDB   : CRASHED
[Local Simulation Evaluation]
  Chosen Target: {"action":"move","target":[6,6],"score":1385,"type":"star"}
  Path NextStep: [17,1] -> Need Turn/Move Dir: up
  馃 Local Code Action: go(1)
  鈿狅笍 [Diverged] Local Code Action differs from Replay!
     -> Replay Action: CRASHED
     -> Local Code   : go(1)
================================================================================
