
=================== Simulation Config ===================
  My Tank (XDB) ID : a7fa7a46 (Index: 0)
  Enemy (ByteStorm) ID : 87b8c55f (Index: 1)
=========================================================

--------------------------------------------------------------------------------
Frame 1 | Star: [2,7] | Map: classic
[State] XDB   : Pos=[2,1] Dir=up    | CD=0 | Status=[Normal]
        ByteStorm : Pos=[16,13] Dir=down  | CD=0 | Status=[Normal] (Visible: true)
[Replay Actions]
  鈿旓笍 ByteStorm: move to [16,13]
  馃洝锔?XDB   : move to [2,1]
[Local Simulation Evaluation]
  Chosen Target: {"action":"move","target":[2,7],"score":1794,"type":"star"}
  Path NextStep: [3,1] -> Need Turn/Move Dir: right
  馃 Local Code Action: turn("right")
  鈿狅笍 [Diverged] Local Code Action differs from Replay!
     -> Replay Action: move to [2,1]
     -> Local Code   : turn("right")
--------------------------------------------------------------------------------
Frame 2 | Star: [2,7] | Map: classic
[State] XDB   : Pos=[2,1] Dir=right | CD=0 | Status=[Normal]
        ByteStorm : Pos=[16,13] Dir=left  | CD=0 | Status=[Normal] (Visible: false)
[Replay Actions]
  鈿旓笍 ByteStorm: turn right (now left)
  馃洝锔?XDB   : turn right (now right)
[Local Simulation Evaluation]
  Chosen Target: {"action":"move","target":[2,7],"score":1944,"type":"star"}
  Path NextStep: [3,1] -> Need Turn/Move Dir: right
  馃 Local Code Action: go(1)
  鈿狅笍 [Diverged] Local Code Action differs from Replay!
     -> Replay Action: turn right (now right)
     -> Local Code   : go(1)
--------------------------------------------------------------------------------
Frame 3 | Star: [2,7] | Map: classic
[State] XDB   : Pos=[3,1] Dir=right | CD=0 | Status=[Normal]
        ByteStorm : Pos=[15,13] Dir=left  | CD=0 | Status=[Normal] (Visible: false)
[Replay Actions]
  鈿旓笍 ByteStorm: move to [15,13]
  馃洝锔?XDB   : move to [3,1]
[Local Simulation Evaluation]
  Chosen Target: {"action":"move","target":[2,7],"score":1943,"type":"star"}
  Path NextStep: [4,1] -> Need Turn/Move Dir: right
  馃 Local Code Action: go(1)
  鈿狅笍 [Diverged] Local Code Action differs from Replay!
     -> Replay Action: move to [3,1]
     -> Local Code   : go(1)
--------------------------------------------------------------------------------
Frame 4 | Star: [2,7] | Map: classic
[State] XDB   : Pos=[4,1] Dir=right | CD=0 | Status=[Normal]
        ByteStorm : Pos=[14,13] Dir=left  | CD=0 | Status=[Normal] (Visible: true)
[Replay Actions]
  鈿旓笍 ByteStorm: move to [14,13]
  馃洝锔?XDB   : move to [4,1]
[Local Simulation Evaluation]
  Chosen Target: {"action":"teleport","target":[1,7],"score":1800,"type":"star"}
  馃 Local Code Action: teleport(1, 7)
  鈿狅笍 [Diverged] Local Code Action differs from Replay!
     -> Replay Action: move to [4,1]
     -> Local Code   : teleport(1, 7)
--------------------------------------------------------------------------------
Frame 5 | Star: [2,7] | Map: classic
[State] XDB   : Pos=[1,7] Dir=right | CD=40 | Status=[fireLocked]
        ByteStorm : Pos=[13,13] Dir=left  | CD=0 | Status=[Normal] (Visible: true)
[Replay Actions]
  鈿旓笍 ByteStorm: move to [13,13]
  馃洝锔?XDB   : teleported to [1,7]
[Local Simulation Evaluation]
  Chosen Target: {"action":"move","target":[1,7],"score":1300,"type":"star"}
  馃 Local Code Action: speak("浼犻€佸欢杩熺瓑寰?) | speak("浼犻€佸欢杩熺瓑寰?)
  鈿狅笍 [Diverged] Local Code Action differs from Replay!
     -> Replay Action: teleported to [1,7]
     -> Local Code   : speak("浼犻€佸欢杩熺瓑寰?) | speak("浼犻€佸欢杩熺瓑寰?)
--------------------------------------------------------------------------------
Frame 6 | Star: [2,7] | Map: classic
[State] XDB   : Pos=[1,7] Dir=right | CD=39 | Status=[fireLocked]
        ByteStorm : Pos=[12,13] Dir=left  | CD=0 | Status=[Normal] (Visible: true)
[Replay Actions]
  鈿旓笍 ByteStorm: move to [12,13]
  馃洝锔?XDB   : stay still
[Local Simulation Evaluation]
  Chosen Target: {"action":"move","target":[2,7],"score":1949,"type":"star"}
  Path NextStep: [2,7] -> Need Turn/Move Dir: right
  馃 Local Code Action: go(1)
  鈿狅笍 [Diverged] Local Code Action differs from Replay!
     -> Replay Action: stay still
     -> Local Code   : go(1)
--------------------------------------------------------------------------------
Frame 7 | Star: null | Map: classic
[State] XDB   : Pos=[2,7] Dir=right | CD=38 | Status=[Normal]
        ByteStorm : Pos=[11,13] Dir=left  | CD=0 | Status=[Normal] (Visible: true)
[Replay Actions]
  鈿旓笍 ByteStorm: move to [11,13]
  馃洝锔?XDB   : move to [2,7]
[Local Simulation Evaluation]
  Chosen Target: {"action":"move","target":[5,7],"score":770,"type":"survival"}
  Path NextStep: [3,7] -> Need Turn/Move Dir: right
  馃 Local Code Action: go(1)
  鈿狅笍 [Diverged] Local Code Action differs from Replay!
     -> Replay Action: move to [2,7]
     -> Local Code   : go(1)
--------------------------------------------------------------------------------
Frame 8 | Star: null | Map: classic
[State] XDB   : Pos=[3,7] Dir=right | CD=37 | Status=[Normal]
        ByteStorm : Pos=[10,13] Dir=left  | CD=0 | Status=[Normal] (Visible: true)
[Replay Actions]
  鈿旓笍 ByteStorm: move to [10,13]
  馃洝锔?XDB   : move to [3,7]
[Local Simulation Evaluation]
  Chosen Target: {"action":"move","target":[5,7],"score":1580,"type":"survival"}
  Path NextStep: [4,7] -> Need Turn/Move Dir: right
  馃 Local Code Action: go(1)
  鈿狅笍 [Diverged] Local Code Action differs from Replay!
     -> Replay Action: move to [3,7]
     -> Local Code   : go(1)
--------------------------------------------------------------------------------
Frame 9 | Star: null | Map: classic
[State] XDB   : Pos=[4,7] Dir=right | CD=36 | Status=[Normal]
        ByteStorm : Pos=[9,13] Dir=left  | CD=0 | Status=[Normal] (Visible: true)
[Replay Actions]
  鈿旓笍 ByteStorm: move to [9,13]
  馃洝锔?XDB   : move to [4,7]
[Local Simulation Evaluation]
  Chosen Target: {"action":"turn","target":[4,8],"score":9850,"type":"pre_aim"}
  馃 Local Code Action: turn("right")
  鈿狅笍 [Diverged] Local Code Action differs from Replay!
     -> Replay Action: move to [4,7]
     -> Local Code   : turn("right")
--------------------------------------------------------------------------------
Frame 10 | Star: null | Map: classic
[State] XDB   : Pos=[4,7] Dir=down  | CD=35 | Status=[Normal]
        ByteStorm : Pos=[8,13] Dir=left  | CD=0 | Status=[Normal] (Visible: true)
[Replay Actions]
  鈿旓笍 ByteStorm: move to [8,13]
  馃洝锔?XDB   : turn right (now down)
[Local Simulation Evaluation]
  Chosen Target: {"action":"move","target":[4,7],"score":9840,"type":"pre_aim"}
  馃 Local Code Action: stay still
  鈿狅笍 [Diverged] Local Code Action differs from Replay!
     -> Replay Action: turn right (now down)
     -> Local Code   : stay still
--------------------------------------------------------------------------------
Frame 11 | Star: null | Map: classic
[State] XDB   : Pos=[4,7] Dir=down  | CD=34 | Status=[Normal]
        ByteStorm : Pos=[7,13] Dir=left  | CD=0 | Status=[Normal] (Visible: true)
[Replay Actions]
  鈿旓笍 ByteStorm: move to [7,13]
  馃洝锔?XDB   : stay still
[Local Simulation Evaluation]
  Chosen Target: {"action":"move","target":[4,7],"score":9840,"type":"pre_aim"}
  馃 Local Code Action: stay still
--------------------------------------------------------------------------------
Frame 12 | Star: null | Map: classic
[State] XDB   : Pos=[4,7] Dir=down  | CD=33 | Status=[Normal]
        ByteStorm : Pos=[6,13] Dir=left  | CD=0 | Status=[Normal] (Visible: true)
[Replay Actions]
  鈿旓笍 ByteStorm: move to [6,13]
  馃洝锔?XDB   : stay still
[Local Simulation Evaluation]
  Chosen Target: {"action":"move","target":[4,7],"score":9840,"type":"pre_aim"}
  馃 Local Code Action: turn("left")
  鈿狅笍 [Diverged] Local Code Action differs from Replay!
     -> Replay Action: stay still
     -> Local Code   : turn("left")
--------------------------------------------------------------------------------
Frame 13 | Star: null | Map: classic
[State] XDB   : Pos=[4,7] Dir=right | CD=32 | Status=[Normal]
        ByteStorm : Pos=[5,13] Dir=left  | CD=0 | Status=[Normal] (Visible: true)
[Replay Actions]
  鈿旓笍 ByteStorm: move to [5,13]
  馃洝锔?XDB   : turn left (now right)
[Local Simulation Evaluation]
  Chosen Target: {"action":"move","target":[5,7],"score":1590,"type":"survival"}
  Path NextStep: [5,7] -> Need Turn/Move Dir: right
  馃 Local Code Action: go(1)
  鈿狅笍 [Diverged] Local Code Action differs from Replay!
     -> Replay Action: turn left (now right)
     -> Local Code   : go(1)
--------------------------------------------------------------------------------
Frame 14 | Star: null | Map: classic
[State] XDB   : Pos=[5,7] Dir=right | CD=31 | Status=[Normal]
        ByteStorm : Pos=[4,13] Dir=left  | CD=0 | Status=[Normal] (Visible: true)
[Replay Actions]
  鈿旓笍 ByteStorm: move to [4,13]
  馃洝锔?XDB   : move to [5,7]
[Local Simulation Evaluation]
  Chosen Target: {"action":"move","target":[5,7],"score":300,"type":"survival"}
  馃 Local Code Action: stay still
  鈿狅笍 [Diverged] Local Code Action differs from Replay!
     -> Replay Action: move to [5,7]
     -> Local Code   : stay still
--------------------------------------------------------------------------------
Frame 15 | Star: null | Map: classic
[State] XDB   : Pos=[5,7] Dir=right | CD=30 | Status=[Normal]
        ByteStorm : Pos=[4,13] Dir=up    | CD=0 | Status=[Normal] (Visible: true)
[Replay Actions]
  鈿旓笍 ByteStorm: turn right (now up)
  馃洝锔?XDB   : stay still
[Local Simulation Evaluation]
  Chosen Target: {"action":"turn","target":[4,7],"score":9850,"type":"pre_aim"}
  馃 Local Code Action: turn("right")
  鈿狅笍 [Diverged] Local Code Action differs from Replay!
     -> Replay Action: stay still
     -> Local Code   : turn("right")
--------------------------------------------------------------------------------
Frame 16 | Star: null | Map: classic
[State] XDB   : Pos=[5,7] Dir=down  | CD=29 | Status=[Normal]
        ByteStorm : Pos=[4,12] Dir=up    | CD=0 | Status=[Normal] (Visible: true)
[Replay Actions]
  鈿旓笍 ByteStorm: move to [4,12]
  馃洝锔?XDB   : turn right (now down)
[Local Simulation Evaluation]
  Chosen Target: {"action":"turn","target":[4,7],"score":9850,"type":"pre_aim"}
  馃 Local Code Action: turn("right")
  鈿狅笍 [Diverged] Local Code Action differs from Replay!
     -> Replay Action: turn right (now down)
     -> Local Code   : turn("right")
--------------------------------------------------------------------------------
Frame 17 | Star: [8,2] | Map: classic
[State] XDB   : Pos=[5,7] Dir=left  | CD=28 | Status=[Normal]
        ByteStorm : Pos=[4,11] Dir=up    | CD=0 | Status=[Normal] (Visible: true)
[Replay Actions]
  鈿旓笍 ByteStorm: move to [4,11]
  馃洝锔?XDB   : turn right (now left)
[Local Simulation Evaluation]
  Chosen Target: {"action":"move","target":[5,7],"score":9840,"type":"pre_aim"}
  馃 Local Code Action: speak("鎴戝緱鍒? 鎴?1 鏁?0")
  鈿狅笍 [Diverged] Local Code Action differs from Replay!
     -> Replay Action: turn right (now left)
     -> Local Code   : speak("鎴戝緱鍒? 鎴?1 鏁?0")
--------------------------------------------------------------------------------
Frame 18 | Star: [8,2] | Map: classic
[State] XDB   : Pos=[5,7] Dir=left  | CD=27 | Status=[Normal]
        ByteStorm : Pos=[4,10] Dir=up    | CD=0 | Status=[Normal] (Visible: true)
[Replay Actions]
  鈿旓笍 ByteStorm: move to [4,10]
  馃洝锔?XDB   : stay still
[Local Simulation Evaluation]
  Chosen Target: {"action":"move","target":[5,7],"score":9840,"type":"pre_aim"}
  馃 Local Code Action: stay still
--------------------------------------------------------------------------------
Frame 19 | Star: [8,2] | Map: classic
[State] XDB   : Pos=[5,7] Dir=left  | CD=26 | Status=[Normal]
        ByteStorm : Pos=[4,9] Dir=up    | CD=0 | Status=[Normal] (Visible: true)
[Replay Actions]
  鈿旓笍 ByteStorm: move to [4,9]
  馃洝锔?XDB   : stay still
[DEBUG isEnemyOverloadActive] Frame=19, hasOverload=true, status.overloaded=false, skillReady=true
[Local Simulation Evaluation]
  Chosen Target: {"action":"move","target":[5,7],"score":9840,"type":"pre_aim"}
[DEBUG tacticalDefense] Frame=19, !ctx.enemyBullet=true, ctx.enemyPos=4,9, me.bullet=null
[DEBUG tacticalDefense] Frame=19, recentlySeen=true, ghostDist=3
[DEBUG isEnemyOverloadActive] Frame=19, hasOverload=true, status.overloaded=false, skillReady=true
[DEBUG isEnemyOverloadActive] Frame=19, hasOverload=true, status.overloaded=false, skillReady=true
[DEBUG isEnemyOverloadActive] Frame=19, hasOverload=true, status.overloaded=false, skillReady=true
[DEBUG isEnemyOverloadActive] Frame=19, hasOverload=true, status.overloaded=false, skillReady=true
[DEBUG isEnemyOverloadActive] Frame=19, hasOverload=true, status.overloaded=false, skillReady=true
[DEBUG isEnemyOverloadActive] Frame=19, hasOverload=true, status.overloaded=false, skillReady=true
[DEBUG isEnemyOverloadActive] Frame=19, hasOverload=true, status.overloaded=false, skillReady=true
[DEBUG isEnemyOverloadActive] Frame=19, hasOverload=true, status.overloaded=false, skillReady=true
[DEBUG isEnemyOverloadActive] Frame=19, hasOverload=true, status.overloaded=false, skillReady=true
[DEBUG isEnemyOverloadActive] Frame=19, hasOverload=true, status.overloaded=false, skillReady=true
[DEBUG isEnemyOverloadActive] Frame=19, hasOverload=true, status.overloaded=false, skillReady=true
[DEBUG isEnemyOverloadActive] Frame=19, hasOverload=true, status.overloaded=false, skillReady=true
[DEBUG isEnemyOverloadActive] Frame=19, hasOverload=true, status.overloaded=false, skillReady=true
[DEBUG isEnemyOverloadActive] Frame=19, hasOverload=true, status.overloaded=false, skillReady=true
[DEBUG isEnemyOverloadActive] Frame=19, hasOverload=true, status.overloaded=false, skillReady=true
[DEBUG isEnemyOverloadActive] Frame=19, hasOverload=true, status.overloaded=false, skillReady=true
[DEBUG isEnemyOverloadActive] Frame=19, hasOverload=true, status.overloaded=false, skillReady=true
[DEBUG isEnemyOverloadActive] Frame=19, hasOverload=true, status.overloaded=false, skillReady=true
[DEBUG isEnemyOverloadActive] Frame=19, hasOverload=true, status.overloaded=false, skillReady=true
[DEBUG isEnemyOverloadActive] Frame=19, hasOverload=true, status.overloaded=false, skillReady=true
[DEBUG isEnemyOverloadActive] Frame=19, hasOverload=true, status.overloaded=false, skillReady=true
[DEBUG isEnemyOverloadActive] Frame=19, hasOverload=true, status.overloaded=false, skillReady=true
[DEBUG isEnemyOverloadActive] Frame=19, hasOverload=true, status.overloaded=false, skillReady=true
[DEBUG isEnemyOverloadActive] Frame=19, hasOverload=true, status.overloaded=false, skillReady=true
[DEBUG isEnemyOverloadActive] Frame=19, hasOverload=true, status.overloaded=false, skillReady=true
[DEBUG isEnemyOverloadActive] Frame=19, hasOverload=true, status.overloaded=false, skillReady=true
[DEBUG isEnemyOverloadActive] Frame=19, hasOverload=true, status.overloaded=false, skillReady=true
[DEBUG isEnemyOverloadActive] Frame=19, hasOverload=true, status.overloaded=false, skillReady=true
[DEBUG isEnemyOverloadActive] Frame=19, hasOverload=true, status.overloaded=false, skillReady=true
[DEBUG isEnemyOverloadActive] Frame=19, hasOverload=true, status.overloaded=false, skillReady=true
[DEBUG isEnemyOverloadActive] Frame=19, hasOverload=true, status.overloaded=false, skillReady=true
[DEBUG isEnemyOverloadActive] Frame=19, hasOverload=true, status.overloaded=false, skillReady=true
[DEBUG isEnemyOverloadActive] Frame=19, hasOverload=true, status.overloaded=false, skillReady=true
[DEBUG isEnemyOverloadActive] Frame=19, hasOverload=true, status.overloaded=false, skillReady=true
[DEBUG isEnemyOverloadActive] Frame=19, hasOverload=true, status.overloaded=false, skillReady=true
[DEBUG isEnemyOverloadActive] Frame=19, hasOverload=true, status.overloaded=false, skillReady=true
[DEBUG isEnemyOverloadActive] Frame=19, hasOverload=true, status.overloaded=false, skillReady=true
[DEBUG isEnemyOverloadActive] Frame=19, hasOverload=true, status.overloaded=false, skillReady=true
[DEBUG isEnemyOverloadActive] Frame=19, hasOverload=true, status.overloaded=false, skillReady=true
[DEBUG isEnemyOverloadActive] Frame=19, hasOverload=true, status.overloaded=false, skillReady=true
[DEBUG isEnemyOverloadActive] Frame=19, hasOverload=true, status.overloaded=false, skillReady=true
[DEBUG isEnemyOverloadActive] Frame=19, hasOverload=true, status.overloaded=false, skillReady=true
[DEBUG isEnemyOverloadActive] Frame=19, hasOverload=true, status.overloaded=false, skillReady=true
[DEBUG isEnemyOverloadActive] Frame=19, hasOverload=true, status.overloaded=false, skillReady=true
[DEBUG isEnemyOverloadActive] Frame=19, hasOverload=true, status.overloaded=false, skillReady=true
[DEBUG isEnemyOverloadActive] Frame=19, hasOverload=true, status.overloaded=false, skillReady=true
[DEBUG isEnemyOverloadActive] Frame=19, hasOverload=true, status.overloaded=false, skillReady=true
[DEBUG isEnemyOverloadActive] Frame=19, hasOverload=true, status.overloaded=false, skillReady=true
[DEBUG isEnemyOverloadActive] Frame=19, hasOverload=true, status.overloaded=false, skillReady=true
[DEBUG isEnemyOverloadActive] Frame=19, hasOverload=true, status.overloaded=false, skillReady=true
[DEBUG isEnemyOverloadActive] Frame=19, hasOverload=true, status.overloaded=false, skillReady=true
[DEBUG isEnemyOverloadActive] Frame=19, hasOverload=true, status.overloaded=false, skillReady=true
[DEBUG isEnemyOverloadActive] Frame=19, hasOverload=true, status.overloaded=false, skillReady=true
[DEBUG isEnemyOverloadActive] Frame=19, hasOverload=true, status.overloaded=false, skillReady=true
[DEBUG isEnemyOverloadActive] Frame=19, hasOverload=true, status.overloaded=false, skillReady=true
[DEBUG isEnemyOverloadActive] Frame=19, hasOverload=true, status.overloaded=false, skillReady=true
[DEBUG isEnemyOverloadActive] Frame=19, hasOverload=true, status.overloaded=false, skillReady=true
[DEBUG isEnemyOverloadActive] Frame=19, hasOverload=true, status.overloaded=false, skillReady=true
[DEBUG isEnemyOverloadActive] Frame=19, hasOverload=true, status.overloaded=false, skillReady=true
[DEBUG isEnemyOverloadActive] Frame=19, hasOverload=true, status.overloaded=false, skillReady=true
[DEBUG isEnemyOverloadActive] Frame=19, hasOverload=true, status.overloaded=false, skillReady=true
[DEBUG isEnemyOverloadActive] Frame=19, hasOverload=true, status.overloaded=false, skillReady=true
[DEBUG isEnemyOverloadActive] Frame=19, hasOverload=true, status.overloaded=false, skillReady=true
[DEBUG isEnemyOverloadActive] Frame=19, hasOverload=true, status.overloaded=false, skillReady=true
[DEBUG isEnemyOverloadActive] Frame=19, hasOverload=true, status.overloaded=false, skillReady=true
[DEBUG isEnemyOverloadActive] Frame=19, hasOverload=true, status.overloaded=false, skillReady=true
[DEBUG isEnemyOverloadActive] Frame=19, hasOverload=true, status.overloaded=false, skillReady=true
[DEBUG isEnemyOverloadActive] Frame=19, hasOverload=true, status.overloaded=false, skillReady=true
[DEBUG isEnemyOverloadActive] Frame=19, hasOverload=true, status.overloaded=false, skillReady=true
[DEBUG isEnemyOverloadActive] Frame=19, hasOverload=true, status.overloaded=false, skillReady=true
[DEBUG isEnemyOverloadActive] Frame=19, hasOverload=true, status.overloaded=false, skillReady=true
[DEBUG isEnemyOverloadActive] Frame=19, hasOverload=true, status.overloaded=false, skillReady=true
[DEBUG isEnemyOverloadActive] Frame=19, hasOverload=true, status.overloaded=false, skillReady=true
[DEBUG isEnemyOverloadActive] Frame=19, hasOverload=true, status.overloaded=false, skillReady=true
[DEBUG isEnemyOverloadActive] Frame=19, hasOverload=true, status.overloaded=false, skillReady=true
[DEBUG isEnemyOverloadActive] Frame=19, hasOverload=true, status.overloaded=false, skillReady=true
[DEBUG isEnemyOverloadActive] Frame=19, hasOverload=true, status.overloaded=false, skillReady=true
[DEBUG isEnemyOverloadActive] Frame=19, hasOverload=true, status.overloaded=false, skillReady=true
[DEBUG isEnemyOverloadActive] Frame=19, hasOverload=true, status.overloaded=false, skillReady=true
[DEBUG isEnemyOverloadActive] Frame=19, hasOverload=true, status.overloaded=false, skillReady=true
[DEBUG isEnemyOverloadActive] Frame=19, hasOverload=true, status.overloaded=false, skillReady=true
[DEBUG isEnemyOverloadActive] Frame=19, hasOverload=true, status.overloaded=false, skillReady=true
[DEBUG isEnemyOverloadActive] Frame=19, hasOverload=true, status.overloaded=false, skillReady=true
[DEBUG isEnemyOverloadActive] Frame=19, hasOverload=true, status.overloaded=false, skillReady=true
[DEBUG isEnemyOverloadActive] Frame=19, hasOverload=true, status.overloaded=false, skillReady=true
[DEBUG isEnemyOverloadActive] Frame=19, hasOverload=true, status.overloaded=false, skillReady=true
[DEBUG isEnemyOverloadActive] Frame=19, hasOverload=true, status.overloaded=false, skillReady=true
[DEBUG isEnemyOverloadActive] Frame=19, hasOverload=true, status.overloaded=false, skillReady=true
[DEBUG isEnemyOverloadActive] Frame=19, hasOverload=true, status.overloaded=false, skillReady=true
[DEBUG isEnemyOverloadActive] Frame=19, hasOverload=true, status.overloaded=false, skillReady=true
[DEBUG isEnemyOverloadActive] Frame=19, hasOverload=true, status.overloaded=false, skillReady=true
[DEBUG isEnemyOverloadActive] Frame=19, hasOverload=true, status.overloaded=false, skillReady=true
[DEBUG isEnemyOverloadActive] Frame=19, hasOverload=true, status.overloaded=false, skillReady=true
[DEBUG isEnemyOverloadActive] Frame=19, hasOverload=true, status.overloaded=false, skillReady=true
[DEBUG isEnemyOverloadActive] Frame=19, hasOverload=true, status.overloaded=false, skillReady=true
[DEBUG isEnemyOverloadActive] Frame=19, hasOverload=true, status.overloaded=false, skillReady=true
[DEBUG isEnemyOverloadActive] Frame=19, hasOverload=true, status.overloaded=false, skillReady=true
[DEBUG isEnemyOverloadActive] Frame=19, hasOverload=true, status.overloaded=false, skillReady=true
[DEBUG isEnemyOverloadActive] Frame=19, hasOverload=true, status.overloaded=false, skillReady=true
[DEBUG isEnemyOverloadActive] Frame=19, hasOverload=true, status.overloaded=false, skillReady=true
[DEBUG isEnemyOverloadActive] Frame=19, hasOverload=true, status.overloaded=false, skillReady=true
[DEBUG isEnemyOverloadActive] Frame=19, hasOverload=true, status.overloaded=false, skillReady=true
[DEBUG isEnemyOverloadActive] Frame=19, hasOverload=true, status.overloaded=false, skillReady=true
[DEBUG isEnemyOverloadActive] Frame=19, hasOverload=true, status.overloaded=false, skillReady=true
[DEBUG isEnemyOverloadActive] Frame=19, hasOverload=true, status.overloaded=false, skillReady=true
[DEBUG isEnemyOverloadActive] Frame=19, hasOverload=true, status.overloaded=false, skillReady=true
[DEBUG isEnemyOverloadActive] Frame=19, hasOverload=true, status.overloaded=false, skillReady=true
[DEBUG isEnemyOverloadActive] Frame=19, hasOverload=true, status.overloaded=false, skillReady=true
[DEBUG isEnemyOverloadActive] Frame=19, hasOverload=true, status.overloaded=false, skillReady=true
[DEBUG isEnemyOverloadActive] Frame=19, hasOverload=true, status.overloaded=false, skillReady=true
[DEBUG isEnemyOverloadActive] Frame=19, hasOverload=true, status.overloaded=false, skillReady=true
[DEBUG isEnemyOverloadActive] Frame=19, hasOverload=true, status.overloaded=false, skillReady=true
[DEBUG isEnemyOverloadActive] Frame=19, hasOverload=true, status.overloaded=false, skillReady=true
[DEBUG isEnemyOverloadActive] Frame=19, hasOverload=true, status.overloaded=false, skillReady=true
[DEBUG isEnemyOverloadActive] Frame=19, hasOverload=true, status.overloaded=false, skillReady=true
[DEBUG isEnemyOverloadActive] Frame=19, hasOverload=true, status.overloaded=false, skillReady=true
[DEBUG isEnemyOverloadActive] Frame=19, hasOverload=true, status.overloaded=false, skillReady=true
[DEBUG isEnemyOverloadActive] Frame=19, hasOverload=true, status.overloaded=false, skillReady=true
[DEBUG isEnemyOverloadActive] Frame=19, hasOverload=true, status.overloaded=false, skillReady=true
[DEBUG isEnemyOverloadActive] Frame=19, hasOverload=true, status.overloaded=false, skillReady=true
[DEBUG isEnemyOverloadActive] Frame=19, hasOverload=true, status.overloaded=false, skillReady=true
[DEBUG isEnemyOverloadActive] Frame=19, hasOverload=true, status.overloaded=false, skillReady=true
[DEBUG isEnemyOverloadActive] Frame=19, hasOverload=true, status.overloaded=false, skillReady=true
[DEBUG isEnemyOverloadActive] Frame=19, hasOverload=true, status.overloaded=false, skillReady=true
[DEBUG isEnemyOverloadActive] Frame=19, hasOverload=true, status.overloaded=false, skillReady=true
[DEBUG isEnemyOverloadActive] Frame=19, hasOverload=true, status.overloaded=false, skillReady=true
[DEBUG isEnemyOverloadActive] Frame=19, hasOverload=true, status.overloaded=false, skillReady=true
[DEBUG isEnemyOverloadActive] Frame=19, hasOverload=true, status.overloaded=false, skillReady=true
[DEBUG isEnemyOverloadActive] Frame=19, hasOverload=true, status.overloaded=false, skillReady=true
[DEBUG isEnemyOverloadActive] Frame=19, hasOverload=true, status.overloaded=false, skillReady=true
[DEBUG isEnemyOverloadActive] Frame=19, hasOverload=true, status.overloaded=false, skillReady=true
  馃 Local Code Action: stay still
--------------------------------------------------------------------------------
Frame 20 | Star: [8,2] | Map: classic
[State] XDB   : Pos=[5,7] Dir=left  | CD=25 | Status=[Normal]
        ByteStorm : Pos=[4,9] Dir=up    | CD=32 | Status=[overloaded] (Visible: true)
[Replay Actions]
  鈿旓笍 ByteStorm: stay still
  馃洝锔?XDB   : stay still
[DEBUG isEnemyOverloadActive] Frame=20, hasOverload=true, status.overloaded=true, skillReady=false
[Local Simulation Evaluation]
  Chosen Target: {"action":"move","target":[5,7],"score":9840,"type":"pre_aim"}
[DEBUG tacticalDefense] Frame=20, !ctx.enemyBullet=true, ctx.enemyPos=4,9, me.bullet=null
[DEBUG tacticalDefense] Frame=20, recentlySeen=true, ghostDist=3
[DEBUG isEnemyOverloadActive] Frame=20, hasOverload=true, status.overloaded=true, skillReady=false
[DEBUG tacticalDefense] Frame=20, onEnemyLine=true, needCheckOverload=true
[DEBUG isEnemyOverloadActive] Frame=20, hasOverload=true, status.overloaded=true, skillReady=false
[DEBUG isEnemyOverloadActive] Frame=20, hasOverload=true, status.overloaded=true, skillReady=false
[DEBUG isEnemyOverloadActive] Frame=20, hasOverload=true, status.overloaded=true, skillReady=false
[DEBUG isEnemyOverloadActive] Frame=20, hasOverload=true, status.overloaded=true, skillReady=false
[DEBUG isEnemyOverloadActive] Frame=20, hasOverload=true, status.overloaded=true, skillReady=false
[DEBUG isEnemyOverloadActive] Frame=20, hasOverload=true, status.overloaded=true, skillReady=false
[DEBUG isEnemyOverloadActive] Frame=20, hasOverload=true, status.overloaded=true, skillReady=false
[DEBUG isEnemyOverloadActive] Frame=20, hasOverload=true, status.overloaded=true, skillReady=false
[DEBUG isEnemyOverloadActive] Frame=20, hasOverload=true, status.overloaded=true, skillReady=false
[DEBUG isEnemyOverloadActive] Frame=20, hasOverload=true, status.overloaded=true, skillReady=false
[DEBUG isEnemyOverloadActive] Frame=20, hasOverload=true, status.overloaded=true, skillReady=false
[DEBUG isEnemyOverloadActive] Frame=20, hasOverload=true, status.overloaded=true, skillReady=false
[DEBUG isEnemyOverloadActive] Frame=20, hasOverload=true, status.overloaded=true, skillReady=false
[DEBUG isEnemyOverloadActive] Frame=20, hasOverload=true, status.overloaded=true, skillReady=false
[DEBUG isEnemyOverloadActive] Frame=20, hasOverload=true, status.overloaded=true, skillReady=false
[DEBUG isEnemyOverloadActive] Frame=20, hasOverload=true, status.overloaded=true, skillReady=false
[DEBUG isEnemyOverloadActive] Frame=20, hasOverload=true, status.overloaded=true, skillReady=false
[DEBUG isEnemyOverloadActive] Frame=20, hasOverload=true, status.overloaded=true, skillReady=false
[DEBUG isEnemyOverloadActive] Frame=20, hasOverload=true, status.overloaded=true, skillReady=false
[DEBUG isEnemyOverloadActive] Frame=20, hasOverload=true, status.overloaded=true, skillReady=false
[DEBUG isEnemyOverloadActive] Frame=20, hasOverload=true, status.overloaded=true, skillReady=false
[DEBUG isEnemyOverloadActive] Frame=20, hasOverload=true, status.overloaded=true, skillReady=false
[DEBUG isEnemyOverloadActive] Frame=20, hasOverload=true, status.overloaded=true, skillReady=false
[DEBUG isEnemyOverloadActive] Frame=20, hasOverload=true, status.overloaded=true, skillReady=false
[DEBUG isEnemyOverloadActive] Frame=20, hasOverload=true, status.overloaded=true, skillReady=false
[DEBUG isEnemyOverloadActive] Frame=20, hasOverload=true, status.overloaded=true, skillReady=false
[DEBUG isEnemyOverloadActive] Frame=20, hasOverload=true, status.overloaded=true, skillReady=false
[DEBUG isEnemyOverloadActive] Frame=20, hasOverload=true, status.overloaded=true, skillReady=false
[DEBUG isEnemyOverloadActive] Frame=20, hasOverload=true, status.overloaded=true, skillReady=false
[DEBUG isEnemyOverloadActive] Frame=20, hasOverload=true, status.overloaded=true, skillReady=false
[DEBUG isEnemyOverloadActive] Frame=20, hasOverload=true, status.overloaded=true, skillReady=false
[DEBUG isEnemyOverloadActive] Frame=20, hasOverload=true, status.overloaded=true, skillReady=false
[DEBUG isEnemyOverloadActive] Frame=20, hasOverload=true, status.overloaded=true, skillReady=false
[DEBUG isEnemyOverloadActive] Frame=20, hasOverload=true, status.overloaded=true, skillReady=false
[DEBUG isEnemyOverloadActive] Frame=20, hasOverload=true, status.overloaded=true, skillReady=false
[DEBUG isEnemyOverloadActive] Frame=20, hasOverload=true, status.overloaded=true, skillReady=false
[DEBUG isEnemyOverloadActive] Frame=20, hasOverload=true, status.overloaded=true, skillReady=false
[DEBUG isEnemyOverloadActive] Frame=20, hasOverload=true, status.overloaded=true, skillReady=false
[DEBUG isEnemyOverloadActive] Frame=20, hasOverload=true, status.overloaded=true, skillReady=false
[DEBUG isEnemyOverloadActive] Frame=20, hasOverload=true, status.overloaded=true, skillReady=false
[DEBUG isEnemyOverloadActive] Frame=20, hasOverload=true, status.overloaded=true, skillReady=false
[DEBUG isEnemyOverloadActive] Frame=20, hasOverload=true, status.overloaded=true, skillReady=false
[DEBUG isEnemyOverloadActive] Frame=20, hasOverload=true, status.overloaded=true, skillReady=false
[DEBUG isEnemyOverloadActive] Frame=20, hasOverload=true, status.overloaded=true, skillReady=false
[DEBUG isEnemyOverloadActive] Frame=20, hasOverload=true, status.overloaded=true, skillReady=false
[DEBUG isEnemyOverloadActive] Frame=20, hasOverload=true, status.overloaded=true, skillReady=false
[DEBUG isEnemyOverloadActive] Frame=20, hasOverload=true, status.overloaded=true, skillReady=false
[DEBUG isEnemyOverloadActive] Frame=20, hasOverload=true, status.overloaded=true, skillReady=false
[DEBUG isEnemyOverloadActive] Frame=20, hasOverload=true, status.overloaded=true, skillReady=false
[DEBUG isEnemyOverloadActive] Frame=20, hasOverload=true, status.overloaded=true, skillReady=false
[DEBUG isEnemyOverloadActive] Frame=20, hasOverload=true, status.overloaded=true, skillReady=false
[DEBUG isEnemyOverloadActive] Frame=20, hasOverload=true, status.overloaded=true, skillReady=false
[DEBUG isEnemyOverloadActive] Frame=20, hasOverload=true, status.overloaded=true, skillReady=false
[DEBUG isEnemyOverloadActive] Frame=20, hasOverload=true, status.overloaded=true, skillReady=false
[DEBUG isEnemyOverloadActive] Frame=20, hasOverload=true, status.overloaded=true, skillReady=false
[DEBUG isEnemyOverloadActive] Frame=20, hasOverload=true, status.overloaded=true, skillReady=false
[DEBUG isEnemyOverloadActive] Frame=20, hasOverload=true, status.overloaded=true, skillReady=false
[DEBUG isEnemyOverloadActive] Frame=20, hasOverload=true, status.overloaded=true, skillReady=false
[DEBUG isEnemyOverloadActive] Frame=20, hasOverload=true, status.overloaded=true, skillReady=false
[DEBUG isEnemyOverloadActive] Frame=20, hasOverload=true, status.overloaded=true, skillReady=false
[DEBUG isEnemyOverloadActive] Frame=20, hasOverload=true, status.overloaded=true, skillReady=false
[DEBUG isEnemyOverloadActive] Frame=20, hasOverload=true, status.overloaded=true, skillReady=false
[DEBUG isEnemyOverloadActive] Frame=20, hasOverload=true, status.overloaded=true, skillReady=false
[DEBUG isEnemyOverloadActive] Frame=20, hasOverload=true, status.overloaded=true, skillReady=false
[DEBUG isEnemyOverloadActive] Frame=20, hasOverload=true, status.overloaded=true, skillReady=false
[DEBUG isEnemyOverloadActive] Frame=20, hasOverload=true, status.overloaded=true, skillReady=false
[DEBUG isEnemyOverloadActive] Frame=20, hasOverload=true, status.overloaded=true, skillReady=false
[DEBUG isEnemyOverloadActive] Frame=20, hasOverload=true, status.overloaded=true, skillReady=false
[DEBUG isEnemyOverloadActive] Frame=20, hasOverload=true, status.overloaded=true, skillReady=false
[DEBUG isEnemyOverloadActive] Frame=20, hasOverload=true, status.overloaded=true, skillReady=false
[DEBUG isEnemyOverloadActive] Frame=20, hasOverload=true, status.overloaded=true, skillReady=false
[DEBUG isEnemyOverloadActive] Frame=20, hasOverload=true, status.overloaded=true, skillReady=false
[DEBUG isEnemyOverloadActive] Frame=20, hasOverload=true, status.overloaded=true, skillReady=false
[DEBUG isEnemyOverloadActive] Frame=20, hasOverload=true, status.overloaded=true, skillReady=false
[DEBUG isEnemyOverloadActive] Frame=20, hasOverload=true, status.overloaded=true, skillReady=false
[DEBUG isEnemyOverloadActive] Frame=20, hasOverload=true, status.overloaded=true, skillReady=false
[DEBUG isEnemyOverloadActive] Frame=20, hasOverload=true, status.overloaded=true, skillReady=false
[DEBUG isEnemyOverloadActive] Frame=20, hasOverload=true, status.overloaded=true, skillReady=false
[DEBUG isEnemyOverloadActive] Frame=20, hasOverload=true, status.overloaded=true, skillReady=false
[DEBUG isEnemyOverloadActive] Frame=20, hasOverload=true, status.overloaded=true, skillReady=false
[DEBUG isEnemyOverloadActive] Frame=20, hasOverload=true, status.overloaded=true, skillReady=false
[DEBUG isEnemyOverloadActive] Frame=20, hasOverload=true, status.overloaded=true, skillReady=false
[DEBUG isEnemyOverloadActive] Frame=20, hasOverload=true, status.overloaded=true, skillReady=false
[DEBUG isEnemyOverloadActive] Frame=20, hasOverload=true, status.overloaded=true, skillReady=false
[DEBUG isEnemyOverloadActive] Frame=20, hasOverload=true, status.overloaded=true, skillReady=false
[DEBUG isEnemyOverloadActive] Frame=20, hasOverload=true, status.overloaded=true, skillReady=false
[DEBUG isEnemyOverloadActive] Frame=20, hasOverload=true, status.overloaded=true, skillReady=false
[DEBUG isEnemyOverloadActive] Frame=20, hasOverload=true, status.overloaded=true, skillReady=false
[DEBUG isEnemyOverloadActive] Frame=20, hasOverload=true, status.overloaded=true, skillReady=false
[DEBUG isEnemyOverloadActive] Frame=20, hasOverload=true, status.overloaded=true, skillReady=false
[DEBUG isEnemyOverloadActive] Frame=20, hasOverload=true, status.overloaded=true, skillReady=false
[DEBUG isEnemyOverloadActive] Frame=20, hasOverload=true, status.overloaded=true, skillReady=false
[DEBUG isEnemyOverloadActive] Frame=20, hasOverload=true, status.overloaded=true, skillReady=false
[DEBUG isEnemyOverloadActive] Frame=20, hasOverload=true, status.overloaded=true, skillReady=false
[DEBUG isEnemyOverloadActive] Frame=20, hasOverload=true, status.overloaded=true, skillReady=false
[DEBUG isEnemyOverloadActive] Frame=20, hasOverload=true, status.overloaded=true, skillReady=false
[DEBUG isEnemyOverloadActive] Frame=20, hasOverload=true, status.overloaded=true, skillReady=false
[DEBUG isEnemyOverloadActive] Frame=20, hasOverload=true, status.overloaded=true, skillReady=false
[DEBUG isEnemyOverloadActive] Frame=20, hasOverload=true, status.overloaded=true, skillReady=false
[DEBUG isEnemyOverloadActive] Frame=20, hasOverload=true, status.overloaded=true, skillReady=false
[DEBUG isEnemyOverloadActive] Frame=20, hasOverload=true, status.overloaded=true, skillReady=false
[DEBUG isEnemyOverloadActive] Frame=20, hasOverload=true, status.overloaded=true, skillReady=false
[DEBUG isEnemyOverloadActive] Frame=20, hasOverload=true, status.overloaded=true, skillReady=false
[DEBUG isEnemyOverloadActive] Frame=20, hasOverload=true, status.overloaded=true, skillReady=false
[DEBUG isEnemyOverloadActive] Frame=20, hasOverload=true, status.overloaded=true, skillReady=false
[DEBUG isEnemyOverloadActive] Frame=20, hasOverload=true, status.overloaded=true, skillReady=false
[DEBUG isEnemyOverloadActive] Frame=20, hasOverload=true, status.overloaded=true, skillReady=false
[DEBUG isEnemyOverloadActive] Frame=20, hasOverload=true, status.overloaded=true, skillReady=false
[DEBUG isEnemyOverloadActive] Frame=20, hasOverload=true, status.overloaded=true, skillReady=false
[DEBUG isEnemyOverloadActive] Frame=20, hasOverload=true, status.overloaded=true, skillReady=false
[DEBUG isEnemyOverloadActive] Frame=20, hasOverload=true, status.overloaded=true, skillReady=false
[DEBUG isEnemyOverloadActive] Frame=20, hasOverload=true, status.overloaded=true, skillReady=false
[DEBUG isEnemyOverloadActive] Frame=20, hasOverload=true, status.overloaded=true, skillReady=false
[DEBUG isEnemyOverloadActive] Frame=20, hasOverload=true, status.overloaded=true, skillReady=false
[DEBUG isEnemyOverloadActive] Frame=20, hasOverload=true, status.overloaded=true, skillReady=false
[DEBUG isEnemyOverloadActive] Frame=20, hasOverload=true, status.overloaded=true, skillReady=false
[DEBUG isEnemyOverloadActive] Frame=20, hasOverload=true, status.overloaded=true, skillReady=false
[DEBUG isEnemyOverloadActive] Frame=20, hasOverload=true, status.overloaded=true, skillReady=false
[DEBUG isEnemyOverloadActive] Frame=20, hasOverload=true, status.overloaded=true, skillReady=false
[DEBUG isEnemyOverloadActive] Frame=20, hasOverload=true, status.overloaded=true, skillReady=false
[DEBUG isEnemyOverloadActive] Frame=20, hasOverload=true, status.overloaded=true, skillReady=false
[DEBUG isEnemyOverloadActive] Frame=20, hasOverload=true, status.overloaded=true, skillReady=false
[DEBUG isEnemyOverloadActive] Frame=20, hasOverload=true, status.overloaded=true, skillReady=false
[DEBUG isEnemyOverloadActive] Frame=20, hasOverload=true, status.overloaded=true, skillReady=false
[DEBUG isEnemyOverloadActive] Frame=20, hasOverload=true, status.overloaded=true, skillReady=false
[DEBUG isEnemyOverloadActive] Frame=20, hasOverload=true, status.overloaded=true, skillReady=false
[DEBUG isEnemyOverloadActive] Frame=20, hasOverload=true, status.overloaded=true, skillReady=false
[DEBUG isEnemyOverloadActive] Frame=20, hasOverload=true, status.overloaded=true, skillReady=false
[DEBUG isEnemyOverloadActive] Frame=20, hasOverload=true, status.overloaded=true, skillReady=false
[DEBUG isEnemyOverloadActive] Frame=20, hasOverload=true, status.overloaded=true, skillReady=false
[DEBUG isEnemyOverloadActive] Frame=20, hasOverload=true, status.overloaded=true, skillReady=false
[DEBUG isEnemyOverloadActive] Frame=20, hasOverload=true, status.overloaded=true, skillReady=false
  馃 Local Code Action: stay still
--------------------------------------------------------------------------------
Frame 21 | Star: [8,2] | Map: classic
[State] XDB   : Pos=[5,7] Dir=left  | CD=24 | Status=[Normal]
        ByteStorm : Pos=[4,9] Dir=up    | CD=31 | Status=[Normal] (Visible: true)
[Replay Actions]
  鈿旓笍 ByteStorm: stay still
  馃洝锔?XDB   : CRASHED
[DEBUG isEnemyOverloadActive] Frame=21, hasOverload=true, status.overloaded=false, skillReady=false
[Local Simulation Evaluation]
  Chosen Target: {"action":"move","target":[5,7],"score":9840,"type":"pre_aim"}
[DEBUG tacticalDefense] Frame=21, !ctx.enemyBullet=false, ctx.enemyPos=4,9, me.bullet=null
[DEBUG isEnemyOverloadActive] Frame=21, hasOverload=true, status.overloaded=false, skillReady=false
[DEBUG isEnemyOverloadActive] Frame=21, hasOverload=true, status.overloaded=false, skillReady=false
[DEBUG isEnemyOverloadActive] Frame=21, hasOverload=true, status.overloaded=false, skillReady=false
[DEBUG isEnemyOverloadActive] Frame=21, hasOverload=true, status.overloaded=false, skillReady=false
[DEBUG isEnemyOverloadActive] Frame=21, hasOverload=true, status.overloaded=false, skillReady=false
[DEBUG isEnemyOverloadActive] Frame=21, hasOverload=true, status.overloaded=false, skillReady=false
[DEBUG isEnemyOverloadActive] Frame=21, hasOverload=true, status.overloaded=false, skillReady=false
[DEBUG isEnemyOverloadActive] Frame=21, hasOverload=true, status.overloaded=false, skillReady=false
[DEBUG isEnemyOverloadActive] Frame=21, hasOverload=true, status.overloaded=false, skillReady=false
[DEBUG isEnemyOverloadActive] Frame=21, hasOverload=true, status.overloaded=false, skillReady=false
[DEBUG isEnemyOverloadActive] Frame=21, hasOverload=true, status.overloaded=false, skillReady=false
[DEBUG isEnemyOverloadActive] Frame=21, hasOverload=true, status.overloaded=false, skillReady=false
[DEBUG isEnemyOverloadActive] Frame=21, hasOverload=true, status.overloaded=false, skillReady=false
[DEBUG isEnemyOverloadActive] Frame=21, hasOverload=true, status.overloaded=false, skillReady=false
[DEBUG isEnemyOverloadActive] Frame=21, hasOverload=true, status.overloaded=false, skillReady=false
[DEBUG isEnemyOverloadActive] Frame=21, hasOverload=true, status.overloaded=false, skillReady=false
[DEBUG isEnemyOverloadActive] Frame=21, hasOverload=true, status.overloaded=false, skillReady=false
[DEBUG isEnemyOverloadActive] Frame=21, hasOverload=true, status.overloaded=false, skillReady=false
[DEBUG isEnemyOverloadActive] Frame=21, hasOverload=true, status.overloaded=false, skillReady=false
[DEBUG isEnemyOverloadActive] Frame=21, hasOverload=true, status.overloaded=false, skillReady=false
[DEBUG isEnemyOverloadActive] Frame=21, hasOverload=true, status.overloaded=false, skillReady=false
[DEBUG isEnemyOverloadActive] Frame=21, hasOverload=true, status.overloaded=false, skillReady=false
[DEBUG isEnemyOverloadActive] Frame=21, hasOverload=true, status.overloaded=false, skillReady=false
[DEBUG isEnemyOverloadActive] Frame=21, hasOverload=true, status.overloaded=false, skillReady=false
[DEBUG isEnemyOverloadActive] Frame=21, hasOverload=true, status.overloaded=false, skillReady=false
[DEBUG isEnemyOverloadActive] Frame=21, hasOverload=true, status.overloaded=false, skillReady=false
[DEBUG isEnemyOverloadActive] Frame=21, hasOverload=true, status.overloaded=false, skillReady=false
[DEBUG isEnemyOverloadActive] Frame=21, hasOverload=true, status.overloaded=false, skillReady=false
[DEBUG isEnemyOverloadActive] Frame=21, hasOverload=true, status.overloaded=false, skillReady=false
[DEBUG isEnemyOverloadActive] Frame=21, hasOverload=true, status.overloaded=false, skillReady=false
[DEBUG isEnemyOverloadActive] Frame=21, hasOverload=true, status.overloaded=false, skillReady=false
[DEBUG isEnemyOverloadActive] Frame=21, hasOverload=true, status.overloaded=false, skillReady=false
[DEBUG isEnemyOverloadActive] Frame=21, hasOverload=true, status.overloaded=false, skillReady=false
[DEBUG isEnemyOverloadActive] Frame=21, hasOverload=true, status.overloaded=false, skillReady=false
[DEBUG isEnemyOverloadActive] Frame=21, hasOverload=true, status.overloaded=false, skillReady=false
[DEBUG isEnemyOverloadActive] Frame=21, hasOverload=true, status.overloaded=false, skillReady=false
[DEBUG isEnemyOverloadActive] Frame=21, hasOverload=true, status.overloaded=false, skillReady=false
[DEBUG isEnemyOverloadActive] Frame=21, hasOverload=true, status.overloaded=false, skillReady=false
[DEBUG isEnemyOverloadActive] Frame=21, hasOverload=true, status.overloaded=false, skillReady=false
[DEBUG isEnemyOverloadActive] Frame=21, hasOverload=true, status.overloaded=false, skillReady=false
[DEBUG isEnemyOverloadActive] Frame=21, hasOverload=true, status.overloaded=false, skillReady=false
[DEBUG isEnemyOverloadActive] Frame=21, hasOverload=true, status.overloaded=false, skillReady=false
[DEBUG isEnemyOverloadActive] Frame=21, hasOverload=true, status.overloaded=false, skillReady=false
[DEBUG isEnemyOverloadActive] Frame=21, hasOverload=true, status.overloaded=false, skillReady=false
[DEBUG isEnemyOverloadActive] Frame=21, hasOverload=true, status.overloaded=false, skillReady=false
[DEBUG isEnemyOverloadActive] Frame=21, hasOverload=true, status.overloaded=false, skillReady=false
[DEBUG isEnemyOverloadActive] Frame=21, hasOverload=true, status.overloaded=false, skillReady=false
[DEBUG isEnemyOverloadActive] Frame=21, hasOverload=true, status.overloaded=false, skillReady=false
[DEBUG isEnemyOverloadActive] Frame=21, hasOverload=true, status.overloaded=false, skillReady=false
[DEBUG isEnemyOverloadActive] Frame=21, hasOverload=true, status.overloaded=false, skillReady=false
[DEBUG isEnemyOverloadActive] Frame=21, hasOverload=true, status.overloaded=false, skillReady=false
[DEBUG isEnemyOverloadActive] Frame=21, hasOverload=true, status.overloaded=false, skillReady=false
[DEBUG isEnemyOverloadActive] Frame=21, hasOverload=true, status.overloaded=false, skillReady=false
[DEBUG isEnemyOverloadActive] Frame=21, hasOverload=true, status.overloaded=false, skillReady=false
[DEBUG isEnemyOverloadActive] Frame=21, hasOverload=true, status.overloaded=false, skillReady=false
[DEBUG isEnemyOverloadActive] Frame=21, hasOverload=true, status.overloaded=false, skillReady=false
[DEBUG isEnemyOverloadActive] Frame=21, hasOverload=true, status.overloaded=false, skillReady=false
[DEBUG isEnemyOverloadActive] Frame=21, hasOverload=true, status.overloaded=false, skillReady=false
[DEBUG isEnemyOverloadActive] Frame=21, hasOverload=true, status.overloaded=false, skillReady=false
[DEBUG isEnemyOverloadActive] Frame=21, hasOverload=true, status.overloaded=false, skillReady=false
[DEBUG isEnemyOverloadActive] Frame=21, hasOverload=true, status.overloaded=false, skillReady=false
[DEBUG isEnemyOverloadActive] Frame=21, hasOverload=true, status.overloaded=false, skillReady=false
[DEBUG isEnemyOverloadActive] Frame=21, hasOverload=true, status.overloaded=false, skillReady=false
[DEBUG isEnemyOverloadActive] Frame=21, hasOverload=true, status.overloaded=false, skillReady=false
[DEBUG isEnemyOverloadActive] Frame=21, hasOverload=true, status.overloaded=false, skillReady=false
[DEBUG isEnemyOverloadActive] Frame=21, hasOverload=true, status.overloaded=false, skillReady=false
[DEBUG isEnemyOverloadActive] Frame=21, hasOverload=true, status.overloaded=false, skillReady=false
[DEBUG isEnemyOverloadActive] Frame=21, hasOverload=true, status.overloaded=false, skillReady=false
[DEBUG isEnemyOverloadActive] Frame=21, hasOverload=true, status.overloaded=false, skillReady=false
[DEBUG isEnemyOverloadActive] Frame=21, hasOverload=true, status.overloaded=false, skillReady=false
[DEBUG isEnemyOverloadActive] Frame=21, hasOverload=true, status.overloaded=false, skillReady=false
[DEBUG isEnemyOverloadActive] Frame=21, hasOverload=true, status.overloaded=false, skillReady=false
[DEBUG isEnemyOverloadActive] Frame=21, hasOverload=true, status.overloaded=false, skillReady=false
[DEBUG isEnemyOverloadActive] Frame=21, hasOverload=true, status.overloaded=false, skillReady=false
[DEBUG isEnemyOverloadActive] Frame=21, hasOverload=true, status.overloaded=false, skillReady=false
[DEBUG isEnemyOverloadActive] Frame=21, hasOverload=true, status.overloaded=false, skillReady=false
[DEBUG isEnemyOverloadActive] Frame=21, hasOverload=true, status.overloaded=false, skillReady=false
[DEBUG isEnemyOverloadActive] Frame=21, hasOverload=true, status.overloaded=false, skillReady=false
[DEBUG isEnemyOverloadActive] Frame=21, hasOverload=true, status.overloaded=false, skillReady=false
[DEBUG isEnemyOverloadActive] Frame=21, hasOverload=true, status.overloaded=false, skillReady=false
[DEBUG isEnemyOverloadActive] Frame=21, hasOverload=true, status.overloaded=false, skillReady=false
[DEBUG isEnemyOverloadActive] Frame=21, hasOverload=true, status.overloaded=false, skillReady=false
[DEBUG isEnemyOverloadActive] Frame=21, hasOverload=true, status.overloaded=false, skillReady=false
[DEBUG isEnemyOverloadActive] Frame=21, hasOverload=true, status.overloaded=false, skillReady=false
[DEBUG isEnemyOverloadActive] Frame=21, hasOverload=true, status.overloaded=false, skillReady=false
[DEBUG isEnemyOverloadActive] Frame=21, hasOverload=true, status.overloaded=false, skillReady=false
[DEBUG isEnemyOverloadActive] Frame=21, hasOverload=true, status.overloaded=false, skillReady=false
[DEBUG isEnemyOverloadActive] Frame=21, hasOverload=true, status.overloaded=false, skillReady=false
[DEBUG isEnemyOverloadActive] Frame=21, hasOverload=true, status.overloaded=false, skillReady=false
[DEBUG isEnemyOverloadActive] Frame=21, hasOverload=true, status.overloaded=false, skillReady=false
[DEBUG isEnemyOverloadActive] Frame=21, hasOverload=true, status.overloaded=false, skillReady=false
[DEBUG isEnemyOverloadActive] Frame=21, hasOverload=true, status.overloaded=false, skillReady=false
[DEBUG isEnemyOverloadActive] Frame=21, hasOverload=true, status.overloaded=false, skillReady=false
[DEBUG isEnemyOverloadActive] Frame=21, hasOverload=true, status.overloaded=false, skillReady=false
[DEBUG isEnemyOverloadActive] Frame=21, hasOverload=true, status.overloaded=false, skillReady=false
[DEBUG isEnemyOverloadActive] Frame=21, hasOverload=true, status.overloaded=false, skillReady=false
[DEBUG isEnemyOverloadActive] Frame=21, hasOverload=true, status.overloaded=false, skillReady=false
[DEBUG isEnemyOverloadActive] Frame=21, hasOverload=true, status.overloaded=false, skillReady=false
[DEBUG isEnemyOverloadActive] Frame=21, hasOverload=true, status.overloaded=false, skillReady=false
[DEBUG isEnemyOverloadActive] Frame=21, hasOverload=true, status.overloaded=false, skillReady=false
[DEBUG isEnemyOverloadActive] Frame=21, hasOverload=true, status.overloaded=false, skillReady=false
[DEBUG isEnemyOverloadActive] Frame=21, hasOverload=true, status.overloaded=false, skillReady=false
[DEBUG isEnemyOverloadActive] Frame=21, hasOverload=true, status.overloaded=false, skillReady=false
[DEBUG isEnemyOverloadActive] Frame=21, hasOverload=true, status.overloaded=false, skillReady=false
[DEBUG isEnemyOverloadActive] Frame=21, hasOverload=true, status.overloaded=false, skillReady=false
[DEBUG isEnemyOverloadActive] Frame=21, hasOverload=true, status.overloaded=false, skillReady=false
[DEBUG isEnemyOverloadActive] Frame=21, hasOverload=true, status.overloaded=false, skillReady=false
[DEBUG isEnemyOverloadActive] Frame=21, hasOverload=true, status.overloaded=false, skillReady=false
[DEBUG isEnemyOverloadActive] Frame=21, hasOverload=true, status.overloaded=false, skillReady=false
[DEBUG isEnemyOverloadActive] Frame=21, hasOverload=true, status.overloaded=false, skillReady=false
[DEBUG isEnemyOverloadActive] Frame=21, hasOverload=true, status.overloaded=false, skillReady=false
[DEBUG isEnemyOverloadActive] Frame=21, hasOverload=true, status.overloaded=false, skillReady=false
[DEBUG isEnemyOverloadActive] Frame=21, hasOverload=true, status.overloaded=false, skillReady=false
[DEBUG isEnemyOverloadActive] Frame=21, hasOverload=true, status.overloaded=false, skillReady=false
[DEBUG isEnemyOverloadActive] Frame=21, hasOverload=true, status.overloaded=false, skillReady=false
[DEBUG isEnemyOverloadActive] Frame=21, hasOverload=true, status.overloaded=false, skillReady=false
[DEBUG isEnemyOverloadActive] Frame=21, hasOverload=true, status.overloaded=false, skillReady=false
[DEBUG isEnemyOverloadActive] Frame=21, hasOverload=true, status.overloaded=false, skillReady=false
[DEBUG isEnemyOverloadActive] Frame=21, hasOverload=true, status.overloaded=false, skillReady=false
[DEBUG isEnemyOverloadActive] Frame=21, hasOverload=true, status.overloaded=false, skillReady=false
[DEBUG isEnemyOverloadActive] Frame=21, hasOverload=true, status.overloaded=false, skillReady=false
[DEBUG isEnemyOverloadActive] Frame=21, hasOverload=true, status.overloaded=false, skillReady=false
[DEBUG isEnemyOverloadActive] Frame=21, hasOverload=true, status.overloaded=false, skillReady=false
[DEBUG isEnemyOverloadActive] Frame=21, hasOverload=true, status.overloaded=false, skillReady=false
[DEBUG isEnemyOverloadActive] Frame=21, hasOverload=true, status.overloaded=false, skillReady=false
[DEBUG isEnemyOverloadActive] Frame=21, hasOverload=true, status.overloaded=false, skillReady=false
[DEBUG isEnemyOverloadActive] Frame=21, hasOverload=true, status.overloaded=false, skillReady=false
[DEBUG isEnemyOverloadActive] Frame=21, hasOverload=true, status.overloaded=false, skillReady=false
[DEBUG isEnemyOverloadActive] Frame=21, hasOverload=true, status.overloaded=false, skillReady=false
  馃 Local Code Action: speak("鍙戠幇浜嗗瓙寮?)
  鈿狅笍 [Diverged] Local Code Action differs from Replay!
     -> Replay Action: CRASHED
     -> Local Code   : speak("鍙戠幇浜嗗瓙寮?)
================================================================================
