
=================== Simulation Config ===================
  My Tank (XDB) ID : 385f0b72 (Index: 0)
  Enemy (ByteStorm) ID : 56adea6d (Index: 1)
=========================================================

--------------------------------------------------------------------------------
Frame 1 | Star: [17,12] | Map: classic
[State] XDB   : Pos=[2,2] Dir=left  | CD=0 | Status=[Normal]
        ByteStorm : Pos=[16,13] Dir=down  | CD=0 | Status=[Normal] (Visible: true)
[Replay Actions]
  鈿旓笍 ByteStorm: move to [16,13]
  馃洝锔?XDB   : turn left (now left)
[Local Simulation Evaluation]
  Chosen Target: {"action":"move","target":[1,2],"score":790,"type":"survival"}
  Path NextStep: [1,2] -> Need Turn/Move Dir: left
  馃 Local Code Action: go(1)
  鈿狅笍 [Diverged] Local Code Action differs from Replay!
     -> Replay Action: turn left (now left)
     -> Local Code   : go(1)
--------------------------------------------------------------------------------
Frame 2 | Star: [17,12] | Map: classic
[State] XDB   : Pos=[1,2] Dir=left  | CD=0 | Status=[Normal]
        ByteStorm : Pos=[16,13] Dir=left  | CD=0 | Status=[Normal] (Visible: false)
[Replay Actions]
  鈿旓笍 ByteStorm: turn right (now left)
  馃洝锔?XDB   : move to [1,2]
[Local Simulation Evaluation]
  Chosen Target: {"action":"move","target":[1,2],"score":300,"type":"survival"}
  馃 Local Code Action: stay still
  鈿狅笍 [Diverged] Local Code Action differs from Replay!
     -> Replay Action: move to [1,2]
     -> Local Code   : stay still
--------------------------------------------------------------------------------
Frame 3 | Star: [17,12] | Map: classic
[State] XDB   : Pos=[1,2] Dir=left  | CD=0 | Status=[Normal]
        ByteStorm : Pos=[15,13] Dir=left  | CD=0 | Status=[Normal] (Visible: false)
[Replay Actions]
  鈿旓笍 ByteStorm: move to [15,13]
  馃洝锔?XDB   : stay still
[Local Simulation Evaluation]
  Chosen Target: {"action":"move","target":[1,2],"score":300,"type":"survival"}
  馃 Local Code Action: stay still
--------------------------------------------------------------------------------
Frame 4 | Star: [17,12] | Map: classic
[State] XDB   : Pos=[1,2] Dir=left  | CD=0 | Status=[Normal]
        ByteStorm : Pos=[14,13] Dir=left  | CD=0 | Status=[Normal] (Visible: true)
[Replay Actions]
  鈿旓笍 ByteStorm: move to [14,13]
  馃洝锔?XDB   : stay still
[Local Simulation Evaluation]
  Chosen Target: {"action":"move","target":[17,12],"score":1774,"type":"star"}
  Path NextStep: [2,2] -> Need Turn/Move Dir: right
  馃 Local Code Action: stay still
--------------------------------------------------------------------------------
Frame 5 | Star: [17,12] | Map: classic
[State] XDB   : Pos=[1,2] Dir=left  | CD=0 | Status=[Normal]
        ByteStorm : Pos=[13,13] Dir=left  | CD=0 | Status=[Normal] (Visible: true)
[Replay Actions]
  鈿旓笍 ByteStorm: move to [13,13]
  馃洝锔?XDB   : stay still
[Local Simulation Evaluation]
  Chosen Target: {"action":"move","target":[1,2],"score":300,"type":"survival"}
  馃 Local Code Action: turn("right")
  鈿狅笍 [Diverged] Local Code Action differs from Replay!
     -> Replay Action: stay still
     -> Local Code   : turn("right")
--------------------------------------------------------------------------------
Frame 6 | Star: [17,12] | Map: classic
[State] XDB   : Pos=[1,2] Dir=up    | CD=0 | Status=[Normal]
        ByteStorm : Pos=[12,13] Dir=left  | CD=0 | Status=[Normal] (Visible: true)
[Replay Actions]
  鈿旓笍 ByteStorm: move to [12,13]
  馃洝锔?XDB   : turn right (now up)
[Local Simulation Evaluation]
  Chosen Target: {"action":"move","target":[17,12],"score":1924,"type":"star"}
  Path NextStep: [2,2] -> Need Turn/Move Dir: right
  馃 Local Code Action: teleport(17, 13)
  鈿狅笍 [Diverged] Local Code Action differs from Replay!
     -> Replay Action: turn right (now up)
     -> Local Code   : teleport(17, 13)
--------------------------------------------------------------------------------
Frame 7 | Star: [17,12] | Map: classic
[State] XDB   : Pos=[17,13] Dir=up    | CD=40 | Status=[fireLocked]
        ByteStorm : Pos=[11,13] Dir=left  | CD=0 | Status=[Normal] (Visible: true)
[Replay Actions]
  鈿旓笍 ByteStorm: move to [11,13]
  馃洝锔?XDB   : teleported to [17,13]
[Local Simulation Evaluation]
  Chosen Target: {"action":"turn","target":[11,13],"score":9900,"type":"shoot"}
  馃 Local Code Action: turn("left")
  鈿狅笍 [Diverged] Local Code Action differs from Replay!
     -> Replay Action: teleported to [17,13]
     -> Local Code   : turn("left")
--------------------------------------------------------------------------------
Frame 8 | Star: [17,12] | Map: classic
[State] XDB   : Pos=[17,13] Dir=left  | CD=39 | Status=[fireLocked]
        ByteStorm : Pos=[11,13] Dir=up    | CD=0 | Status=[Normal] (Visible: true)
[Replay Actions]
  鈿旓笍 ByteStorm: turn right (now up)
  馃洝锔?XDB   : turn left (now left)
[Local Simulation Evaluation]
  Chosen Target: {"action":"move","target":[17,13],"score":9920,"type":"shoot"}
  馃 Local Code Action: stay still
  鈿狅笍 [Diverged] Local Code Action differs from Replay!
     -> Replay Action: turn left (now left)
     -> Local Code   : stay still
--------------------------------------------------------------------------------
Frame 9 | Star: [17,12] | Map: classic
[State] XDB   : Pos=[17,13] Dir=left  | CD=38 | Status=[Normal]
        ByteStorm : Pos=[11,12] Dir=up    | CD=0 | Status=[Normal] (Visible: true)
[Replay Actions]
  鈿旓笍 ByteStorm: move to [11,12]
  馃洝锔?XDB   : stay still
[Local Simulation Evaluation]
  Chosen Target: {"action":"move","target":[17,12],"score":1799,"type":"star"}
  Path NextStep: [17,12] -> Need Turn/Move Dir: up
  馃 Local Code Action: turn("right")
  鈿狅笍 [Diverged] Local Code Action differs from Replay!
     -> Replay Action: stay still
     -> Local Code   : turn("right")
--------------------------------------------------------------------------------
Frame 10 | Star: [17,12] | Map: classic
[State] XDB   : Pos=[17,13] Dir=up    | CD=37 | Status=[Normal]
        ByteStorm : Pos=[11,12] Dir=left  | CD=0 | Status=[Normal] (Visible: true)
[Replay Actions]
  鈿旓笍 ByteStorm: turn left (now left)
  馃洝锔?XDB   : turn right (now up)
[Local Simulation Evaluation]
  Chosen Target: {"action":"move","target":[17,12],"score":1949,"type":"star"}
  Path NextStep: [17,12] -> Need Turn/Move Dir: up
  馃 Local Code Action: go(1)
  鈿狅笍 [Diverged] Local Code Action differs from Replay!
     -> Replay Action: turn right (now up)
     -> Local Code   : go(1)
--------------------------------------------------------------------------------
Frame 11 | Star: null | Map: classic
[State] XDB   : Pos=[17,12] Dir=up    | CD=36 | Status=[Normal]
        ByteStorm : Pos=[10,12] Dir=left  | CD=0 | Status=[Normal] (Visible: true)
[Replay Actions]
  鈿旓笍 ByteStorm: move to [10,12]
  馃洝锔?XDB   : move to [17,12]
[Local Simulation Evaluation]
  Chosen Target: {"action":"move","target":[17,12],"score":300,"type":"survival"}
  馃 Local Code Action: stay still
  鈿狅笍 [Diverged] Local Code Action differs from Replay!
     -> Replay Action: move to [17,12]
     -> Local Code   : stay still
--------------------------------------------------------------------------------
Frame 12 | Star: null | Map: classic
[State] XDB   : Pos=[17,12] Dir=up    | CD=35 | Status=[Normal]
        ByteStorm : Pos=[10,12] Dir=down  | CD=0 | Status=[Normal] (Visible: true)
[Replay Actions]
  鈿旓笍 ByteStorm: turn left (now down)
  馃洝锔?XDB   : stay still
[Local Simulation Evaluation]
  Chosen Target: {"action":"move","target":[17,12],"score":300,"type":"survival"}
  馃 Local Code Action: stay still
--------------------------------------------------------------------------------
Frame 13 | Star: null | Map: classic
[State] XDB   : Pos=[17,12] Dir=up    | CD=34 | Status=[Normal]
        ByteStorm : Pos=[10,12] Dir=right | CD=0 | Status=[Normal] (Visible: true)
[Replay Actions]
  鈿旓笍 ByteStorm: turn left (now right)
  馃洝锔?XDB   : stay still
[Local Simulation Evaluation]
  Chosen Target: {"action":"move","target":[17,12],"score":300,"type":"survival"}
  馃 Local Code Action: stay still
--------------------------------------------------------------------------------
Frame 14 | Star: null | Map: classic
[State] XDB   : Pos=[17,12] Dir=up    | CD=33 | Status=[Normal]
        ByteStorm : Pos=[10,12] Dir=right | CD=32 | Status=[overloaded] (Visible: true)
[Replay Actions]
  鈿旓笍 ByteStorm: stay still
  馃洝锔?XDB   : stay still
[Local Simulation Evaluation]
  Chosen Target: {"action":"move","target":[17,12],"score":300,"type":"survival"}
  馃 Local Code Action: stay still
--------------------------------------------------------------------------------
Frame 15 | Star: null | Map: classic
[State] XDB   : Pos=[17,12] Dir=up    | CD=32 | Status=[Normal]
        ByteStorm : Pos=[10,12] Dir=right | CD=31 | Status=[Normal] (Visible: true)
[Replay Actions]
  鈿旓笍 ByteStorm: stay still
  馃洝锔?XDB   : stay still
[Local Simulation Evaluation]
  Chosen Target: {"action":"move","target":[17,12],"score":300,"type":"survival"}
  馃 Local Code Action: stay still
--------------------------------------------------------------------------------
Frame 16 | Star: null | Map: classic
[State] XDB   : Pos=[17,12] Dir=up    | CD=31 | Status=[Normal]
        ByteStorm : Pos=[11,12] Dir=right | CD=30 | Status=[Normal] (Visible: true)
[Replay Actions]
  鈿旓笍 ByteStorm: move to [11,12]
  馃洝锔?XDB   : stay still
[Local Simulation Evaluation]
  Chosen Target: {"action":"move","target":[17,12],"score":300,"type":"survival"}
  馃 Local Code Action: stay still
--------------------------------------------------------------------------------
Frame 17 | Star: null | Map: classic
[State] XDB   : Pos=[17,12] Dir=up    | CD=30 | Status=[Normal]
        ByteStorm : Pos=[11,12] Dir=up    | CD=29 | Status=[Normal] (Visible: true)
[Replay Actions]
  鈿旓笍 ByteStorm: turn left (now up)
  馃洝锔?XDB   : stay still
[Local Simulation Evaluation]
  Chosen Target: {"action":"move","target":[17,12],"score":300,"type":"survival"}
  馃 Local Code Action: speak("鎴戝緱鍒? 鎴?1 鏁?0")
  鈿狅笍 [Diverged] Local Code Action differs from Replay!
     -> Replay Action: stay still
     -> Local Code   : speak("鎴戝緱鍒? 鎴?1 鏁?0")
--------------------------------------------------------------------------------
Frame 18 | Star: null | Map: classic
[State] XDB   : Pos=[17,12] Dir=up    | CD=29 | Status=[Normal]
        ByteStorm : Pos=[11,12] Dir=left  | CD=28 | Status=[Normal] (Visible: true)
[Replay Actions]
  鈿旓笍 ByteStorm: turn left (now left)
  馃洝锔?XDB   : stay still
[Local Simulation Evaluation]
  Chosen Target: {"action":"move","target":[17,12],"score":300,"type":"survival"}
  馃 Local Code Action: stay still
--------------------------------------------------------------------------------
Frame 19 | Star: null | Map: classic
[State] XDB   : Pos=[17,12] Dir=up    | CD=28 | Status=[Normal]
        ByteStorm : Pos=[10,12] Dir=left  | CD=27 | Status=[Normal] (Visible: true)
[Replay Actions]
  鈿旓笍 ByteStorm: move to [10,12]
  馃洝锔?XDB   : stay still
[Local Simulation Evaluation]
  Chosen Target: {"action":"move","target":[17,12],"score":300,"type":"survival"}
  馃 Local Code Action: stay still
--------------------------------------------------------------------------------
Frame 20 | Star: null | Map: classic
[State] XDB   : Pos=[17,12] Dir=up    | CD=27 | Status=[Normal]
        ByteStorm : Pos=[10,12] Dir=down  | CD=26 | Status=[Normal] (Visible: true)
[Replay Actions]
  鈿旓笍 ByteStorm: turn left (now down)
  馃洝锔?XDB   : stay still
[Local Simulation Evaluation]
  Chosen Target: {"action":"move","target":[17,12],"score":300,"type":"survival"}
  馃 Local Code Action: stay still
--------------------------------------------------------------------------------
Frame 21 | Star: [14,4] | Map: classic
[State] XDB   : Pos=[17,12] Dir=up    | CD=26 | Status=[Normal]
        ByteStorm : Pos=[10,12] Dir=right | CD=25 | Status=[Normal] (Visible: true)
[Replay Actions]
  鈿旓笍 ByteStorm: turn left (now right)
  馃洝锔?XDB   : stay still
[Local Simulation Evaluation]
  Chosen Target: {"action":"move","target":[14,4],"score":1389,"type":"star"}
  Path NextStep: [16,12] -> Need Turn/Move Dir: left
  馃 Local Code Action: turn("left")
  鈿狅笍 [Diverged] Local Code Action differs from Replay!
     -> Replay Action: stay still
     -> Local Code   : turn("left")
--------------------------------------------------------------------------------
Frame 22 | Star: [14,4] | Map: classic
[State] XDB   : Pos=[17,12] Dir=left  | CD=25 | Status=[Normal]
        ByteStorm : Pos=[11,12] Dir=right | CD=24 | Status=[Normal] (Visible: true)
[Replay Actions]
  鈿旓笍 ByteStorm: move to [11,12]
  馃洝锔?XDB   : turn left (now left)
[Local Simulation Evaluation]
  Chosen Target: {"action":"move","target":[14,4],"score":1539,"type":"star"}
  Path NextStep: [16,12] -> Need Turn/Move Dir: left
  馃 Local Code Action: go(1)
  鈿狅笍 [Diverged] Local Code Action differs from Replay!
     -> Replay Action: turn left (now left)
     -> Local Code   : go(1)
--------------------------------------------------------------------------------
Frame 23 | Star: [14,4] | Map: classic
[State] XDB   : Pos=[16,12] Dir=left  | CD=24 | Status=[Normal]
        ByteStorm : Pos=[11,12] Dir=up    | CD=23 | Status=[Normal] (Visible: true)
[Replay Actions]
  鈿旓笍 ByteStorm: turn left (now up)
  馃洝锔?XDB   : move to [16,12]
[Local Simulation Evaluation]
  Chosen Target: {"action":"move","target":[14,4],"score":1540,"type":"star"}
  Path NextStep: [16,13] -> Need Turn/Move Dir: down
  馃 Local Code Action: turn("left")
  鈿狅笍 [Diverged] Local Code Action differs from Replay!
     -> Replay Action: move to [16,12]
     -> Local Code   : turn("left")
--------------------------------------------------------------------------------
Frame 24 | Star: [14,4] | Map: classic
[State] XDB   : Pos=[16,12] Dir=down  | CD=23 | Status=[Normal]
        ByteStorm : Pos=[11,12] Dir=right | CD=22 | Status=[Normal] (Visible: true)
[Replay Actions]
  鈿旓笍 ByteStorm: turn right (now right)
  馃洝锔?XDB   : turn left (now down)
[Local Simulation Evaluation]
  Chosen Target: {"action":"move","target":[14,4],"score":1540,"type":"star"}
  Path NextStep: [16,13] -> Need Turn/Move Dir: down
  馃 Local Code Action: go(1)
  鈿狅笍 [Diverged] Local Code Action differs from Replay!
     -> Replay Action: turn left (now down)
     -> Local Code   : go(1)
--------------------------------------------------------------------------------
Frame 25 | Star: [14,4] | Map: classic
[State] XDB   : Pos=[16,13] Dir=down  | CD=22 | Status=[Normal]
        ByteStorm : Pos=[12,12] Dir=right | CD=21 | Status=[Normal] (Visible: true)
[Replay Actions]
  鈿旓笍 ByteStorm: move to [12,12]
  馃洝锔?XDB   : move to [16,13]
[Local Simulation Evaluation]
  Chosen Target: {"action":"move","target":[14,4],"score":1539,"type":"star"}
  Path NextStep: [15,13] -> Need Turn/Move Dir: left
  馃 Local Code Action: turn("right")
  鈿狅笍 [Diverged] Local Code Action differs from Replay!
     -> Replay Action: move to [16,13]
     -> Local Code   : turn("right")
--------------------------------------------------------------------------------
Frame 26 | Star: [14,4] | Map: classic
[State] XDB   : Pos=[16,13] Dir=left  | CD=21 | Status=[Normal]
        ByteStorm : Pos=[12,12] Dir=up    | CD=20 | Status=[Normal] (Visible: true)
[Replay Actions]
  鈿旓笍 ByteStorm: turn left (now up)
  馃洝锔?XDB   : turn right (now left)
[Local Simulation Evaluation]
  Chosen Target: {"action":"move","target":[14,4],"score":1539,"type":"star"}
  Path NextStep: [15,13] -> Need Turn/Move Dir: left
  馃 Local Code Action: go(1)
  鈿狅笍 [Diverged] Local Code Action differs from Replay!
     -> Replay Action: turn right (now left)
     -> Local Code   : go(1)
--------------------------------------------------------------------------------
Frame 27 | Star: [14,4] | Map: classic
[State] XDB   : Pos=[15,13] Dir=left  | CD=20 | Status=[Normal]
        ByteStorm : Pos=[12,12] Dir=left  | CD=19 | Status=[Normal] (Visible: true)
[Replay Actions]
  鈿旓笍 ByteStorm: turn left (now left)
  馃洝锔?XDB   : move to [15,13]
[Local Simulation Evaluation]
  Chosen Target: {"action":"move","target":[14,4],"score":1540,"type":"star"}
  Path NextStep: [14,13] -> Need Turn/Move Dir: left
  馃 Local Code Action: go(1)
  鈿狅笍 [Diverged] Local Code Action differs from Replay!
     -> Replay Action: move to [15,13]
     -> Local Code   : go(1)
--------------------------------------------------------------------------------
Frame 28 | Star: [14,4] | Map: classic
[State] XDB   : Pos=[14,13] Dir=left  | CD=19 | Status=[Normal]
        ByteStorm : Pos=[11,12] Dir=left  | CD=18 | Status=[Normal] (Visible: true)
[Replay Actions]
  鈿旓笍 ByteStorm: move to [11,12]
  馃洝锔?XDB   : move to [14,13]
[Local Simulation Evaluation]
  Chosen Target: {"action":"move","target":[14,4],"score":1541,"type":"star"}
  Path NextStep: [14,12] -> Need Turn/Move Dir: up
  馃 Local Code Action: turn("right")
  鈿狅笍 [Diverged] Local Code Action differs from Replay!
     -> Replay Action: move to [14,13]
     -> Local Code   : turn("right")
--------------------------------------------------------------------------------
Frame 29 | Star: [14,4] | Map: classic
[State] XDB   : Pos=[14,13] Dir=up    | CD=18 | Status=[Normal]
        ByteStorm : Pos=[11,12] Dir=down  | CD=17 | Status=[Normal] (Visible: true)
[Replay Actions]
  鈿旓笍 ByteStorm: turn left (now down)
  馃洝锔?XDB   : turn right (now up)
[Local Simulation Evaluation]
  Chosen Target: {"action":"move","target":[14,4],"score":1541,"type":"star"}
  Path NextStep: [14,12] -> Need Turn/Move Dir: up
  馃 Local Code Action: go(1)
  鈿狅笍 [Diverged] Local Code Action differs from Replay!
     -> Replay Action: turn right (now up)
     -> Local Code   : go(1)
--------------------------------------------------------------------------------
Frame 30 | Star: [14,4] | Map: classic
[State] XDB   : Pos=[14,12] Dir=up    | CD=17 | Status=[Normal]
        ByteStorm : Pos=[11,12] Dir=right | CD=16 | Status=[Normal] (Visible: true)
[Replay Actions]
  鈿旓笍 ByteStorm: turn left (now right)
  馃洝锔?XDB   : move to [14,12]
[Local Simulation Evaluation]
  Chosen Target: {"action":"move","target":[14,4],"score":1542,"type":"star"}
  Path NextStep: [14,11] -> Need Turn/Move Dir: up
  馃 Local Code Action: go(1)
  鈿狅笍 [Diverged] Local Code Action differs from Replay!
     -> Replay Action: move to [14,12]
     -> Local Code   : go(1)
--------------------------------------------------------------------------------
Frame 31 | Star: [14,4] | Map: classic
[State] XDB   : Pos=[14,11] Dir=up    | CD=16 | Status=[Normal]
        ByteStorm : Pos=[12,12] Dir=right | CD=15 | Status=[Normal] (Visible: true)
[Replay Actions]
  鈿旓笍 ByteStorm: move to [12,12]
  馃洝锔?XDB   : move to [14,11]
[Local Simulation Evaluation]
  Chosen Target: {"action":"move","target":[14,4],"score":1543,"type":"star"}
  Path NextStep: [14,10] -> Need Turn/Move Dir: up
  馃 Local Code Action: stay still
  鈿狅笍 [Diverged] Local Code Action differs from Replay!
     -> Replay Action: move to [14,11]
     -> Local Code   : stay still
--------------------------------------------------------------------------------
Frame 32 | Star: [14,4] | Map: classic
[State] XDB   : Pos=[14,11] Dir=up    | CD=15 | Status=[Normal]
        ByteStorm : Pos=[13,12] Dir=right | CD=14 | Status=[Normal] (Visible: true)
[Replay Actions]
  鈿旓笍 ByteStorm: move to [13,12]
  馃洝锔?XDB   : stay still
[Local Simulation Evaluation]
  Chosen Target: {"action":"move","target":[14,4],"score":1543,"type":"star"}
  Path NextStep: [14,10] -> Need Turn/Move Dir: up
  馃 Local Code Action: stay still
--------------------------------------------------------------------------------
Frame 33 | Star: [14,4] | Map: classic
[State] XDB   : Pos=[14,11] Dir=up    | CD=14 | Status=[Normal]
        ByteStorm : Pos=[13,12] Dir=right | CD=13 | Status=[Normal] (Visible: true)
[Replay Actions]
  鈿旓笍 ByteStorm: stay still
  馃洝锔?XDB   : stay still
[Local Simulation Evaluation]
  Chosen Target: {"action":"move","target":[14,4],"score":1543,"type":"star"}
  Path NextStep: [14,10] -> Need Turn/Move Dir: up
  馃 Local Code Action: go(1)
  鈿狅笍 [Diverged] Local Code Action differs from Replay!
     -> Replay Action: stay still
     -> Local Code   : go(1)
--------------------------------------------------------------------------------
Frame 34 | Star: [14,4] | Map: classic
[State] XDB   : Pos=[14,10] Dir=up    | CD=13 | Status=[Normal]
        ByteStorm : Pos=[13,12] Dir=right | CD=12 | Status=[Normal] (Visible: true)
[Replay Actions]
  鈿旓笍 ByteStorm: stay still
  馃洝锔?XDB   : move to [14,10]
[Local Simulation Evaluation]
  Chosen Target: {"action":"move","target":[14,4],"score":1544,"type":"star"}
  Path NextStep: [15,10] -> Need Turn/Move Dir: right
  馃 Local Code Action: turn("right")
  鈿狅笍 [Diverged] Local Code Action differs from Replay!
     -> Replay Action: move to [14,10]
     -> Local Code   : turn("right")
--------------------------------------------------------------------------------
Frame 35 | Star: [14,4] | Map: classic
[State] XDB   : Pos=[14,10] Dir=right | CD=12 | Status=[Normal]
        ByteStorm : Pos=[13,12] Dir=right | CD=11 | Status=[Normal] (Visible: true)
[Replay Actions]
  鈿旓笍 ByteStorm: stay still
  馃洝锔?XDB   : turn right (now right)
[Local Simulation Evaluation]
  Chosen Target: {"action":"move","target":[14,4],"score":1544,"type":"star"}
  Path NextStep: [15,10] -> Need Turn/Move Dir: right
  馃 Local Code Action: go(1)
  鈿狅笍 [Diverged] Local Code Action differs from Replay!
     -> Replay Action: turn right (now right)
     -> Local Code   : go(1)
--------------------------------------------------------------------------------
Frame 36 | Star: [14,4] | Map: classic
[State] XDB   : Pos=[15,10] Dir=right | CD=11 | Status=[Normal]
        ByteStorm : Pos=[13,12] Dir=up    | CD=10 | Status=[Normal] (Visible: true)
[Replay Actions]
  鈿旓笍 ByteStorm: turn left (now up)
  馃洝锔?XDB   : move to [15,10]
[Local Simulation Evaluation]
  Chosen Target: {"action":"move","target":[14,4],"score":1543,"type":"star"}
  Path NextStep: [16,10] -> Need Turn/Move Dir: right
  馃 Local Code Action: go(1)
  鈿狅笍 [Diverged] Local Code Action differs from Replay!
     -> Replay Action: move to [15,10]
     -> Local Code   : go(1)
--------------------------------------------------------------------------------
Frame 37 | Star: [14,4] | Map: classic
[State] XDB   : Pos=[16,10] Dir=right | CD=10 | Status=[Normal]
        ByteStorm : Pos=[13,12] Dir=left  | CD=9 | Status=[Normal] (Visible: true)
[Replay Actions]
  鈿旓笍 ByteStorm: turn left (now left)
  馃洝锔?XDB   : move to [16,10]
[Local Simulation Evaluation]
  Chosen Target: {"action":"move","target":[14,4],"score":1542,"type":"star"}
  Path NextStep: [16,9] -> Need Turn/Move Dir: up
  馃 Local Code Action: turn("left")
  鈿狅笍 [Diverged] Local Code Action differs from Replay!
     -> Replay Action: move to [16,10]
     -> Local Code   : turn("left")
--------------------------------------------------------------------------------
Frame 38 | Star: [14,4] | Map: classic
[State] XDB   : Pos=[16,10] Dir=up    | CD=9 | Status=[Normal]
        ByteStorm : Pos=[12,12] Dir=left  | CD=8 | Status=[Normal] (Visible: true)
[Replay Actions]
  鈿旓笍 ByteStorm: move to [12,12]
  馃洝锔?XDB   : turn left (now up)
[Local Simulation Evaluation]
  Chosen Target: {"action":"move","target":[14,4],"score":1542,"type":"star"}
  Path NextStep: [16,9] -> Need Turn/Move Dir: up
  馃 Local Code Action: go(1)
  鈿狅笍 [Diverged] Local Code Action differs from Replay!
     -> Replay Action: turn left (now up)
     -> Local Code   : go(1)
--------------------------------------------------------------------------------
Frame 39 | Star: [14,4] | Map: classic
[State] XDB   : Pos=[16,9] Dir=up    | CD=8 | Status=[Normal]
        ByteStorm : Pos=[11,12] Dir=left  | CD=7 | Status=[Normal] (Visible: true)
[Replay Actions]
  鈿旓笍 ByteStorm: move to [11,12]
  馃洝锔?XDB   : move to [16,9]
[Local Simulation Evaluation]
  Chosen Target: {"action":"move","target":[14,4],"score":1543,"type":"star"}
  Path NextStep: [16,8] -> Need Turn/Move Dir: up
  馃 Local Code Action: go(1)
  鈿狅笍 [Diverged] Local Code Action differs from Replay!
     -> Replay Action: move to [16,9]
     -> Local Code   : go(1)
--------------------------------------------------------------------------------
Frame 40 | Star: [14,4] | Map: classic
[State] XDB   : Pos=[16,8] Dir=up    | CD=7 | Status=[Normal]
        ByteStorm : Pos=[11,12] Dir=down  | CD=6 | Status=[Normal] (Visible: true)
[Replay Actions]
  鈿旓笍 ByteStorm: turn left (now down)
  馃洝锔?XDB   : move to [16,8]
[Local Simulation Evaluation]
  Chosen Target: {"action":"move","target":[14,4],"score":1544,"type":"star"}
  Path NextStep: [16,7] -> Need Turn/Move Dir: up
  馃 Local Code Action: go(1)
  鈿狅笍 [Diverged] Local Code Action differs from Replay!
     -> Replay Action: move to [16,8]
     -> Local Code   : go(1)
--------------------------------------------------------------------------------
Frame 41 | Star: [14,4] | Map: classic
[State] XDB   : Pos=[16,7] Dir=up    | CD=6 | Status=[Normal]
        ByteStorm : Pos=[11,12] Dir=right | CD=5 | Status=[Normal] (Visible: true)
[Replay Actions]
  鈿旓笍 ByteStorm: turn left (now right)
  馃洝锔?XDB   : move to [16,7]
[Local Simulation Evaluation]
  Chosen Target: {"action":"move","target":[14,4],"score":1545,"type":"star"}
  Path NextStep: [16,6] -> Need Turn/Move Dir: up
  馃 Local Code Action: go(1)
  鈿狅笍 [Diverged] Local Code Action differs from Replay!
     -> Replay Action: move to [16,7]
     -> Local Code   : go(1)
--------------------------------------------------------------------------------
Frame 42 | Star: [14,4] | Map: classic
[State] XDB   : Pos=[16,6] Dir=up    | CD=5 | Status=[Normal]
        ByteStorm : Pos=[12,12] Dir=right | CD=4 | Status=[Normal] (Visible: true)
[Replay Actions]
  鈿旓笍 ByteStorm: move to [12,12]
  馃洝锔?XDB   : move to [16,6]
[Local Simulation Evaluation]
  Chosen Target: {"action":"move","target":[14,4],"score":1546,"type":"star"}
  Path NextStep: [16,5] -> Need Turn/Move Dir: up
  馃 Local Code Action: go(1)
  鈿狅笍 [Diverged] Local Code Action differs from Replay!
     -> Replay Action: move to [16,6]
     -> Local Code   : go(1)
--------------------------------------------------------------------------------
Frame 43 | Star: [14,4] | Map: classic
[State] XDB   : Pos=[16,5] Dir=up    | CD=4 | Status=[Normal]
        ByteStorm : Pos=[13,12] Dir=right | CD=3 | Status=[Normal] (Visible: true)
[Replay Actions]
  鈿旓笍 ByteStorm: move to [13,12]
  馃洝锔?XDB   : move to [16,5]
[Local Simulation Evaluation]
  Chosen Target: {"action":"move","target":[14,4],"score":1547,"type":"star"}
  Path NextStep: [16,4] -> Need Turn/Move Dir: up
  馃 Local Code Action: go(1)
  鈿狅笍 [Diverged] Local Code Action differs from Replay!
     -> Replay Action: move to [16,5]
     -> Local Code   : go(1)
--------------------------------------------------------------------------------
Frame 44 | Star: [14,4] | Map: classic
[State] XDB   : Pos=[16,4] Dir=up    | CD=3 | Status=[Normal]
        ByteStorm : Pos=[14,12] Dir=right | CD=2 | Status=[Normal] (Visible: true)
[Replay Actions]
  鈿旓笍 ByteStorm: move to [14,12]
  馃洝锔?XDB   : move to [16,4]
[Local Simulation Evaluation]
  Chosen Target: {"action":"move","target":[14,4],"score":1548,"type":"star"}
  Path NextStep: [15,4] -> Need Turn/Move Dir: left
  馃 Local Code Action: turn("left")
  鈿狅笍 [Diverged] Local Code Action differs from Replay!
     -> Replay Action: move to [16,4]
     -> Local Code   : turn("left")
--------------------------------------------------------------------------------
Frame 45 | Star: [14,4] | Map: classic
[State] XDB   : Pos=[16,4] Dir=left  | CD=2 | Status=[Normal]
        ByteStorm : Pos=[14,12] Dir=up    | CD=1 | Status=[Normal] (Visible: true)
[Replay Actions]
  鈿旓笍 ByteStorm: turn left (now up)
  馃洝锔?XDB   : turn left (now left)
[Local Simulation Evaluation]
  Chosen Target: {"action":"move","target":[14,4],"score":1548,"type":"star"}
  Path NextStep: [15,4] -> Need Turn/Move Dir: left
  馃 Local Code Action: fire()
  鈿狅笍 [Diverged] Local Code Action differs from Replay!
     -> Replay Action: turn left (now left)
     -> Local Code   : fire()
--------------------------------------------------------------------------------
Frame 46 | Star: [14,4] | Map: classic
[State] XDB   : Pos=[16,4] Dir=left  | CD=1 | Status=[Normal]
        ByteStorm : Pos=[14,11] Dir=up    | CD=0 | Status=[Normal] (Visible: true)
[Replay Actions]
  鈿旓笍 ByteStorm: move to [14,11]
  馃洝锔?XDB   : stay still
[Local Simulation Evaluation]
  Chosen Target: {"action":"move","target":[13,6],"score":750,"type":"survival"}
  Path NextStep: [15,4] -> Need Turn/Move Dir: left
  馃 Local Code Action: go(1)
  鈿狅笍 [Diverged] Local Code Action differs from Replay!
     -> Replay Action: stay still
     -> Local Code   : go(1)
--------------------------------------------------------------------------------
Frame 47 | Star: [14,4] | Map: classic
[State] XDB   : Pos=[15,4] Dir=left  | CD=0 | Status=[Normal]
        ByteStorm : Pos=[14,10] Dir=up    | CD=0 | Status=[Normal] (Visible: true)
[Replay Actions]
  鈿旓笍 ByteStorm: move to [14,10]
  馃洝锔?XDB   : move to [15,4]
[Local Simulation Evaluation]
  Chosen Target: {"action":"move","target":[13,6],"score":1560,"type":"survival"}
  Path NextStep: [14,4] -> Need Turn/Move Dir: left
  馃 Local Code Action: turn("right")
  鈿狅笍 [Diverged] Local Code Action differs from Replay!
     -> Replay Action: move to [15,4]
     -> Local Code   : turn("right")
--------------------------------------------------------------------------------
Frame 48 | Star: [14,4] | Map: classic
[State] XDB   : Pos=[15,4] Dir=up    | CD=0 | Status=[Normal]
        ByteStorm : Pos=[14,10] Dir=right | CD=0 | Status=[Normal] (Visible: true)
[Replay Actions]
  鈿旓笍 ByteStorm: turn right (now right)
  馃洝锔?XDB   : turn right (now up)
[Local Simulation Evaluation]
  Chosen Target: {"action":"move","target":[13,6],"score":1560,"type":"survival"}
  Path NextStep: [16,4] -> Need Turn/Move Dir: right
  馃 Local Code Action: turn("right")
  鈿狅笍 [Diverged] Local Code Action differs from Replay!
     -> Replay Action: turn right (now up)
     -> Local Code   : turn("right")
--------------------------------------------------------------------------------
Frame 49 | Star: [14,4] | Map: classic
[State] XDB   : Pos=[15,4] Dir=right | CD=0 | Status=[Normal]
        ByteStorm : Pos=[15,10] Dir=right | CD=0 | Status=[Normal] (Visible: true)
[Replay Actions]
  鈿旓笍 ByteStorm: move to [15,10]
  馃洝锔?XDB   : turn right (now right)
[Local Simulation Evaluation]
  Chosen Target: {"action":"move","target":[14,4],"score":1399,"type":"star"}
  Path NextStep: [14,4] -> Need Turn/Move Dir: left
  馃 Local Code Action: go(1)
  鈿狅笍 [Diverged] Local Code Action differs from Replay!
     -> Replay Action: turn right (now right)
     -> Local Code   : go(1)
--------------------------------------------------------------------------------
Frame 50 | Star: [14,4] | Map: classic
[State] XDB   : Pos=[16,4] Dir=right | CD=0 | Status=[Normal]
        ByteStorm : Pos=[16,10] Dir=right | CD=0 | Status=[Normal] (Visible: true)
[Replay Actions]
  鈿旓笍 ByteStorm: move to [16,10]
  馃洝锔?XDB   : move to [16,4]
[Local Simulation Evaluation]
  Chosen Target: {"action":"turn","target":[16,10],"score":9900,"type":"shoot"}
  馃 Local Code Action: turn("right")
  鈿狅笍 [Diverged] Local Code Action differs from Replay!
     -> Replay Action: move to [16,4]
     -> Local Code   : turn("right")
--------------------------------------------------------------------------------
Frame 51 | Star: [14,4] | Map: classic
[State] XDB   : Pos=[16,4] Dir=down  | CD=0 | Status=[Normal]
        ByteStorm : Pos=[16,10] Dir=up    | CD=0 | Status=[Normal] (Visible: true)
[Replay Actions]
  鈿旓笍 ByteStorm: turn left (now up)
  馃洝锔?XDB   : turn right (now down)
[Local Simulation Evaluation]
  Chosen Target: {"action":"move","target":[14,4],"score":1398,"type":"star"}
  Path NextStep: [15,4] -> Need Turn/Move Dir: left
  馃 Local Code Action: turn("right")
  鈿狅笍 [Diverged] Local Code Action differs from Replay!
     -> Replay Action: turn right (now down)
     -> Local Code   : turn("right")
--------------------------------------------------------------------------------
Frame 52 | Star: [14,4] | Map: classic
[State] XDB   : Pos=[16,4] Dir=left  | CD=0 | Status=[Normal]
        ByteStorm : Pos=[16,10] Dir=right | CD=0 | Status=[Normal] (Visible: true)
[Replay Actions]
  鈿旓笍 ByteStorm: turn right (now right)
  馃洝锔?XDB   : turn right (now left)
[Local Simulation Evaluation]
  Chosen Target: {"action":"turn","target":[16,10],"score":9900,"type":"shoot"}
  馃 Local Code Action: go(1)
  鈿狅笍 [Diverged] Local Code Action differs from Replay!
     -> Replay Action: turn right (now left)
     -> Local Code   : go(1)
--------------------------------------------------------------------------------
Frame 53 | Star: [14,4] | Map: classic
[State] XDB   : Pos=[15,4] Dir=left  | CD=0 | Status=[Normal]
        ByteStorm : Pos=[16,10] Dir=up    | CD=0 | Status=[Normal] (Visible: true)
[Replay Actions]
  鈿旓笍 ByteStorm: turn left (now up)
  馃洝锔?XDB   : move to [15,4]
[Local Simulation Evaluation]
  Chosen Target: {"action":"move","target":[14,4],"score":1399,"type":"star"}
  Path NextStep: [14,4] -> Need Turn/Move Dir: left
  馃 Local Code Action: stay still
  鈿狅笍 [Diverged] Local Code Action differs from Replay!
     -> Replay Action: move to [15,4]
     -> Local Code   : stay still
--------------------------------------------------------------------------------
Frame 54 | Star: [14,4] | Map: classic
[State] XDB   : Pos=[15,4] Dir=left  | CD=0 | Status=[Normal]
        ByteStorm : Pos=[16,9] Dir=up    | CD=0 | Status=[Normal] (Visible: true)
[Replay Actions]
  鈿旓笍 ByteStorm: move to [16,9]
  馃洝锔?XDB   : stay still
[Local Simulation Evaluation]
  Chosen Target: {"action":"move","target":[14,4],"score":1399,"type":"star"}
  Path NextStep: [14,4] -> Need Turn/Move Dir: left
  馃 Local Code Action: go(1)
  鈿狅笍 [Diverged] Local Code Action differs from Replay!
     -> Replay Action: stay still
     -> Local Code   : go(1)
--------------------------------------------------------------------------------
Frame 55 | Star: null | Map: classic
[State] XDB   : Pos=[14,4] Dir=left  | CD=0 | Status=[Normal]
        ByteStorm : Pos=[16,8] Dir=up    | CD=0 | Status=[Normal] (Visible: true)
[Replay Actions]
  鈿旓笍 ByteStorm: move to [16,8]
  馃洝锔?XDB   : move to [14,4]
[Local Simulation Evaluation]
  Chosen Target: {"action":"move","target":[13,6],"score":770,"type":"survival"}
  Path NextStep: [13,4] -> Need Turn/Move Dir: left
  馃 Local Code Action: go(1)
  鈿狅笍 [Diverged] Local Code Action differs from Replay!
     -> Replay Action: move to [14,4]
     -> Local Code   : go(1)
--------------------------------------------------------------------------------
Frame 56 | Star: null | Map: classic
[State] XDB   : Pos=[13,4] Dir=left  | CD=0 | Status=[Normal]
        ByteStorm : Pos=[16,8] Dir=left  | CD=0 | Status=[Normal] (Visible: true)
[Replay Actions]
  鈿旓笍 ByteStorm: turn left (now left)
  馃洝锔?XDB   : move to [13,4]
[Local Simulation Evaluation]
  Chosen Target: {"action":"move","target":[13,6],"score":1580,"type":"survival"}
  Path NextStep: [12,4] -> Need Turn/Move Dir: left
  馃 Local Code Action: go(1)
  鈿狅笍 [Diverged] Local Code Action differs from Replay!
     -> Replay Action: move to [13,4]
     -> Local Code   : go(1)
--------------------------------------------------------------------------------
Frame 57 | Star: null | Map: classic
[State] XDB   : Pos=[12,4] Dir=left  | CD=0 | Status=[Normal]
        ByteStorm : Pos=[16,8] Dir=up    | CD=0 | Status=[Normal] (Visible: true)
[Replay Actions]
  鈿旓笍 ByteStorm: turn right (now up)
  馃洝锔?XDB   : move to [12,4]
[Local Simulation Evaluation]
  Chosen Target: {"action":"move","target":[12,6],"score":1580,"type":"survival"}
  Path NextStep: [11,4] -> Need Turn/Move Dir: left
  馃 Local Code Action: go(1)
  鈿狅笍 [Diverged] Local Code Action differs from Replay!
     -> Replay Action: move to [12,4]
     -> Local Code   : go(1)
--------------------------------------------------------------------------------
Frame 58 | Star: null | Map: classic
[State] XDB   : Pos=[11,4] Dir=left  | CD=0 | Status=[Normal]
        ByteStorm : Pos=[16,7] Dir=up    | CD=0 | Status=[Normal] (Visible: true)
[Replay Actions]
  鈿旓笍 ByteStorm: move to [16,7]
  馃洝锔?XDB   : move to [11,4]
[Local Simulation Evaluation]
  Chosen Target: {"action":"move","target":[11,6],"score":1580,"type":"survival"}
  Path NextStep: [10,4] -> Need Turn/Move Dir: left
  馃 Local Code Action: go(1)
  鈿狅笍 [Diverged] Local Code Action differs from Replay!
     -> Replay Action: move to [11,4]
     -> Local Code   : go(1)
--------------------------------------------------------------------------------
Frame 59 | Star: null | Map: classic
[State] XDB   : Pos=[10,4] Dir=left  | CD=0 | Status=[Normal]
        ByteStorm : Pos=[16,7] Dir=left  | CD=0 | Status=[Normal] (Visible: true)
[Replay Actions]
  鈿旓笍 ByteStorm: turn left (now left)
  馃洝锔?XDB   : move to [10,4]
[Local Simulation Evaluation]
  Chosen Target: {"action":"move","target":[10,6],"score":1580,"type":"survival"}
  Path NextStep: [10,3] -> Need Turn/Move Dir: up
  馃 Local Code Action: turn("right")
  鈿狅笍 [Diverged] Local Code Action differs from Replay!
     -> Replay Action: move to [10,4]
     -> Local Code   : turn("right")
--------------------------------------------------------------------------------
Frame 60 | Star: null | Map: classic
[State] XDB   : Pos=[10,4] Dir=up    | CD=0 | Status=[Normal]
        ByteStorm : Pos=[15,7] Dir=left  | CD=0 | Status=[Normal] (Visible: true)
[Replay Actions]
  鈿旓笍 ByteStorm: move to [15,7]
  馃洝锔?XDB   : turn right (now up)
[Local Simulation Evaluation]
  Chosen Target: {"action":"move","target":[10,6],"score":1580,"type":"survival"}
  Path NextStep: [10,3] -> Need Turn/Move Dir: up
  馃 Local Code Action: go(1)
  鈿狅笍 [Diverged] Local Code Action differs from Replay!
     -> Replay Action: turn right (now up)
     -> Local Code   : go(1)
--------------------------------------------------------------------------------
Frame 61 | Star: null | Map: classic
[State] XDB   : Pos=[10,3] Dir=up    | CD=0 | Status=[Normal]
        ByteStorm : Pos=[14,7] Dir=left  | CD=0 | Status=[Normal] (Visible: true)
[Replay Actions]
  鈿旓笍 ByteStorm: move to [14,7]
  馃洝锔?XDB   : move to [10,3]
[Local Simulation Evaluation]
  Chosen Target: {"action":"move","target":[10,6],"score":1570,"type":"survival"}
  Path NextStep: [10,2] -> Need Turn/Move Dir: up
  馃 Local Code Action: go(1)
  鈿狅笍 [Diverged] Local Code Action differs from Replay!
     -> Replay Action: move to [10,3]
     -> Local Code   : go(1)
--------------------------------------------------------------------------------
Frame 62 | Star: null | Map: classic
[State] XDB   : Pos=[10,2] Dir=up    | CD=0 | Status=[Normal]
        ByteStorm : Pos=[14,7] Dir=up    | CD=0 | Status=[Normal] (Visible: true)
[Replay Actions]
  鈿旓笍 ByteStorm: turn right (now up)
  馃洝锔?XDB   : move to [10,2]
[Local Simulation Evaluation]
  Chosen Target: {"action":"move","target":[10,6],"score":1560,"type":"survival"}
  Path NextStep: [10,1] -> Need Turn/Move Dir: up
  馃 Local Code Action: go(1)
  鈿狅笍 [Diverged] Local Code Action differs from Replay!
     -> Replay Action: move to [10,2]
     -> Local Code   : go(1)
--------------------------------------------------------------------------------
Frame 63 | Star: null | Map: classic
[State] XDB   : Pos=[10,1] Dir=up    | CD=0 | Status=[Normal]
        ByteStorm : Pos=[14,6] Dir=up    | CD=0 | Status=[Normal] (Visible: true)
[Replay Actions]
  鈿旓笍 ByteStorm: move to [14,6]
  馃洝锔?XDB   : move to [10,1]
[Local Simulation Evaluation]
  Chosen Target: {"action":"move","target":[10,6],"score":1550,"type":"survival"}
  Path NextStep: [9,1] -> Need Turn/Move Dir: left
  馃 Local Code Action: turn("left")
  鈿狅笍 [Diverged] Local Code Action differs from Replay!
     -> Replay Action: move to [10,1]
     -> Local Code   : turn("left")
--------------------------------------------------------------------------------
Frame 64 | Star: null | Map: classic
[State] XDB   : Pos=[10,1] Dir=left  | CD=0 | Status=[Normal]
        ByteStorm : Pos=[14,5] Dir=up    | CD=0 | Status=[Normal] (Visible: true)
[Replay Actions]
  鈿旓笍 ByteStorm: move to [14,5]
  馃洝锔?XDB   : turn left (now left)
[Local Simulation Evaluation]
  Chosen Target: {"action":"move","target":[9,6],"score":1540,"type":"survival"}
  Path NextStep: [9,1] -> Need Turn/Move Dir: left
  馃 Local Code Action: go(1)
  鈿狅笍 [Diverged] Local Code Action differs from Replay!
     -> Replay Action: turn left (now left)
     -> Local Code   : go(1)
--------------------------------------------------------------------------------
Frame 65 | Star: [3,9] | Map: classic
[State] XDB   : Pos=[9,1] Dir=left  | CD=0 | Status=[Normal]
        ByteStorm : Pos=[14,4] Dir=up    | CD=0 | Status=[Normal] (Visible: true)
[Replay Actions]
  鈿旓笍 ByteStorm: move to [14,4]
  馃洝锔?XDB   : move to [9,1]
[Local Simulation Evaluation]
  Chosen Target: {"action":"teleport","target":[4,9],"score":1800,"type":"star"}
  馃 Local Code Action: teleport(4, 9)
  鈿狅笍 [Diverged] Local Code Action differs from Replay!
     -> Replay Action: move to [9,1]
     -> Local Code   : teleport(4, 9)
--------------------------------------------------------------------------------
Frame 66 | Star: [3,9] | Map: classic
[State] XDB   : Pos=[4,9] Dir=left  | CD=40 | Status=[fireLocked]
        ByteStorm : Pos=[14,4] Dir=left  | CD=0 | Status=[Normal] (Visible: true)
[Replay Actions]
  鈿旓笍 ByteStorm: turn left (now left)
  馃洝锔?XDB   : teleported to [4,9]
[Local Simulation Evaluation]
  Chosen Target: {"action":"move","target":[4,9],"score":1300,"type":"star"}
  馃 Local Code Action: speak("浼犻€佸欢杩熺瓑寰?) | speak("浼犻€佸欢杩熺瓑寰?)
  鈿狅笍 [Diverged] Local Code Action differs from Replay!
     -> Replay Action: teleported to [4,9]
     -> Local Code   : speak("浼犻€佸欢杩熺瓑寰?) | speak("浼犻€佸欢杩熺瓑寰?)
--------------------------------------------------------------------------------
Frame 67 | Star: [3,9] | Map: classic
[State] XDB   : Pos=[4,9] Dir=left  | CD=39 | Status=[fireLocked]
        ByteStorm : Pos=[14,4] Dir=down  | CD=0 | Status=[Normal] (Visible: true)
[Replay Actions]
  鈿旓笍 ByteStorm: turn left (now down)
  馃洝锔?XDB   : stay still
[Local Simulation Evaluation]
  Chosen Target: {"action":"move","target":[3,9],"score":1549,"type":"star"}
  Path NextStep: [3,9] -> Need Turn/Move Dir: left
  馃 Local Code Action: go(1)
  鈿狅笍 [Diverged] Local Code Action differs from Replay!
     -> Replay Action: stay still
     -> Local Code   : go(1)
--------------------------------------------------------------------------------
Frame 68 | Star: null | Map: classic
[State] XDB   : Pos=[3,9] Dir=left  | CD=38 | Status=[Normal]
        ByteStorm : Pos=[14,5] Dir=down  | CD=0 | Status=[Normal] (Visible: true)
[Replay Actions]
  鈿旓笍 ByteStorm: move to [14,5]
  馃洝锔?XDB   : move to [3,9]
[Local Simulation Evaluation]
  Chosen Target: {"action":"move","target":[5,8],"score":770,"type":"survival"}
  Path NextStep: [3,8] -> Need Turn/Move Dir: up
  馃 Local Code Action: turn("right")
  鈿狅笍 [Diverged] Local Code Action differs from Replay!
     -> Replay Action: move to [3,9]
     -> Local Code   : turn("right")
--------------------------------------------------------------------------------
Frame 69 | Star: null | Map: classic
[State] XDB   : Pos=[3,9] Dir=up    | CD=37 | Status=[Normal]
        ByteStorm : Pos=[14,6] Dir=down  | CD=0 | Status=[Normal] (Visible: true)
[Replay Actions]
  鈿旓笍 ByteStorm: move to [14,6]
  馃洝锔?XDB   : turn right (now up)
[Local Simulation Evaluation]
  Chosen Target: {"action":"move","target":[5,8],"score":1570,"type":"survival"}
  Path NextStep: [3,8] -> Need Turn/Move Dir: up
  馃 Local Code Action: go(1)
  鈿狅笍 [Diverged] Local Code Action differs from Replay!
     -> Replay Action: turn right (now up)
     -> Local Code   : go(1)
--------------------------------------------------------------------------------
Frame 70 | Star: null | Map: classic
[State] XDB   : Pos=[3,8] Dir=up    | CD=36 | Status=[Normal]
        ByteStorm : Pos=[14,6] Dir=left  | CD=0 | Status=[Normal] (Visible: true)
[Replay Actions]
  鈿旓笍 ByteStorm: turn right (now left)
  馃洝锔?XDB   : move to [3,8]
[Local Simulation Evaluation]
  Chosen Target: {"action":"move","target":[5,8],"score":1580,"type":"survival"}
  Path NextStep: [4,8] -> Need Turn/Move Dir: right
  馃 Local Code Action: turn("right")
  鈿狅笍 [Diverged] Local Code Action differs from Replay!
     -> Replay Action: move to [3,8]
     -> Local Code   : turn("right")
--------------------------------------------------------------------------------
Frame 71 | Star: null | Map: classic
[State] XDB   : Pos=[3,8] Dir=right | CD=35 | Status=[Normal]
        ByteStorm : Pos=[13,6] Dir=left  | CD=0 | Status=[Normal] (Visible: false)
[Replay Actions]
  鈿旓笍 ByteStorm: move to [13,6]
  馃洝锔?XDB   : turn right (now right)
[Local Simulation Evaluation]
  Chosen Target: {"action":"move","target":[5,8],"score":1580,"type":"survival"}
  Path NextStep: [4,8] -> Need Turn/Move Dir: right
  馃 Local Code Action: go(1)
  鈿狅笍 [Diverged] Local Code Action differs from Replay!
     -> Replay Action: turn right (now right)
     -> Local Code   : go(1)
--------------------------------------------------------------------------------
Frame 72 | Star: null | Map: classic
[State] XDB   : Pos=[4,8] Dir=right | CD=34 | Status=[Normal]
        ByteStorm : Pos=[12,6] Dir=left  | CD=0 | Status=[Normal] (Visible: false)
[Replay Actions]
  鈿旓笍 ByteStorm: move to [12,6]
  馃洝锔?XDB   : move to [4,8]
[Local Simulation Evaluation]
  Chosen Target: {"action":"move","target":[5,8],"score":1590,"type":"survival"}
  Path NextStep: [5,8] -> Need Turn/Move Dir: right
  馃 Local Code Action: go(1)
  鈿狅笍 [Diverged] Local Code Action differs from Replay!
     -> Replay Action: move to [4,8]
     -> Local Code   : go(1)
--------------------------------------------------------------------------------
Frame 73 | Star: null | Map: classic
[State] XDB   : Pos=[5,8] Dir=right | CD=33 | Status=[Normal]
        ByteStorm : Pos=[11,6] Dir=left  | CD=0 | Status=[Normal] (Visible: false)
[Replay Actions]
  鈿旓笍 ByteStorm: move to [11,6]
  馃洝锔?XDB   : move to [5,8]
[Local Simulation Evaluation]
  Chosen Target: {"action":"move","target":[5,8],"score":300,"type":"survival"}
  馃 Local Code Action: stay still
  鈿狅笍 [Diverged] Local Code Action differs from Replay!
     -> Replay Action: move to [5,8]
     -> Local Code   : stay still
--------------------------------------------------------------------------------
Frame 74 | Star: null | Map: classic
[State] XDB   : Pos=[5,8] Dir=right | CD=32 | Status=[Normal]
        ByteStorm : Pos=[10,6] Dir=left  | CD=0 | Status=[Normal] (Visible: false)
[Replay Actions]
  鈿旓笍 ByteStorm: move to [10,6]
  馃洝锔?XDB   : stay still
[Local Simulation Evaluation]
  Chosen Target: {"action":"move","target":[5,8],"score":300,"type":"survival"}
  馃 Local Code Action: stay still
--------------------------------------------------------------------------------
Frame 75 | Star: null | Map: classic
[State] XDB   : Pos=[5,8] Dir=right | CD=31 | Status=[Normal]
        ByteStorm : Pos=[10,6] Dir=left  | CD=32 | Status=[overloaded] (Visible: false)
[Replay Actions]
  鈿旓笍 ByteStorm: stay still
  馃洝锔?XDB   : stay still
[Local Simulation Evaluation]
  Chosen Target: {"action":"move","target":[5,8],"score":300,"type":"survival"}
  馃 Local Code Action: stay still
--------------------------------------------------------------------------------
Frame 76 | Star: null | Map: classic
[State] XDB   : Pos=[5,8] Dir=right | CD=30 | Status=[Normal]
        ByteStorm : Pos=[10,6] Dir=left  | CD=31 | Status=[Normal] (Visible: false)
[Replay Actions]
  鈿旓笍 ByteStorm: stay still
  馃洝锔?XDB   : stay still
[Local Simulation Evaluation]
  Chosen Target: {"action":"move","target":[5,8],"score":300,"type":"survival"}
  馃 Local Code Action: stay still
--------------------------------------------------------------------------------
Frame 77 | Star: null | Map: classic
[State] XDB   : Pos=[5,8] Dir=right | CD=29 | Status=[Normal]
        ByteStorm : Pos=[10,6] Dir=down  | CD=30 | Status=[Normal] (Visible: false)
[Replay Actions]
  鈿旓笍 ByteStorm: turn left (now down)
  馃洝锔?XDB   : stay still
[Local Simulation Evaluation]
  Chosen Target: {"action":"move","target":[5,8],"score":300,"type":"survival"}
  馃 Local Code Action: stay still
--------------------------------------------------------------------------------
Frame 78 | Star: [2,1] | Map: classic
[State] XDB   : Pos=[6,8] Dir=right | CD=28 | Status=[Normal]
        ByteStorm : Pos=[10,6] Dir=left  | CD=29 | Status=[Normal] (Visible: false)
[Replay Actions]
  鈿旓笍 ByteStorm: turn right (now left)
  馃洝锔?XDB   : move to [6,8]
[Local Simulation Evaluation]
  Chosen Target: {"action":"move","target":[2,1],"score":1389,"type":"star"}
  Path NextStep: [6,7] -> Need Turn/Move Dir: up
  馃 Local Code Action: turn("left")
  鈿狅笍 [Diverged] Local Code Action differs from Replay!
     -> Replay Action: move to [6,8]
     -> Local Code   : turn("left")
--------------------------------------------------------------------------------
Frame 79 | Star: [2,1] | Map: classic
[State] XDB   : Pos=[6,8] Dir=right | CD=27 | Status=[Normal]
        ByteStorm : Pos=[10,6] Dir=up    | CD=28 | Status=[Normal] (Visible: false)
[Replay Actions]
  鈿旓笍 ByteStorm: turn right (now up)
  馃洝锔?XDB   : stay still
[Local Simulation Evaluation]
  Chosen Target: {"action":"move","target":[2,1],"score":1539,"type":"star"}
  Path NextStep: [6,7] -> Need Turn/Move Dir: up
  馃 Local Code Action: turn("left")
  鈿狅笍 [Diverged] Local Code Action differs from Replay!
     -> Replay Action: stay still
     -> Local Code   : turn("left")
--------------------------------------------------------------------------------
Frame 80 | Star: [2,1] | Map: classic
[State] XDB   : Pos=[6,8] Dir=right | CD=26 | Status=[Normal]
        ByteStorm : Pos=[10,6] Dir=right | CD=27 | Status=[Normal] (Visible: false)
[Replay Actions]
  鈿旓笍 ByteStorm: turn right (now right)
  馃洝锔?XDB   : stay still
[Local Simulation Evaluation]
  Chosen Target: {"action":"move","target":[2,1],"score":939,"type":"star"}
  Path NextStep: [6,7] -> Need Turn/Move Dir: up
  馃 Local Code Action: turn("left")
  鈿狅笍 [Diverged] Local Code Action differs from Replay!
     -> Replay Action: stay still
     -> Local Code   : turn("left")
--------------------------------------------------------------------------------
Frame 81 | Star: [2,1] | Map: classic
[State] XDB   : Pos=[6,8] Dir=up    | CD=25 | Status=[Normal]
        ByteStorm : Pos=[10,6] Dir=up    | CD=26 | Status=[Normal] (Visible: false)
[Replay Actions]
  鈿旓笍 ByteStorm: turn left (now up)
  馃洝锔?XDB   : turn left (now up)
[Local Simulation Evaluation]
  Chosen Target: {"action":"move","target":[2,1],"score":939,"type":"star"}
  Path NextStep: [6,7] -> Need Turn/Move Dir: up
  馃 Local Code Action: go(1)
  鈿狅笍 [Diverged] Local Code Action differs from Replay!
     -> Replay Action: turn left (now up)
     -> Local Code   : go(1)
--------------------------------------------------------------------------------
Frame 82 | Star: [2,1] | Map: classic
[State] XDB   : Pos=[6,7] Dir=up    | CD=24 | Status=[Normal]
        ByteStorm : Pos=[10,6] Dir=right | CD=25 | Status=[Normal] (Visible: false)
[Replay Actions]
  鈿旓笍 ByteStorm: turn right (now right)
  馃洝锔?XDB   : move to [6,7]
[Local Simulation Evaluation]
  Chosen Target: {"action":"move","target":[2,1],"score":940,"type":"star"}
  Path NextStep: [6,6] -> Need Turn/Move Dir: up
  馃 Local Code Action: go(1)
  鈿狅笍 [Diverged] Local Code Action differs from Replay!
     -> Replay Action: move to [6,7]
     -> Local Code   : go(1)
--------------------------------------------------------------------------------
Frame 83 | Star: [2,1] | Map: classic
[State] XDB   : Pos=[6,6] Dir=up    | CD=23 | Status=[Normal]
        ByteStorm : Pos=[10,6] Dir=up    | CD=24 | Status=[Normal] (Visible: false)
[Replay Actions]
  鈿旓笍 ByteStorm: turn left (now up)
  馃洝锔?XDB   : move to [6,6]
[Local Simulation Evaluation]
  Chosen Target: {"action":"move","target":[2,1],"score":941,"type":"star"}
  Path NextStep: [5,6] -> Need Turn/Move Dir: left
  馃 Local Code Action: turn("left")
  鈿狅笍 [Diverged] Local Code Action differs from Replay!
     -> Replay Action: move to [6,6]
     -> Local Code   : turn("left")
--------------------------------------------------------------------------------
Frame 84 | Star: [2,1] | Map: classic
[State] XDB   : Pos=[6,6] Dir=left  | CD=22 | Status=[Normal]
        ByteStorm : Pos=[10,6] Dir=right | CD=23 | Status=[Normal] (Visible: false)
[Replay Actions]
  鈿旓笍 ByteStorm: turn right (now right)
  馃洝锔?XDB   : turn left (now left)
[Local Simulation Evaluation]
  Chosen Target: {"action":"move","target":[6,6],"score":300,"type":"survival"}
  馃 Local Code Action: stay still
  鈿狅笍 [Diverged] Local Code Action differs from Replay!
     -> Replay Action: turn left (now left)
     -> Local Code   : stay still
--------------------------------------------------------------------------------
Frame 85 | Star: [2,1] | Map: classic
[State] XDB   : Pos=[6,6] Dir=left  | CD=21 | Status=[Normal]
        ByteStorm : Pos=[10,6] Dir=up    | CD=22 | Status=[Normal] (Visible: false)
[Replay Actions]
  鈿旓笍 ByteStorm: turn left (now up)
  馃洝锔?XDB   : stay still
[Local Simulation Evaluation]
  Chosen Target: {"action":"move","target":[6,6],"score":300,"type":"survival"}
  馃 Local Code Action: stay still
--------------------------------------------------------------------------------
Frame 86 | Star: [2,1] | Map: classic
[State] XDB   : Pos=[6,6] Dir=left  | CD=20 | Status=[Normal]
        ByteStorm : Pos=[10,6] Dir=right | CD=21 | Status=[Normal] (Visible: false)
[Replay Actions]
  鈿旓笍 ByteStorm: turn right (now right)
  馃洝锔?XDB   : stay still
[Local Simulation Evaluation]
  Chosen Target: {"action":"move","target":[6,6],"score":300,"type":"survival"}
  馃 Local Code Action: stay still
--------------------------------------------------------------------------------
Frame 87 | Star: [2,1] | Map: classic
[State] XDB   : Pos=[6,6] Dir=left  | CD=19 | Status=[Normal]
        ByteStorm : Pos=[10,6] Dir=down  | CD=20 | Status=[Normal] (Visible: false)
[Replay Actions]
  鈿旓笍 ByteStorm: turn right (now down)
  馃洝锔?XDB   : stay still
[Local Simulation Evaluation]
  Chosen Target: {"action":"move","target":[6,6],"score":300,"type":"survival"}
  馃 Local Code Action: stay still
--------------------------------------------------------------------------------
Frame 88 | Star: [2,1] | Map: classic
[State] XDB   : Pos=[6,6] Dir=left  | CD=18 | Status=[Normal]
        ByteStorm : Pos=[10,6] Dir=left  | CD=19 | Status=[Normal] (Visible: false)
[Replay Actions]
  鈿旓笍 ByteStorm: turn right (now left)
  馃洝锔?XDB   : stay still
[Local Simulation Evaluation]
  Chosen Target: {"action":"move","target":[6,6],"score":300,"type":"survival"}
  馃 Local Code Action: stay still
--------------------------------------------------------------------------------
Frame 89 | Star: [2,1] | Map: classic
[State] XDB   : Pos=[6,6] Dir=left  | CD=17 | Status=[Normal]
        ByteStorm : Pos=[10,6] Dir=up    | CD=18 | Status=[Normal] (Visible: false)
[Replay Actions]
  鈿旓笍 ByteStorm: turn right (now up)
  馃洝锔?XDB   : stay still
[Local Simulation Evaluation]
  Chosen Target: {"action":"move","target":[6,6],"score":300,"type":"survival"}
  馃 Local Code Action: stay still
--------------------------------------------------------------------------------
Frame 90 | Star: [2,1] | Map: classic
[State] XDB   : Pos=[6,6] Dir=left  | CD=16 | Status=[Normal]
        ByteStorm : Pos=[10,6] Dir=left  | CD=17 | Status=[Normal] (Visible: false)
[Replay Actions]
  鈿旓笍 ByteStorm: turn left (now left)
  馃洝锔?XDB   : stay still
[Local Simulation Evaluation]
  Chosen Target: {"action":"move","target":[6,6],"score":300,"type":"survival"}
  馃 Local Code Action: stay still
--------------------------------------------------------------------------------
Frame 91 | Star: [2,1] | Map: classic
[State] XDB   : Pos=[6,6] Dir=left  | CD=15 | Status=[Normal]
        ByteStorm : Pos=[10,6] Dir=up    | CD=16 | Status=[Normal] (Visible: false)
[Replay Actions]
  鈿旓笍 ByteStorm: turn right (now up)
  馃洝锔?XDB   : stay still
[Local Simulation Evaluation]
  Chosen Target: {"action":"move","target":[6,6],"score":300,"type":"survival"}
  馃 Local Code Action: stay still
--------------------------------------------------------------------------------
Frame 92 | Star: [2,1] | Map: classic
[State] XDB   : Pos=[6,6] Dir=left  | CD=14 | Status=[Normal]
        ByteStorm : Pos=[10,6] Dir=left  | CD=15 | Status=[Normal] (Visible: false)
[Replay Actions]
  鈿旓笍 ByteStorm: turn left (now left)
  馃洝锔?XDB   : stay still
[Local Simulation Evaluation]
  Chosen Target: {"action":"move","target":[6,6],"score":300,"type":"survival"}
  馃 Local Code Action: stay still
--------------------------------------------------------------------------------
Frame 93 | Star: [2,1] | Map: classic
[State] XDB   : Pos=[6,6] Dir=left  | CD=13 | Status=[Normal]
        ByteStorm : Pos=[10,6] Dir=up    | CD=14 | Status=[Normal] (Visible: false)
[Replay Actions]
  鈿旓笍 ByteStorm: turn right (now up)
  馃洝锔?XDB   : stay still
[Local Simulation Evaluation]
  Chosen Target: {"action":"move","target":[6,6],"score":300,"type":"survival"}
  馃 Local Code Action: stay still
--------------------------------------------------------------------------------
Frame 94 | Star: [2,1] | Map: classic
[State] XDB   : Pos=[6,6] Dir=left  | CD=12 | Status=[Normal]
        ByteStorm : Pos=[10,6] Dir=left  | CD=13 | Status=[Normal] (Visible: false)
[Replay Actions]
  鈿旓笍 ByteStorm: turn left (now left)
  馃洝锔?XDB   : stay still
[Local Simulation Evaluation]
  Chosen Target: {"action":"move","target":[6,6],"score":300,"type":"survival"}
  馃 Local Code Action: stay still
--------------------------------------------------------------------------------
Frame 95 | Star: [2,1] | Map: classic
[State] XDB   : Pos=[6,6] Dir=left  | CD=11 | Status=[Normal]
        ByteStorm : Pos=[10,6] Dir=up    | CD=12 | Status=[Normal] (Visible: false)
[Replay Actions]
  鈿旓笍 ByteStorm: turn right (now up)
  馃洝锔?XDB   : stay still
[Local Simulation Evaluation]
  Chosen Target: {"action":"move","target":[6,6],"score":300,"type":"survival"}
  馃 Local Code Action: stay still
--------------------------------------------------------------------------------
Frame 96 | Star: [2,1] | Map: classic
[State] XDB   : Pos=[6,6] Dir=left  | CD=10 | Status=[Normal]
        ByteStorm : Pos=[10,6] Dir=right | CD=11 | Status=[Normal] (Visible: false)
[Replay Actions]
  鈿旓笍 ByteStorm: turn right (now right)
  馃洝锔?XDB   : stay still
[Local Simulation Evaluation]
  Chosen Target: {"action":"move","target":[6,6],"score":300,"type":"survival"}
  馃 Local Code Action: stay still
--------------------------------------------------------------------------------
Frame 97 | Star: [2,1] | Map: classic
[State] XDB   : Pos=[6,6] Dir=left  | CD=9 | Status=[Normal]
        ByteStorm : Pos=[10,6] Dir=down  | CD=10 | Status=[Normal] (Visible: false)
[Replay Actions]
  鈿旓笍 ByteStorm: turn right (now down)
  馃洝锔?XDB   : stay still
[Local Simulation Evaluation]
  Chosen Target: {"action":"move","target":[6,6],"score":300,"type":"survival"}
  馃 Local Code Action: stay still
--------------------------------------------------------------------------------
Frame 98 | Star: [2,1] | Map: classic
[State] XDB   : Pos=[6,6] Dir=left  | CD=8 | Status=[Normal]
        ByteStorm : Pos=[10,6] Dir=left  | CD=9 | Status=[Normal] (Visible: false)
[Replay Actions]
  鈿旓笍 ByteStorm: turn right (now left)
  馃洝锔?XDB   : stay still
[Local Simulation Evaluation]
  Chosen Target: {"action":"move","target":[6,6],"score":300,"type":"survival"}
  馃 Local Code Action: stay still
--------------------------------------------------------------------------------
Frame 99 | Star: [2,1] | Map: classic
[State] XDB   : Pos=[6,6] Dir=left  | CD=7 | Status=[Normal]
        ByteStorm : Pos=[10,6] Dir=down  | CD=8 | Status=[Normal] (Visible: false)
[Replay Actions]
  鈿旓笍 ByteStorm: turn left (now down)
  馃洝锔?XDB   : stay still
[Local Simulation Evaluation]
  Chosen Target: {"action":"move","target":[6,6],"score":300,"type":"survival"}
  馃 Local Code Action: stay still
--------------------------------------------------------------------------------
Frame 100 | Star: [2,1] | Map: classic
[State] XDB   : Pos=[6,6] Dir=left  | CD=6 | Status=[Normal]
        ByteStorm : Pos=[10,6] Dir=left  | CD=7 | Status=[Normal] (Visible: false)
[Replay Actions]
  鈿旓笍 ByteStorm: turn right (now left)
  馃洝锔?XDB   : stay still
[Local Simulation Evaluation]
  Chosen Target: {"action":"move","target":[6,6],"score":300,"type":"survival"}
  馃 Local Code Action: stay still
--------------------------------------------------------------------------------
Frame 101 | Star: [2,1] | Map: classic
[State] XDB   : Pos=[6,6] Dir=left  | CD=5 | Status=[Normal]
        ByteStorm : Pos=[10,6] Dir=down  | CD=6 | Status=[Normal] (Visible: false)
[Replay Actions]
  鈿旓笍 ByteStorm: turn left (now down)
  馃洝锔?XDB   : stay still
[Local Simulation Evaluation]
  Chosen Target: {"action":"move","target":[2,1],"score":791,"type":"star"}
  Path NextStep: [5,6] -> Need Turn/Move Dir: left
  馃 Local Code Action: go(1)
  鈿狅笍 [Diverged] Local Code Action differs from Replay!
     -> Replay Action: stay still
     -> Local Code   : go(1)
--------------------------------------------------------------------------------
Frame 102 | Star: [2,1] | Map: classic
[State] XDB   : Pos=[5,6] Dir=left  | CD=4 | Status=[Normal]
        ByteStorm : Pos=[10,6] Dir=left  | CD=5 | Status=[Normal] (Visible: false)
[Replay Actions]
  鈿旓笍 ByteStorm: turn right (now left)
  馃洝锔?XDB   : move to [5,6]
[Local Simulation Evaluation]
  Chosen Target: {"action":"move","target":[2,1],"score":942,"type":"star"}
  Path NextStep: [4,6] -> Need Turn/Move Dir: left
  馃 Local Code Action: go(1)
  鈿狅笍 [Diverged] Local Code Action differs from Replay!
     -> Replay Action: move to [5,6]
     -> Local Code   : go(1)
--------------------------------------------------------------------------------
Frame 103 | Star: [2,1] | Map: classic
[State] XDB   : Pos=[4,6] Dir=left  | CD=3 | Status=[Normal]
        ByteStorm : Pos=[10,6] Dir=down  | CD=4 | Status=[Normal] (Visible: false)
[Replay Actions]
  鈿旓笍 ByteStorm: turn left (now down)
  馃洝锔?XDB   : move to [4,6]
[Local Simulation Evaluation]
  Chosen Target: {"action":"move","target":[2,1],"score":943,"type":"star"}
  Path NextStep: [3,6] -> Need Turn/Move Dir: left
  馃 Local Code Action: go(1)
  鈿狅笍 [Diverged] Local Code Action differs from Replay!
     -> Replay Action: move to [4,6]
     -> Local Code   : go(1)
--------------------------------------------------------------------------------
Frame 104 | Star: [2,1] | Map: classic
[State] XDB   : Pos=[3,6] Dir=left  | CD=2 | Status=[Normal]
        ByteStorm : Pos=[10,6] Dir=left  | CD=3 | Status=[Normal] (Visible: false)
[Replay Actions]
  鈿旓笍 ByteStorm: turn right (now left)
  馃洝锔?XDB   : move to [3,6]
[Local Simulation Evaluation]
  Chosen Target: {"action":"move","target":[2,1],"score":944,"type":"star"}
  Path NextStep: [2,6] -> Need Turn/Move Dir: left
  馃 Local Code Action: go(1)
  鈿狅笍 [Diverged] Local Code Action differs from Replay!
     -> Replay Action: move to [3,6]
     -> Local Code   : go(1)
--------------------------------------------------------------------------------
Frame 105 | Star: [2,1] | Map: classic
[State] XDB   : Pos=[2,6] Dir=left  | CD=1 | Status=[Normal]
        ByteStorm : Pos=[9,6] Dir=left  | CD=2 | Status=[Normal] (Visible: false)
[Replay Actions]
  鈿旓笍 ByteStorm: move to [9,6]
  馃洝锔?XDB   : move to [2,6]
[Local Simulation Evaluation]
  Chosen Target: {"action":"move","target":[2,1],"score":945,"type":"star"}
  Path NextStep: [2,5] -> Need Turn/Move Dir: up
  馃 Local Code Action: turn("right")
  鈿狅笍 [Diverged] Local Code Action differs from Replay!
     -> Replay Action: move to [2,6]
     -> Local Code   : turn("right")
--------------------------------------------------------------------------------
Frame 106 | Star: [2,1] | Map: classic
[State] XDB   : Pos=[2,6] Dir=up    | CD=0 | Status=[Normal]
        ByteStorm : Pos=[9,6] Dir=down  | CD=1 | Status=[Normal] (Visible: false)
[Replay Actions]
  鈿旓笍 ByteStorm: turn left (now down)
  馃洝锔?XDB   : turn right (now up)
[Local Simulation Evaluation]
  Chosen Target: {"action":"move","target":[2,1],"score":945,"type":"star"}
  Path NextStep: [2,5] -> Need Turn/Move Dir: up
  馃 Local Code Action: go(1)
  鈿狅笍 [Diverged] Local Code Action differs from Replay!
     -> Replay Action: turn right (now up)
     -> Local Code   : go(1)
--------------------------------------------------------------------------------
Frame 107 | Star: [2,1] | Map: classic
[State] XDB   : Pos=[2,6] Dir=right | CD=0 | Status=[Normal]
        ByteStorm : Pos=[9,6] Dir=left  | CD=0 | Status=[Normal] (Visible: false)
[Replay Actions]
  鈿旓笍 ByteStorm: turn right (now left)
  馃洝锔?XDB   : turn right (now right)
[Local Simulation Evaluation]
  Chosen Target: {"action":"move","target":[2,1],"score":945,"type":"star"}
  Path NextStep: [2,5] -> Need Turn/Move Dir: up
  馃 Local Code Action: turn("left")
  鈿狅笍 [Diverged] Local Code Action differs from Replay!
     -> Replay Action: turn right (now right)
     -> Local Code   : turn("left")
--------------------------------------------------------------------------------
Frame 108 | Star: [2,1] | Map: classic
[State] XDB   : Pos=[3,6] Dir=right | CD=0 | Status=[Normal]
        ByteStorm : Pos=[8,6] Dir=left  | CD=0 | Status=[Normal] (Visible: false)
[Replay Actions]
  鈿旓笍 ByteStorm: move to [8,6]
  馃洝锔?XDB   : move to [3,6]
[Local Simulation Evaluation]
  Chosen Target: {"action":"move","target":[2,1],"score":944,"type":"star"}
  Path NextStep: [2,6] -> Need Turn/Move Dir: left
  馃 Local Code Action: turn("right")
  鈿狅笍 [Diverged] Local Code Action differs from Replay!
     -> Replay Action: move to [3,6]
     -> Local Code   : turn("right")
--------------------------------------------------------------------------------
Frame 109 | Star: [2,1] | Map: classic
[State] XDB   : Pos=[4,6] Dir=right | CD=0 | Status=[Normal]
        ByteStorm : Pos=[8,6] Dir=down  | CD=0 | Status=[Normal] (Visible: false)
[Replay Actions]
  鈿旓笍 ByteStorm: turn left (now down)
  馃洝锔?XDB   : move to [4,6]
[Local Simulation Evaluation]
  Chosen Target: {"action":"move","target":[2,1],"score":943,"type":"star"}
  Path NextStep: [3,6] -> Need Turn/Move Dir: left
  馃 Local Code Action: turn("right")
  鈿狅笍 [Diverged] Local Code Action differs from Replay!
     -> Replay Action: move to [4,6]
     -> Local Code   : turn("right")
--------------------------------------------------------------------------------
Frame 110 | Star: [2,1] | Map: classic
[State] XDB   : Pos=[5,6] Dir=right | CD=0 | Status=[Normal]
        ByteStorm : Pos=[8,7] Dir=down  | CD=0 | Status=[Normal] (Visible: false)
[Replay Actions]
  鈿旓笍 ByteStorm: move to [8,7]
  馃洝锔?XDB   : move to [5,6]
[Local Simulation Evaluation]
  Chosen Target: {"action":"move","target":[2,1],"score":942,"type":"star"}
  Path NextStep: [4,6] -> Need Turn/Move Dir: left
  馃 Local Code Action: turn("right")
  鈿狅笍 [Diverged] Local Code Action differs from Replay!
     -> Replay Action: move to [5,6]
     -> Local Code   : turn("right")
--------------------------------------------------------------------------------
Frame 111 | Star: [2,1] | Map: classic
[State] XDB   : Pos=[6,6] Dir=right | CD=0 | Status=[Normal]
        ByteStorm : Pos=[8,7] Dir=right | CD=0 | Status=[Normal] (Visible: false)
[Replay Actions]
  鈿旓笍 ByteStorm: turn left (now right)
  馃洝锔?XDB   : move to [6,6]
[Local Simulation Evaluation]
  Chosen Target: {"action":"move","target":[2,1],"score":941,"type":"star"}
  Path NextStep: [5,6] -> Need Turn/Move Dir: left
  馃 Local Code Action: turn("right")
  鈿狅笍 [Diverged] Local Code Action differs from Replay!
     -> Replay Action: move to [6,6]
     -> Local Code   : turn("right")
--------------------------------------------------------------------------------
Frame 112 | Star: [2,1] | Map: classic
[State] XDB   : Pos=[6,6] Dir=down  | CD=0 | Status=[Normal]
        ByteStorm : Pos=[8,7] Dir=up    | CD=0 | Status=[Normal] (Visible: false)
[Replay Actions]
  鈿旓笍 ByteStorm: turn left (now up)
  馃洝锔?XDB   : turn right (now down)
[Local Simulation Evaluation]
  Chosen Target: {"action":"move","target":[2,1],"score":941,"type":"star"}
  Path NextStep: [5,6] -> Need Turn/Move Dir: left
  馃 Local Code Action: turn("right")
  鈿狅笍 [Diverged] Local Code Action differs from Replay!
     -> Replay Action: turn right (now down)
     -> Local Code   : turn("right")
--------------------------------------------------------------------------------
Frame 113 | Star: [2,1] | Map: classic
[State] XDB   : Pos=[6,7] Dir=down  | CD=0 | Status=[Normal]
        ByteStorm : Pos=[8,7] Dir=left  | CD=0 | Status=[Normal] (Visible: false)
[Replay Actions]
  鈿旓笍 ByteStorm: turn left (now left)
  馃洝锔?XDB   : move to [6,7]
[Local Simulation Evaluation]
  Chosen Target: {"action":"move","target":[2,1],"score":940,"type":"star"}
  Path NextStep: [5,7] -> Need Turn/Move Dir: left
  馃 Local Code Action: turn("right")
  鈿狅笍 [Diverged] Local Code Action differs from Replay!
     -> Replay Action: move to [6,7]
     -> Local Code   : turn("right")
--------------------------------------------------------------------------------
Frame 114 | Star: [2,1] | Map: classic
[State] XDB   : Pos=[6,7] Dir=right | CD=0 | Status=[Normal]
        ByteStorm : Pos=[8,7] Dir=left  | CD=32 | Status=[overloaded] (Visible: false)
[Replay Actions]
  鈿旓笍 ByteStorm: stay still
  馃洝锔?XDB   : turn left (now right)
[Local Simulation Evaluation]
  Chosen Target: {"action":"move","target":[2,1],"score":940,"type":"star"}
  Path NextStep: [5,7] -> Need Turn/Move Dir: left
  馃 Local Code Action: turn("right")
  鈿狅笍 [Diverged] Local Code Action differs from Replay!
     -> Replay Action: turn left (now right)
     -> Local Code   : turn("right")
--------------------------------------------------------------------------------
Frame 115 | Star: [2,1] | Map: classic
[State] XDB   : Pos=[7,7] Dir=right | CD=0 | Status=[Normal]
        ByteStorm : Pos=[8,7] Dir=left  | CD=31 | Status=[Normal] (Visible: false)
[Replay Actions]
  鈿旓笍 ByteStorm: stay still
  馃洝锔?XDB   : CRASHED
[Local Simulation Evaluation]
  Chosen Target: {"action":"move","target":[2,1],"score":939,"type":"star"}
  Path NextStep: [6,7] -> Need Turn/Move Dir: left
  馃 Local Code Action: turn("right")
  鈿狅笍 [Diverged] Local Code Action differs from Replay!
     -> Replay Action: CRASHED
     -> Local Code   : turn("right")
================================================================================
