
=================== Simulation Config ===================
  My Tank (XDB) ID : 807d0e77 (Index: 0)
  Enemy (楹荤摐鏉€鎵? ID : 08538566 (Index: 1)
=========================================================

--------------------------------------------------------------------------------
Frame 1 | Star: [5,11] | Map: random
[State] XDB   : Pos=[2,2] Dir=left  | CD=0 | Status=[Normal]
        楹荤摐鏉€鎵? : Pos=[7,11] Dir=down  | CD=40 | Status=[fireLocked] (Visible: true)
[Replay Actions]
  鈿旓笍 楹荤摐鏉€鎵?: teleported to [7,11]
  馃洝锔?XDB   : turn left (now left)
[Local Simulation Evaluation]
  Chosen Target: {"action":"move","target":[5,11],"score":1788,"type":"star"}
  Path NextStep: [2,3] -> Need Turn/Move Dir: down
  馃 Local Code Action: turn("left")
  鈿狅笍 [Diverged] Local Code Action differs from Replay!
     -> Replay Action: turn left (now left)
     -> Local Code   : turn("left")
--------------------------------------------------------------------------------
Frame 2 | Star: [5,11] | Map: random
[State] XDB   : Pos=[2,2] Dir=down  | CD=0 | Status=[Normal]
        楹荤摐鏉€鎵? : Pos=[7,11] Dir=left  | CD=39 | Status=[fireLocked] (Visible: false)
[Replay Actions]
  鈿旓笍 楹荤摐鏉€鎵?: turn right (now left)
  馃洝锔?XDB   : turn left (now down)
[Local Simulation Evaluation]
  Chosen Target: {"action":"move","target":[5,11],"score":1938,"type":"star"}
  Path NextStep: [2,3] -> Need Turn/Move Dir: down
  馃 Local Code Action: go(1)
  鈿狅笍 [Diverged] Local Code Action differs from Replay!
     -> Replay Action: turn left (now down)
     -> Local Code   : go(1)
--------------------------------------------------------------------------------
Frame 3 | Star: [5,11] | Map: random
[State] XDB   : Pos=[2,3] Dir=down  | CD=0 | Status=[Normal]
        楹荤摐鏉€鎵? : Pos=[7,11] Dir=left  | CD=38 | Status=[Normal] (Visible: false)
[Replay Actions]
  鈿旓笍 楹荤摐鏉€鎵?: stay still
  馃洝锔?XDB   : move to [2,3]
[Local Simulation Evaluation]
  Chosen Target: {"action":"move","target":[3,5],"score":1570,"type":"survival"}
  Path NextStep: [2,4] -> Need Turn/Move Dir: down
  馃 Local Code Action: go(1)
  鈿狅笍 [Diverged] Local Code Action differs from Replay!
     -> Replay Action: move to [2,3]
     -> Local Code   : go(1)
--------------------------------------------------------------------------------
Frame 4 | Star: [5,11] | Map: random
[State] XDB   : Pos=[2,4] Dir=down  | CD=0 | Status=[Normal]
        楹荤摐鏉€鎵? : Pos=[7,11] Dir=left  | CD=37 | Status=[Normal] (Visible: false)
[Replay Actions]
  鈿旓笍 楹荤摐鏉€鎵?: stay still
  馃洝锔?XDB   : move to [2,4]
[Local Simulation Evaluation]
  Chosen Target: {"action":"move","target":[3,5],"score":1580,"type":"survival"}
  Path NextStep: [2,5] -> Need Turn/Move Dir: down
  馃 Local Code Action: go(1)
  鈿狅笍 [Diverged] Local Code Action differs from Replay!
     -> Replay Action: move to [2,4]
     -> Local Code   : go(1)
--------------------------------------------------------------------------------
Frame 5 | Star: [5,11] | Map: random
[State] XDB   : Pos=[2,5] Dir=down  | CD=0 | Status=[Normal]
        楹荤摐鏉€鎵? : Pos=[7,11] Dir=left  | CD=36 | Status=[Normal] (Visible: false)
[Replay Actions]
  鈿旓笍 楹荤摐鏉€鎵?: stay still
  馃洝锔?XDB   : move to [2,5]
[Local Simulation Evaluation]
  Chosen Target: {"action":"move","target":[3,5],"score":1590,"type":"survival"}
  Path NextStep: [3,5] -> Need Turn/Move Dir: right
  馃 Local Code Action: turn("left")
  鈿狅笍 [Diverged] Local Code Action differs from Replay!
     -> Replay Action: move to [2,5]
     -> Local Code   : turn("left")
--------------------------------------------------------------------------------
Frame 6 | Star: [5,11] | Map: random
[State] XDB   : Pos=[2,5] Dir=right | CD=0 | Status=[Normal]
        楹荤摐鏉€鎵? : Pos=[7,11] Dir=left  | CD=35 | Status=[Normal] (Visible: false)
[Replay Actions]
  鈿旓笍 楹荤摐鏉€鎵?: stay still
  馃洝锔?XDB   : turn left (now right)
[Local Simulation Evaluation]
  Chosen Target: {"action":"teleport","target":[2,13],"score":10100,"type":"assassinate"}
  馃 Local Code Action: teleport(2, 13)
  鈿狅笍 [Diverged] Local Code Action differs from Replay!
     -> Replay Action: turn left (now right)
     -> Local Code   : teleport(2, 13)
--------------------------------------------------------------------------------
Frame 7 | Star: [5,11] | Map: random
[State] XDB   : Pos=[3,5] Dir=right | CD=0 | Status=[Normal]
        楹荤摐鏉€鎵? : Pos=[7,11] Dir=left  | CD=34 | Status=[Normal] (Visible: false)
[Replay Actions]
  鈿旓笍 楹荤摐鏉€鎵?: stay still
  馃洝锔?XDB   : move to [3,5]
[Local Simulation Evaluation]
  Chosen Target: {"action":"teleport","target":[2,13],"score":10100,"type":"assassinate"}
  馃 Local Code Action: teleport(2, 13)
  鈿狅笍 [Diverged] Local Code Action differs from Replay!
     -> Replay Action: move to [3,5]
     -> Local Code   : teleport(2, 13)
--------------------------------------------------------------------------------
Frame 8 | Star: [5,11] | Map: random
[State] XDB   : Pos=[3,5] Dir=right | CD=0 | Status=[Normal]
        楹荤摐鏉€鎵? : Pos=[7,11] Dir=left  | CD=33 | Status=[Normal] (Visible: false)
[Replay Actions]
  鈿旓笍 楹荤摐鏉€鎵?: stay still
  馃洝锔?XDB   : stay still
[Local Simulation Evaluation]
  Chosen Target: {"action":"teleport","target":[2,13],"score":10100,"type":"assassinate"}
  馃 Local Code Action: speak("鍒烘潃鍩嬩紡: [7,11]") | speak("浼犻€佸け璐ヨ褰?)
  鈿狅笍 [Diverged] Local Code Action differs from Replay!
     -> Replay Action: stay still
     -> Local Code   : speak("鍒烘潃鍩嬩紡: [7,11]") | speak("浼犻€佸け璐ヨ褰?)
--------------------------------------------------------------------------------
Frame 9 | Star: [5,11] | Map: random
[State] XDB   : Pos=[3,5] Dir=right | CD=0 | Status=[Normal]
        楹荤摐鏉€鎵? : Pos=[7,11] Dir=left  | CD=32 | Status=[Normal] (Visible: false)
[Replay Actions]
  鈿旓笍 楹荤摐鏉€鎵?: stay still
  馃洝锔?XDB   : stay still
[Local Simulation Evaluation]
  Chosen Target: {"action":"turn","target":[2,5],"score":10100,"type":"assassinate"}
  馃 Local Code Action: turn("right")
  鈿狅笍 [Diverged] Local Code Action differs from Replay!
     -> Replay Action: stay still
     -> Local Code   : turn("right")
--------------------------------------------------------------------------------
Frame 10 | Star: [5,11] | Map: random
[State] XDB   : Pos=[3,5] Dir=right | CD=0 | Status=[Normal]
        楹荤摐鏉€鎵? : Pos=[7,11] Dir=left  | CD=31 | Status=[Normal] (Visible: false)
[Replay Actions]
  鈿旓笍 楹荤摐鏉€鎵?: stay still
  馃洝锔?XDB   : stay still
[Local Simulation Evaluation]
  Chosen Target: {"action":"turn","target":[2,5],"score":10100,"type":"assassinate"}
  馃 Local Code Action: turn("right")
  鈿狅笍 [Diverged] Local Code Action differs from Replay!
     -> Replay Action: stay still
     -> Local Code   : turn("right")
--------------------------------------------------------------------------------
Frame 11 | Star: [5,11] | Map: random
[State] XDB   : Pos=[3,5] Dir=right | CD=0 | Status=[Normal]
        楹荤摐鏉€鎵? : Pos=[7,11] Dir=left  | CD=30 | Status=[Normal] (Visible: false)
[Replay Actions]
  鈿旓笍 楹荤摐鏉€鎵?: stay still
  馃洝锔?XDB   : stay still
[Local Simulation Evaluation]
  Chosen Target: {"action":"turn","target":[2,5],"score":10100,"type":"assassinate"}
  馃 Local Code Action: turn("right")
  鈿狅笍 [Diverged] Local Code Action differs from Replay!
     -> Replay Action: stay still
     -> Local Code   : turn("right")
--------------------------------------------------------------------------------
Frame 12 | Star: [5,11] | Map: random
[State] XDB   : Pos=[3,5] Dir=right | CD=0 | Status=[Normal]
        楹荤摐鏉€鎵? : Pos=[7,11] Dir=left  | CD=29 | Status=[Normal] (Visible: false)
[Replay Actions]
  鈿旓笍 楹荤摐鏉€鎵?: stay still
  馃洝锔?XDB   : stay still
[Local Simulation Evaluation]
  Chosen Target: {"action":"turn","target":[2,5],"score":10100,"type":"assassinate"}
  馃 Local Code Action: turn("right")
  鈿狅笍 [Diverged] Local Code Action differs from Replay!
     -> Replay Action: stay still
     -> Local Code   : turn("right")
--------------------------------------------------------------------------------
Frame 13 | Star: [5,11] | Map: random
[State] XDB   : Pos=[3,5] Dir=right | CD=0 | Status=[Normal]
        楹荤摐鏉€鎵? : Pos=[7,11] Dir=left  | CD=28 | Status=[Normal] (Visible: false)
[Replay Actions]
  鈿旓笍 楹荤摐鏉€鎵?: stay still
  馃洝锔?XDB   : stay still
[Local Simulation Evaluation]
  Chosen Target: {"action":"turn","target":[2,5],"score":10100,"type":"assassinate"}
  馃 Local Code Action: turn("right")
  鈿狅笍 [Diverged] Local Code Action differs from Replay!
     -> Replay Action: stay still
     -> Local Code   : turn("right")
--------------------------------------------------------------------------------
Frame 14 | Star: [5,11] | Map: random
[State] XDB   : Pos=[3,5] Dir=right | CD=0 | Status=[Normal]
        楹荤摐鏉€鎵? : Pos=[7,11] Dir=left  | CD=27 | Status=[Normal] (Visible: false)
[Replay Actions]
  鈿旓笍 楹荤摐鏉€鎵?: stay still
  馃洝锔?XDB   : stay still
[Local Simulation Evaluation]
  Chosen Target: {"action":"turn","target":[2,5],"score":10100,"type":"assassinate"}
  馃 Local Code Action: turn("right")
  鈿狅笍 [Diverged] Local Code Action differs from Replay!
     -> Replay Action: stay still
     -> Local Code   : turn("right")
--------------------------------------------------------------------------------
Frame 15 | Star: [5,11] | Map: random
[State] XDB   : Pos=[3,5] Dir=right | CD=0 | Status=[Normal]
        楹荤摐鏉€鎵? : Pos=[7,11] Dir=left  | CD=26 | Status=[Normal] (Visible: false)
[Replay Actions]
  鈿旓笍 楹荤摐鏉€鎵?: stay still
  馃洝锔?XDB   : stay still
[Local Simulation Evaluation]
  Chosen Target: {"action":"turn","target":[2,5],"score":10100,"type":"assassinate"}
  馃 Local Code Action: turn("right")
  鈿狅笍 [Diverged] Local Code Action differs from Replay!
     -> Replay Action: stay still
     -> Local Code   : turn("right")
--------------------------------------------------------------------------------
Frame 16 | Star: [5,11] | Map: random
[State] XDB   : Pos=[3,5] Dir=right | CD=0 | Status=[Normal]
        楹荤摐鏉€鎵? : Pos=[7,11] Dir=left  | CD=25 | Status=[Normal] (Visible: false)
[Replay Actions]
  鈿旓笍 楹荤摐鏉€鎵?: stay still
  馃洝锔?XDB   : stay still
[Local Simulation Evaluation]
  Chosen Target: {"action":"turn","target":[2,5],"score":10100,"type":"assassinate"}
  馃 Local Code Action: turn("right")
  鈿狅笍 [Diverged] Local Code Action differs from Replay!
     -> Replay Action: stay still
     -> Local Code   : turn("right")
--------------------------------------------------------------------------------
Frame 17 | Star: [5,11] | Map: random
[State] XDB   : Pos=[3,5] Dir=right | CD=0 | Status=[Normal]
        楹荤摐鏉€鎵? : Pos=[7,11] Dir=left  | CD=24 | Status=[Normal] (Visible: false)
[Replay Actions]
  鈿旓笍 楹荤摐鏉€鎵?: stay still
  馃洝锔?XDB   : stay still
[Local Simulation Evaluation]
  Chosen Target: {"action":"turn","target":[2,5],"score":10100,"type":"assassinate"}
  馃 Local Code Action: turn("right")
  鈿狅笍 [Diverged] Local Code Action differs from Replay!
     -> Replay Action: stay still
     -> Local Code   : turn("right")
--------------------------------------------------------------------------------
Frame 18 | Star: [5,11] | Map: random
[State] XDB   : Pos=[3,5] Dir=right | CD=0 | Status=[Normal]
        楹荤摐鏉€鎵? : Pos=[7,11] Dir=left  | CD=23 | Status=[Normal] (Visible: false)
[Replay Actions]
  鈿旓笍 楹荤摐鏉€鎵?: stay still
  馃洝锔?XDB   : stay still
[Local Simulation Evaluation]
  Chosen Target: {"action":"turn","target":[2,5],"score":10100,"type":"assassinate"}
  馃 Local Code Action: turn("right")
  鈿狅笍 [Diverged] Local Code Action differs from Replay!
     -> Replay Action: stay still
     -> Local Code   : turn("right")
--------------------------------------------------------------------------------
Frame 19 | Star: [5,11] | Map: random
[State] XDB   : Pos=[3,5] Dir=right | CD=0 | Status=[Normal]
        楹荤摐鏉€鎵? : Pos=[7,11] Dir=left  | CD=22 | Status=[Normal] (Visible: false)
[Replay Actions]
  鈿旓笍 楹荤摐鏉€鎵?: stay still
  馃洝锔?XDB   : stay still
[Local Simulation Evaluation]
  Chosen Target: {"action":"turn","target":[2,5],"score":10100,"type":"assassinate"}
  馃 Local Code Action: turn("right")
  鈿狅笍 [Diverged] Local Code Action differs from Replay!
     -> Replay Action: stay still
     -> Local Code   : turn("right")
--------------------------------------------------------------------------------
Frame 20 | Star: [5,11] | Map: random
[State] XDB   : Pos=[3,5] Dir=right | CD=0 | Status=[Normal]
        楹荤摐鏉€鎵? : Pos=[7,11] Dir=left  | CD=21 | Status=[Normal] (Visible: false)
[Replay Actions]
  鈿旓笍 楹荤摐鏉€鎵?: stay still
  馃洝锔?XDB   : stay still
[Local Simulation Evaluation]
  Chosen Target: {"action":"turn","target":[2,5],"score":10100,"type":"assassinate"}
  馃 Local Code Action: turn("right")
  鈿狅笍 [Diverged] Local Code Action differs from Replay!
     -> Replay Action: stay still
     -> Local Code   : turn("right")
--------------------------------------------------------------------------------
Frame 21 | Star: [5,11] | Map: random
[State] XDB   : Pos=[3,5] Dir=right | CD=0 | Status=[Normal]
        楹荤摐鏉€鎵? : Pos=[7,11] Dir=left  | CD=20 | Status=[Normal] (Visible: false)
[Replay Actions]
  鈿旓笍 楹荤摐鏉€鎵?: stay still
  馃洝锔?XDB   : stay still
[Local Simulation Evaluation]
  Chosen Target: {"action":"turn","target":[2,5],"score":10100,"type":"assassinate"}
  馃 Local Code Action: turn("right")
  鈿狅笍 [Diverged] Local Code Action differs from Replay!
     -> Replay Action: stay still
     -> Local Code   : turn("right")
--------------------------------------------------------------------------------
Frame 22 | Star: [5,11] | Map: random
[State] XDB   : Pos=[3,5] Dir=right | CD=0 | Status=[Normal]
        楹荤摐鏉€鎵? : Pos=[7,11] Dir=left  | CD=19 | Status=[Normal] (Visible: false)
[Replay Actions]
  鈿旓笍 楹荤摐鏉€鎵?: stay still
  馃洝锔?XDB   : stay still
[Local Simulation Evaluation]
  Chosen Target: {"action":"turn","target":[2,5],"score":10100,"type":"assassinate"}
  馃 Local Code Action: turn("right")
  鈿狅笍 [Diverged] Local Code Action differs from Replay!
     -> Replay Action: stay still
     -> Local Code   : turn("right")
--------------------------------------------------------------------------------
Frame 23 | Star: [5,11] | Map: random
[State] XDB   : Pos=[3,5] Dir=right | CD=0 | Status=[Normal]
        楹荤摐鏉€鎵? : Pos=[7,11] Dir=left  | CD=18 | Status=[Normal] (Visible: false)
[Replay Actions]
  鈿旓笍 楹荤摐鏉€鎵?: stay still
  馃洝锔?XDB   : stay still
[Local Simulation Evaluation]
  Chosen Target: {"action":"turn","target":[2,5],"score":10100,"type":"assassinate"}
  馃 Local Code Action: turn("right")
  鈿狅笍 [Diverged] Local Code Action differs from Replay!
     -> Replay Action: stay still
     -> Local Code   : turn("right")
--------------------------------------------------------------------------------
Frame 24 | Star: [5,11] | Map: random
[State] XDB   : Pos=[3,5] Dir=right | CD=0 | Status=[Normal]
        楹荤摐鏉€鎵? : Pos=[7,11] Dir=left  | CD=17 | Status=[Normal] (Visible: false)
[Replay Actions]
  鈿旓笍 楹荤摐鏉€鎵?: stay still
  馃洝锔?XDB   : stay still
[Local Simulation Evaluation]
  Chosen Target: {"action":"turn","target":[2,5],"score":10100,"type":"assassinate"}
  馃 Local Code Action: turn("right")
  鈿狅笍 [Diverged] Local Code Action differs from Replay!
     -> Replay Action: stay still
     -> Local Code   : turn("right")
--------------------------------------------------------------------------------
Frame 25 | Star: [5,11] | Map: random
[State] XDB   : Pos=[3,5] Dir=right | CD=0 | Status=[Normal]
        楹荤摐鏉€鎵? : Pos=[7,11] Dir=left  | CD=16 | Status=[Normal] (Visible: false)
[Replay Actions]
  鈿旓笍 楹荤摐鏉€鎵?: stay still
  馃洝锔?XDB   : stay still
[Local Simulation Evaluation]
  Chosen Target: {"action":"turn","target":[2,5],"score":10100,"type":"assassinate"}
  馃 Local Code Action: turn("right")
  鈿狅笍 [Diverged] Local Code Action differs from Replay!
     -> Replay Action: stay still
     -> Local Code   : turn("right")
--------------------------------------------------------------------------------
Frame 26 | Star: [5,11] | Map: random
[State] XDB   : Pos=[3,5] Dir=right | CD=0 | Status=[Normal]
        楹荤摐鏉€鎵? : Pos=[7,11] Dir=left  | CD=15 | Status=[Normal] (Visible: false)
[Replay Actions]
  鈿旓笍 楹荤摐鏉€鎵?: stay still
  馃洝锔?XDB   : stay still
[Local Simulation Evaluation]
  Chosen Target: {"action":"turn","target":[2,5],"score":10100,"type":"assassinate"}
  馃 Local Code Action: turn("right")
  鈿狅笍 [Diverged] Local Code Action differs from Replay!
     -> Replay Action: stay still
     -> Local Code   : turn("right")
--------------------------------------------------------------------------------
Frame 27 | Star: [5,11] | Map: random
[State] XDB   : Pos=[3,5] Dir=right | CD=0 | Status=[Normal]
        楹荤摐鏉€鎵? : Pos=[7,11] Dir=left  | CD=14 | Status=[Normal] (Visible: false)
[Replay Actions]
  鈿旓笍 楹荤摐鏉€鎵?: stay still
  馃洝锔?XDB   : stay still
[Local Simulation Evaluation]
  Chosen Target: {"action":"turn","target":[2,5],"score":10100,"type":"assassinate"}
  馃 Local Code Action: turn("right")
  鈿狅笍 [Diverged] Local Code Action differs from Replay!
     -> Replay Action: stay still
     -> Local Code   : turn("right")
--------------------------------------------------------------------------------
Frame 28 | Star: [5,11] | Map: random
[State] XDB   : Pos=[3,5] Dir=right | CD=0 | Status=[Normal]
        楹荤摐鏉€鎵? : Pos=[7,11] Dir=left  | CD=13 | Status=[Normal] (Visible: false)
[Replay Actions]
  鈿旓笍 楹荤摐鏉€鎵?: stay still
  馃洝锔?XDB   : stay still
[Local Simulation Evaluation]
  Chosen Target: {"action":"turn","target":[2,5],"score":10100,"type":"assassinate"}
  馃 Local Code Action: turn("right")
  鈿狅笍 [Diverged] Local Code Action differs from Replay!
     -> Replay Action: stay still
     -> Local Code   : turn("right")
--------------------------------------------------------------------------------
Frame 29 | Star: [5,11] | Map: random
[State] XDB   : Pos=[3,5] Dir=right | CD=0 | Status=[Normal]
        楹荤摐鏉€鎵? : Pos=[7,11] Dir=left  | CD=12 | Status=[Normal] (Visible: false)
[Replay Actions]
  鈿旓笍 楹荤摐鏉€鎵?: stay still
  馃洝锔?XDB   : stay still
[Local Simulation Evaluation]
  Chosen Target: {"action":"turn","target":[2,5],"score":10100,"type":"assassinate"}
  馃 Local Code Action: turn("right")
  鈿狅笍 [Diverged] Local Code Action differs from Replay!
     -> Replay Action: stay still
     -> Local Code   : turn("right")
--------------------------------------------------------------------------------
Frame 30 | Star: [5,11] | Map: random
[State] XDB   : Pos=[3,5] Dir=right | CD=0 | Status=[Normal]
        楹荤摐鏉€鎵? : Pos=[7,11] Dir=left  | CD=11 | Status=[Normal] (Visible: false)
[Replay Actions]
  鈿旓笍 楹荤摐鏉€鎵?: stay still
  馃洝锔?XDB   : stay still
[Local Simulation Evaluation]
  Chosen Target: {"action":"turn","target":[2,5],"score":10100,"type":"assassinate"}
  馃 Local Code Action: turn("right")
  鈿狅笍 [Diverged] Local Code Action differs from Replay!
     -> Replay Action: stay still
     -> Local Code   : turn("right")
--------------------------------------------------------------------------------
Frame 31 | Star: [5,11] | Map: random
[State] XDB   : Pos=[3,5] Dir=right | CD=0 | Status=[Normal]
        楹荤摐鏉€鎵? : Pos=[7,11] Dir=left  | CD=10 | Status=[Normal] (Visible: false)
[Replay Actions]
  鈿旓笍 楹荤摐鏉€鎵?: stay still
  馃洝锔?XDB   : stay still
[Local Simulation Evaluation]
  Chosen Target: {"action":"turn","target":[2,5],"score":10100,"type":"assassinate"}
  馃 Local Code Action: turn("right")
  鈿狅笍 [Diverged] Local Code Action differs from Replay!
     -> Replay Action: stay still
     -> Local Code   : turn("right")
--------------------------------------------------------------------------------
Frame 32 | Star: [5,11] | Map: random
[State] XDB   : Pos=[3,5] Dir=right | CD=0 | Status=[Normal]
        楹荤摐鏉€鎵? : Pos=[7,11] Dir=left  | CD=9 | Status=[Normal] (Visible: false)
[Replay Actions]
  鈿旓笍 楹荤摐鏉€鎵?: stay still
  馃洝锔?XDB   : stay still
[Local Simulation Evaluation]
  Chosen Target: {"action":"turn","target":[2,5],"score":10100,"type":"assassinate"}
  馃 Local Code Action: turn("right")
  鈿狅笍 [Diverged] Local Code Action differs from Replay!
     -> Replay Action: stay still
     -> Local Code   : turn("right")
--------------------------------------------------------------------------------
Frame 33 | Star: [5,11] | Map: random
[State] XDB   : Pos=[3,5] Dir=right | CD=0 | Status=[Normal]
        楹荤摐鏉€鎵? : Pos=[7,11] Dir=left  | CD=8 | Status=[Normal] (Visible: false)
[Replay Actions]
  鈿旓笍 楹荤摐鏉€鎵?: stay still
  馃洝锔?XDB   : stay still
[Local Simulation Evaluation]
  Chosen Target: {"action":"turn","target":[2,5],"score":10100,"type":"assassinate"}
  馃 Local Code Action: turn("right")
  鈿狅笍 [Diverged] Local Code Action differs from Replay!
     -> Replay Action: stay still
     -> Local Code   : turn("right")
--------------------------------------------------------------------------------
Frame 34 | Star: [5,11] | Map: random
[State] XDB   : Pos=[3,5] Dir=right | CD=0 | Status=[Normal]
        楹荤摐鏉€鎵? : Pos=[7,11] Dir=left  | CD=7 | Status=[Normal] (Visible: false)
[Replay Actions]
  鈿旓笍 楹荤摐鏉€鎵?: stay still
  馃洝锔?XDB   : stay still
[Local Simulation Evaluation]
  Chosen Target: {"action":"turn","target":[2,5],"score":10100,"type":"assassinate"}
  馃 Local Code Action: turn("right")
  鈿狅笍 [Diverged] Local Code Action differs from Replay!
     -> Replay Action: stay still
     -> Local Code   : turn("right")
--------------------------------------------------------------------------------
Frame 35 | Star: [5,11] | Map: random
[State] XDB   : Pos=[3,5] Dir=right | CD=0 | Status=[Normal]
        楹荤摐鏉€鎵? : Pos=[7,11] Dir=left  | CD=6 | Status=[Normal] (Visible: false)
[Replay Actions]
  鈿旓笍 楹荤摐鏉€鎵?: stay still
  馃洝锔?XDB   : stay still
[Local Simulation Evaluation]
  Chosen Target: {"action":"turn","target":[2,5],"score":10100,"type":"assassinate"}
  馃 Local Code Action: turn("right")
  鈿狅笍 [Diverged] Local Code Action differs from Replay!
     -> Replay Action: stay still
     -> Local Code   : turn("right")
--------------------------------------------------------------------------------
Frame 36 | Star: [5,11] | Map: random
[State] XDB   : Pos=[3,5] Dir=right | CD=0 | Status=[Normal]
        楹荤摐鏉€鎵? : Pos=[7,11] Dir=left  | CD=5 | Status=[Normal] (Visible: false)
[Replay Actions]
  鈿旓笍 楹荤摐鏉€鎵?: stay still
  馃洝锔?XDB   : stay still
[Local Simulation Evaluation]
  Chosen Target: {"action":"turn","target":[2,5],"score":10100,"type":"assassinate"}
  馃 Local Code Action: turn("right")
  鈿狅笍 [Diverged] Local Code Action differs from Replay!
     -> Replay Action: stay still
     -> Local Code   : turn("right")
--------------------------------------------------------------------------------
Frame 37 | Star: [5,11] | Map: random
[State] XDB   : Pos=[3,5] Dir=right | CD=0 | Status=[Normal]
        楹荤摐鏉€鎵? : Pos=[7,11] Dir=left  | CD=4 | Status=[Normal] (Visible: false)
[Replay Actions]
  鈿旓笍 楹荤摐鏉€鎵?: stay still
  馃洝锔?XDB   : stay still
[Local Simulation Evaluation]
  Chosen Target: {"action":"turn","target":[2,5],"score":10100,"type":"assassinate"}
  馃 Local Code Action: turn("right")
  鈿狅笍 [Diverged] Local Code Action differs from Replay!
     -> Replay Action: stay still
     -> Local Code   : turn("right")
--------------------------------------------------------------------------------
Frame 38 | Star: [5,11] | Map: random
[State] XDB   : Pos=[5,10] Dir=right | CD=40 | Status=[fireLocked]
        楹荤摐鏉€鎵? : Pos=[7,11] Dir=left  | CD=3 | Status=[Normal] (Visible: false)
[Replay Actions]
  鈿旓笍 楹荤摐鏉€鎵?: stay still
  馃洝锔?XDB   : teleported to [5,10]
[Local Simulation Evaluation]
  Chosen Target: {"action":"move","target":[2,10],"score":770,"type":"survival"}
  Path NextStep: [4,10] -> Need Turn/Move Dir: left
  馃 Local Code Action: turn("right")
  鈿狅笍 [Diverged] Local Code Action differs from Replay!
     -> Replay Action: teleported to [5,10]
     -> Local Code   : turn("right")
--------------------------------------------------------------------------------
Frame 39 | Star: [5,11] | Map: random
[State] XDB   : Pos=[5,10] Dir=down  | CD=39 | Status=[fireLocked]
        楹荤摐鏉€鎵? : Pos=[7,11] Dir=left  | CD=2 | Status=[Normal] (Visible: false)
[Replay Actions]
  鈿旓笍 楹荤摐鏉€鎵?: stay still
  馃洝锔?XDB   : turn right (now down)
[Local Simulation Evaluation]
  Chosen Target: {"action":"move","target":[2,10],"score":1570,"type":"survival"}
  Path NextStep: [4,10] -> Need Turn/Move Dir: left
  馃 Local Code Action: turn("right")
  鈿狅笍 [Diverged] Local Code Action differs from Replay!
     -> Replay Action: turn right (now down)
     -> Local Code   : turn("right")
--------------------------------------------------------------------------------
Frame 40 | Star: null | Map: random
[State] XDB   : Pos=[5,11] Dir=down  | CD=38 | Status=[Normal]
        楹荤摐鏉€鎵? : Pos=[7,11] Dir=left  | CD=1 | Status=[Normal] (Visible: false)
[Replay Actions]
  鈿旓笍 楹荤摐鏉€鎵?: stay still
  馃洝锔?XDB   : CRASHED
[Local Simulation Evaluation]
  Chosen Target: {"action":"move","target":[2,10],"score":1560,"type":"survival"}
  Path NextStep: [5,10] -> Need Turn/Move Dir: up
  馃 Local Code Action: turn("left")
  鈿狅笍 [Diverged] Local Code Action differs from Replay!
     -> Replay Action: CRASHED
     -> Local Code   : turn("left")
================================================================================
