
=================== Simulation Config ===================
  My Tank (XDB) ID : e3468f28 (Index: 0)
  Enemy (Bolun) ID : 303bce60 (Index: 1)
=========================================================

--------------------------------------------------------------------------------
Frame 1 | Star: [14,5] | Map: classic
[State] XDB   : Pos=[14,6] Dir=up    | CD=40 | Status=[fireLocked]
        Bolun : Pos=[16,13] Dir=down  | CD=0 | Status=[Normal] (Visible: true)
[Replay Actions]
  鈿旓笍 Bolun: move to [16,13]
  馃洝锔?XDB   : teleported to [14,6]
[Local Simulation Evaluation]
  Chosen Target: {"action":"move","target":[14,5],"score":1799,"type":"star"}
  Path NextStep: [14,5] -> Need Turn/Move Dir: up
  馃 Local Code Action: go(1)
  鈿狅笍 [Diverged] Local Code Action differs from Replay!
     -> Replay Action: teleported to [14,6]
     -> Local Code   : go(1)
--------------------------------------------------------------------------------
Frame 2 | Star: [14,5] | Map: classic
[State] XDB   : Pos=[14,6] Dir=up    | CD=39 | Status=[fireLocked]
        Bolun : Pos=[16,13] Dir=left  | CD=0 | Status=[Normal] (Visible: false)
[Replay Actions]
  鈿旓笍 Bolun: turn right (now left)
  馃洝锔?XDB   : stay still
[Local Simulation Evaluation]
  Chosen Target: {"action":"move","target":[14,5],"score":1949,"type":"star"}
  Path NextStep: [14,5] -> Need Turn/Move Dir: up
  馃 Local Code Action: go(1)
  鈿狅笍 [Diverged] Local Code Action differs from Replay!
     -> Replay Action: stay still
     -> Local Code   : go(1)
--------------------------------------------------------------------------------
Frame 3 | Star: null | Map: classic
[State] XDB   : Pos=[14,5] Dir=up    | CD=38 | Status=[Normal]
        Bolun : Pos=[15,13] Dir=left  | CD=0 | Status=[Normal] (Visible: false)
[Replay Actions]
  鈿旓笍 Bolun: move to [15,13]
  馃洝锔?XDB   : move to [14,5]
[Local Simulation Evaluation]
  Chosen Target: {"action":"move","target":[13,6],"score":780,"type":"survival"}
  Path NextStep: [14,6] -> Need Turn/Move Dir: down
  馃 Local Code Action: turn("right")
  鈿狅笍 [Diverged] Local Code Action differs from Replay!
     -> Replay Action: move to [14,5]
     -> Local Code   : turn("right")
--------------------------------------------------------------------------------
Frame 4 | Star: null | Map: classic
[State] XDB   : Pos=[14,5] Dir=right | CD=37 | Status=[Normal]
        Bolun : Pos=[14,13] Dir=left  | CD=0 | Status=[Normal] (Visible: true)
[Replay Actions]
  鈿旓笍 Bolun: move to [14,13]
  馃洝锔?XDB   : turn right (now right)
[Local Simulation Evaluation]
  Chosen Target: {"action":"move","target":[13,6],"score":1580,"type":"survival"}
  Path NextStep: [14,6] -> Need Turn/Move Dir: down
  馃 Local Code Action: turn("right")
  鈿狅笍 [Diverged] Local Code Action differs from Replay!
     -> Replay Action: turn right (now right)
     -> Local Code   : turn("right")
--------------------------------------------------------------------------------
Frame 5 | Star: null | Map: classic
[State] XDB   : Pos=[14,5] Dir=down  | CD=36 | Status=[Normal]
        Bolun : Pos=[14,13] Dir=up    | CD=0 | Status=[Normal] (Visible: true)
[Replay Actions]
  鈿旓笍 Bolun: turn right (now up)
  馃洝锔?XDB   : turn right (now down)
[Local Simulation Evaluation]
  Chosen Target: {"action":"move","target":[13,6],"score":1580,"type":"survival"}
  Path NextStep: [14,6] -> Need Turn/Move Dir: down
  馃 Local Code Action: go(1)
  鈿狅笍 [Diverged] Local Code Action differs from Replay!
     -> Replay Action: turn right (now down)
     -> Local Code   : go(1)
--------------------------------------------------------------------------------
Frame 6 | Star: null | Map: classic
[State] XDB   : Pos=[14,6] Dir=down  | CD=35 | Status=[Normal]
        Bolun : Pos=[14,12] Dir=up    | CD=0 | Status=[Normal] (Visible: true)
[Replay Actions]
  鈿旓笍 Bolun: move to [14,12]
  馃洝锔?XDB   : move to [14,6]
[Local Simulation Evaluation]
  Chosen Target: {"action":"move","target":[13,6],"score":1590,"type":"survival"}
  Path NextStep: [13,6] -> Need Turn/Move Dir: left
  馃 Local Code Action: turn("right")
  鈿狅笍 [Diverged] Local Code Action differs from Replay!
     -> Replay Action: move to [14,6]
     -> Local Code   : turn("right")
--------------------------------------------------------------------------------
Frame 7 | Star: null | Map: classic
[State] XDB   : Pos=[14,6] Dir=left  | CD=34 | Status=[Normal]
        Bolun : Pos=[14,11] Dir=up    | CD=0 | Status=[Normal] (Visible: true)
[Replay Actions]
  鈿旓笍 Bolun: move to [14,11]
  馃洝锔?XDB   : turn right (now left)
[Local Simulation Evaluation]
  Chosen Target: {"action":"move","target":[13,6],"score":1590,"type":"survival"}
  Path NextStep: [13,6] -> Need Turn/Move Dir: left
  馃 Local Code Action: go(1)
  鈿狅笍 [Diverged] Local Code Action differs from Replay!
     -> Replay Action: turn right (now left)
     -> Local Code   : go(1)
--------------------------------------------------------------------------------
Frame 8 | Star: null | Map: classic
[State] XDB   : Pos=[13,6] Dir=left  | CD=33 | Status=[Normal]
        Bolun : Pos=[14,10] Dir=up    | CD=0 | Status=[Normal] (Visible: true)
[Replay Actions]
  鈿旓笍 Bolun: move to [14,10]
  馃洝锔?XDB   : move to [13,6]
[Local Simulation Evaluation]
  Chosen Target: {"action":"move","target":[13,6],"score":300,"type":"survival"}
  馃 Local Code Action: stay still
  鈿狅笍 [Diverged] Local Code Action differs from Replay!
     -> Replay Action: move to [13,6]
     -> Local Code   : stay still
--------------------------------------------------------------------------------
Frame 9 | Star: null | Map: classic
[State] XDB   : Pos=[13,6] Dir=left  | CD=32 | Status=[Normal]
        Bolun : Pos=[14,10] Dir=right | CD=0 | Status=[Normal] (Visible: true)
[Replay Actions]
  鈿旓笍 Bolun: turn right (now right)
  馃洝锔?XDB   : stay still
[Local Simulation Evaluation]
  Chosen Target: {"action":"move","target":[13,6],"score":300,"type":"survival"}
  馃 Local Code Action: stay still
--------------------------------------------------------------------------------
Frame 10 | Star: null | Map: classic
[State] XDB   : Pos=[13,6] Dir=left  | CD=31 | Status=[Normal]
        Bolun : Pos=[15,10] Dir=right | CD=0 | Status=[Normal] (Visible: true)
[Replay Actions]
  鈿旓笍 Bolun: move to [15,10]
  馃洝锔?XDB   : stay still
[Local Simulation Evaluation]
  Chosen Target: {"action":"move","target":[13,6],"score":300,"type":"survival"}
  馃 Local Code Action: stay still
--------------------------------------------------------------------------------
Frame 11 | Star: null | Map: classic
[State] XDB   : Pos=[13,6] Dir=left  | CD=30 | Status=[Normal]
        Bolun : Pos=[16,10] Dir=right | CD=0 | Status=[Normal] (Visible: true)
[Replay Actions]
  鈿旓笍 Bolun: move to [16,10]
  馃洝锔?XDB   : stay still
[Local Simulation Evaluation]
  Chosen Target: {"action":"move","target":[13,6],"score":300,"type":"survival"}
  馃 Local Code Action: stay still
--------------------------------------------------------------------------------
Frame 12 | Star: null | Map: classic
[State] XDB   : Pos=[13,6] Dir=left  | CD=29 | Status=[Normal]
        Bolun : Pos=[16,10] Dir=up    | CD=0 | Status=[Normal] (Visible: true)
[Replay Actions]
  鈿旓笍 Bolun: turn left (now up)
  馃洝锔?XDB   : stay still
[Local Simulation Evaluation]
  Chosen Target: {"action":"turn","target":[14,6],"score":9850,"type":"pre_aim"}
  馃 Local Code Action: turn("left")
  鈿狅笍 [Diverged] Local Code Action differs from Replay!
     -> Replay Action: stay still
     -> Local Code   : turn("left")
--------------------------------------------------------------------------------
Frame 13 | Star: [10,12] | Map: classic
[State] XDB   : Pos=[13,6] Dir=down  | CD=28 | Status=[Normal]
        Bolun : Pos=[16,9] Dir=up    | CD=0 | Status=[Normal] (Visible: true)
[Replay Actions]
  鈿旓笍 Bolun: move to [16,9]
  馃洝锔?XDB   : turn left (now down)
[Local Simulation Evaluation]
  Chosen Target: {"action":"turn","target":[14,6],"score":9850,"type":"pre_aim"}
  馃 Local Code Action: turn("left")
  鈿狅笍 [Diverged] Local Code Action differs from Replay!
     -> Replay Action: turn left (now down)
     -> Local Code   : turn("left")
--------------------------------------------------------------------------------
Frame 14 | Star: [10,12] | Map: classic
[State] XDB   : Pos=[13,6] Dir=right | CD=27 | Status=[Normal]
        Bolun : Pos=[16,9] Dir=left  | CD=0 | Status=[Normal] (Visible: true)
[Replay Actions]
  鈿旓笍 Bolun: turn left (now left)
  馃洝锔?XDB   : turn left (now right)
[Local Simulation Evaluation]
  Chosen Target: {"action":"move","target":[10,12],"score":1791,"type":"star"}
  Path NextStep: [12,6] -> Need Turn/Move Dir: left
  馃 Local Code Action: turn("right")
  鈿狅笍 [Diverged] Local Code Action differs from Replay!
     -> Replay Action: turn left (now right)
     -> Local Code   : turn("right")
--------------------------------------------------------------------------------
Frame 15 | Star: [10,12] | Map: classic
[State] XDB   : Pos=[13,6] Dir=down  | CD=26 | Status=[Normal]
        Bolun : Pos=[16,9] Dir=down  | CD=0 | Status=[Normal] (Visible: true)
[Replay Actions]
  鈿旓笍 Bolun: turn left (now down)
  馃洝锔?XDB   : turn right (now down)
[Local Simulation Evaluation]
  Chosen Target: {"action":"move","target":[10,12],"score":1941,"type":"star"}
  Path NextStep: [12,6] -> Need Turn/Move Dir: left
  馃 Local Code Action: turn("right")
  鈿狅笍 [Diverged] Local Code Action differs from Replay!
     -> Replay Action: turn right (now down)
     -> Local Code   : turn("right")
--------------------------------------------------------------------------------
Frame 16 | Star: [10,12] | Map: classic
[State] XDB   : Pos=[13,6] Dir=left  | CD=25 | Status=[Normal]
        Bolun : Pos=[16,10] Dir=down  | CD=0 | Status=[Normal] (Visible: true)
[Replay Actions]
  鈿旓笍 Bolun: move to [16,10]
  馃洝锔?XDB   : turn right (now left)
[Local Simulation Evaluation]
  Chosen Target: {"action":"move","target":[10,12],"score":1941,"type":"star"}
  Path NextStep: [12,6] -> Need Turn/Move Dir: left
  馃 Local Code Action: go(1)
  鈿狅笍 [Diverged] Local Code Action differs from Replay!
     -> Replay Action: turn right (now left)
     -> Local Code   : go(1)
--------------------------------------------------------------------------------
Frame 17 | Star: [10,12] | Map: classic
[State] XDB   : Pos=[12,6] Dir=left  | CD=24 | Status=[Normal]
        Bolun : Pos=[16,10] Dir=left  | CD=0 | Status=[Normal] (Visible: true)
[Replay Actions]
  鈿旓笍 Bolun: turn right (now left)
  馃洝锔?XDB   : move to [12,6]
[Local Simulation Evaluation]
  Chosen Target: {"action":"move","target":[10,12],"score":1542,"type":"star"}
  Path NextStep: [11,6] -> Need Turn/Move Dir: left
  馃 Local Code Action: go(1)
  鈿狅笍 [Diverged] Local Code Action differs from Replay!
     -> Replay Action: move to [12,6]
     -> Local Code   : go(1)
--------------------------------------------------------------------------------
Frame 18 | Star: [10,12] | Map: classic
[State] XDB   : Pos=[11,6] Dir=left  | CD=23 | Status=[Normal]
        Bolun : Pos=[15,10] Dir=left  | CD=0 | Status=[Normal] (Visible: true)
[Replay Actions]
  鈿旓笍 Bolun: move to [15,10]
  馃洝锔?XDB   : move to [11,6]
[Local Simulation Evaluation]
  Chosen Target: {"action":"move","target":[10,12],"score":1543,"type":"star"}
  Path NextStep: [10,6] -> Need Turn/Move Dir: left
  馃 Local Code Action: go(1)
  鈿狅笍 [Diverged] Local Code Action differs from Replay!
     -> Replay Action: move to [11,6]
     -> Local Code   : go(1)
--------------------------------------------------------------------------------
Frame 19 | Star: [10,12] | Map: classic
[State] XDB   : Pos=[10,6] Dir=left  | CD=22 | Status=[Normal]
        Bolun : Pos=[14,10] Dir=left  | CD=0 | Status=[Normal] (Visible: true)
[Replay Actions]
  鈿旓笍 Bolun: move to [14,10]
  馃洝锔?XDB   : move to [10,6]
[Local Simulation Evaluation]
  Chosen Target: {"action":"move","target":[10,12],"score":1544,"type":"star"}
  Path NextStep: [9,6] -> Need Turn/Move Dir: left
  馃 Local Code Action: go(1)
  鈿狅笍 [Diverged] Local Code Action differs from Replay!
     -> Replay Action: move to [10,6]
     -> Local Code   : go(1)
--------------------------------------------------------------------------------
Frame 20 | Star: [10,12] | Map: classic
[State] XDB   : Pos=[9,6] Dir=left  | CD=21 | Status=[Normal]
        Bolun : Pos=[13,10] Dir=left  | CD=0 | Status=[Normal] (Visible: true)
[Replay Actions]
  鈿旓笍 Bolun: move to [13,10]
  馃洝锔?XDB   : move to [9,6]
[Local Simulation Evaluation]
  Chosen Target: {"action":"move","target":[10,12],"score":1543,"type":"star"}
  Path NextStep: [8,6] -> Need Turn/Move Dir: left
  馃 Local Code Action: go(1)
  鈿狅笍 [Diverged] Local Code Action differs from Replay!
     -> Replay Action: move to [9,6]
     -> Local Code   : go(1)
--------------------------------------------------------------------------------
Frame 21 | Star: [10,12] | Map: classic
[State] XDB   : Pos=[8,6] Dir=left  | CD=20 | Status=[Normal]
        Bolun : Pos=[12,10] Dir=left  | CD=0 | Status=[Normal] (Visible: true)
[Replay Actions]
  鈿旓笍 Bolun: move to [12,10]
  馃洝锔?XDB   : move to [8,6]
[Local Simulation Evaluation]
  Chosen Target: {"action":"move","target":[10,12],"score":1542,"type":"star"}
  Path NextStep: [8,7] -> Need Turn/Move Dir: down
  馃 Local Code Action: stay still
  鈿狅笍 [Diverged] Local Code Action differs from Replay!
     -> Replay Action: move to [8,6]
     -> Local Code   : stay still
--------------------------------------------------------------------------------
Frame 22 | Star: [10,12] | Map: classic
[State] XDB   : Pos=[8,6] Dir=left  | CD=19 | Status=[Normal]
        Bolun : Pos=[11,10] Dir=left  | CD=0 | Status=[Normal] (Visible: true)
[Replay Actions]
  鈿旓笍 Bolun: move to [11,10]
  馃洝锔?XDB   : stay still
[Local Simulation Evaluation]
  Chosen Target: {"action":"move","target":[8,6],"score":300,"type":"survival"}
  馃 Local Code Action: stay still
--------------------------------------------------------------------------------
Frame 23 | Star: [10,12] | Map: classic
[State] XDB   : Pos=[8,6] Dir=left  | CD=18 | Status=[Normal]
        Bolun : Pos=[10,10] Dir=left  | CD=0 | Status=[Normal] (Visible: true)
[Replay Actions]
  鈿旓笍 Bolun: move to [10,10]
  馃洝锔?XDB   : stay still
[Local Simulation Evaluation]
  Chosen Target: {"action":"move","target":[8,6],"score":300,"type":"survival"}
  馃 Local Code Action: stay still
--------------------------------------------------------------------------------
Frame 24 | Star: [10,12] | Map: classic
[State] XDB   : Pos=[8,6] Dir=left  | CD=17 | Status=[Normal]
        Bolun : Pos=[10,10] Dir=down  | CD=0 | Status=[Normal] (Visible: true)
[Replay Actions]
  鈿旓笍 Bolun: turn left (now down)
  馃洝锔?XDB   : stay still
[Local Simulation Evaluation]
  Chosen Target: {"action":"move","target":[8,6],"score":300,"type":"survival"}
  馃 Local Code Action: stay still
--------------------------------------------------------------------------------
Frame 25 | Star: [10,12] | Map: classic
[State] XDB   : Pos=[8,6] Dir=left  | CD=16 | Status=[Normal]
        Bolun : Pos=[10,11] Dir=down  | CD=0 | Status=[Normal] (Visible: true)
[Replay Actions]
  鈿旓笍 Bolun: move to [10,11]
  馃洝锔?XDB   : stay still
[Local Simulation Evaluation]
  Chosen Target: {"action":"move","target":[8,6],"score":300,"type":"survival"}
  馃 Local Code Action: stay still
--------------------------------------------------------------------------------
Frame 26 | Star: null | Map: classic
[State] XDB   : Pos=[8,6] Dir=left  | CD=15 | Status=[Normal]
        Bolun : Pos=[10,12] Dir=down  | CD=0 | Status=[Normal] (Visible: true)
[Replay Actions]
  鈿旓笍 Bolun: move to [10,12]
  馃洝锔?XDB   : stay still
[Local Simulation Evaluation]
  Chosen Target: {"action":"move","target":[8,6],"score":300,"type":"survival"}
  馃 Local Code Action: stay still
--------------------------------------------------------------------------------
Frame 27 | Star: null | Map: classic
[State] XDB   : Pos=[8,6] Dir=left  | CD=14 | Status=[Normal]
        Bolun : Pos=[10,12] Dir=left  | CD=0 | Status=[Normal] (Visible: true)
[Replay Actions]
  鈿旓笍 Bolun: turn right (now left)
  馃洝锔?XDB   : stay still
[Local Simulation Evaluation]
  Chosen Target: {"action":"move","target":[8,6],"score":300,"type":"survival"}
  馃 Local Code Action: stay still
--------------------------------------------------------------------------------
Frame 28 | Star: null | Map: classic
[State] XDB   : Pos=[8,6] Dir=left  | CD=13 | Status=[Normal]
        Bolun : Pos=[10,12] Dir=up    | CD=0 | Status=[Normal] (Visible: true)
[Replay Actions]
  鈿旓笍 Bolun: turn right (now up)
  馃洝锔?XDB   : stay still
[Local Simulation Evaluation]
  Chosen Target: {"action":"move","target":[8,6],"score":300,"type":"survival"}
  馃 Local Code Action: stay still
--------------------------------------------------------------------------------
Frame 29 | Star: null | Map: classic
[State] XDB   : Pos=[8,6] Dir=left  | CD=12 | Status=[Normal]
        Bolun : Pos=[10,11] Dir=up    | CD=0 | Status=[Normal] (Visible: true)
[Replay Actions]
  鈿旓笍 Bolun: move to [10,11]
  馃洝锔?XDB   : stay still
[Local Simulation Evaluation]
  Chosen Target: {"action":"move","target":[8,6],"score":300,"type":"survival"}
  馃 Local Code Action: stay still
--------------------------------------------------------------------------------
Frame 30 | Star: null | Map: classic
[State] XDB   : Pos=[8,6] Dir=left  | CD=11 | Status=[Normal]
        Bolun : Pos=[10,10] Dir=up    | CD=0 | Status=[Normal] (Visible: true)
[Replay Actions]
  鈿旓笍 Bolun: move to [10,10]
  馃洝锔?XDB   : stay still
[Local Simulation Evaluation]
  Chosen Target: {"action":"move","target":[8,6],"score":300,"type":"survival"}
  馃 Local Code Action: stay still
--------------------------------------------------------------------------------
Frame 31 | Star: null | Map: classic
[State] XDB   : Pos=[8,6] Dir=left  | CD=10 | Status=[Normal]
        Bolun : Pos=[10,10] Dir=right | CD=0 | Status=[Normal] (Visible: true)
[Replay Actions]
  鈿旓笍 Bolun: turn right (now right)
  馃洝锔?XDB   : stay still
[Local Simulation Evaluation]
  Chosen Target: {"action":"move","target":[8,6],"score":300,"type":"survival"}
  馃 Local Code Action: stay still
--------------------------------------------------------------------------------
Frame 32 | Star: null | Map: classic
[State] XDB   : Pos=[8,6] Dir=left  | CD=9 | Status=[Normal]
        Bolun : Pos=[10,10] Dir=up    | CD=0 | Status=[Normal] (Visible: true)
[Replay Actions]
  鈿旓笍 Bolun: turn left (now up)
  馃洝锔?XDB   : stay still
[Local Simulation Evaluation]
  Chosen Target: {"action":"move","target":[8,6],"score":300,"type":"survival"}
  馃 Local Code Action: stay still
--------------------------------------------------------------------------------
Frame 33 | Star: null | Map: classic
[State] XDB   : Pos=[8,6] Dir=left  | CD=8 | Status=[Normal]
        Bolun : Pos=[10,10] Dir=right | CD=0 | Status=[Normal] (Visible: true)
[Replay Actions]
  鈿旓笍 Bolun: turn right (now right)
  馃洝锔?XDB   : stay still
[Local Simulation Evaluation]
  Chosen Target: {"action":"move","target":[8,6],"score":300,"type":"survival"}
  馃 Local Code Action: stay still
--------------------------------------------------------------------------------
Frame 34 | Star: null | Map: classic
[State] XDB   : Pos=[8,6] Dir=left  | CD=7 | Status=[Normal]
        Bolun : Pos=[11,10] Dir=right | CD=0 | Status=[Normal] (Visible: true)
[Replay Actions]
  鈿旓笍 Bolun: move to [11,10]
  馃洝锔?XDB   : stay still
[Local Simulation Evaluation]
  Chosen Target: {"action":"move","target":[8,6],"score":300,"type":"survival"}
  馃 Local Code Action: stay still
--------------------------------------------------------------------------------
Frame 35 | Star: null | Map: classic
[State] XDB   : Pos=[8,6] Dir=left  | CD=6 | Status=[Normal]
        Bolun : Pos=[11,10] Dir=up    | CD=0 | Status=[Normal] (Visible: true)
[Replay Actions]
  鈿旓笍 Bolun: turn left (now up)
  馃洝锔?XDB   : stay still
[Local Simulation Evaluation]
  Chosen Target: {"action":"move","target":[8,6],"score":300,"type":"survival"}
  馃 Local Code Action: stay still
--------------------------------------------------------------------------------
Frame 36 | Star: [5,4] | Map: classic
[State] XDB   : Pos=[8,6] Dir=left  | CD=5 | Status=[Normal]
        Bolun : Pos=[11,10] Dir=right | CD=0 | Status=[Normal] (Visible: true)
[Replay Actions]
  鈿旓笍 Bolun: turn right (now right)
  馃洝锔?XDB   : stay still
[Local Simulation Evaluation]
  Chosen Target: {"action":"move","target":[5,4],"score":1395,"type":"star"}
  Path NextStep: [8,7] -> Need Turn/Move Dir: down
  馃 Local Code Action: turn("left")
  鈿狅笍 [Diverged] Local Code Action differs from Replay!
     -> Replay Action: stay still
     -> Local Code   : turn("left")
--------------------------------------------------------------------------------
Frame 37 | Star: [5,4] | Map: classic
[State] XDB   : Pos=[8,6] Dir=down  | CD=4 | Status=[Normal]
        Bolun : Pos=[12,10] Dir=right | CD=0 | Status=[Normal] (Visible: true)
[Replay Actions]
  鈿旓笍 Bolun: move to [12,10]
  馃洝锔?XDB   : turn left (now down)
[Local Simulation Evaluation]
  Chosen Target: {"action":"move","target":[5,4],"score":1545,"type":"star"}
  Path NextStep: [8,7] -> Need Turn/Move Dir: down
  馃 Local Code Action: go(1)
  鈿狅笍 [Diverged] Local Code Action differs from Replay!
     -> Replay Action: turn left (now down)
     -> Local Code   : go(1)
--------------------------------------------------------------------------------
Frame 38 | Star: [5,4] | Map: classic
[State] XDB   : Pos=[8,7] Dir=down  | CD=3 | Status=[Normal]
        Bolun : Pos=[12,10] Dir=down  | CD=0 | Status=[Normal] (Visible: true)
[Replay Actions]
  鈿旓笍 Bolun: turn right (now down)
  馃洝锔?XDB   : move to [8,7]
[Local Simulation Evaluation]
  Chosen Target: {"action":"move","target":[5,4],"score":1544,"type":"star"}
  Path NextStep: [7,7] -> Need Turn/Move Dir: left
  馃 Local Code Action: turn("right")
  鈿狅笍 [Diverged] Local Code Action differs from Replay!
     -> Replay Action: move to [8,7]
     -> Local Code   : turn("right")
--------------------------------------------------------------------------------
Frame 39 | Star: [5,4] | Map: classic
[State] XDB   : Pos=[8,7] Dir=left  | CD=2 | Status=[Normal]
        Bolun : Pos=[12,11] Dir=down  | CD=0 | Status=[Normal] (Visible: true)
[Replay Actions]
  鈿旓笍 Bolun: move to [12,11]
  馃洝锔?XDB   : turn right (now left)
[Local Simulation Evaluation]
  Chosen Target: {"action":"move","target":[5,4],"score":1544,"type":"star"}
  Path NextStep: [7,7] -> Need Turn/Move Dir: left
  馃 Local Code Action: go(1)
  鈿狅笍 [Diverged] Local Code Action differs from Replay!
     -> Replay Action: turn right (now left)
     -> Local Code   : go(1)
--------------------------------------------------------------------------------
Frame 40 | Star: [5,4] | Map: classic
[State] XDB   : Pos=[7,7] Dir=left  | CD=1 | Status=[Normal]
        Bolun : Pos=[12,12] Dir=down  | CD=0 | Status=[Normal] (Visible: true)
[Replay Actions]
  鈿旓笍 Bolun: move to [12,12]
  馃洝锔?XDB   : move to [7,7]
[Local Simulation Evaluation]
  Chosen Target: {"action":"move","target":[5,4],"score":1545,"type":"star"}
  Path NextStep: [6,7] -> Need Turn/Move Dir: left
  馃 Local Code Action: go(1)
  鈿狅笍 [Diverged] Local Code Action differs from Replay!
     -> Replay Action: move to [7,7]
     -> Local Code   : go(1)
--------------------------------------------------------------------------------
Frame 41 | Star: [5,4] | Map: classic
[State] XDB   : Pos=[6,7] Dir=left  | CD=0 | Status=[Normal]
        Bolun : Pos=[12,13] Dir=down  | CD=0 | Status=[Normal] (Visible: true)
[Replay Actions]
  鈿旓笍 Bolun: move to [12,13]
  馃洝锔?XDB   : move to [6,7]
[Local Simulation Evaluation]
  Chosen Target: {"action":"move","target":[5,4],"score":1546,"type":"star"}
  Path NextStep: [5,7] -> Need Turn/Move Dir: left
  馃 Local Code Action: go(1)
  鈿狅笍 [Diverged] Local Code Action differs from Replay!
     -> Replay Action: move to [6,7]
     -> Local Code   : go(1)
--------------------------------------------------------------------------------
Frame 42 | Star: [5,4] | Map: classic
[State] XDB   : Pos=[5,7] Dir=left  | CD=0 | Status=[Normal]
        Bolun : Pos=[12,13] Dir=left  | CD=0 | Status=[Normal] (Visible: true)
[Replay Actions]
  鈿旓笍 Bolun: turn right (now left)
  馃洝锔?XDB   : move to [5,7]
[Local Simulation Evaluation]
  Chosen Target: {"action":"move","target":[5,4],"score":1547,"type":"star"}
  Path NextStep: [4,7] -> Need Turn/Move Dir: left
  馃 Local Code Action: go(1)
  鈿狅笍 [Diverged] Local Code Action differs from Replay!
     -> Replay Action: move to [5,7]
     -> Local Code   : go(1)
--------------------------------------------------------------------------------
Frame 43 | Star: [5,4] | Map: classic
[State] XDB   : Pos=[4,7] Dir=left  | CD=0 | Status=[Normal]
        Bolun : Pos=[11,13] Dir=left  | CD=0 | Status=[Normal] (Visible: true)
[Replay Actions]
  鈿旓笍 Bolun: move to [11,13]
  馃洝锔?XDB   : move to [4,7]
[Local Simulation Evaluation]
  Chosen Target: {"action":"move","target":[5,4],"score":1546,"type":"star"}
  Path NextStep: [3,7] -> Need Turn/Move Dir: left
  馃 Local Code Action: go(1)
  鈿狅笍 [Diverged] Local Code Action differs from Replay!
     -> Replay Action: move to [4,7]
     -> Local Code   : go(1)
--------------------------------------------------------------------------------
Frame 44 | Star: [5,4] | Map: classic
[State] XDB   : Pos=[3,7] Dir=left  | CD=0 | Status=[Normal]
        Bolun : Pos=[10,13] Dir=left  | CD=0 | Status=[Normal] (Visible: true)
[Replay Actions]
  鈿旓笍 Bolun: move to [10,13]
  馃洝锔?XDB   : move to [3,7]
[Local Simulation Evaluation]
  Chosen Target: {"action":"move","target":[5,4],"score":1545,"type":"star"}
  Path NextStep: [2,7] -> Need Turn/Move Dir: left
  馃 Local Code Action: go(1)
  鈿狅笍 [Diverged] Local Code Action differs from Replay!
     -> Replay Action: move to [3,7]
     -> Local Code   : go(1)
--------------------------------------------------------------------------------
Frame 45 | Star: [5,4] | Map: classic
[State] XDB   : Pos=[2,7] Dir=left  | CD=0 | Status=[Normal]
        Bolun : Pos=[9,13] Dir=left  | CD=0 | Status=[Normal] (Visible: true)
[Replay Actions]
  鈿旓笍 Bolun: move to [9,13]
  馃洝锔?XDB   : move to [2,7]
[Local Simulation Evaluation]
  Chosen Target: {"action":"move","target":[5,4],"score":1544,"type":"star"}
  Path NextStep: [2,6] -> Need Turn/Move Dir: up
  馃 Local Code Action: turn("right")
  鈿狅笍 [Diverged] Local Code Action differs from Replay!
     -> Replay Action: move to [2,7]
     -> Local Code   : turn("right")
--------------------------------------------------------------------------------
Frame 46 | Star: [5,4] | Map: classic
[State] XDB   : Pos=[2,7] Dir=up    | CD=0 | Status=[Normal]
        Bolun : Pos=[8,13] Dir=left  | CD=0 | Status=[Normal] (Visible: true)
[Replay Actions]
  鈿旓笍 Bolun: move to [8,13]
  馃洝锔?XDB   : turn right (now up)
[Local Simulation Evaluation]
  Chosen Target: {"action":"move","target":[5,4],"score":1544,"type":"star"}
  Path NextStep: [2,6] -> Need Turn/Move Dir: up
  馃 Local Code Action: go(1)
  鈿狅笍 [Diverged] Local Code Action differs from Replay!
     -> Replay Action: turn right (now up)
     -> Local Code   : go(1)
--------------------------------------------------------------------------------
Frame 47 | Star: [5,4] | Map: classic
[State] XDB   : Pos=[2,6] Dir=up    | CD=0 | Status=[Normal]
        Bolun : Pos=[7,13] Dir=left  | CD=0 | Status=[Normal] (Visible: true)
[Replay Actions]
  鈿旓笍 Bolun: move to [7,13]
  馃洝锔?XDB   : move to [2,6]
[Local Simulation Evaluation]
  Chosen Target: {"action":"move","target":[5,4],"score":1545,"type":"star"}
  Path NextStep: [2,5] -> Need Turn/Move Dir: up
  馃 Local Code Action: go(1)
  鈿狅笍 [Diverged] Local Code Action differs from Replay!
     -> Replay Action: move to [2,6]
     -> Local Code   : go(1)
--------------------------------------------------------------------------------
Frame 48 | Star: [5,4] | Map: classic
[State] XDB   : Pos=[2,5] Dir=up    | CD=0 | Status=[Normal]
        Bolun : Pos=[6,13] Dir=left  | CD=0 | Status=[Normal] (Visible: true)
[Replay Actions]
  鈿旓笍 Bolun: move to [6,13]
  馃洝锔?XDB   : move to [2,5]
[Local Simulation Evaluation]
  Chosen Target: {"action":"move","target":[5,4],"score":1546,"type":"star"}
  Path NextStep: [2,4] -> Need Turn/Move Dir: up
  馃 Local Code Action: go(1)
  鈿狅笍 [Diverged] Local Code Action differs from Replay!
     -> Replay Action: move to [2,5]
     -> Local Code   : go(1)
--------------------------------------------------------------------------------
Frame 49 | Star: [5,4] | Map: classic
[State] XDB   : Pos=[2,4] Dir=up    | CD=0 | Status=[Normal]
        Bolun : Pos=[5,13] Dir=left  | CD=0 | Status=[Normal] (Visible: true)
[Replay Actions]
  鈿旓笍 Bolun: move to [5,13]
  馃洝锔?XDB   : move to [2,4]
[Local Simulation Evaluation]
  Chosen Target: {"action":"move","target":[5,4],"score":1547,"type":"star"}
  Path NextStep: [3,4] -> Need Turn/Move Dir: right
  馃 Local Code Action: turn("right")
  鈿狅笍 [Diverged] Local Code Action differs from Replay!
     -> Replay Action: move to [2,4]
     -> Local Code   : turn("right")
--------------------------------------------------------------------------------
Frame 50 | Star: [5,4] | Map: classic
[State] XDB   : Pos=[2,4] Dir=right | CD=0 | Status=[Normal]
        Bolun : Pos=[4,13] Dir=left  | CD=0 | Status=[Normal] (Visible: true)
[Replay Actions]
  鈿旓笍 Bolun: move to [4,13]
  馃洝锔?XDB   : turn right (now right)
[Local Simulation Evaluation]
  Chosen Target: {"action":"move","target":[5,4],"score":1547,"type":"star"}
  Path NextStep: [3,4] -> Need Turn/Move Dir: right
  馃 Local Code Action: go(1)
  鈿狅笍 [Diverged] Local Code Action differs from Replay!
     -> Replay Action: turn right (now right)
     -> Local Code   : go(1)
--------------------------------------------------------------------------------
Frame 51 | Star: [5,4] | Map: classic
[State] XDB   : Pos=[3,4] Dir=right | CD=0 | Status=[Normal]
        Bolun : Pos=[4,13] Dir=up    | CD=0 | Status=[Normal] (Visible: true)
[Replay Actions]
  鈿旓笍 Bolun: turn right (now up)
  馃洝锔?XDB   : move to [3,4]
[Local Simulation Evaluation]
  Chosen Target: {"action":"move","target":[5,4],"score":1548,"type":"star"}
  Path NextStep: [4,4] -> Need Turn/Move Dir: right
  馃 Local Code Action: go(1)
  鈿狅笍 [Diverged] Local Code Action differs from Replay!
     -> Replay Action: move to [3,4]
     -> Local Code   : go(1)
--------------------------------------------------------------------------------
Frame 52 | Star: [5,4] | Map: classic
[State] XDB   : Pos=[4,4] Dir=right | CD=0 | Status=[Normal]
        Bolun : Pos=[4,12] Dir=up    | CD=0 | Status=[Normal] (Visible: true)
[Replay Actions]
  鈿旓笍 Bolun: move to [4,12]
  馃洝锔?XDB   : move to [4,4]
[Local Simulation Evaluation]
  Chosen Target: {"action":"move","target":[5,4],"score":1549,"type":"star"}
  Path NextStep: [5,4] -> Need Turn/Move Dir: right
  馃 Local Code Action: go(1)
  鈿狅笍 [Diverged] Local Code Action differs from Replay!
     -> Replay Action: move to [4,4]
     -> Local Code   : go(1)
--------------------------------------------------------------------------------
Frame 53 | Star: null | Map: classic
[State] XDB   : Pos=[5,4] Dir=right | CD=0 | Status=[Normal]
        Bolun : Pos=[4,11] Dir=up    | CD=0 | Status=[Normal] (Visible: true)
[Replay Actions]
  鈿旓笍 Bolun: move to [4,11]
  馃洝锔?XDB   : move to [5,4]
[Local Simulation Evaluation]
  Chosen Target: {"action":"move","target":[5,6],"score":780,"type":"survival"}
  Path NextStep: [6,4] -> Need Turn/Move Dir: right
  馃 Local Code Action: go(1)
  鈿狅笍 [Diverged] Local Code Action differs from Replay!
     -> Replay Action: move to [5,4]
     -> Local Code   : go(1)
--------------------------------------------------------------------------------
Frame 54 | Star: null | Map: classic
[State] XDB   : Pos=[6,4] Dir=right | CD=0 | Status=[Normal]
        Bolun : Pos=[4,10] Dir=up    | CD=0 | Status=[Normal] (Visible: true)
[Replay Actions]
  鈿旓笍 Bolun: move to [4,10]
  馃洝锔?XDB   : move to [6,4]
[Local Simulation Evaluation]
  Chosen Target: {"action":"move","target":[6,6],"score":1580,"type":"survival"}
  Path NextStep: [7,4] -> Need Turn/Move Dir: right
  馃 Local Code Action: go(1)
  鈿狅笍 [Diverged] Local Code Action differs from Replay!
     -> Replay Action: move to [6,4]
     -> Local Code   : go(1)
--------------------------------------------------------------------------------
Frame 55 | Star: null | Map: classic
[State] XDB   : Pos=[7,4] Dir=right | CD=0 | Status=[Normal]
        Bolun : Pos=[4,9] Dir=up    | CD=0 | Status=[Normal] (Visible: true)
[Replay Actions]
  鈿旓笍 Bolun: move to [4,9]
  馃洝锔?XDB   : move to [7,4]
[Local Simulation Evaluation]
  Chosen Target: {"action":"move","target":[6,6],"score":1570,"type":"survival"}
  Path NextStep: [8,4] -> Need Turn/Move Dir: right
  馃 Local Code Action: go(1)
  鈿狅笍 [Diverged] Local Code Action differs from Replay!
     -> Replay Action: move to [7,4]
     -> Local Code   : go(1)
--------------------------------------------------------------------------------
Frame 56 | Star: null | Map: classic
[State] XDB   : Pos=[8,4] Dir=right | CD=0 | Status=[Normal]
        Bolun : Pos=[4,8] Dir=up    | CD=0 | Status=[Normal] (Visible: true)
[Replay Actions]
  鈿旓笍 Bolun: move to [4,8]
  馃洝锔?XDB   : move to [8,4]
[Local Simulation Evaluation]
  Chosen Target: {"action":"move","target":[8,6],"score":1580,"type":"survival"}
  Path NextStep: [8,3] -> Need Turn/Move Dir: up
  馃 Local Code Action: turn("left")
  鈿狅笍 [Diverged] Local Code Action differs from Replay!
     -> Replay Action: move to [8,4]
     -> Local Code   : turn("left")
--------------------------------------------------------------------------------
Frame 57 | Star: null | Map: classic
[State] XDB   : Pos=[8,4] Dir=up    | CD=0 | Status=[Normal]
        Bolun : Pos=[4,7] Dir=up    | CD=0 | Status=[Normal] (Visible: true)
[Replay Actions]
  鈿旓笍 Bolun: move to [4,7]
  馃洝锔?XDB   : turn left (now up)
[Local Simulation Evaluation]
  Chosen Target: {"action":"move","target":[8,6],"score":1580,"type":"survival"}
  Path NextStep: [8,3] -> Need Turn/Move Dir: up
  馃 Local Code Action: go(1)
  鈿狅笍 [Diverged] Local Code Action differs from Replay!
     -> Replay Action: turn left (now up)
     -> Local Code   : go(1)
--------------------------------------------------------------------------------
Frame 58 | Star: null | Map: classic
[State] XDB   : Pos=[8,3] Dir=up    | CD=0 | Status=[Normal]
        Bolun : Pos=[4,6] Dir=up    | CD=0 | Status=[Normal] (Visible: true)
[Replay Actions]
  鈿旓笍 Bolun: move to [4,6]
  馃洝锔?XDB   : move to [8,3]
[Local Simulation Evaluation]
  Chosen Target: {"action":"move","target":[8,6],"score":1570,"type":"survival"}
  Path NextStep: [8,2] -> Need Turn/Move Dir: up
  馃 Local Code Action: go(1)
  鈿狅笍 [Diverged] Local Code Action differs from Replay!
     -> Replay Action: move to [8,3]
     -> Local Code   : go(1)
--------------------------------------------------------------------------------
Frame 59 | Star: null | Map: classic
[State] XDB   : Pos=[8,2] Dir=up    | CD=0 | Status=[Normal]
        Bolun : Pos=[4,6] Dir=left  | CD=0 | Status=[Normal] (Visible: true)
[Replay Actions]
  鈿旓笍 Bolun: turn left (now left)
  馃洝锔?XDB   : move to [8,2]
[Local Simulation Evaluation]
  Chosen Target: {"action":"move","target":[8,7],"score":1550,"type":"survival"}
  Path NextStep: [8,1] -> Need Turn/Move Dir: up
  馃 Local Code Action: go(1)
  鈿狅笍 [Diverged] Local Code Action differs from Replay!
     -> Replay Action: move to [8,2]
     -> Local Code   : go(1)
--------------------------------------------------------------------------------
Frame 60 | Star: null | Map: classic
[State] XDB   : Pos=[8,1] Dir=up    | CD=0 | Status=[Normal]
        Bolun : Pos=[3,6] Dir=left  | CD=0 | Status=[Normal] (Visible: true)
[Replay Actions]
  鈿旓笍 Bolun: move to [3,6]
  馃洝锔?XDB   : move to [8,1]
[Local Simulation Evaluation]
  Chosen Target: {"action":"move","target":[3,1],"score":1550,"type":"survival"}
  Path NextStep: [7,1] -> Need Turn/Move Dir: left
  馃 Local Code Action: turn("left")
  鈿狅笍 [Diverged] Local Code Action differs from Replay!
     -> Replay Action: move to [8,1]
     -> Local Code   : turn("left")
--------------------------------------------------------------------------------
Frame 61 | Star: null | Map: classic
[State] XDB   : Pos=[8,1] Dir=left  | CD=0 | Status=[Normal]
        Bolun : Pos=[2,6] Dir=left  | CD=0 | Status=[Normal] (Visible: true)
[Replay Actions]
  鈿旓笍 Bolun: move to [2,6]
  馃洝锔?XDB   : turn left (now left)
[Local Simulation Evaluation]
  Chosen Target: {"action":"move","target":[3,1],"score":1550,"type":"survival"}
  Path NextStep: [7,1] -> Need Turn/Move Dir: left
  馃 Local Code Action: go(1)
  鈿狅笍 [Diverged] Local Code Action differs from Replay!
     -> Replay Action: turn left (now left)
     -> Local Code   : go(1)
--------------------------------------------------------------------------------
Frame 62 | Star: null | Map: classic
[State] XDB   : Pos=[7,1] Dir=left  | CD=0 | Status=[Normal]
        Bolun : Pos=[2,6] Dir=up    | CD=0 | Status=[Normal] (Visible: true)
[Replay Actions]
  鈿旓笍 Bolun: turn right (now up)
  馃洝锔?XDB   : move to [7,1]
[Local Simulation Evaluation]
  Chosen Target: {"action":"move","target":[3,1],"score":1560,"type":"survival"}
  Path NextStep: [6,1] -> Need Turn/Move Dir: left
  馃 Local Code Action: go(1)
  鈿狅笍 [Diverged] Local Code Action differs from Replay!
     -> Replay Action: move to [7,1]
     -> Local Code   : go(1)
--------------------------------------------------------------------------------
Frame 63 | Star: [1,13] | Map: classic
[State] XDB   : Pos=[6,1] Dir=left  | CD=0 | Status=[Normal]
        Bolun : Pos=[2,5] Dir=up    | CD=0 | Status=[Normal] (Visible: true)
[Replay Actions]
  鈿旓笍 Bolun: move to [2,5]
  馃洝锔?XDB   : move to [6,1]
[Local Simulation Evaluation]
  Chosen Target: {"action":"teleport","target":[2,13],"score":1800,"type":"star"}
  馃 Local Code Action: teleport(2, 13)
  鈿狅笍 [Diverged] Local Code Action differs from Replay!
     -> Replay Action: move to [6,1]
     -> Local Code   : teleport(2, 13)
--------------------------------------------------------------------------------
Frame 64 | Star: [1,13] | Map: classic
[State] XDB   : Pos=[2,13] Dir=left  | CD=40 | Status=[fireLocked]
        Bolun : Pos=[2,5] Dir=left  | CD=0 | Status=[Normal] (Visible: true)
[Replay Actions]
  鈿旓笍 Bolun: turn left (now left)
  馃洝锔?XDB   : teleported to [2,13]
[Local Simulation Evaluation]
  Chosen Target: {"action":"move","target":[2,13],"score":1300,"type":"star"}
  馃 Local Code Action: speak("浼犻€佸欢杩熺瓑寰?) | speak("浼犻€佸欢杩熺瓑寰?)
  鈿狅笍 [Diverged] Local Code Action differs from Replay!
     -> Replay Action: teleported to [2,13]
     -> Local Code   : speak("浼犻€佸欢杩熺瓑寰?) | speak("浼犻€佸欢杩熺瓑寰?)
--------------------------------------------------------------------------------
Frame 65 | Star: [1,13] | Map: classic
[State] XDB   : Pos=[2,13] Dir=left  | CD=39 | Status=[fireLocked]
        Bolun : Pos=[1,5] Dir=left  | CD=0 | Status=[Normal] (Visible: true)
[Replay Actions]
  鈿旓笍 Bolun: move to [1,5]
  馃洝锔?XDB   : stay still
[Local Simulation Evaluation]
  Chosen Target: {"action":"move","target":[1,13],"score":1549,"type":"star"}
  Path NextStep: [1,13] -> Need Turn/Move Dir: left
  馃 Local Code Action: go(1)
  鈿狅笍 [Diverged] Local Code Action differs from Replay!
     -> Replay Action: stay still
     -> Local Code   : go(1)
--------------------------------------------------------------------------------
Frame 66 | Star: null | Map: classic
[State] XDB   : Pos=[1,13] Dir=left  | CD=38 | Status=[Normal]
        Bolun : Pos=[1,5] Dir=left  | CD=32 | Status=[overloaded] (Visible: true)
[Replay Actions]
  鈿旓笍 Bolun: stay still
  馃洝锔?XDB   : move to [1,13]
[Local Simulation Evaluation]
  Chosen Target: {"action":"move","target":[5,8],"score":710,"type":"survival"}
  Path NextStep: [1,12] -> Need Turn/Move Dir: up
  馃 Local Code Action: turn("right")
  鈿狅笍 [Diverged] Local Code Action differs from Replay!
     -> Replay Action: move to [1,13]
     -> Local Code   : turn("right")
--------------------------------------------------------------------------------
Frame 67 | Star: null | Map: classic
[State] XDB   : Pos=[1,13] Dir=up    | CD=37 | Status=[Normal]
        Bolun : Pos=[1,5] Dir=down  | CD=31 | Status=[overloaded] (Visible: true)
[Replay Actions]
  鈿旓笍 Bolun: turn left (now down)
  馃洝锔?XDB   : turn right (now up)
[Local Simulation Evaluation]
  Chosen Target: {"action":"move","target":[1,13],"score":9840,"type":"pre_aim"}
  馃 Local Code Action: turn("right")
  鈿狅笍 [Diverged] Local Code Action differs from Replay!
     -> Replay Action: turn right (now up)
     -> Local Code   : turn("right")
--------------------------------------------------------------------------------
Frame 68 | Star: null | Map: classic
[State] XDB   : Pos=[1,13] Dir=right | CD=36 | Status=[Normal]
        Bolun : Pos=[1,5] Dir=down  | CD=30 | Status=[Normal] (Visible: true)
[Replay Actions]
  鈿旓笍 Bolun: stay still
  馃洝锔?XDB   : turn right (now right)
[Local Simulation Evaluation]
  Chosen Target: {"action":"turn","target":[1,12],"score":9850,"type":"pre_aim"}
  馃 Local Code Action: go(1)
  鈿狅笍 [Diverged] Local Code Action differs from Replay!
     -> Replay Action: turn right (now right)
     -> Local Code   : go(1)
--------------------------------------------------------------------------------
Frame 69 | Star: null | Map: classic
[State] XDB   : Pos=[2,13] Dir=right | CD=35 | Status=[Normal]
        Bolun : Pos=[1,6] Dir=down  | CD=29 | Status=[Normal] (Visible: true)
[Replay Actions]
  鈿旓笍 Bolun: move to [1,6]
  馃洝锔?XDB   : move to [2,13]
[Local Simulation Evaluation]
  Chosen Target: {"action":"move","target":[5,8],"score":1520,"type":"survival"}
  Path NextStep: [3,13] -> Need Turn/Move Dir: right
  馃 Local Code Action: stay still
  鈿狅笍 [Diverged] Local Code Action differs from Replay!
     -> Replay Action: move to [2,13]
     -> Local Code   : stay still
--------------------------------------------------------------------------------
Frame 70 | Star: null | Map: classic
[State] XDB   : Pos=[2,13] Dir=right | CD=34 | Status=[Normal]
        Bolun : Pos=[1,6] Dir=right | CD=28 | Status=[Normal] (Visible: true)
[Replay Actions]
  鈿旓笍 Bolun: turn left (now right)
  馃洝锔?XDB   : stay still
[Local Simulation Evaluation]
  Chosen Target: {"action":"turn","target":[2,12],"score":9850,"type":"pre_aim"}
  馃 Local Code Action: turn("left")
  鈿狅笍 [Diverged] Local Code Action differs from Replay!
     -> Replay Action: stay still
     -> Local Code   : turn("left")
--------------------------------------------------------------------------------
Frame 71 | Star: null | Map: classic
[State] XDB   : Pos=[2,13] Dir=up    | CD=33 | Status=[Normal]
        Bolun : Pos=[2,6] Dir=right | CD=27 | Status=[Normal] (Visible: true)
[Replay Actions]
  鈿旓笍 Bolun: move to [2,6]
  馃洝锔?XDB   : CRASHED
[Local Simulation Evaluation]
  Chosen Target: {"action":"move","target":[5,8],"score":720,"type":"survival"}
  Path NextStep: [2,12] -> Need Turn/Move Dir: up
  馃 Local Code Action: fire()
  鈿狅笍 [Diverged] Local Code Action differs from Replay!
     -> Replay Action: CRASHED
     -> Local Code   : fire()
================================================================================
