
=================== Simulation Config ===================
  My Tank (XDB) ID : 2a7b2217 (Index: 0)
  Enemy (ByteStorm) ID : 16b53934 (Index: 1)
=========================================================

--------------------------------------------------------------------------------
Frame 1 | Star: [16,2] | Map: classic
[State] XDB   : Pos=[16,3] Dir=up    | CD=40 | Status=[fireLocked]
        ByteStorm : Pos=[16,13] Dir=down  | CD=0 | Status=[Normal] (Visible: true)
[Replay Actions]
  鈿旓笍 ByteStorm: move to [16,13]
  馃洝锔?XDB   : teleported to [16,3]
[Local Simulation Evaluation]
  Chosen Target: {"action":"move","target":[16,2],"score":1799,"type":"star"}
  Path NextStep: [16,2] -> Need Turn/Move Dir: up
  馃 Local Code Action: go(1)
  鈿狅笍 [Diverged] Local Code Action differs from Replay!
     -> Replay Action: teleported to [16,3]
     -> Local Code   : go(1)
--------------------------------------------------------------------------------
Frame 2 | Star: [16,2] | Map: classic
[State] XDB   : Pos=[16,3] Dir=up    | CD=39 | Status=[fireLocked]
        ByteStorm : Pos=[16,13] Dir=left  | CD=0 | Status=[Normal] (Visible: false)
[Replay Actions]
  鈿旓笍 ByteStorm: turn right (now left)
  馃洝锔?XDB   : stay still
[Local Simulation Evaluation]
  Chosen Target: {"action":"move","target":[16,2],"score":1949,"type":"star"}
  Path NextStep: [16,2] -> Need Turn/Move Dir: up
  馃 Local Code Action: go(1)
  鈿狅笍 [Diverged] Local Code Action differs from Replay!
     -> Replay Action: stay still
     -> Local Code   : go(1)
--------------------------------------------------------------------------------
Frame 3 | Star: null | Map: classic
[State] XDB   : Pos=[16,2] Dir=up    | CD=38 | Status=[Normal]
        ByteStorm : Pos=[15,13] Dir=left  | CD=0 | Status=[Normal] (Visible: false)
[Replay Actions]
  鈿旓笍 ByteStorm: move to [15,13]
  馃洝锔?XDB   : move to [16,2]
[Local Simulation Evaluation]
  Chosen Target: {"action":"move","target":[13,6],"score":730,"type":"survival"}
  Path NextStep: [16,3] -> Need Turn/Move Dir: down
  馃 Local Code Action: turn("right")
  鈿狅笍 [Diverged] Local Code Action differs from Replay!
     -> Replay Action: move to [16,2]
     -> Local Code   : turn("right")
--------------------------------------------------------------------------------
Frame 4 | Star: null | Map: classic
[State] XDB   : Pos=[16,2] Dir=right | CD=37 | Status=[Normal]
        ByteStorm : Pos=[14,13] Dir=left  | CD=0 | Status=[Normal] (Visible: true)
[Replay Actions]
  鈿旓笍 ByteStorm: move to [14,13]
  馃洝锔?XDB   : turn right (now right)
[Local Simulation Evaluation]
  Chosen Target: {"action":"move","target":[13,6],"score":1530,"type":"survival"}
  Path NextStep: [16,3] -> Need Turn/Move Dir: down
  馃 Local Code Action: turn("right")
  鈿狅笍 [Diverged] Local Code Action differs from Replay!
     -> Replay Action: turn right (now right)
     -> Local Code   : turn("right")
--------------------------------------------------------------------------------
Frame 5 | Star: null | Map: classic
[State] XDB   : Pos=[16,2] Dir=down  | CD=36 | Status=[Normal]
        ByteStorm : Pos=[14,13] Dir=up    | CD=0 | Status=[Normal] (Visible: true)
[Replay Actions]
  鈿旓笍 ByteStorm: turn right (now up)
  馃洝锔?XDB   : turn right (now down)
[Local Simulation Evaluation]
  Chosen Target: {"action":"move","target":[13,6],"score":1530,"type":"survival"}
  Path NextStep: [16,3] -> Need Turn/Move Dir: down
  馃 Local Code Action: go(1)
  鈿狅笍 [Diverged] Local Code Action differs from Replay!
     -> Replay Action: turn right (now down)
     -> Local Code   : go(1)
--------------------------------------------------------------------------------
Frame 6 | Star: null | Map: classic
[State] XDB   : Pos=[16,3] Dir=down  | CD=35 | Status=[Normal]
        ByteStorm : Pos=[14,12] Dir=up    | CD=0 | Status=[Normal] (Visible: true)
[Replay Actions]
  鈿旓笍 ByteStorm: move to [14,12]
  馃洝锔?XDB   : move to [16,3]
[Local Simulation Evaluation]
  Chosen Target: {"action":"move","target":[13,6],"score":1540,"type":"survival"}
  Path NextStep: [16,4] -> Need Turn/Move Dir: down
  馃 Local Code Action: go(1)
  鈿狅笍 [Diverged] Local Code Action differs from Replay!
     -> Replay Action: move to [16,3]
     -> Local Code   : go(1)
--------------------------------------------------------------------------------
Frame 7 | Star: null | Map: classic
[State] XDB   : Pos=[16,4] Dir=down  | CD=34 | Status=[Normal]
        ByteStorm : Pos=[14,11] Dir=up    | CD=0 | Status=[Normal] (Visible: true)
[Replay Actions]
  鈿旓笍 ByteStorm: move to [14,11]
  馃洝锔?XDB   : move to [16,4]
[Local Simulation Evaluation]
  Chosen Target: {"action":"move","target":[13,6],"score":1550,"type":"survival"}
  Path NextStep: [16,5] -> Need Turn/Move Dir: down
  馃 Local Code Action: go(1)
  鈿狅笍 [Diverged] Local Code Action differs from Replay!
     -> Replay Action: move to [16,4]
     -> Local Code   : go(1)
--------------------------------------------------------------------------------
Frame 8 | Star: null | Map: classic
[State] XDB   : Pos=[16,5] Dir=down  | CD=33 | Status=[Normal]
        ByteStorm : Pos=[14,10] Dir=up    | CD=0 | Status=[Normal] (Visible: true)
[Replay Actions]
  鈿旓笍 ByteStorm: move to [14,10]
  馃洝锔?XDB   : move to [16,5]
[Local Simulation Evaluation]
  Chosen Target: {"action":"move","target":[13,6],"score":1560,"type":"survival"}
  Path NextStep: [16,6] -> Need Turn/Move Dir: down
  馃 Local Code Action: go(1)
  鈿狅笍 [Diverged] Local Code Action differs from Replay!
     -> Replay Action: move to [16,5]
     -> Local Code   : go(1)
--------------------------------------------------------------------------------
Frame 9 | Star: null | Map: classic
[State] XDB   : Pos=[16,6] Dir=down  | CD=32 | Status=[Normal]
        ByteStorm : Pos=[14,10] Dir=right | CD=0 | Status=[Normal] (Visible: true)
[Replay Actions]
  鈿旓笍 ByteStorm: turn right (now right)
  馃洝锔?XDB   : move to [16,6]
[Local Simulation Evaluation]
  Chosen Target: {"action":"move","target":[13,6],"score":1570,"type":"survival"}
  Path NextStep: [15,6] -> Need Turn/Move Dir: left
  馃 Local Code Action: turn("right")
  鈿狅笍 [Diverged] Local Code Action differs from Replay!
     -> Replay Action: move to [16,6]
     -> Local Code   : turn("right")
--------------------------------------------------------------------------------
Frame 10 | Star: null | Map: classic
[State] XDB   : Pos=[16,6] Dir=left  | CD=31 | Status=[Normal]
        ByteStorm : Pos=[15,10] Dir=right | CD=0 | Status=[Normal] (Visible: true)
[Replay Actions]
  鈿旓笍 ByteStorm: move to [15,10]
  馃洝锔?XDB   : turn right (now left)
[Local Simulation Evaluation]
  Chosen Target: {"action":"move","target":[13,6],"score":1570,"type":"survival"}
  Path NextStep: [15,6] -> Need Turn/Move Dir: left
  馃 Local Code Action: turn("right")
  鈿狅笍 [Diverged] Local Code Action differs from Replay!
     -> Replay Action: turn right (now left)
     -> Local Code   : turn("right")
--------------------------------------------------------------------------------
Frame 11 | Star: null | Map: classic
[State] XDB   : Pos=[16,6] Dir=up    | CD=30 | Status=[Normal]
        ByteStorm : Pos=[16,10] Dir=right | CD=0 | Status=[Normal] (Visible: true)
[Replay Actions]
  鈿旓笍 ByteStorm: move to [16,10]
  馃洝锔?XDB   : turn right (now up)
[Local Simulation Evaluation]
  Chosen Target: {"action":"turn","target":[16,10],"score":9900,"type":"shoot"}
  馃 Local Code Action: turn("right")
  鈿狅笍 [Diverged] Local Code Action differs from Replay!
     -> Replay Action: turn right (now up)
     -> Local Code   : turn("right")
--------------------------------------------------------------------------------
Frame 12 | Star: null | Map: classic
[State] XDB   : Pos=[16,6] Dir=right | CD=29 | Status=[Normal]
        ByteStorm : Pos=[16,10] Dir=up    | CD=0 | Status=[Normal] (Visible: true)
[Replay Actions]
  鈿旓笍 ByteStorm: turn left (now up)
  馃洝锔?XDB   : turn right (now right)
[Local Simulation Evaluation]
  Chosen Target: {"action":"move","target":[13,6],"score":770,"type":"survival"}
  Path NextStep: [15,6] -> Need Turn/Move Dir: left
  馃 Local Code Action: turn("left")
  鈿狅笍 [Diverged] Local Code Action differs from Replay!
     -> Replay Action: turn right (now right)
     -> Local Code   : turn("left")
--------------------------------------------------------------------------------
Frame 13 | Star: [11,11] | Map: classic
[State] XDB   : Pos=[16,6] Dir=up    | CD=28 | Status=[Normal]
        ByteStorm : Pos=[16,10] Dir=left  | CD=0 | Status=[Normal] (Visible: true)
[Replay Actions]
  鈿旓笍 ByteStorm: turn left (now left)
  馃洝锔?XDB   : turn left (now up)
[Local Simulation Evaluation]
  Chosen Target: {"action":"turn","target":[16,10],"score":9900,"type":"shoot"}
  馃 Local Code Action: turn("left")
  鈿狅笍 [Diverged] Local Code Action differs from Replay!
     -> Replay Action: turn left (now up)
     -> Local Code   : turn("left")
--------------------------------------------------------------------------------
Frame 14 | Star: [11,11] | Map: classic
[State] XDB   : Pos=[16,6] Dir=left  | CD=27 | Status=[Normal]
        ByteStorm : Pos=[15,10] Dir=left  | CD=0 | Status=[Normal] (Visible: true)
[Replay Actions]
  鈿旓笍 ByteStorm: move to [15,10]
  馃洝锔?XDB   : turn left (now left)
[Local Simulation Evaluation]
  Chosen Target: {"action":"move","target":[13,6],"score":770,"type":"survival"}
  Path NextStep: [15,6] -> Need Turn/Move Dir: left
  馃 Local Code Action: turn("right")
  鈿狅笍 [Diverged] Local Code Action differs from Replay!
     -> Replay Action: turn left (now left)
     -> Local Code   : turn("right")
--------------------------------------------------------------------------------
Frame 15 | Star: [11,11] | Map: classic
[State] XDB   : Pos=[16,6] Dir=up    | CD=26 | Status=[Normal]
        ByteStorm : Pos=[14,10] Dir=left  | CD=0 | Status=[Normal] (Visible: true)
[Replay Actions]
  鈿旓笍 ByteStorm: move to [14,10]
  馃洝锔?XDB   : turn right (now up)
[Local Simulation Evaluation]
  Chosen Target: {"action":"move","target":[13,6],"score":1570,"type":"survival"}
  Path NextStep: [16,5] -> Need Turn/Move Dir: up
  馃 Local Code Action: go(1)
  鈿狅笍 [Diverged] Local Code Action differs from Replay!
     -> Replay Action: turn right (now up)
     -> Local Code   : go(1)
--------------------------------------------------------------------------------
Frame 16 | Star: [11,11] | Map: classic
[State] XDB   : Pos=[16,5] Dir=up    | CD=25 | Status=[Normal]
        ByteStorm : Pos=[14,10] Dir=down  | CD=0 | Status=[Normal] (Visible: true)
[Replay Actions]
  鈿旓笍 ByteStorm: turn left (now down)
  馃洝锔?XDB   : move to [16,5]
[Local Simulation Evaluation]
  Chosen Target: {"action":"move","target":[13,6],"score":1560,"type":"survival"}
  Path NextStep: [15,5] -> Need Turn/Move Dir: left
  馃 Local Code Action: turn("left")
  鈿狅笍 [Diverged] Local Code Action differs from Replay!
     -> Replay Action: move to [16,5]
     -> Local Code   : turn("left")
--------------------------------------------------------------------------------
Frame 17 | Star: [11,11] | Map: classic
[State] XDB   : Pos=[16,5] Dir=left  | CD=24 | Status=[Normal]
        ByteStorm : Pos=[14,10] Dir=right | CD=0 | Status=[Normal] (Visible: true)
[Replay Actions]
  鈿旓笍 ByteStorm: turn left (now right)
  馃洝锔?XDB   : turn left (now left)
[Local Simulation Evaluation]
  Chosen Target: {"action":"move","target":[13,6],"score":1560,"type":"survival"}
  Path NextStep: [15,5] -> Need Turn/Move Dir: left
  馃 Local Code Action: go(1)
  鈿狅笍 [Diverged] Local Code Action differs from Replay!
     -> Replay Action: turn left (now left)
     -> Local Code   : go(1)
--------------------------------------------------------------------------------
Frame 18 | Star: [11,11] | Map: classic
[State] XDB   : Pos=[15,5] Dir=left  | CD=23 | Status=[Normal]
        ByteStorm : Pos=[15,10] Dir=right | CD=0 | Status=[Normal] (Visible: true)
[Replay Actions]
  鈿旓笍 ByteStorm: move to [15,10]
  馃洝锔?XDB   : move to [15,5]
[Local Simulation Evaluation]
  Chosen Target: {"action":"move","target":[13,6],"score":1570,"type":"survival"}
  Path NextStep: [14,5] -> Need Turn/Move Dir: left
  馃 Local Code Action: go(1)
  鈿狅笍 [Diverged] Local Code Action differs from Replay!
     -> Replay Action: move to [15,5]
     -> Local Code   : go(1)
--------------------------------------------------------------------------------
Frame 19 | Star: [11,11] | Map: classic
[State] XDB   : Pos=[14,5] Dir=left  | CD=22 | Status=[Normal]
        ByteStorm : Pos=[16,10] Dir=right | CD=0 | Status=[Normal] (Visible: true)
[Replay Actions]
  鈿旓笍 ByteStorm: move to [16,10]
  馃洝锔?XDB   : move to [14,5]
[Local Simulation Evaluation]
  Chosen Target: {"action":"move","target":[11,11],"score":1541,"type":"star"}
  Path NextStep: [14,6] -> Need Turn/Move Dir: down
  馃 Local Code Action: turn("left")
  鈿狅笍 [Diverged] Local Code Action differs from Replay!
     -> Replay Action: move to [14,5]
     -> Local Code   : turn("left")
--------------------------------------------------------------------------------
Frame 20 | Star: [11,11] | Map: classic
[State] XDB   : Pos=[14,5] Dir=down  | CD=21 | Status=[Normal]
        ByteStorm : Pos=[16,10] Dir=up    | CD=0 | Status=[Normal] (Visible: true)
[Replay Actions]
  鈿旓笍 ByteStorm: turn left (now up)
  馃洝锔?XDB   : turn left (now down)
[Local Simulation Evaluation]
  Chosen Target: {"action":"move","target":[11,11],"score":1541,"type":"star"}
  Path NextStep: [14,6] -> Need Turn/Move Dir: down
  馃 Local Code Action: go(1)
  鈿狅笍 [Diverged] Local Code Action differs from Replay!
     -> Replay Action: turn left (now down)
     -> Local Code   : go(1)
--------------------------------------------------------------------------------
Frame 21 | Star: [11,11] | Map: classic
[State] XDB   : Pos=[14,6] Dir=down  | CD=20 | Status=[Normal]
        ByteStorm : Pos=[16,10] Dir=left  | CD=0 | Status=[Normal] (Visible: true)
[Replay Actions]
  鈿旓笍 ByteStorm: turn left (now left)
  馃洝锔?XDB   : move to [14,6]
[Local Simulation Evaluation]
  Chosen Target: {"action":"move","target":[11,11],"score":1542,"type":"star"}
  Path NextStep: [13,6] -> Need Turn/Move Dir: left
  馃 Local Code Action: turn("right")
  鈿狅笍 [Diverged] Local Code Action differs from Replay!
     -> Replay Action: move to [14,6]
     -> Local Code   : turn("right")
--------------------------------------------------------------------------------
Frame 22 | Star: [11,11] | Map: classic
[State] XDB   : Pos=[14,6] Dir=left  | CD=19 | Status=[Normal]
        ByteStorm : Pos=[15,10] Dir=left  | CD=0 | Status=[Normal] (Visible: true)
[Replay Actions]
  鈿旓笍 ByteStorm: move to [15,10]
  馃洝锔?XDB   : turn right (now left)
[Local Simulation Evaluation]
  Chosen Target: {"action":"move","target":[13,6],"score":1590,"type":"survival"}
  Path NextStep: [13,6] -> Need Turn/Move Dir: left
  馃 Local Code Action: go(1)
  鈿狅笍 [Diverged] Local Code Action differs from Replay!
     -> Replay Action: turn right (now left)
     -> Local Code   : go(1)
--------------------------------------------------------------------------------
Frame 23 | Star: [11,11] | Map: classic
[State] XDB   : Pos=[13,6] Dir=left  | CD=18 | Status=[Normal]
        ByteStorm : Pos=[15,10] Dir=down  | CD=0 | Status=[Normal] (Visible: true)
[Replay Actions]
  鈿旓笍 ByteStorm: turn left (now down)
  馃洝锔?XDB   : move to [13,6]
[Local Simulation Evaluation]
  Chosen Target: {"action":"move","target":[13,6],"score":300,"type":"survival"}
  馃 Local Code Action: go(1)
  鈿狅笍 [Diverged] Local Code Action differs from Replay!
     -> Replay Action: move to [13,6]
     -> Local Code   : go(1)
--------------------------------------------------------------------------------
Frame 24 | Star: [11,11] | Map: classic
[State] XDB   : Pos=[12,6] Dir=left  | CD=17 | Status=[Normal]
        ByteStorm : Pos=[15,10] Dir=left  | CD=0 | Status=[Normal] (Visible: true)
[Replay Actions]
  鈿旓笍 ByteStorm: turn right (now left)
  馃洝锔?XDB   : move to [12,6]
[Local Simulation Evaluation]
  Chosen Target: {"action":"move","target":[11,11],"score":1544,"type":"star"}
  Path NextStep: [11,6] -> Need Turn/Move Dir: left
  馃 Local Code Action: stay still
  鈿狅笍 [Diverged] Local Code Action differs from Replay!
     -> Replay Action: move to [12,6]
     -> Local Code   : stay still
--------------------------------------------------------------------------------
Frame 25 | Star: [11,11] | Map: classic
[State] XDB   : Pos=[12,6] Dir=left  | CD=16 | Status=[Normal]
        ByteStorm : Pos=[14,10] Dir=left  | CD=0 | Status=[Normal] (Visible: true)
[Replay Actions]
  鈿旓笍 ByteStorm: move to [14,10]
  馃洝锔?XDB   : stay still
[Local Simulation Evaluation]
  Chosen Target: {"action":"move","target":[12,6],"score":300,"type":"survival"}
  馃 Local Code Action: stay still
--------------------------------------------------------------------------------
Frame 26 | Star: [11,11] | Map: classic
[State] XDB   : Pos=[12,6] Dir=left  | CD=15 | Status=[Normal]
        ByteStorm : Pos=[13,10] Dir=left  | CD=0 | Status=[Normal] (Visible: true)
[Replay Actions]
  鈿旓笍 ByteStorm: move to [13,10]
  馃洝锔?XDB   : stay still
[Local Simulation Evaluation]
  Chosen Target: {"action":"move","target":[12,6],"score":300,"type":"survival"}
  馃 Local Code Action: stay still
--------------------------------------------------------------------------------
Frame 27 | Star: [11,11] | Map: classic
[State] XDB   : Pos=[12,6] Dir=left  | CD=14 | Status=[Normal]
        ByteStorm : Pos=[12,10] Dir=left  | CD=0 | Status=[Normal] (Visible: true)
[Replay Actions]
  鈿旓笍 ByteStorm: move to [12,10]
  馃洝锔?XDB   : stay still
[Local Simulation Evaluation]
  Chosen Target: {"action":"move","target":[12,6],"score":300,"type":"survival"}
  馃 Local Code Action: stay still
--------------------------------------------------------------------------------
Frame 28 | Star: [11,11] | Map: classic
[State] XDB   : Pos=[12,6] Dir=left  | CD=13 | Status=[Normal]
        ByteStorm : Pos=[11,10] Dir=left  | CD=0 | Status=[Normal] (Visible: true)
[Replay Actions]
  鈿旓笍 ByteStorm: move to [11,10]
  馃洝锔?XDB   : stay still
[Local Simulation Evaluation]
  Chosen Target: {"action":"move","target":[12,6],"score":300,"type":"survival"}
  馃 Local Code Action: stay still
--------------------------------------------------------------------------------
Frame 29 | Star: [11,11] | Map: classic
[State] XDB   : Pos=[12,6] Dir=left  | CD=12 | Status=[Normal]
        ByteStorm : Pos=[10,10] Dir=left  | CD=0 | Status=[Normal] (Visible: true)
[Replay Actions]
  鈿旓笍 ByteStorm: move to [10,10]
  馃洝锔?XDB   : stay still
[Local Simulation Evaluation]
  Chosen Target: {"action":"move","target":[12,6],"score":300,"type":"survival"}
  馃 Local Code Action: stay still
--------------------------------------------------------------------------------
Frame 30 | Star: [11,11] | Map: classic
[State] XDB   : Pos=[12,6] Dir=left  | CD=11 | Status=[Normal]
        ByteStorm : Pos=[10,10] Dir=up    | CD=0 | Status=[Normal] (Visible: true)
[Replay Actions]
  鈿旓笍 ByteStorm: turn right (now up)
  馃洝锔?XDB   : stay still
[Local Simulation Evaluation]
  Chosen Target: {"action":"move","target":[12,6],"score":300,"type":"survival"}
  馃 Local Code Action: stay still
--------------------------------------------------------------------------------
Frame 31 | Star: [11,11] | Map: classic
[State] XDB   : Pos=[12,6] Dir=left  | CD=10 | Status=[Normal]
        ByteStorm : Pos=[10,10] Dir=right | CD=0 | Status=[Normal] (Visible: true)
[Replay Actions]
  鈿旓笍 ByteStorm: turn right (now right)
  馃洝锔?XDB   : stay still
[Local Simulation Evaluation]
  Chosen Target: {"action":"move","target":[12,6],"score":300,"type":"survival"}
  馃 Local Code Action: stay still
--------------------------------------------------------------------------------
Frame 32 | Star: [11,11] | Map: classic
[State] XDB   : Pos=[12,6] Dir=left  | CD=9 | Status=[Normal]
        ByteStorm : Pos=[10,10] Dir=down  | CD=0 | Status=[Normal] (Visible: true)
[Replay Actions]
  鈿旓笍 ByteStorm: turn right (now down)
  馃洝锔?XDB   : stay still
[Local Simulation Evaluation]
  Chosen Target: {"action":"move","target":[12,6],"score":300,"type":"survival"}
  馃 Local Code Action: stay still
--------------------------------------------------------------------------------
Frame 33 | Star: [11,11] | Map: classic
[State] XDB   : Pos=[12,6] Dir=left  | CD=8 | Status=[Normal]
        ByteStorm : Pos=[10,11] Dir=down  | CD=0 | Status=[Normal] (Visible: true)
[Replay Actions]
  鈿旓笍 ByteStorm: move to [10,11]
  馃洝锔?XDB   : stay still
[Local Simulation Evaluation]
  Chosen Target: {"action":"move","target":[12,6],"score":300,"type":"survival"}
  馃 Local Code Action: stay still
--------------------------------------------------------------------------------
Frame 34 | Star: [11,11] | Map: classic
[State] XDB   : Pos=[12,6] Dir=left  | CD=7 | Status=[Normal]
        ByteStorm : Pos=[10,12] Dir=down  | CD=0 | Status=[Normal] (Visible: true)
[Replay Actions]
  鈿旓笍 ByteStorm: move to [10,12]
  馃洝锔?XDB   : stay still
[Local Simulation Evaluation]
  Chosen Target: {"action":"move","target":[12,6],"score":300,"type":"survival"}
  馃 Local Code Action: stay still
--------------------------------------------------------------------------------
Frame 35 | Star: [11,11] | Map: classic
[State] XDB   : Pos=[12,6] Dir=left  | CD=6 | Status=[Normal]
        ByteStorm : Pos=[10,13] Dir=down  | CD=0 | Status=[Normal] (Visible: true)
[Replay Actions]
  鈿旓笍 ByteStorm: move to [10,13]
  馃洝锔?XDB   : stay still
[Local Simulation Evaluation]
  Chosen Target: {"action":"move","target":[12,6],"score":300,"type":"survival"}
  馃 Local Code Action: stay still
--------------------------------------------------------------------------------
Frame 36 | Star: [11,11] | Map: classic
[State] XDB   : Pos=[12,6] Dir=left  | CD=5 | Status=[Normal]
        ByteStorm : Pos=[10,13] Dir=left  | CD=0 | Status=[Normal] (Visible: true)
[Replay Actions]
  鈿旓笍 ByteStorm: turn right (now left)
  馃洝锔?XDB   : stay still
[Local Simulation Evaluation]
  Chosen Target: {"action":"move","target":[12,6],"score":300,"type":"survival"}
  馃 Local Code Action: stay still
--------------------------------------------------------------------------------
Frame 37 | Star: [11,11] | Map: classic
[State] XDB   : Pos=[12,6] Dir=left  | CD=4 | Status=[Normal]
        ByteStorm : Pos=[9,13] Dir=left  | CD=0 | Status=[Normal] (Visible: true)
[Replay Actions]
  鈿旓笍 ByteStorm: move to [9,13]
  馃洝锔?XDB   : stay still
[Local Simulation Evaluation]
  Chosen Target: {"action":"move","target":[12,6],"score":300,"type":"survival"}
  馃 Local Code Action: stay still
--------------------------------------------------------------------------------
Frame 38 | Star: [11,11] | Map: classic
[State] XDB   : Pos=[12,6] Dir=left  | CD=3 | Status=[Normal]
        ByteStorm : Pos=[8,13] Dir=left  | CD=0 | Status=[Normal] (Visible: true)
[Replay Actions]
  鈿旓笍 ByteStorm: move to [8,13]
  馃洝锔?XDB   : stay still
[Local Simulation Evaluation]
  Chosen Target: {"action":"move","target":[12,6],"score":300,"type":"survival"}
  馃 Local Code Action: turn("left")
  鈿狅笍 [Diverged] Local Code Action differs from Replay!
     -> Replay Action: stay still
     -> Local Code   : turn("left")
--------------------------------------------------------------------------------
Frame 39 | Star: [11,11] | Map: classic
[State] XDB   : Pos=[12,6] Dir=down  | CD=2 | Status=[Normal]
        ByteStorm : Pos=[7,13] Dir=left  | CD=0 | Status=[Normal] (Visible: true)
[Replay Actions]
  鈿旓笍 ByteStorm: move to [7,13]
  馃洝锔?XDB   : turn left (now down)
[Local Simulation Evaluation]
  Chosen Target: {"action":"move","target":[11,11],"score":1544,"type":"star"}
  Path NextStep: [12,7] -> Need Turn/Move Dir: down
  馃 Local Code Action: go(1)
  鈿狅笍 [Diverged] Local Code Action differs from Replay!
     -> Replay Action: turn left (now down)
     -> Local Code   : go(1)
--------------------------------------------------------------------------------
Frame 40 | Star: [11,11] | Map: classic
[State] XDB   : Pos=[12,7] Dir=down  | CD=1 | Status=[Normal]
        ByteStorm : Pos=[6,13] Dir=left  | CD=0 | Status=[Normal] (Visible: true)
[Replay Actions]
  鈿旓笍 ByteStorm: move to [6,13]
  馃洝锔?XDB   : move to [12,7]
[Local Simulation Evaluation]
  Chosen Target: {"action":"move","target":[11,11],"score":1545,"type":"star"}
  Path NextStep: [12,8] -> Need Turn/Move Dir: down
  馃 Local Code Action: go(1)
  鈿狅笍 [Diverged] Local Code Action differs from Replay!
     -> Replay Action: move to [12,7]
     -> Local Code   : go(1)
--------------------------------------------------------------------------------
Frame 41 | Star: [11,11] | Map: classic
[State] XDB   : Pos=[12,8] Dir=down  | CD=0 | Status=[Normal]
        ByteStorm : Pos=[5,13] Dir=left  | CD=0 | Status=[Normal] (Visible: true)
[Replay Actions]
  鈿旓笍 ByteStorm: move to [5,13]
  馃洝锔?XDB   : move to [12,8]
[Local Simulation Evaluation]
  Chosen Target: {"action":"move","target":[11,11],"score":1546,"type":"star"}
  Path NextStep: [13,8] -> Need Turn/Move Dir: right
  馃 Local Code Action: turn("left")
  鈿狅笍 [Diverged] Local Code Action differs from Replay!
     -> Replay Action: move to [12,8]
     -> Local Code   : turn("left")
--------------------------------------------------------------------------------
Frame 42 | Star: [11,11] | Map: classic
[State] XDB   : Pos=[12,8] Dir=right | CD=0 | Status=[Normal]
        ByteStorm : Pos=[4,13] Dir=left  | CD=0 | Status=[Normal] (Visible: true)
[Replay Actions]
  鈿旓笍 ByteStorm: move to [4,13]
  馃洝锔?XDB   : turn left (now right)
[Local Simulation Evaluation]
  Chosen Target: {"action":"move","target":[11,11],"score":1546,"type":"star"}
  Path NextStep: [13,8] -> Need Turn/Move Dir: right
  馃 Local Code Action: go(1)
  鈿狅笍 [Diverged] Local Code Action differs from Replay!
     -> Replay Action: turn left (now right)
     -> Local Code   : go(1)
--------------------------------------------------------------------------------
Frame 43 | Star: [11,11] | Map: classic
[State] XDB   : Pos=[13,8] Dir=right | CD=0 | Status=[Normal]
        ByteStorm : Pos=[4,13] Dir=up    | CD=0 | Status=[Normal] (Visible: true)
[Replay Actions]
  鈿旓笍 ByteStorm: turn right (now up)
  馃洝锔?XDB   : move to [13,8]
[Local Simulation Evaluation]
  Chosen Target: {"action":"move","target":[11,11],"score":1545,"type":"star"}
  Path NextStep: [14,8] -> Need Turn/Move Dir: right
  馃 Local Code Action: go(1)
  鈿狅笍 [Diverged] Local Code Action differs from Replay!
     -> Replay Action: move to [13,8]
     -> Local Code   : go(1)
--------------------------------------------------------------------------------
Frame 44 | Star: [11,11] | Map: classic
[State] XDB   : Pos=[14,8] Dir=right | CD=0 | Status=[Normal]
        ByteStorm : Pos=[4,12] Dir=up    | CD=0 | Status=[Normal] (Visible: true)
[Replay Actions]
  鈿旓笍 ByteStorm: move to [4,12]
  馃洝锔?XDB   : move to [14,8]
[Local Simulation Evaluation]
  Chosen Target: {"action":"move","target":[11,11],"score":1544,"type":"star"}
  Path NextStep: [15,8] -> Need Turn/Move Dir: right
  馃 Local Code Action: go(1)
  鈿狅笍 [Diverged] Local Code Action differs from Replay!
     -> Replay Action: move to [14,8]
     -> Local Code   : go(1)
--------------------------------------------------------------------------------
Frame 45 | Star: [11,11] | Map: classic
[State] XDB   : Pos=[15,8] Dir=right | CD=0 | Status=[Normal]
        ByteStorm : Pos=[4,11] Dir=up    | CD=0 | Status=[Normal] (Visible: true)
[Replay Actions]
  鈿旓笍 ByteStorm: move to [4,11]
  馃洝锔?XDB   : move to [15,8]
[Local Simulation Evaluation]
  Chosen Target: {"action":"move","target":[11,11],"score":1543,"type":"star"}
  Path NextStep: [16,8] -> Need Turn/Move Dir: right
  馃 Local Code Action: go(1)
  鈿狅笍 [Diverged] Local Code Action differs from Replay!
     -> Replay Action: move to [15,8]
     -> Local Code   : go(1)
--------------------------------------------------------------------------------
Frame 46 | Star: [11,11] | Map: classic
[State] XDB   : Pos=[16,8] Dir=right | CD=0 | Status=[Normal]
        ByteStorm : Pos=[4,10] Dir=up    | CD=0 | Status=[Normal] (Visible: true)
[Replay Actions]
  鈿旓笍 ByteStorm: move to [4,10]
  馃洝锔?XDB   : move to [16,8]
[Local Simulation Evaluation]
  Chosen Target: {"action":"teleport","target":[10,11],"score":1800,"type":"star"}
  馃 Local Code Action: teleport(10, 11)
  鈿狅笍 [Diverged] Local Code Action differs from Replay!
     -> Replay Action: move to [16,8]
     -> Local Code   : teleport(10, 11)
--------------------------------------------------------------------------------
Frame 47 | Star: [11,11] | Map: classic
[State] XDB   : Pos=[10,11] Dir=right | CD=40 | Status=[fireLocked]
        ByteStorm : Pos=[4,10] Dir=right | CD=0 | Status=[Normal] (Visible: true)
[Replay Actions]
  鈿旓笍 ByteStorm: turn right (now right)
  馃洝锔?XDB   : teleported to [10,11]
[Local Simulation Evaluation]
  Chosen Target: {"action":"move","target":[10,11],"score":1300,"type":"star"}
  馃 Local Code Action: speak("浼犻€佸欢杩熺瓑寰?) | speak("浼犻€佸欢杩熺瓑寰?)
  鈿狅笍 [Diverged] Local Code Action differs from Replay!
     -> Replay Action: teleported to [10,11]
     -> Local Code   : speak("浼犻€佸欢杩熺瓑寰?) | speak("浼犻€佸欢杩熺瓑寰?)
--------------------------------------------------------------------------------
Frame 48 | Star: [11,11] | Map: classic
[State] XDB   : Pos=[10,11] Dir=right | CD=39 | Status=[fireLocked]
        ByteStorm : Pos=[5,10] Dir=right | CD=0 | Status=[Normal] (Visible: true)
[Replay Actions]
  鈿旓笍 ByteStorm: move to [5,10]
  馃洝锔?XDB   : stay still
[Local Simulation Evaluation]
  Chosen Target: {"action":"move","target":[11,11],"score":1549,"type":"star"}
  Path NextStep: [11,11] -> Need Turn/Move Dir: right
  馃 Local Code Action: go(1)
  鈿狅笍 [Diverged] Local Code Action differs from Replay!
     -> Replay Action: stay still
     -> Local Code   : go(1)
--------------------------------------------------------------------------------
Frame 49 | Star: null | Map: classic
[State] XDB   : Pos=[11,11] Dir=right | CD=38 | Status=[Normal]
        ByteStorm : Pos=[6,10] Dir=right | CD=0 | Status=[Normal] (Visible: true)
[Replay Actions]
  鈿旓笍 ByteStorm: move to [6,10]
  馃洝锔?XDB   : move to [11,11]
[Local Simulation Evaluation]
  Chosen Target: {"action":"move","target":[10,8],"score":760,"type":"survival"}
  Path NextStep: [10,11] -> Need Turn/Move Dir: left
  馃 Local Code Action: turn("right")
  鈿狅笍 [Diverged] Local Code Action differs from Replay!
     -> Replay Action: move to [11,11]
     -> Local Code   : turn("right")
--------------------------------------------------------------------------------
Frame 50 | Star: null | Map: classic
[State] XDB   : Pos=[11,11] Dir=down  | CD=37 | Status=[Normal]
        ByteStorm : Pos=[7,10] Dir=right | CD=0 | Status=[Normal] (Visible: true)
[Replay Actions]
  鈿旓笍 ByteStorm: move to [7,10]
  馃洝锔?XDB   : turn right (now down)
[Local Simulation Evaluation]
  Chosen Target: {"action":"move","target":[10,8],"score":760,"type":"survival"}
  Path NextStep: [11,12] -> Need Turn/Move Dir: down
  馃 Local Code Action: go(1)
  鈿狅笍 [Diverged] Local Code Action differs from Replay!
     -> Replay Action: turn right (now down)
     -> Local Code   : go(1)
--------------------------------------------------------------------------------
Frame 51 | Star: null | Map: classic
[State] XDB   : Pos=[11,12] Dir=down  | CD=36 | Status=[Normal]
        ByteStorm : Pos=[8,10] Dir=right | CD=0 | Status=[Normal] (Visible: true)
[Replay Actions]
  鈿旓笍 ByteStorm: move to [8,10]
  馃洝锔?XDB   : move to [11,12]
[Local Simulation Evaluation]
  Chosen Target: {"action":"move","target":[11,7],"score":750,"type":"survival"}
  Path NextStep: [11,13] -> Need Turn/Move Dir: down
  馃 Local Code Action: stay still
  鈿狅笍 [Diverged] Local Code Action differs from Replay!
     -> Replay Action: move to [11,12]
     -> Local Code   : stay still
--------------------------------------------------------------------------------
Frame 52 | Star: null | Map: classic
[State] XDB   : Pos=[11,12] Dir=down  | CD=35 | Status=[Normal]
        ByteStorm : Pos=[8,10] Dir=down  | CD=0 | Status=[Normal] (Visible: true)
[Replay Actions]
  鈿旓笍 ByteStorm: turn right (now down)
  馃洝锔?XDB   : stay still
[Local Simulation Evaluation]
  Chosen Target: {"action":"move","target":[11,7],"score":750,"type":"survival"}
  Path NextStep: [12,12] -> Need Turn/Move Dir: right
  馃 Local Code Action: turn("left")
  鈿狅笍 [Diverged] Local Code Action differs from Replay!
     -> Replay Action: stay still
     -> Local Code   : turn("left")
--------------------------------------------------------------------------------
Frame 53 | Star: null | Map: classic
[State] XDB   : Pos=[11,12] Dir=right | CD=34 | Status=[Normal]
        ByteStorm : Pos=[8,11] Dir=down  | CD=0 | Status=[Normal] (Visible: true)
[Replay Actions]
  鈿旓笍 ByteStorm: move to [8,11]
  馃洝锔?XDB   : turn left (now right)
[Local Simulation Evaluation]
  Chosen Target: {"action":"move","target":[11,7],"score":1550,"type":"survival"}
  Path NextStep: [12,12] -> Need Turn/Move Dir: right
  馃 Local Code Action: go(1)
  鈿狅笍 [Diverged] Local Code Action differs from Replay!
     -> Replay Action: turn left (now right)
     -> Local Code   : go(1)
--------------------------------------------------------------------------------
Frame 54 | Star: null | Map: classic
[State] XDB   : Pos=[12,12] Dir=right | CD=33 | Status=[Normal]
        ByteStorm : Pos=[8,12] Dir=down  | CD=0 | Status=[Normal] (Visible: true)
[Replay Actions]
  鈿旓笍 ByteStorm: move to [8,12]
  馃洝锔?XDB   : move to [12,12]
[Local Simulation Evaluation]
  Chosen Target: {"action":"move","target":[12,8],"score":1560,"type":"survival"}
  Path NextStep: [13,12] -> Need Turn/Move Dir: right
  馃 Local Code Action: go(1)
  鈿狅笍 [Diverged] Local Code Action differs from Replay!
     -> Replay Action: move to [12,12]
     -> Local Code   : go(1)
--------------------------------------------------------------------------------
Frame 55 | Star: null | Map: classic
[State] XDB   : Pos=[13,12] Dir=right | CD=32 | Status=[Normal]
        ByteStorm : Pos=[8,13] Dir=down  | CD=0 | Status=[Normal] (Visible: true)
[Replay Actions]
  鈿旓笍 ByteStorm: move to [8,13]
  馃洝锔?XDB   : move to [13,12]
[Local Simulation Evaluation]
  Chosen Target: {"action":"move","target":[15,13],"score":1570,"type":"survival"}
  Path NextStep: [14,12] -> Need Turn/Move Dir: right
  馃 Local Code Action: go(1)
  鈿狅笍 [Diverged] Local Code Action differs from Replay!
     -> Replay Action: move to [13,12]
     -> Local Code   : go(1)
--------------------------------------------------------------------------------
Frame 56 | Star: null | Map: classic
[State] XDB   : Pos=[14,12] Dir=right | CD=31 | Status=[Normal]
        ByteStorm : Pos=[8,13] Dir=right | CD=0 | Status=[Normal] (Visible: true)
[Replay Actions]
  鈿旓笍 ByteStorm: turn left (now right)
  馃洝锔?XDB   : move to [14,12]
[Local Simulation Evaluation]
  Chosen Target: {"action":"move","target":[15,13],"score":1580,"type":"survival"}
  Path NextStep: [14,13] -> Need Turn/Move Dir: down
  馃 Local Code Action: turn("right")
  鈿狅笍 [Diverged] Local Code Action differs from Replay!
     -> Replay Action: move to [14,12]
     -> Local Code   : turn("right")
--------------------------------------------------------------------------------
Frame 57 | Star: null | Map: classic
[State] XDB   : Pos=[14,12] Dir=down  | CD=30 | Status=[Normal]
        ByteStorm : Pos=[9,13] Dir=right | CD=0 | Status=[Normal] (Visible: true)
[Replay Actions]
  鈿旓笍 ByteStorm: move to [9,13]
  馃洝锔?XDB   : turn right (now down)
[Local Simulation Evaluation]
  Chosen Target: {"action":"move","target":[17,12],"score":1570,"type":"survival"}
  Path NextStep: [14,13] -> Need Turn/Move Dir: down
  馃 Local Code Action: speak("杩戣窛鍗遍櫓")
  鈿狅笍 [Diverged] Local Code Action differs from Replay!
     -> Replay Action: turn right (now down)
     -> Local Code   : speak("杩戣窛鍗遍櫓")
--------------------------------------------------------------------------------
Frame 58 | Star: null | Map: classic
[State] XDB   : Pos=[14,12] Dir=down  | CD=29 | Status=[Normal]
        ByteStorm : Pos=[10,13] Dir=right | CD=0 | Status=[Normal] (Visible: true)
[Replay Actions]
  鈿旓笍 ByteStorm: move to [10,13]
  馃洝锔?XDB   : stay still
[Local Simulation Evaluation]
  Chosen Target: {"action":"move","target":[17,12],"score":1570,"type":"survival"}
  Path NextStep: [14,13] -> Need Turn/Move Dir: down
  馃 Local Code Action: speak("杩戣窛鍗遍櫓")
  鈿狅笍 [Diverged] Local Code Action differs from Replay!
     -> Replay Action: stay still
     -> Local Code   : speak("杩戣窛鍗遍櫓")
--------------------------------------------------------------------------------
Frame 59 | Star: [2,7] | Map: classic
[State] XDB   : Pos=[14,12] Dir=down  | CD=28 | Status=[Normal]
        ByteStorm : Pos=[11,13] Dir=right | CD=0 | Status=[Normal] (Visible: true)
[Replay Actions]
  鈿旓笍 ByteStorm: move to [11,13]
  馃洝锔?XDB   : stay still
[Local Simulation Evaluation]
  Chosen Target: {"action":"move","target":[2,7],"score":1383,"type":"star"}
  Path NextStep: [14,11] -> Need Turn/Move Dir: up
  馃 Local Code Action: turn("right")
  鈿狅笍 [Diverged] Local Code Action differs from Replay!
     -> Replay Action: stay still
     -> Local Code   : turn("right")
--------------------------------------------------------------------------------
Frame 60 | Star: [2,7] | Map: classic
[State] XDB   : Pos=[14,12] Dir=left  | CD=27 | Status=[Normal]
        ByteStorm : Pos=[12,13] Dir=right | CD=0 | Status=[Normal] (Visible: true)
[Replay Actions]
  鈿旓笍 ByteStorm: move to [12,13]
  馃洝锔?XDB   : turn right (now left)
[Local Simulation Evaluation]
  Chosen Target: {"action":"move","target":[2,7],"score":1533,"type":"star"}
  Path NextStep: [14,11] -> Need Turn/Move Dir: up
  馃 Local Code Action: turn("right")
  鈿狅笍 [Diverged] Local Code Action differs from Replay!
     -> Replay Action: turn right (now left)
     -> Local Code   : turn("right")
--------------------------------------------------------------------------------
Frame 61 | Star: [2,7] | Map: classic
[State] XDB   : Pos=[14,12] Dir=up    | CD=26 | Status=[Normal]
        ByteStorm : Pos=[12,13] Dir=up    | CD=0 | Status=[Normal] (Visible: true)
[Replay Actions]
  鈿旓笍 ByteStorm: turn left (now up)
  馃洝锔?XDB   : turn right (now up)
[Local Simulation Evaluation]
  Chosen Target: {"action":"move","target":[2,7],"score":1533,"type":"star"}
  Path NextStep: [14,11] -> Need Turn/Move Dir: up
  馃 Local Code Action: go(1)
  鈿狅笍 [Diverged] Local Code Action differs from Replay!
     -> Replay Action: turn right (now up)
     -> Local Code   : go(1)
--------------------------------------------------------------------------------
Frame 62 | Star: [2,7] | Map: classic
[State] XDB   : Pos=[14,11] Dir=up    | CD=25 | Status=[Normal]
        ByteStorm : Pos=[12,13] Dir=right | CD=0 | Status=[Normal] (Visible: true)
[Replay Actions]
  鈿旓笍 ByteStorm: turn right (now right)
  馃洝锔?XDB   : move to [14,11]
[Local Simulation Evaluation]
  Chosen Target: {"action":"move","target":[2,7],"score":1534,"type":"star"}
  Path NextStep: [14,10] -> Need Turn/Move Dir: up
  馃 Local Code Action: go(1)
  鈿狅笍 [Diverged] Local Code Action differs from Replay!
     -> Replay Action: move to [14,11]
     -> Local Code   : go(1)
--------------------------------------------------------------------------------
Frame 63 | Star: [2,7] | Map: classic
[State] XDB   : Pos=[14,10] Dir=up    | CD=24 | Status=[Normal]
        ByteStorm : Pos=[13,13] Dir=right | CD=0 | Status=[Normal] (Visible: true)
[Replay Actions]
  鈿旓笍 ByteStorm: move to [13,13]
  馃洝锔?XDB   : move to [14,10]
[Local Simulation Evaluation]
  Chosen Target: {"action":"move","target":[2,7],"score":1535,"type":"star"}
  Path NextStep: [15,10] -> Need Turn/Move Dir: right
  馃 Local Code Action: turn("right")
  鈿狅笍 [Diverged] Local Code Action differs from Replay!
     -> Replay Action: move to [14,10]
     -> Local Code   : turn("right")
--------------------------------------------------------------------------------
Frame 64 | Star: [2,7] | Map: classic
[State] XDB   : Pos=[14,10] Dir=right | CD=23 | Status=[Normal]
        ByteStorm : Pos=[13,13] Dir=up    | CD=0 | Status=[Normal] (Visible: true)
[Replay Actions]
  鈿旓笍 ByteStorm: turn left (now up)
  馃洝锔?XDB   : turn right (now right)
[Local Simulation Evaluation]
  Chosen Target: {"action":"move","target":[2,7],"score":1535,"type":"star"}
  Path NextStep: [15,10] -> Need Turn/Move Dir: right
  馃 Local Code Action: go(1)
  鈿狅笍 [Diverged] Local Code Action differs from Replay!
     -> Replay Action: turn right (now right)
     -> Local Code   : go(1)
--------------------------------------------------------------------------------
Frame 65 | Star: [2,7] | Map: classic
[State] XDB   : Pos=[14,10] Dir=down  | CD=22 | Status=[Normal]
        ByteStorm : Pos=[13,13] Dir=up    | CD=32 | Status=[overloaded] (Visible: true)
[Replay Actions]
  鈿旓笍 ByteStorm: stay still
  馃洝锔?XDB   : turn right (now down)
[Local Simulation Evaluation]
  Chosen Target: {"action":"move","target":[2,7],"score":1535,"type":"star"}
  Path NextStep: [15,10] -> Need Turn/Move Dir: right
  馃 Local Code Action: turn("left")
  鈿狅笍 [Diverged] Local Code Action differs from Replay!
     -> Replay Action: turn right (now down)
     -> Local Code   : turn("left")
--------------------------------------------------------------------------------
Frame 66 | Star: [2,7] | Map: classic
[State] XDB   : Pos=[14,10] Dir=left  | CD=21 | Status=[Normal]
        ByteStorm : Pos=[13,13] Dir=up    | CD=31 | Status=[Normal] (Visible: true)
[Replay Actions]
  鈿旓笍 ByteStorm: stay still
  馃洝锔?XDB   : turn right (now left)
[Local Simulation Evaluation]
  Chosen Target: {"action":"move","target":[2,7],"score":1535,"type":"star"}
  Path NextStep: [15,10] -> Need Turn/Move Dir: right
  馃 Local Code Action: turn("left")
  鈿狅笍 [Diverged] Local Code Action differs from Replay!
     -> Replay Action: turn right (now left)
     -> Local Code   : turn("left")
--------------------------------------------------------------------------------
Frame 67 | Star: [2,7] | Map: classic
[State] XDB   : Pos=[14,10] Dir=down  | CD=20 | Status=[Normal]
        ByteStorm : Pos=[13,12] Dir=up    | CD=30 | Status=[Normal] (Visible: true)
[Replay Actions]
  鈿旓笍 ByteStorm: move to [13,12]
  馃洝锔?XDB   : CRASHED
[Local Simulation Evaluation]
  Chosen Target: {"action":"move","target":[2,7],"score":1535,"type":"star"}
  Path NextStep: [15,10] -> Need Turn/Move Dir: right
  馃 Local Code Action: turn("left")
  鈿狅笍 [Diverged] Local Code Action differs from Replay!
     -> Replay Action: CRASHED
     -> Local Code   : turn("left")
================================================================================
