
=================== Simulation Config ===================
  My Tank (XDB) ID : fa7230ab (Index: 0)
  Enemy (Wraith) ID : dda18606 (Index: 1)
=========================================================

--------------------------------------------------------------------------------
Frame 1 | Star: [6,9] | Map: random
[State] XDB   : Pos=[6,10] Dir=up    | CD=40 | Status=[fireLocked]
        Wraith : Pos=[16,12] Dir=left  | CD=0 | Status=[Normal] (Visible: true)
[Replay Actions]
  鈿旓笍 Wraith: turn right (now left)
  馃洝锔?XDB   : teleported to [6,10]
[Local Simulation Evaluation]
  Chosen Target: {"action":"move","target":[6,9],"score":1799,"type":"star"}
  Path NextStep: [6,9] -> Need Turn/Move Dir: up
  馃 Local Code Action: go(1)
  鈿狅笍 [Diverged] Local Code Action differs from Replay!
     -> Replay Action: teleported to [6,10]
     -> Local Code   : go(1)
--------------------------------------------------------------------------------
Frame 2 | Star: [6,9] | Map: random
[State] XDB   : Pos=[6,10] Dir=up    | CD=39 | Status=[fireLocked]
        Wraith : Pos=[16,12] Dir=up    | CD=0 | Status=[Normal] (Visible: true)
[Replay Actions]
  鈿旓笍 Wraith: turn right (now up)
  馃洝锔?XDB   : stay still
[Local Simulation Evaluation]
  Chosen Target: {"action":"move","target":[6,9],"score":1949,"type":"star"}
  Path NextStep: [6,9] -> Need Turn/Move Dir: up
  馃 Local Code Action: go(1)
  鈿狅笍 [Diverged] Local Code Action differs from Replay!
     -> Replay Action: stay still
     -> Local Code   : go(1)
--------------------------------------------------------------------------------
Frame 3 | Star: [6,9] | Map: random
[State] XDB   : Pos=[6,10] Dir=right | CD=38 | Status=[Normal]
        Wraith : Pos=[16,11] Dir=up    | CD=0 | Status=[Normal] (Visible: true)
[Replay Actions]
  鈿旓笍 Wraith: move to [16,11]
  馃洝锔?XDB   : turn right (now right)
[Local Simulation Evaluation]
  Chosen Target: {"action":"move","target":[6,9],"score":1949,"type":"star"}
  Path NextStep: [6,9] -> Need Turn/Move Dir: up
  馃 Local Code Action: turn("left")
  鈿狅笍 [Diverged] Local Code Action differs from Replay!
     -> Replay Action: turn right (now right)
     -> Local Code   : turn("left")
--------------------------------------------------------------------------------
Frame 4 | Star: [6,9] | Map: random
[State] XDB   : Pos=[6,10] Dir=right | CD=37 | Status=[Normal]
        Wraith : Pos=[16,11] Dir=left  | CD=0 | Status=[Normal] (Visible: true)
[Replay Actions]
  鈿旓笍 Wraith: turn left (now left)
  馃洝锔?XDB   : stay still
[Local Simulation Evaluation]
  Chosen Target: {"action":"move","target":[6,9],"score":1949,"type":"star"}
  Path NextStep: [6,9] -> Need Turn/Move Dir: up
  馃 Local Code Action: turn("left")
  鈿狅笍 [Diverged] Local Code Action differs from Replay!
     -> Replay Action: stay still
     -> Local Code   : turn("left")
--------------------------------------------------------------------------------
Frame 5 | Star: [6,9] | Map: random
[State] XDB   : Pos=[6,10] Dir=up    | CD=36 | Status=[Normal]
        Wraith : Pos=[15,11] Dir=left  | CD=0 | Status=[Normal] (Visible: true)
[Replay Actions]
  鈿旓笍 Wraith: move to [15,11]
  馃洝锔?XDB   : turn left (now up)
[Local Simulation Evaluation]
  Chosen Target: {"action":"move","target":[6,9],"score":1949,"type":"star"}
  Path NextStep: [6,9] -> Need Turn/Move Dir: up
  馃 Local Code Action: go(1)
  鈿狅笍 [Diverged] Local Code Action differs from Replay!
     -> Replay Action: turn left (now up)
     -> Local Code   : go(1)
--------------------------------------------------------------------------------
Frame 6 | Star: null | Map: random
[State] XDB   : Pos=[6,9] Dir=up    | CD=35 | Status=[Normal]
        Wraith : Pos=[14,11] Dir=left  | CD=0 | Status=[Normal] (Visible: true)
[Replay Actions]
  鈿旓笍 Wraith: move to [14,11]
  馃洝锔?XDB   : move to [6,9]
[Local Simulation Evaluation]
  Chosen Target: {"action":"move","target":[6,13],"score":760,"type":"survival"}
  Path NextStep: [5,9] -> Need Turn/Move Dir: left
  馃 Local Code Action: turn("left")
  鈿狅笍 [Diverged] Local Code Action differs from Replay!
     -> Replay Action: move to [6,9]
     -> Local Code   : turn("left")
--------------------------------------------------------------------------------
Frame 7 | Star: null | Map: random
[State] XDB   : Pos=[6,9] Dir=left  | CD=34 | Status=[Normal]
        Wraith : Pos=[13,11] Dir=left  | CD=0 | Status=[Normal] (Visible: true)
[Replay Actions]
  鈿旓笍 Wraith: move to [13,11]
  馃洝锔?XDB   : turn left (now left)
[Local Simulation Evaluation]
  Chosen Target: {"action":"move","target":[6,13],"score":1560,"type":"survival"}
  Path NextStep: [5,9] -> Need Turn/Move Dir: left
  馃 Local Code Action: go(1)
  鈿狅笍 [Diverged] Local Code Action differs from Replay!
     -> Replay Action: turn left (now left)
     -> Local Code   : go(1)
--------------------------------------------------------------------------------
Frame 8 | Star: null | Map: random
[State] XDB   : Pos=[5,9] Dir=left  | CD=33 | Status=[Normal]
        Wraith : Pos=[12,11] Dir=left  | CD=0 | Status=[Normal] (Visible: true)
[Replay Actions]
  鈿旓笍 Wraith: move to [12,11]
  馃洝锔?XDB   : move to [5,9]
[Local Simulation Evaluation]
  Chosen Target: {"action":"move","target":[2,7],"score":1550,"type":"survival"}
  Path NextStep: [4,9] -> Need Turn/Move Dir: left
  馃 Local Code Action: go(1)
  鈿狅笍 [Diverged] Local Code Action differs from Replay!
     -> Replay Action: move to [5,9]
     -> Local Code   : go(1)
--------------------------------------------------------------------------------
Frame 9 | Star: null | Map: random
[State] XDB   : Pos=[4,9] Dir=left  | CD=32 | Status=[Normal]
        Wraith : Pos=[11,11] Dir=left  | CD=0 | Status=[Normal] (Visible: true)
[Replay Actions]
  鈿旓笍 Wraith: move to [11,11]
  馃洝锔?XDB   : move to [4,9]
[Local Simulation Evaluation]
  Chosen Target: {"action":"move","target":[2,7],"score":1560,"type":"survival"}
  Path NextStep: [3,9] -> Need Turn/Move Dir: left
  馃 Local Code Action: go(1)
  鈿狅笍 [Diverged] Local Code Action differs from Replay!
     -> Replay Action: move to [4,9]
     -> Local Code   : go(1)
--------------------------------------------------------------------------------
Frame 10 | Star: null | Map: random
[State] XDB   : Pos=[3,9] Dir=left  | CD=31 | Status=[Normal]
        Wraith : Pos=[11,11] Dir=left  | CD=35 | Status=[cloaked] (Visible: false)
[Replay Actions]
  鈿旓笍 Wraith: stay still
  馃洝锔?XDB   : move to [3,9]
[Local Simulation Evaluation]
  Chosen Target: {"action":"move","target":[2,7],"score":1570,"type":"survival"}
  Path NextStep: [2,9] -> Need Turn/Move Dir: left
  馃 Local Code Action: go(1)
  鈿狅笍 [Diverged] Local Code Action differs from Replay!
     -> Replay Action: move to [3,9]
     -> Local Code   : go(1)
--------------------------------------------------------------------------------
Frame 11 | Star: null | Map: random
[State] XDB   : Pos=[2,9] Dir=left  | CD=30 | Status=[Normal]
        Wraith : Pos=[10,11] Dir=left  | CD=34 | Status=[cloaked] (Visible: false)
[Replay Actions]
  鈿旓笍 Wraith: move to [10,11]
  馃洝锔?XDB   : move to [2,9]
[Local Simulation Evaluation]
  Chosen Target: {"action":"move","target":[2,7],"score":1580,"type":"survival"}
  Path NextStep: [2,8] -> Need Turn/Move Dir: up
  馃 Local Code Action: turn("right")
  鈿狅笍 [Diverged] Local Code Action differs from Replay!
     -> Replay Action: move to [2,9]
     -> Local Code   : turn("right")
--------------------------------------------------------------------------------
Frame 12 | Star: null | Map: random
[State] XDB   : Pos=[2,9] Dir=up    | CD=29 | Status=[Normal]
        Wraith : Pos=[9,11] Dir=left  | CD=33 | Status=[cloaked] (Visible: false)
[Replay Actions]
  鈿旓笍 Wraith: move to [9,11]
  馃洝锔?XDB   : turn right (now up)
[Local Simulation Evaluation]
  Chosen Target: {"action":"move","target":[2,7],"score":1580,"type":"survival"}
  Path NextStep: [2,8] -> Need Turn/Move Dir: up
  馃 Local Code Action: go(1)
  鈿狅笍 [Diverged] Local Code Action differs from Replay!
     -> Replay Action: turn right (now up)
     -> Local Code   : go(1)
--------------------------------------------------------------------------------
Frame 13 | Star: null | Map: random
[State] XDB   : Pos=[2,8] Dir=up    | CD=28 | Status=[Normal]
        Wraith : Pos=[8,11] Dir=left  | CD=32 | Status=[cloaked] (Visible: false)
[Replay Actions]
  鈿旓笍 Wraith: move to [8,11]
  馃洝锔?XDB   : move to [2,8]
[Local Simulation Evaluation]
  Chosen Target: {"action":"move","target":[2,7],"score":1590,"type":"survival"}
  Path NextStep: [2,7] -> Need Turn/Move Dir: up
  馃 Local Code Action: go(1)
  鈿狅笍 [Diverged] Local Code Action differs from Replay!
     -> Replay Action: move to [2,8]
     -> Local Code   : go(1)
--------------------------------------------------------------------------------
Frame 14 | Star: null | Map: random
[State] XDB   : Pos=[2,7] Dir=up    | CD=27 | Status=[Normal]
        Wraith : Pos=[7,11] Dir=left  | CD=31 | Status=[cloaked] (Visible: false)
[Replay Actions]
  鈿旓笍 Wraith: move to [7,11]
  馃洝锔?XDB   : move to [2,7]
[Local Simulation Evaluation]
  Chosen Target: {"action":"move","target":[2,7],"score":300,"type":"survival"}
  馃 Local Code Action: stay still
  鈿狅笍 [Diverged] Local Code Action differs from Replay!
     -> Replay Action: move to [2,7]
     -> Local Code   : stay still
--------------------------------------------------------------------------------
Frame 15 | Star: null | Map: random
[State] XDB   : Pos=[2,7] Dir=up    | CD=26 | Status=[Normal]
        Wraith : Pos=[6,11] Dir=left  | CD=30 | Status=[cloaked] (Visible: false)
[Replay Actions]
  鈿旓笍 Wraith: move to [6,11]
  馃洝锔?XDB   : stay still
[Local Simulation Evaluation]
  Chosen Target: {"action":"move","target":[2,7],"score":300,"type":"survival"}
  馃 Local Code Action: stay still
--------------------------------------------------------------------------------
Frame 16 | Star: [14,4] | Map: random
[State] XDB   : Pos=[2,7] Dir=up    | CD=25 | Status=[Normal]
        Wraith : Pos=[6,11] Dir=left  | CD=29 | Status=[Normal] (Visible: false)
[Replay Actions]
  鈿旓笍 Wraith: stay still
  馃洝锔?XDB   : stay still
[Local Simulation Evaluation]
  Chosen Target: {"action":"move","target":[2,7],"score":300,"type":"survival"}
  馃 Local Code Action: stay still
--------------------------------------------------------------------------------
Frame 17 | Star: [14,4] | Map: random
[State] XDB   : Pos=[2,7] Dir=up    | CD=24 | Status=[Normal]
        Wraith : Pos=[6,11] Dir=left  | CD=28 | Status=[Normal] (Visible: false)
[Replay Actions]
  鈿旓笍 Wraith: stay still
  馃洝锔?XDB   : stay still
[Local Simulation Evaluation]
  Chosen Target: {"action":"move","target":[2,7],"score":300,"type":"survival"}
  馃 Local Code Action: stay still
--------------------------------------------------------------------------------
Frame 18 | Star: [14,4] | Map: random
[State] XDB   : Pos=[2,7] Dir=up    | CD=23 | Status=[Normal]
        Wraith : Pos=[6,11] Dir=left  | CD=27 | Status=[Normal] (Visible: false)
[Replay Actions]
  鈿旓笍 Wraith: stay still
  馃洝锔?XDB   : stay still
[Local Simulation Evaluation]
  Chosen Target: {"action":"move","target":[2,7],"score":300,"type":"survival"}
  馃 Local Code Action: stay still
--------------------------------------------------------------------------------
Frame 19 | Star: [14,4] | Map: random
[State] XDB   : Pos=[2,7] Dir=up    | CD=22 | Status=[Normal]
        Wraith : Pos=[6,11] Dir=left  | CD=26 | Status=[Normal] (Visible: false)
[Replay Actions]
  鈿旓笍 Wraith: stay still
  馃洝锔?XDB   : stay still
[Local Simulation Evaluation]
  Chosen Target: {"action":"move","target":[2,7],"score":300,"type":"survival"}
  馃 Local Code Action: stay still
--------------------------------------------------------------------------------
Frame 20 | Star: [14,4] | Map: random
[State] XDB   : Pos=[2,7] Dir=up    | CD=21 | Status=[Normal]
        Wraith : Pos=[6,11] Dir=left  | CD=25 | Status=[Normal] (Visible: false)
[Replay Actions]
  鈿旓笍 Wraith: stay still
  馃洝锔?XDB   : stay still
[Local Simulation Evaluation]
  Chosen Target: {"action":"move","target":[2,7],"score":300,"type":"survival"}
  馃 Local Code Action: stay still
--------------------------------------------------------------------------------
Frame 21 | Star: [14,4] | Map: random
[State] XDB   : Pos=[2,7] Dir=up    | CD=20 | Status=[Normal]
        Wraith : Pos=[6,11] Dir=left  | CD=24 | Status=[Normal] (Visible: false)
[Replay Actions]
  鈿旓笍 Wraith: stay still
  馃洝锔?XDB   : stay still
[Local Simulation Evaluation]
  Chosen Target: {"action":"move","target":[2,7],"score":300,"type":"survival"}
  馃 Local Code Action: stay still
--------------------------------------------------------------------------------
Frame 22 | Star: [14,4] | Map: random
[State] XDB   : Pos=[2,7] Dir=up    | CD=19 | Status=[Normal]
        Wraith : Pos=[6,11] Dir=left  | CD=23 | Status=[Normal] (Visible: false)
[Replay Actions]
  鈿旓笍 Wraith: stay still
  馃洝锔?XDB   : stay still
[Local Simulation Evaluation]
  Chosen Target: {"action":"move","target":[2,7],"score":300,"type":"survival"}
  馃 Local Code Action: stay still
--------------------------------------------------------------------------------
Frame 23 | Star: [14,4] | Map: random
[State] XDB   : Pos=[2,7] Dir=up    | CD=18 | Status=[Normal]
        Wraith : Pos=[6,11] Dir=left  | CD=22 | Status=[Normal] (Visible: false)
[Replay Actions]
  鈿旓笍 Wraith: stay still
  馃洝锔?XDB   : stay still
[Local Simulation Evaluation]
  Chosen Target: {"action":"move","target":[2,7],"score":300,"type":"survival"}
  馃 Local Code Action: stay still
--------------------------------------------------------------------------------
Frame 24 | Star: [14,4] | Map: random
[State] XDB   : Pos=[2,7] Dir=up    | CD=17 | Status=[Normal]
        Wraith : Pos=[6,11] Dir=left  | CD=21 | Status=[Normal] (Visible: false)
[Replay Actions]
  鈿旓笍 Wraith: stay still
  馃洝锔?XDB   : stay still
[Local Simulation Evaluation]
  Chosen Target: {"action":"move","target":[2,7],"score":300,"type":"survival"}
  馃 Local Code Action: stay still
--------------------------------------------------------------------------------
Frame 25 | Star: [14,4] | Map: random
[State] XDB   : Pos=[2,7] Dir=up    | CD=16 | Status=[Normal]
        Wraith : Pos=[6,11] Dir=left  | CD=20 | Status=[Normal] (Visible: false)
[Replay Actions]
  鈿旓笍 Wraith: stay still
  馃洝锔?XDB   : stay still
[Local Simulation Evaluation]
  Chosen Target: {"action":"move","target":[2,7],"score":300,"type":"survival"}
  馃 Local Code Action: stay still
--------------------------------------------------------------------------------
Frame 26 | Star: [14,4] | Map: random
[State] XDB   : Pos=[2,7] Dir=up    | CD=15 | Status=[Normal]
        Wraith : Pos=[6,11] Dir=left  | CD=19 | Status=[Normal] (Visible: false)
[Replay Actions]
  鈿旓笍 Wraith: stay still
  馃洝锔?XDB   : stay still
[Local Simulation Evaluation]
  Chosen Target: {"action":"move","target":[2,7],"score":300,"type":"survival"}
  馃 Local Code Action: stay still
--------------------------------------------------------------------------------
Frame 27 | Star: [14,4] | Map: random
[State] XDB   : Pos=[2,7] Dir=up    | CD=14 | Status=[Normal]
        Wraith : Pos=[6,11] Dir=left  | CD=18 | Status=[Normal] (Visible: false)
[Replay Actions]
  鈿旓笍 Wraith: stay still
  馃洝锔?XDB   : stay still
[Local Simulation Evaluation]
  Chosen Target: {"action":"move","target":[2,7],"score":300,"type":"survival"}
  馃 Local Code Action: stay still
--------------------------------------------------------------------------------
Frame 28 | Star: [14,4] | Map: random
[State] XDB   : Pos=[2,7] Dir=up    | CD=13 | Status=[Normal]
        Wraith : Pos=[6,11] Dir=left  | CD=17 | Status=[Normal] (Visible: false)
[Replay Actions]
  鈿旓笍 Wraith: stay still
  馃洝锔?XDB   : stay still
[Local Simulation Evaluation]
  Chosen Target: {"action":"move","target":[2,7],"score":300,"type":"survival"}
  馃 Local Code Action: stay still
--------------------------------------------------------------------------------
Frame 29 | Star: [14,4] | Map: random
[State] XDB   : Pos=[2,7] Dir=up    | CD=12 | Status=[Normal]
        Wraith : Pos=[6,11] Dir=left  | CD=16 | Status=[Normal] (Visible: false)
[Replay Actions]
  鈿旓笍 Wraith: stay still
  馃洝锔?XDB   : stay still
[Local Simulation Evaluation]
  Chosen Target: {"action":"move","target":[2,7],"score":300,"type":"survival"}
  馃 Local Code Action: stay still
--------------------------------------------------------------------------------
Frame 30 | Star: [14,4] | Map: random
[State] XDB   : Pos=[2,7] Dir=up    | CD=11 | Status=[Normal]
        Wraith : Pos=[6,11] Dir=left  | CD=15 | Status=[Normal] (Visible: false)
[Replay Actions]
  鈿旓笍 Wraith: stay still
  馃洝锔?XDB   : stay still
[Local Simulation Evaluation]
  Chosen Target: {"action":"move","target":[2,7],"score":300,"type":"survival"}
  馃 Local Code Action: stay still
--------------------------------------------------------------------------------
Frame 31 | Star: [14,4] | Map: random
[State] XDB   : Pos=[2,7] Dir=up    | CD=10 | Status=[Normal]
        Wraith : Pos=[6,11] Dir=left  | CD=14 | Status=[Normal] (Visible: false)
[Replay Actions]
  鈿旓笍 Wraith: stay still
  馃洝锔?XDB   : stay still
[Local Simulation Evaluation]
  Chosen Target: {"action":"move","target":[2,7],"score":300,"type":"survival"}
  馃 Local Code Action: stay still
--------------------------------------------------------------------------------
Frame 32 | Star: [14,4] | Map: random
[State] XDB   : Pos=[2,7] Dir=up    | CD=9 | Status=[Normal]
        Wraith : Pos=[6,11] Dir=left  | CD=13 | Status=[Normal] (Visible: false)
[Replay Actions]
  鈿旓笍 Wraith: stay still
  馃洝锔?XDB   : stay still
[Local Simulation Evaluation]
  Chosen Target: {"action":"move","target":[2,7],"score":300,"type":"survival"}
  馃 Local Code Action: stay still
--------------------------------------------------------------------------------
Frame 33 | Star: [14,4] | Map: random
[State] XDB   : Pos=[2,7] Dir=up    | CD=8 | Status=[Normal]
        Wraith : Pos=[6,11] Dir=left  | CD=12 | Status=[Normal] (Visible: false)
[Replay Actions]
  鈿旓笍 Wraith: stay still
  馃洝锔?XDB   : stay still
[Local Simulation Evaluation]
  Chosen Target: {"action":"move","target":[2,7],"score":300,"type":"survival"}
  馃 Local Code Action: stay still
--------------------------------------------------------------------------------
Frame 34 | Star: [14,4] | Map: random
[State] XDB   : Pos=[2,7] Dir=up    | CD=7 | Status=[Normal]
        Wraith : Pos=[6,11] Dir=left  | CD=11 | Status=[Normal] (Visible: false)
[Replay Actions]
  鈿旓笍 Wraith: stay still
  馃洝锔?XDB   : stay still
[Local Simulation Evaluation]
  Chosen Target: {"action":"move","target":[2,7],"score":300,"type":"survival"}
  馃 Local Code Action: stay still
--------------------------------------------------------------------------------
Frame 35 | Star: [14,4] | Map: random
[State] XDB   : Pos=[2,7] Dir=up    | CD=6 | Status=[Normal]
        Wraith : Pos=[6,11] Dir=left  | CD=10 | Status=[Normal] (Visible: false)
[Replay Actions]
  鈿旓笍 Wraith: stay still
  馃洝锔?XDB   : stay still
[Local Simulation Evaluation]
  Chosen Target: {"action":"move","target":[2,7],"score":300,"type":"survival"}
  馃 Local Code Action: stay still
--------------------------------------------------------------------------------
Frame 36 | Star: [14,4] | Map: random
[State] XDB   : Pos=[2,7] Dir=up    | CD=5 | Status=[Normal]
        Wraith : Pos=[6,11] Dir=left  | CD=9 | Status=[Normal] (Visible: false)
[Replay Actions]
  鈿旓笍 Wraith: stay still
  馃洝锔?XDB   : stay still
[Local Simulation Evaluation]
  Chosen Target: {"action":"move","target":[2,7],"score":300,"type":"survival"}
  馃 Local Code Action: stay still
--------------------------------------------------------------------------------
Frame 37 | Star: [14,4] | Map: random
[State] XDB   : Pos=[2,7] Dir=up    | CD=4 | Status=[Normal]
        Wraith : Pos=[6,11] Dir=left  | CD=8 | Status=[Normal] (Visible: false)
[Replay Actions]
  鈿旓笍 Wraith: stay still
  馃洝锔?XDB   : stay still
[Local Simulation Evaluation]
  Chosen Target: {"action":"move","target":[2,7],"score":300,"type":"survival"}
  馃 Local Code Action: stay still
--------------------------------------------------------------------------------
Frame 38 | Star: [14,4] | Map: random
[State] XDB   : Pos=[2,7] Dir=up    | CD=3 | Status=[Normal]
        Wraith : Pos=[6,11] Dir=left  | CD=7 | Status=[Normal] (Visible: false)
[Replay Actions]
  鈿旓笍 Wraith: stay still
  馃洝锔?XDB   : stay still
[Local Simulation Evaluation]
  Chosen Target: {"action":"move","target":[2,7],"score":300,"type":"survival"}
  馃 Local Code Action: stay still
--------------------------------------------------------------------------------
Frame 39 | Star: [14,4] | Map: random
[State] XDB   : Pos=[2,7] Dir=up    | CD=2 | Status=[Normal]
        Wraith : Pos=[6,11] Dir=left  | CD=6 | Status=[Normal] (Visible: false)
[Replay Actions]
  鈿旓笍 Wraith: stay still
  馃洝锔?XDB   : stay still
[Local Simulation Evaluation]
  Chosen Target: {"action":"move","target":[2,7],"score":300,"type":"survival"}
  馃 Local Code Action: stay still
--------------------------------------------------------------------------------
Frame 40 | Star: [14,4] | Map: random
[State] XDB   : Pos=[2,7] Dir=up    | CD=1 | Status=[Normal]
        Wraith : Pos=[6,11] Dir=left  | CD=5 | Status=[Normal] (Visible: false)
[Replay Actions]
  鈿旓笍 Wraith: stay still
  馃洝锔?XDB   : stay still
[Local Simulation Evaluation]
  Chosen Target: {"action":"move","target":[14,4],"score":1385,"type":"star"}
  Path NextStep: [2,6] -> Need Turn/Move Dir: up
  馃 Local Code Action: go(1)
  鈿狅笍 [Diverged] Local Code Action differs from Replay!
     -> Replay Action: stay still
     -> Local Code   : go(1)
--------------------------------------------------------------------------------
Frame 41 | Star: [14,4] | Map: random
[State] XDB   : Pos=[2,6] Dir=up    | CD=0 | Status=[Normal]
        Wraith : Pos=[6,11] Dir=left  | CD=4 | Status=[Normal] (Visible: false)
[Replay Actions]
  鈿旓笍 Wraith: stay still
  馃洝锔?XDB   : move to [2,6]
[Local Simulation Evaluation]
  Chosen Target: {"action":"teleport","target":[14,5],"score":1800,"type":"star"}
  馃 Local Code Action: teleport(14, 5)
  鈿狅笍 [Diverged] Local Code Action differs from Replay!
     -> Replay Action: move to [2,6]
     -> Local Code   : teleport(14, 5)
--------------------------------------------------------------------------------
Frame 42 | Star: [14,4] | Map: random
[State] XDB   : Pos=[14,5] Dir=up    | CD=40 | Status=[fireLocked]
        Wraith : Pos=[6,11] Dir=up    | CD=3 | Status=[Normal] (Visible: false)
[Replay Actions]
  鈿旓笍 Wraith: turn right (now up)
  馃洝锔?XDB   : teleported to [14,5]
[Local Simulation Evaluation]
  Chosen Target: {"action":"move","target":[14,5],"score":1300,"type":"star"}
  馃 Local Code Action: speak("浼犻€佸欢杩熺瓑寰?) | speak("浼犻€佸欢杩熺瓑寰?)
  鈿狅笍 [Diverged] Local Code Action differs from Replay!
     -> Replay Action: teleported to [14,5]
     -> Local Code   : speak("浼犻€佸欢杩熺瓑寰?) | speak("浼犻€佸欢杩熺瓑寰?)
--------------------------------------------------------------------------------
Frame 43 | Star: [14,4] | Map: random
[State] XDB   : Pos=[14,5] Dir=up    | CD=39 | Status=[fireLocked]
        Wraith : Pos=[6,10] Dir=up    | CD=2 | Status=[Normal] (Visible: true)
[Replay Actions]
  鈿旓笍 Wraith: move to [6,10]
  馃洝锔?XDB   : stay still
[Local Simulation Evaluation]
  Chosen Target: {"action":"move","target":[14,4],"score":1549,"type":"star"}
  Path NextStep: [14,4] -> Need Turn/Move Dir: up
  馃 Local Code Action: go(1)
  鈿狅笍 [Diverged] Local Code Action differs from Replay!
     -> Replay Action: stay still
     -> Local Code   : go(1)
--------------------------------------------------------------------------------
Frame 44 | Star: null | Map: random
[State] XDB   : Pos=[14,4] Dir=up    | CD=38 | Status=[Normal]
        Wraith : Pos=[6,9] Dir=up    | CD=1 | Status=[Normal] (Visible: true)
[Replay Actions]
  鈿旓笍 Wraith: move to [6,9]
  馃洝锔?XDB   : move to [14,4]
[Local Simulation Evaluation]
  Chosen Target: {"action":"turn","target":[13,4],"score":9850,"type":"pre_aim"}
  馃 Local Code Action: turn("left")
  鈿狅笍 [Diverged] Local Code Action differs from Replay!
     -> Replay Action: move to [14,4]
     -> Local Code   : turn("left")
--------------------------------------------------------------------------------
Frame 45 | Star: null | Map: random
[State] XDB   : Pos=[14,4] Dir=left  | CD=37 | Status=[Normal]
        Wraith : Pos=[6,8] Dir=up    | CD=0 | Status=[Normal] (Visible: true)
[Replay Actions]
  鈿旓笍 Wraith: move to [6,8]
  馃洝锔?XDB   : turn left (now left)
[Local Simulation Evaluation]
  Chosen Target: {"action":"move","target":[14,4],"score":9840,"type":"pre_aim"}
  馃 Local Code Action: stay still
  鈿狅笍 [Diverged] Local Code Action differs from Replay!
     -> Replay Action: turn left (now left)
     -> Local Code   : stay still
--------------------------------------------------------------------------------
Frame 46 | Star: null | Map: random
[State] XDB   : Pos=[14,4] Dir=left  | CD=36 | Status=[Normal]
        Wraith : Pos=[6,7] Dir=up    | CD=0 | Status=[Normal] (Visible: true)
[Replay Actions]
  鈿旓笍 Wraith: move to [6,7]
  馃洝锔?XDB   : stay still
[Local Simulation Evaluation]
  Chosen Target: {"action":"move","target":[14,4],"score":9840,"type":"pre_aim"}
  馃 Local Code Action: stay still
--------------------------------------------------------------------------------
Frame 47 | Star: null | Map: random
[State] XDB   : Pos=[14,4] Dir=left  | CD=35 | Status=[Normal]
        Wraith : Pos=[6,6] Dir=up    | CD=0 | Status=[Normal] (Visible: true)
[Replay Actions]
  鈿旓笍 Wraith: move to [6,6]
  馃洝锔?XDB   : stay still
[Local Simulation Evaluation]
  Chosen Target: {"action":"move","target":[14,4],"score":9840,"type":"pre_aim"}
  馃 Local Code Action: stay still
--------------------------------------------------------------------------------
Frame 48 | Star: null | Map: random
[State] XDB   : Pos=[14,4] Dir=left  | CD=34 | Status=[Normal]
        Wraith : Pos=[6,5] Dir=up    | CD=0 | Status=[Normal] (Visible: true)
[Replay Actions]
  鈿旓笍 Wraith: move to [6,5]
  馃洝锔?XDB   : stay still
[Local Simulation Evaluation]
  Chosen Target: {"action":"move","target":[14,4],"score":9840,"type":"pre_aim"}
  馃 Local Code Action: stay still
--------------------------------------------------------------------------------
Frame 49 | Star: null | Map: random
[State] XDB   : Pos=[14,4] Dir=left  | CD=33 | Status=[Normal]
        Wraith : Pos=[6,4] Dir=up    | CD=0 | Status=[Normal] (Visible: true)
[Replay Actions]
  鈿旓笍 Wraith: move to [6,4]
  馃洝锔?XDB   : stay still
[Local Simulation Evaluation]
  Chosen Target: {"action":"move","target":[12,3],"score":770,"type":"survival"}
  Path NextStep: [14,3] -> Need Turn/Move Dir: up
  馃 Local Code Action: fire()
  鈿狅笍 [Diverged] Local Code Action differs from Replay!
     -> Replay Action: stay still
     -> Local Code   : fire()
--------------------------------------------------------------------------------
Frame 50 | Star: null | Map: random
[State] XDB   : Pos=[14,4] Dir=left  | CD=32 | Status=[Normal]
        Wraith : Pos=[6,3] Dir=up    | CD=0 | Status=[Normal] (Visible: true)
[Replay Actions]
  鈿旓笍 Wraith: move to [6,3]
  馃洝锔?XDB   : stay still
[Local Simulation Evaluation]
  Chosen Target: {"action":"move","target":[12,3],"score":770,"type":"survival"}
  Path NextStep: [14,3] -> Need Turn/Move Dir: up
  馃 Local Code Action: turn("right")
  鈿狅笍 [Diverged] Local Code Action differs from Replay!
     -> Replay Action: stay still
     -> Local Code   : turn("right")
--------------------------------------------------------------------------------
Frame 51 | Star: null | Map: random
[State] XDB   : Pos=[13,4] Dir=left  | CD=31 | Status=[Normal]
        Wraith : Pos=[6,3] Dir=right | CD=0 | Status=[Normal] (Visible: true)
[Replay Actions]
  鈿旓笍 Wraith: turn right (now right)
  馃洝锔?XDB   : move to [13,4]
[Local Simulation Evaluation]
  Chosen Target: {"action":"move","target":[12,3],"score":1580,"type":"survival"}
  Path NextStep: [12,4] -> Need Turn/Move Dir: left
  馃 Local Code Action: go(1)
  鈿狅笍 [Diverged] Local Code Action differs from Replay!
     -> Replay Action: move to [13,4]
     -> Local Code   : go(1)
--------------------------------------------------------------------------------
Frame 52 | Star: null | Map: random
[State] XDB   : Pos=[12,4] Dir=left  | CD=30 | Status=[Normal]
        Wraith : Pos=[7,3] Dir=right | CD=0 | Status=[Normal] (Visible: true)
[Replay Actions]
  鈿旓笍 Wraith: move to [7,3]
  馃洝锔?XDB   : move to [12,4]
[Local Simulation Evaluation]
  Chosen Target: {"action":"move","target":[12,1],"score":1570,"type":"survival"}
  Path NextStep: [12,3] -> Need Turn/Move Dir: up
  馃 Local Code Action: turn("right")
  鈿狅笍 [Diverged] Local Code Action differs from Replay!
     -> Replay Action: move to [12,4]
     -> Local Code   : turn("right")
--------------------------------------------------------------------------------
Frame 53 | Star: null | Map: random
[State] XDB   : Pos=[12,4] Dir=up    | CD=29 | Status=[Normal]
        Wraith : Pos=[7,3] Dir=right | CD=35 | Status=[cloaked] (Visible: false)
[Replay Actions]
  鈿旓笍 Wraith: stay still
  馃洝锔?XDB   : turn right (now up)
[Local Simulation Evaluation]
  Chosen Target: {"action":"move","target":[12,1],"score":1570,"type":"survival"}
  Path NextStep: [13,4] -> Need Turn/Move Dir: right
  馃 Local Code Action: turn("right")
  鈿狅笍 [Diverged] Local Code Action differs from Replay!
     -> Replay Action: turn right (now up)
     -> Local Code   : turn("right")
--------------------------------------------------------------------------------
Frame 54 | Star: [5,11] | Map: random
[State] XDB   : Pos=[12,4] Dir=right | CD=28 | Status=[Normal]
        Wraith : Pos=[8,3] Dir=right | CD=34 | Status=[cloaked] (Visible: false)
[Replay Actions]
  鈿旓笍 Wraith: move to [8,3]
  馃洝锔?XDB   : turn right (now right)
[Local Simulation Evaluation]
  Chosen Target: {"action":"move","target":[5,11],"score":1386,"type":"star"}
  Path NextStep: [13,4] -> Need Turn/Move Dir: right
  馃 Local Code Action: go(1)
  鈿狅笍 [Diverged] Local Code Action differs from Replay!
     -> Replay Action: turn right (now right)
     -> Local Code   : go(1)
--------------------------------------------------------------------------------
Frame 55 | Star: [5,11] | Map: random
[State] XDB   : Pos=[13,4] Dir=right | CD=27 | Status=[Normal]
        Wraith : Pos=[9,3] Dir=right | CD=33 | Status=[cloaked] (Visible: false)
[Replay Actions]
  鈿旓笍 Wraith: move to [9,3]
  馃洝锔?XDB   : move to [13,4]
[Local Simulation Evaluation]
  Chosen Target: {"action":"move","target":[5,11],"score":1385,"type":"star"}
  Path NextStep: [14,4] -> Need Turn/Move Dir: right
  馃 Local Code Action: go(1)
  鈿狅笍 [Diverged] Local Code Action differs from Replay!
     -> Replay Action: move to [13,4]
     -> Local Code   : go(1)
--------------------------------------------------------------------------------
Frame 56 | Star: [5,11] | Map: random
[State] XDB   : Pos=[14,4] Dir=right | CD=26 | Status=[Normal]
        Wraith : Pos=[10,3] Dir=right | CD=32 | Status=[cloaked] (Visible: false)
[Replay Actions]
  鈿旓笍 Wraith: move to [10,3]
  馃洝锔?XDB   : move to [14,4]
[Local Simulation Evaluation]
  Chosen Target: {"action":"move","target":[5,11],"score":1534,"type":"star"}
  Path NextStep: [14,5] -> Need Turn/Move Dir: down
  馃 Local Code Action: turn("right")
  鈿狅笍 [Diverged] Local Code Action differs from Replay!
     -> Replay Action: move to [14,4]
     -> Local Code   : turn("right")
--------------------------------------------------------------------------------
Frame 57 | Star: [5,11] | Map: random
[State] XDB   : Pos=[14,4] Dir=down  | CD=25 | Status=[Normal]
        Wraith : Pos=[11,3] Dir=right | CD=31 | Status=[cloaked] (Visible: false)
[Replay Actions]
  鈿旓笍 Wraith: move to [11,3]
  馃洝锔?XDB   : turn right (now down)
[Local Simulation Evaluation]
  Chosen Target: {"action":"move","target":[5,11],"score":1534,"type":"star"}
  Path NextStep: [14,5] -> Need Turn/Move Dir: down
  馃 Local Code Action: go(1)
  鈿狅笍 [Diverged] Local Code Action differs from Replay!
     -> Replay Action: turn right (now down)
     -> Local Code   : go(1)
--------------------------------------------------------------------------------
Frame 58 | Star: [5,11] | Map: random
[State] XDB   : Pos=[14,5] Dir=down  | CD=24 | Status=[Normal]
        Wraith : Pos=[12,3] Dir=right | CD=30 | Status=[cloaked] (Visible: false)
[Replay Actions]
  鈿旓笍 Wraith: move to [12,3]
  馃洝锔?XDB   : move to [14,5]
[Local Simulation Evaluation]
  Chosen Target: {"action":"move","target":[5,11],"score":1535,"type":"star"}
  Path NextStep: [14,6] -> Need Turn/Move Dir: down
  馃 Local Code Action: go(1)
  鈿狅笍 [Diverged] Local Code Action differs from Replay!
     -> Replay Action: move to [14,5]
     -> Local Code   : go(1)
--------------------------------------------------------------------------------
Frame 59 | Star: [5,11] | Map: random
[State] XDB   : Pos=[14,6] Dir=down  | CD=23 | Status=[Normal]
        Wraith : Pos=[12,3] Dir=right | CD=29 | Status=[Normal] (Visible: false)
[Replay Actions]
  鈿旓笍 Wraith: stay still
  馃洝锔?XDB   : move to [14,6]
[Local Simulation Evaluation]
  Chosen Target: {"action":"move","target":[16,7],"score":770,"type":"survival"}
  Path NextStep: [14,7] -> Need Turn/Move Dir: down
  馃 Local Code Action: go(1)
  鈿狅笍 [Diverged] Local Code Action differs from Replay!
     -> Replay Action: move to [14,6]
     -> Local Code   : go(1)
--------------------------------------------------------------------------------
Frame 60 | Star: [5,11] | Map: random
[State] XDB   : Pos=[14,7] Dir=down  | CD=22 | Status=[Normal]
        Wraith : Pos=[12,3] Dir=right | CD=28 | Status=[Normal] (Visible: false)
[Replay Actions]
  鈿旓笍 Wraith: stay still
  馃洝锔?XDB   : move to [14,7]
[Local Simulation Evaluation]
  Chosen Target: {"action":"move","target":[16,7],"score":1580,"type":"survival"}
  Path NextStep: [15,7] -> Need Turn/Move Dir: right
  馃 Local Code Action: turn("left")
  鈿狅笍 [Diverged] Local Code Action differs from Replay!
     -> Replay Action: move to [14,7]
     -> Local Code   : turn("left")
--------------------------------------------------------------------------------
Frame 61 | Star: [5,11] | Map: random
[State] XDB   : Pos=[14,8] Dir=down  | CD=21 | Status=[Normal]
        Wraith : Pos=[12,3] Dir=down  | CD=27 | Status=[Normal] (Visible: false)
[Replay Actions]
  鈿旓笍 Wraith: turn right (now down)
  馃洝锔?XDB   : move to [14,8]
[Local Simulation Evaluation]
  Chosen Target: {"action":"move","target":[11,8],"score":1570,"type":"survival"}
  Path NextStep: [14,9] -> Need Turn/Move Dir: down
  馃 Local Code Action: go(1)
  鈿狅笍 [Diverged] Local Code Action differs from Replay!
     -> Replay Action: move to [14,8]
     -> Local Code   : go(1)
--------------------------------------------------------------------------------
Frame 62 | Star: [5,11] | Map: random
[State] XDB   : Pos=[14,8] Dir=left  | CD=20 | Status=[Normal]
        Wraith : Pos=[12,4] Dir=down  | CD=26 | Status=[Normal] (Visible: true)
[Replay Actions]
  鈿旓笍 Wraith: move to [12,4]
  馃洝锔?XDB   : turn right (now left)
[Local Simulation Evaluation]
  Chosen Target: {"action":"move","target":[5,11],"score":1388,"type":"star"}
  Path NextStep: [13,8] -> Need Turn/Move Dir: left
  馃 Local Code Action: go(1)
  鈿狅笍 [Diverged] Local Code Action differs from Replay!
     -> Replay Action: turn right (now left)
     -> Local Code   : go(1)
--------------------------------------------------------------------------------
Frame 63 | Star: [5,11] | Map: random
[State] XDB   : Pos=[14,8] Dir=up    | CD=19 | Status=[Normal]
        Wraith : Pos=[12,5] Dir=down  | CD=25 | Status=[Normal] (Visible: true)
[Replay Actions]
  鈿旓笍 Wraith: move to [12,5]
  馃洝锔?XDB   : turn right (now up)
[Local Simulation Evaluation]
  Chosen Target: {"action":"move","target":[5,11],"score":1538,"type":"star"}
  Path NextStep: [13,8] -> Need Turn/Move Dir: left
  馃 Local Code Action: turn("left")
  鈿狅笍 [Diverged] Local Code Action differs from Replay!
     -> Replay Action: turn right (now up)
     -> Local Code   : turn("left")
--------------------------------------------------------------------------------
Frame 64 | Star: [5,11] | Map: random
[State] XDB   : Pos=[14,8] Dir=left  | CD=18 | Status=[Normal]
        Wraith : Pos=[12,6] Dir=down  | CD=24 | Status=[Normal] (Visible: true)
[Replay Actions]
  鈿旓笍 Wraith: move to [12,6]
  馃洝锔?XDB   : turn left (now left)
[Local Simulation Evaluation]
  Chosen Target: {"action":"move","target":[5,11],"score":1538,"type":"star"}
  Path NextStep: [13,8] -> Need Turn/Move Dir: left
  馃 Local Code Action: go(1)
  鈿狅笍 [Diverged] Local Code Action differs from Replay!
     -> Replay Action: turn left (now left)
     -> Local Code   : go(1)
--------------------------------------------------------------------------------
Frame 65 | Star: [5,11] | Map: random
[State] XDB   : Pos=[13,8] Dir=left  | CD=17 | Status=[Normal]
        Wraith : Pos=[12,7] Dir=down  | CD=23 | Status=[Normal] (Visible: true)
[Replay Actions]
  鈿旓笍 Wraith: move to [12,7]
  馃洝锔?XDB   : move to [13,8]
[Local Simulation Evaluation]
  Chosen Target: {"action":"move","target":[5,11],"score":1539,"type":"star"}
  Path NextStep: [13,9] -> Need Turn/Move Dir: down
  馃 Local Code Action: turn("left")
  鈿狅笍 [Diverged] Local Code Action differs from Replay!
     -> Replay Action: move to [13,8]
     -> Local Code   : turn("left")
--------------------------------------------------------------------------------
Frame 66 | Star: [5,11] | Map: random
[State] XDB   : Pos=[13,8] Dir=down  | CD=16 | Status=[Normal]
        Wraith : Pos=[12,7] Dir=right | CD=22 | Status=[Normal] (Visible: true)
[Replay Actions]
  鈿旓笍 Wraith: turn left (now right)
  馃洝锔?XDB   : turn left (now down)
[Local Simulation Evaluation]
  Chosen Target: {"action":"move","target":[5,11],"score":1539,"type":"star"}
  Path NextStep: [13,9] -> Need Turn/Move Dir: down
  馃 Local Code Action: go(1)
  鈿狅笍 [Diverged] Local Code Action differs from Replay!
     -> Replay Action: turn left (now down)
     -> Local Code   : go(1)
--------------------------------------------------------------------------------
Frame 67 | Star: [5,11] | Map: random
[State] XDB   : Pos=[13,9] Dir=down  | CD=15 | Status=[Normal]
        Wraith : Pos=[12,7] Dir=down  | CD=21 | Status=[Normal] (Visible: true)
[Replay Actions]
  鈿旓笍 Wraith: turn right (now down)
  馃洝锔?XDB   : move to [13,9]
[Local Simulation Evaluation]
  Chosen Target: {"action":"move","target":[5,11],"score":1540,"type":"star"}
  Path NextStep: [13,10] -> Need Turn/Move Dir: down
  馃 Local Code Action: go(1)
  鈿狅笍 [Diverged] Local Code Action differs from Replay!
     -> Replay Action: move to [13,9]
     -> Local Code   : go(1)
--------------------------------------------------------------------------------
Frame 68 | Star: [5,11] | Map: random
[State] XDB   : Pos=[13,10] Dir=down  | CD=14 | Status=[Normal]
        Wraith : Pos=[12,8] Dir=down  | CD=20 | Status=[Normal] (Visible: true)
[Replay Actions]
  鈿旓笍 Wraith: move to [12,8]
  馃洝锔?XDB   : move to [13,10]
[Local Simulation Evaluation]
  Chosen Target: {"action":"move","target":[5,11],"score":1541,"type":"star"}
  Path NextStep: [13,11] -> Need Turn/Move Dir: down
  馃 Local Code Action: go(1)
  鈿狅笍 [Diverged] Local Code Action differs from Replay!
     -> Replay Action: move to [13,10]
     -> Local Code   : go(1)
--------------------------------------------------------------------------------
Frame 69 | Star: [5,11] | Map: random
[State] XDB   : Pos=[13,11] Dir=down  | CD=13 | Status=[Normal]
        Wraith : Pos=[12,9] Dir=down  | CD=19 | Status=[Normal] (Visible: true)
[Replay Actions]
  鈿旓笍 Wraith: move to [12,9]
  馃洝锔?XDB   : move to [13,11]
[Local Simulation Evaluation]
  Chosen Target: {"action":"move","target":[5,11],"score":1542,"type":"star"}
  Path NextStep: [13,12] -> Need Turn/Move Dir: down
  馃 Local Code Action: go(1)
  鈿狅笍 [Diverged] Local Code Action differs from Replay!
     -> Replay Action: move to [13,11]
     -> Local Code   : go(1)
--------------------------------------------------------------------------------
Frame 70 | Star: [5,11] | Map: random
[State] XDB   : Pos=[13,12] Dir=down  | CD=12 | Status=[Normal]
        Wraith : Pos=[12,10] Dir=down  | CD=18 | Status=[Normal] (Visible: true)
[Replay Actions]
  鈿旓笍 Wraith: move to [12,10]
  馃洝锔?XDB   : move to [13,12]
[Local Simulation Evaluation]
  Chosen Target: {"action":"move","target":[5,11],"score":1541,"type":"star"}
  Path NextStep: [13,13] -> Need Turn/Move Dir: down
  馃 Local Code Action: go(1)
  鈿狅笍 [Diverged] Local Code Action differs from Replay!
     -> Replay Action: move to [13,12]
     -> Local Code   : go(1)
--------------------------------------------------------------------------------
Frame 71 | Star: [5,11] | Map: random
[State] XDB   : Pos=[13,13] Dir=down  | CD=11 | Status=[Normal]
        Wraith : Pos=[12,11] Dir=down  | CD=17 | Status=[Normal] (Visible: true)
[Replay Actions]
  鈿旓笍 Wraith: move to [12,11]
  馃洝锔?XDB   : move to [13,13]
[Local Simulation Evaluation]
  Chosen Target: {"action":"move","target":[5,11],"score":1540,"type":"star"}
  Path NextStep: [12,13] -> Need Turn/Move Dir: left
  馃 Local Code Action: turn("right")
  鈿狅笍 [Diverged] Local Code Action differs from Replay!
     -> Replay Action: move to [13,13]
     -> Local Code   : turn("right")
--------------------------------------------------------------------------------
Frame 72 | Star: [5,11] | Map: random
[State] XDB   : Pos=[13,13] Dir=left  | CD=10 | Status=[Normal]
        Wraith : Pos=[12,11] Dir=left  | CD=16 | Status=[Normal] (Visible: true)
[Replay Actions]
  鈿旓笍 Wraith: turn right (now left)
  馃洝锔?XDB   : turn right (now left)
[Local Simulation Evaluation]
  Chosen Target: {"action":"move","target":[5,11],"score":1540,"type":"star"}
  Path NextStep: [12,13] -> Need Turn/Move Dir: left
  馃 Local Code Action: turn("right")
  鈿狅笍 [Diverged] Local Code Action differs from Replay!
     -> Replay Action: turn right (now left)
     -> Local Code   : turn("right")
--------------------------------------------------------------------------------
Frame 73 | Star: [5,11] | Map: random
[State] XDB   : Pos=[13,13] Dir=up    | CD=9 | Status=[Normal]
        Wraith : Pos=[11,11] Dir=left  | CD=15 | Status=[Normal] (Visible: true)
[Replay Actions]
  鈿旓笍 Wraith: move to [11,11]
  馃洝锔?XDB   : turn right (now up)
[Local Simulation Evaluation]
  Chosen Target: {"action":"move","target":[17,13],"score":1560,"type":"survival"}
  Path NextStep: [13,12] -> Need Turn/Move Dir: up
  馃 Local Code Action: go(1)
  鈿狅笍 [Diverged] Local Code Action differs from Replay!
     -> Replay Action: turn right (now up)
     -> Local Code   : go(1)
--------------------------------------------------------------------------------
Frame 74 | Star: [5,11] | Map: random
[State] XDB   : Pos=[13,12] Dir=up    | CD=8 | Status=[Normal]
        Wraith : Pos=[10,11] Dir=left  | CD=14 | Status=[Normal] (Visible: true)
[Replay Actions]
  鈿旓笍 Wraith: move to [10,11]
  馃洝锔?XDB   : move to [13,12]
[Local Simulation Evaluation]
  Chosen Target: {"action":"move","target":[17,13],"score":1550,"type":"survival"}
  Path NextStep: [14,12] -> Need Turn/Move Dir: right
  馃 Local Code Action: turn("right")
  鈿狅笍 [Diverged] Local Code Action differs from Replay!
     -> Replay Action: move to [13,12]
     -> Local Code   : turn("right")
--------------------------------------------------------------------------------
Frame 75 | Star: [5,11] | Map: random
[State] XDB   : Pos=[13,12] Dir=right | CD=7 | Status=[Normal]
        Wraith : Pos=[9,11] Dir=left  | CD=13 | Status=[Normal] (Visible: true)
[Replay Actions]
  鈿旓笍 Wraith: move to [9,11]
  馃洝锔?XDB   : turn right (now right)
[Local Simulation Evaluation]
  Chosen Target: {"action":"move","target":[17,13],"score":1550,"type":"survival"}
  Path NextStep: [14,12] -> Need Turn/Move Dir: right
  馃 Local Code Action: go(1)
  鈿狅笍 [Diverged] Local Code Action differs from Replay!
     -> Replay Action: turn right (now right)
     -> Local Code   : go(1)
--------------------------------------------------------------------------------
Frame 76 | Star: [5,11] | Map: random
[State] XDB   : Pos=[14,12] Dir=right | CD=6 | Status=[Normal]
        Wraith : Pos=[8,11] Dir=left  | CD=12 | Status=[Normal] (Visible: true)
[Replay Actions]
  鈿旓笍 Wraith: move to [8,11]
  馃洝锔?XDB   : move to [14,12]
[Local Simulation Evaluation]
  Chosen Target: {"action":"move","target":[17,13],"score":1560,"type":"survival"}
  Path NextStep: [15,12] -> Need Turn/Move Dir: right
  馃 Local Code Action: go(1)
  鈿狅笍 [Diverged] Local Code Action differs from Replay!
     -> Replay Action: move to [14,12]
     -> Local Code   : go(1)
--------------------------------------------------------------------------------
Frame 77 | Star: [5,11] | Map: random
[State] XDB   : Pos=[15,12] Dir=right | CD=5 | Status=[Normal]
        Wraith : Pos=[7,11] Dir=left  | CD=11 | Status=[Normal] (Visible: true)
[Replay Actions]
  鈿旓笍 Wraith: move to [7,11]
  馃洝锔?XDB   : move to [15,12]
[Local Simulation Evaluation]
  Chosen Target: {"action":"move","target":[17,13],"score":1570,"type":"survival"}
  Path NextStep: [16,12] -> Need Turn/Move Dir: right
  馃 Local Code Action: go(1)
  鈿狅笍 [Diverged] Local Code Action differs from Replay!
     -> Replay Action: move to [15,12]
     -> Local Code   : go(1)
--------------------------------------------------------------------------------
Frame 78 | Star: [5,11] | Map: random
[State] XDB   : Pos=[16,12] Dir=right | CD=4 | Status=[Normal]
        Wraith : Pos=[6,11] Dir=left  | CD=10 | Status=[Normal] (Visible: false)
[Replay Actions]
  鈿旓笍 Wraith: move to [6,11]
  馃洝锔?XDB   : move to [16,12]
[Local Simulation Evaluation]
  Chosen Target: {"action":"move","target":[17,13],"score":1580,"type":"survival"}
  Path NextStep: [17,12] -> Need Turn/Move Dir: right
  馃 Local Code Action: go(1)
  鈿狅笍 [Diverged] Local Code Action differs from Replay!
     -> Replay Action: move to [16,12]
     -> Local Code   : go(1)
--------------------------------------------------------------------------------
Frame 79 | Star: [5,11] | Map: random
[State] XDB   : Pos=[17,12] Dir=right | CD=3 | Status=[Normal]
        Wraith : Pos=[6,11] Dir=down  | CD=9 | Status=[Normal] (Visible: false)
[Replay Actions]
  鈿旓笍 Wraith: turn left (now down)
  馃洝锔?XDB   : move to [17,12]
[Local Simulation Evaluation]
  Chosen Target: {"action":"move","target":[17,13],"score":1590,"type":"survival"}
  Path NextStep: [17,13] -> Need Turn/Move Dir: down
  馃 Local Code Action: turn("right")
  鈿狅笍 [Diverged] Local Code Action differs from Replay!
     -> Replay Action: move to [17,12]
     -> Local Code   : turn("right")
--------------------------------------------------------------------------------
Frame 80 | Star: [5,11] | Map: random
[State] XDB   : Pos=[17,12] Dir=down  | CD=2 | Status=[Normal]
        Wraith : Pos=[6,11] Dir=down  | CD=8 | Status=[Normal] (Visible: false)
[Replay Actions]
  鈿旓笍 Wraith: stay still
  馃洝锔?XDB   : turn right (now down)
[Local Simulation Evaluation]
  Chosen Target: {"action":"move","target":[17,13],"score":1590,"type":"survival"}
  Path NextStep: [17,13] -> Need Turn/Move Dir: down
  馃 Local Code Action: go(1)
  鈿狅笍 [Diverged] Local Code Action differs from Replay!
     -> Replay Action: turn right (now down)
     -> Local Code   : go(1)
--------------------------------------------------------------------------------
Frame 81 | Star: [5,11] | Map: random
[State] XDB   : Pos=[17,13] Dir=down  | CD=1 | Status=[Normal]
        Wraith : Pos=[6,11] Dir=right | CD=7 | Status=[Normal] (Visible: false)
[Replay Actions]
  鈿旓笍 Wraith: turn left (now right)
  馃洝锔?XDB   : move to [17,13]
[Local Simulation Evaluation]
  Chosen Target: {"action":"move","target":[17,13],"score":300,"type":"survival"}
  馃 Local Code Action: stay still
  鈿狅笍 [Diverged] Local Code Action differs from Replay!
     -> Replay Action: move to [17,13]
     -> Local Code   : stay still
--------------------------------------------------------------------------------
Frame 82 | Star: [5,11] | Map: random
[State] XDB   : Pos=[17,13] Dir=down  | CD=0 | Status=[Normal]
        Wraith : Pos=[6,11] Dir=right | CD=6 | Status=[Normal] (Visible: false)
[Replay Actions]
  鈿旓笍 Wraith: stay still
  馃洝锔?XDB   : stay still
[Local Simulation Evaluation]
  Chosen Target: {"action":"move","target":[17,13],"score":300,"type":"survival"}
  馃 Local Code Action: stay still
--------------------------------------------------------------------------------
Frame 83 | Star: [5,11] | Map: random
[State] XDB   : Pos=[17,13] Dir=down  | CD=0 | Status=[Normal]
        Wraith : Pos=[6,11] Dir=right | CD=5 | Status=[Normal] (Visible: false)
[Replay Actions]
  鈿旓笍 Wraith: stay still
  馃洝锔?XDB   : stay still
[Local Simulation Evaluation]
  Chosen Target: {"action":"move","target":[17,13],"score":300,"type":"survival"}
  馃 Local Code Action: stay still
--------------------------------------------------------------------------------
Frame 84 | Star: [5,11] | Map: random
[State] XDB   : Pos=[17,13] Dir=down  | CD=0 | Status=[Normal]
        Wraith : Pos=[6,11] Dir=right | CD=4 | Status=[Normal] (Visible: false)
[Replay Actions]
  鈿旓笍 Wraith: stay still
  馃洝锔?XDB   : stay still
[Local Simulation Evaluation]
  Chosen Target: {"action":"move","target":[17,13],"score":300,"type":"survival"}
  馃 Local Code Action: stay still
--------------------------------------------------------------------------------
Frame 85 | Star: [5,11] | Map: random
[State] XDB   : Pos=[17,13] Dir=down  | CD=0 | Status=[Normal]
        Wraith : Pos=[6,11] Dir=right | CD=3 | Status=[Normal] (Visible: false)
[Replay Actions]
  鈿旓笍 Wraith: stay still
  馃洝锔?XDB   : stay still
[Local Simulation Evaluation]
  Chosen Target: {"action":"move","target":[17,13],"score":300,"type":"survival"}
  馃 Local Code Action: stay still
--------------------------------------------------------------------------------
Frame 86 | Star: [5,11] | Map: random
[State] XDB   : Pos=[17,13] Dir=down  | CD=0 | Status=[Normal]
        Wraith : Pos=[6,11] Dir=right | CD=2 | Status=[Normal] (Visible: false)
[Replay Actions]
  鈿旓笍 Wraith: stay still
  馃洝锔?XDB   : stay still
[Local Simulation Evaluation]
  Chosen Target: {"action":"move","target":[17,13],"score":300,"type":"survival"}
  馃 Local Code Action: stay still
--------------------------------------------------------------------------------
Frame 87 | Star: [5,11] | Map: random
[State] XDB   : Pos=[17,13] Dir=down  | CD=0 | Status=[Normal]
        Wraith : Pos=[6,11] Dir=right | CD=1 | Status=[Normal] (Visible: false)
[Replay Actions]
  鈿旓笍 Wraith: stay still
  馃洝锔?XDB   : stay still
[Local Simulation Evaluation]
  Chosen Target: {"action":"move","target":[17,13],"score":300,"type":"survival"}
  馃 Local Code Action: stay still
--------------------------------------------------------------------------------
Frame 88 | Star: [5,11] | Map: random
[State] XDB   : Pos=[17,13] Dir=down  | CD=0 | Status=[Normal]
        Wraith : Pos=[6,11] Dir=right | CD=0 | Status=[Normal] (Visible: false)
[Replay Actions]
  鈿旓笍 Wraith: stay still
  馃洝锔?XDB   : stay still
[Local Simulation Evaluation]
  Chosen Target: {"action":"move","target":[17,13],"score":300,"type":"survival"}
  馃 Local Code Action: stay still
--------------------------------------------------------------------------------
Frame 89 | Star: [5,11] | Map: random
[State] XDB   : Pos=[17,13] Dir=down  | CD=0 | Status=[Normal]
        Wraith : Pos=[6,11] Dir=right | CD=0 | Status=[Normal] (Visible: false)
[Replay Actions]
  鈿旓笍 Wraith: stay still
  馃洝锔?XDB   : stay still
[Local Simulation Evaluation]
  Chosen Target: {"action":"move","target":[17,13],"score":300,"type":"survival"}
  馃 Local Code Action: stay still
--------------------------------------------------------------------------------
Frame 90 | Star: [5,11] | Map: random
[State] XDB   : Pos=[17,13] Dir=down  | CD=0 | Status=[Normal]
        Wraith : Pos=[6,11] Dir=right | CD=0 | Status=[Normal] (Visible: false)
[Replay Actions]
  鈿旓笍 Wraith: stay still
  馃洝锔?XDB   : stay still
[Local Simulation Evaluation]
  Chosen Target: {"action":"move","target":[17,13],"score":300,"type":"survival"}
  馃 Local Code Action: stay still
--------------------------------------------------------------------------------
Frame 91 | Star: [5,11] | Map: random
[State] XDB   : Pos=[17,13] Dir=down  | CD=0 | Status=[Normal]
        Wraith : Pos=[6,11] Dir=right | CD=0 | Status=[Normal] (Visible: false)
[Replay Actions]
  鈿旓笍 Wraith: stay still
  馃洝锔?XDB   : stay still
[Local Simulation Evaluation]
  Chosen Target: {"action":"move","target":[17,13],"score":300,"type":"survival"}
  馃 Local Code Action: stay still
--------------------------------------------------------------------------------
Frame 92 | Star: [5,11] | Map: random
[State] XDB   : Pos=[17,13] Dir=down  | CD=0 | Status=[Normal]
        Wraith : Pos=[6,11] Dir=right | CD=0 | Status=[Normal] (Visible: false)
[Replay Actions]
  鈿旓笍 Wraith: stay still
  馃洝锔?XDB   : stay still
[Local Simulation Evaluation]
  Chosen Target: {"action":"move","target":[17,13],"score":300,"type":"survival"}
  馃 Local Code Action: stay still
--------------------------------------------------------------------------------
Frame 93 | Star: [5,11] | Map: random
[State] XDB   : Pos=[17,13] Dir=down  | CD=0 | Status=[Normal]
        Wraith : Pos=[6,11] Dir=right | CD=0 | Status=[Normal] (Visible: false)
[Replay Actions]
  鈿旓笍 Wraith: stay still
  馃洝锔?XDB   : stay still
[Local Simulation Evaluation]
  Chosen Target: {"action":"move","target":[17,13],"score":300,"type":"survival"}
  馃 Local Code Action: stay still
--------------------------------------------------------------------------------
Frame 94 | Star: [5,11] | Map: random
[State] XDB   : Pos=[17,13] Dir=down  | CD=0 | Status=[Normal]
        Wraith : Pos=[6,11] Dir=right | CD=0 | Status=[Normal] (Visible: false)
[Replay Actions]
  鈿旓笍 Wraith: stay still
  馃洝锔?XDB   : stay still
[Local Simulation Evaluation]
  Chosen Target: {"action":"move","target":[17,13],"score":300,"type":"survival"}
  馃 Local Code Action: stay still
--------------------------------------------------------------------------------
Frame 95 | Star: [5,11] | Map: random
[State] XDB   : Pos=[17,13] Dir=down  | CD=0 | Status=[Normal]
        Wraith : Pos=[6,11] Dir=right | CD=0 | Status=[Normal] (Visible: false)
[Replay Actions]
  鈿旓笍 Wraith: stay still
  馃洝锔?XDB   : stay still
[Local Simulation Evaluation]
  Chosen Target: {"action":"move","target":[17,13],"score":300,"type":"survival"}
  馃 Local Code Action: stay still
--------------------------------------------------------------------------------
Frame 96 | Star: [5,11] | Map: random
[State] XDB   : Pos=[17,13] Dir=down  | CD=0 | Status=[Normal]
        Wraith : Pos=[6,11] Dir=right | CD=0 | Status=[Normal] (Visible: false)
[Replay Actions]
  鈿旓笍 Wraith: stay still
  馃洝锔?XDB   : stay still
[Local Simulation Evaluation]
  Chosen Target: {"action":"move","target":[17,13],"score":300,"type":"survival"}
  馃 Local Code Action: stay still
--------------------------------------------------------------------------------
Frame 97 | Star: [5,11] | Map: random
[State] XDB   : Pos=[17,13] Dir=down  | CD=0 | Status=[Normal]
        Wraith : Pos=[6,11] Dir=right | CD=0 | Status=[Normal] (Visible: false)
[Replay Actions]
  鈿旓笍 Wraith: stay still
  馃洝锔?XDB   : stay still
[Local Simulation Evaluation]
  Chosen Target: {"action":"move","target":[17,13],"score":300,"type":"survival"}
  馃 Local Code Action: stay still
--------------------------------------------------------------------------------
Frame 98 | Star: [5,11] | Map: random
[State] XDB   : Pos=[17,13] Dir=down  | CD=0 | Status=[Normal]
        Wraith : Pos=[6,11] Dir=right | CD=0 | Status=[Normal] (Visible: false)
[Replay Actions]
  鈿旓笍 Wraith: stay still
  馃洝锔?XDB   : stay still
[Local Simulation Evaluation]
  Chosen Target: {"action":"move","target":[17,13],"score":300,"type":"survival"}
  馃 Local Code Action: stay still
--------------------------------------------------------------------------------
Frame 99 | Star: [5,11] | Map: random
[State] XDB   : Pos=[17,13] Dir=down  | CD=0 | Status=[Normal]
        Wraith : Pos=[6,11] Dir=right | CD=0 | Status=[Normal] (Visible: false)
[Replay Actions]
  鈿旓笍 Wraith: stay still
  馃洝锔?XDB   : stay still
[Local Simulation Evaluation]
  Chosen Target: {"action":"move","target":[17,13],"score":300,"type":"survival"}
  馃 Local Code Action: stay still
--------------------------------------------------------------------------------
Frame 100 | Star: [5,11] | Map: random
[State] XDB   : Pos=[17,13] Dir=down  | CD=0 | Status=[Normal]
        Wraith : Pos=[6,11] Dir=right | CD=0 | Status=[Normal] (Visible: false)
[Replay Actions]
  鈿旓笍 Wraith: stay still
  馃洝锔?XDB   : stay still
[Local Simulation Evaluation]
  Chosen Target: {"action":"move","target":[17,13],"score":300,"type":"survival"}
  馃 Local Code Action: stay still
--------------------------------------------------------------------------------
Frame 101 | Star: [5,11] | Map: random
[State] XDB   : Pos=[17,13] Dir=down  | CD=0 | Status=[Normal]
        Wraith : Pos=[6,11] Dir=right | CD=0 | Status=[Normal] (Visible: false)
[Replay Actions]
  鈿旓笍 Wraith: stay still
  馃洝锔?XDB   : stay still
[Local Simulation Evaluation]
  Chosen Target: {"action":"move","target":[17,13],"score":300,"type":"survival"}
  馃 Local Code Action: stay still
--------------------------------------------------------------------------------
Frame 102 | Star: [5,11] | Map: random
[State] XDB   : Pos=[17,13] Dir=down  | CD=0 | Status=[Normal]
        Wraith : Pos=[6,11] Dir=right | CD=0 | Status=[Normal] (Visible: false)
[Replay Actions]
  鈿旓笍 Wraith: stay still
  馃洝锔?XDB   : stay still
[Local Simulation Evaluation]
  Chosen Target: {"action":"move","target":[17,13],"score":300,"type":"survival"}
  馃 Local Code Action: stay still
--------------------------------------------------------------------------------
Frame 103 | Star: [5,11] | Map: random
[State] XDB   : Pos=[17,13] Dir=down  | CD=0 | Status=[Normal]
        Wraith : Pos=[6,11] Dir=right | CD=0 | Status=[Normal] (Visible: false)
[Replay Actions]
  鈿旓笍 Wraith: stay still
  馃洝锔?XDB   : stay still
[Local Simulation Evaluation]
  Chosen Target: {"action":"move","target":[17,13],"score":300,"type":"survival"}
  馃 Local Code Action: stay still
--------------------------------------------------------------------------------
Frame 104 | Star: [5,11] | Map: random
[State] XDB   : Pos=[17,13] Dir=down  | CD=0 | Status=[Normal]
        Wraith : Pos=[6,11] Dir=right | CD=0 | Status=[Normal] (Visible: false)
[Replay Actions]
  鈿旓笍 Wraith: stay still
  馃洝锔?XDB   : stay still
[Local Simulation Evaluation]
  Chosen Target: {"action":"move","target":[17,13],"score":300,"type":"survival"}
  馃 Local Code Action: stay still
--------------------------------------------------------------------------------
Frame 105 | Star: [5,11] | Map: random
[State] XDB   : Pos=[17,13] Dir=down  | CD=0 | Status=[Normal]
        Wraith : Pos=[6,11] Dir=right | CD=0 | Status=[Normal] (Visible: false)
[Replay Actions]
  鈿旓笍 Wraith: stay still
  馃洝锔?XDB   : stay still
[Local Simulation Evaluation]
  Chosen Target: {"action":"move","target":[17,13],"score":300,"type":"survival"}
  馃 Local Code Action: stay still
--------------------------------------------------------------------------------
Frame 106 | Star: [5,11] | Map: random
[State] XDB   : Pos=[17,13] Dir=down  | CD=0 | Status=[Normal]
        Wraith : Pos=[6,11] Dir=right | CD=0 | Status=[Normal] (Visible: false)
[Replay Actions]
  鈿旓笍 Wraith: stay still
  馃洝锔?XDB   : stay still
[Local Simulation Evaluation]
  Chosen Target: {"action":"move","target":[17,13],"score":300,"type":"survival"}
  馃 Local Code Action: stay still
--------------------------------------------------------------------------------
Frame 107 | Star: [5,11] | Map: random
[State] XDB   : Pos=[17,13] Dir=down  | CD=0 | Status=[Normal]
        Wraith : Pos=[6,11] Dir=right | CD=0 | Status=[Normal] (Visible: false)
[Replay Actions]
  鈿旓笍 Wraith: stay still
  馃洝锔?XDB   : stay still
[Local Simulation Evaluation]
  Chosen Target: {"action":"move","target":[17,13],"score":300,"type":"survival"}
  馃 Local Code Action: stay still
--------------------------------------------------------------------------------
Frame 108 | Star: [5,11] | Map: random
[State] XDB   : Pos=[17,13] Dir=down  | CD=0 | Status=[Normal]
        Wraith : Pos=[6,11] Dir=right | CD=0 | Status=[Normal] (Visible: false)
[Replay Actions]
  鈿旓笍 Wraith: stay still
  馃洝锔?XDB   : stay still
[Local Simulation Evaluation]
  Chosen Target: {"action":"move","target":[17,13],"score":300,"type":"survival"}
  馃 Local Code Action: stay still
--------------------------------------------------------------------------------
Frame 109 | Star: [5,11] | Map: random
[State] XDB   : Pos=[17,13] Dir=down  | CD=0 | Status=[Normal]
        Wraith : Pos=[6,11] Dir=right | CD=0 | Status=[Normal] (Visible: false)
[Replay Actions]
  鈿旓笍 Wraith: stay still
  馃洝锔?XDB   : stay still
[Local Simulation Evaluation]
  Chosen Target: {"action":"move","target":[17,13],"score":300,"type":"survival"}
  馃 Local Code Action: stay still
--------------------------------------------------------------------------------
Frame 110 | Star: [5,11] | Map: random
[State] XDB   : Pos=[17,13] Dir=down  | CD=0 | Status=[Normal]
        Wraith : Pos=[6,11] Dir=right | CD=0 | Status=[Normal] (Visible: false)
[Replay Actions]
  鈿旓笍 Wraith: stay still
  馃洝锔?XDB   : stay still
[Local Simulation Evaluation]
  Chosen Target: {"action":"move","target":[17,13],"score":300,"type":"survival"}
  馃 Local Code Action: stay still
--------------------------------------------------------------------------------
Frame 111 | Star: [5,11] | Map: random
[State] XDB   : Pos=[17,13] Dir=down  | CD=0 | Status=[Normal]
        Wraith : Pos=[6,11] Dir=right | CD=0 | Status=[Normal] (Visible: false)
[Replay Actions]
  鈿旓笍 Wraith: stay still
  馃洝锔?XDB   : stay still
[Local Simulation Evaluation]
  Chosen Target: {"action":"move","target":[17,13],"score":300,"type":"survival"}
  馃 Local Code Action: stay still
--------------------------------------------------------------------------------
Frame 112 | Star: [5,11] | Map: random
[State] XDB   : Pos=[17,13] Dir=down  | CD=0 | Status=[Normal]
        Wraith : Pos=[6,11] Dir=right | CD=0 | Status=[Normal] (Visible: false)
[Replay Actions]
  鈿旓笍 Wraith: stay still
  馃洝锔?XDB   : stay still
[Local Simulation Evaluation]
  Chosen Target: {"action":"move","target":[17,13],"score":300,"type":"survival"}
  馃 Local Code Action: stay still
--------------------------------------------------------------------------------
Frame 113 | Star: [5,11] | Map: random
[State] XDB   : Pos=[17,13] Dir=down  | CD=0 | Status=[Normal]
        Wraith : Pos=[6,11] Dir=right | CD=0 | Status=[Normal] (Visible: false)
[Replay Actions]
  鈿旓笍 Wraith: stay still
  馃洝锔?XDB   : stay still
[Local Simulation Evaluation]
  Chosen Target: {"action":"move","target":[17,13],"score":300,"type":"survival"}
  馃 Local Code Action: stay still
--------------------------------------------------------------------------------
Frame 114 | Star: [5,11] | Map: random
[State] XDB   : Pos=[17,13] Dir=down  | CD=0 | Status=[Normal]
        Wraith : Pos=[6,11] Dir=right | CD=0 | Status=[Normal] (Visible: false)
[Replay Actions]
  鈿旓笍 Wraith: stay still
  馃洝锔?XDB   : stay still
[Local Simulation Evaluation]
  Chosen Target: {"action":"move","target":[17,13],"score":300,"type":"survival"}
  馃 Local Code Action: stay still
--------------------------------------------------------------------------------
Frame 115 | Star: [5,11] | Map: random
[State] XDB   : Pos=[17,13] Dir=down  | CD=0 | Status=[Normal]
        Wraith : Pos=[6,11] Dir=right | CD=0 | Status=[Normal] (Visible: false)
[Replay Actions]
  鈿旓笍 Wraith: stay still
  馃洝锔?XDB   : stay still
[Local Simulation Evaluation]
  Chosen Target: {"action":"move","target":[17,13],"score":300,"type":"survival"}
  馃 Local Code Action: stay still
--------------------------------------------------------------------------------
Frame 116 | Star: [5,11] | Map: random
[State] XDB   : Pos=[17,13] Dir=down  | CD=0 | Status=[Normal]
        Wraith : Pos=[6,11] Dir=right | CD=0 | Status=[Normal] (Visible: false)
[Replay Actions]
  鈿旓笍 Wraith: stay still
  馃洝锔?XDB   : stay still
[Local Simulation Evaluation]
  Chosen Target: {"action":"move","target":[17,13],"score":300,"type":"survival"}
  馃 Local Code Action: stay still
--------------------------------------------------------------------------------
Frame 117 | Star: [5,11] | Map: random
[State] XDB   : Pos=[17,13] Dir=down  | CD=0 | Status=[Normal]
        Wraith : Pos=[6,11] Dir=right | CD=0 | Status=[Normal] (Visible: false)
[Replay Actions]
  鈿旓笍 Wraith: stay still
  馃洝锔?XDB   : stay still
[Local Simulation Evaluation]
  Chosen Target: {"action":"move","target":[17,13],"score":300,"type":"survival"}
  馃 Local Code Action: turn("right")
  鈿狅笍 [Diverged] Local Code Action differs from Replay!
     -> Replay Action: stay still
     -> Local Code   : turn("right")
--------------------------------------------------------------------------------
Frame 118 | Star: [5,11] | Map: random
[State] XDB   : Pos=[5,10] Dir=down  | CD=40 | Status=[fireLocked]
        Wraith : Pos=[6,11] Dir=right | CD=0 | Status=[Normal] (Visible: false)
[Replay Actions]
  鈿旓笍 Wraith: stay still
  馃洝锔?XDB   : teleported to [5,10]
[Local Simulation Evaluation]
  Chosen Target: {"action":"move","target":[5,11],"score":949,"type":"star"}
  Path NextStep: [5,11] -> Need Turn/Move Dir: down
  馃 Local Code Action: go(1)
  鈿狅笍 [Diverged] Local Code Action differs from Replay!
     -> Replay Action: teleported to [5,10]
     -> Local Code   : go(1)
--------------------------------------------------------------------------------
Frame 119 | Star: [5,11] | Map: random
[State] XDB   : Pos=[5,10] Dir=down  | CD=39 | Status=[fireLocked]
        Wraith : Pos=[6,11] Dir=down  | CD=0 | Status=[Normal] (Visible: false)
[Replay Actions]
  鈿旓笍 Wraith: turn right (now down)
  馃洝锔?XDB   : stay still
[Local Simulation Evaluation]
  Chosen Target: {"action":"move","target":[5,11],"score":949,"type":"star"}
  Path NextStep: [5,11] -> Need Turn/Move Dir: down
  馃 Local Code Action: go(1)
  鈿狅笍 [Diverged] Local Code Action differs from Replay!
     -> Replay Action: stay still
     -> Local Code   : go(1)
--------------------------------------------------------------------------------
Frame 120 | Star: null | Map: random
[State] XDB   : Pos=[5,11] Dir=down  | CD=38 | Status=[Normal]
        Wraith : Pos=[6,11] Dir=left  | CD=0 | Status=[Normal] (Visible: false)
[Replay Actions]
  鈿旓笍 Wraith: turn right (now left)
  馃洝锔?XDB   : move to [5,11]
[Local Simulation Evaluation]
  Chosen Target: {"action":"move","target":[6,13],"score":770,"type":"survival"}
  Path NextStep: [5,12] -> Need Turn/Move Dir: down
  馃 Local Code Action: turn("right")
  鈿狅笍 [Diverged] Local Code Action differs from Replay!
     -> Replay Action: move to [5,11]
     -> Local Code   : turn("right")
--------------------------------------------------------------------------------
Frame 121 | Star: null | Map: random
[State] XDB   : Pos=[5,11] Dir=left  | CD=37 | Status=[Normal]
        Wraith : Pos=[6,11] Dir=left  | CD=0 | Status=[Normal] (Visible: false)
[Replay Actions]
  鈿旓笍 Wraith: stay still
  馃洝锔?XDB   : CRASHED
[Local Simulation Evaluation]
  Chosen Target: {"action":"move","target":[6,13],"score":770,"type":"survival"}
  Path NextStep: [5,12] -> Need Turn/Move Dir: down
  馃 Local Code Action: turn("right")
  鈿狅笍 [Diverged] Local Code Action differs from Replay!
     -> Replay Action: CRASHED
     -> Local Code   : turn("right")
================================================================================
