
=================== Simulation Config ===================
  My Tank (XDB) ID : 0a6f8610 (Index: 0)
  Enemy (Agro) ID : 4b5f522e (Index: 1)
=========================================================

--------------------------------------------------------------------------------
Frame 1 | Star: [6,3] | Map: classic
[State] XDB   : Pos=[2,1] Dir=up    | CD=0 | Status=[Normal]
        Agro  : Pos=[6,6] Dir=down  | CD=40 | Status=[fireLocked] (Visible: true)
[Replay Actions]
  ⚔️ Agro : teleported to [6,6]
  🛡️ XDB   : move to [2,1]
[Local Simulation Evaluation]
  Chosen Target: {"action":"move","target":[2,1],"score":300}
  🤖 Local Code Action: speak("V12.60: 预判背杀")
  ⚠️ [Diverged] Local Code Action differs from Replay!
     -> Replay Action: move to [2,1]
     -> Local Code   : speak("V12.60: 预判背杀")
--------------------------------------------------------------------------------
Frame 2 | Star: [6,3] | Map: classic
[State] XDB   : Pos=[2,1] Dir=up    | CD=0 | Status=[Normal]
        Agro  : Pos=[6,6] Dir=left  | CD=39 | Status=[fireLocked] (Visible: false)
[Replay Actions]
  ⚔️ Agro : turn right (now left)
  🛡️ XDB   : stay still
[Local Simulation Evaluation]
  Chosen Target: {"action":"move","target":[2,1],"score":300}
  🤖 Local Code Action: speak("预判在: [6,6]")
  ⚠️ [Diverged] Local Code Action differs from Replay!
     -> Replay Action: stay still
     -> Local Code   : speak("预判在: [6,6]")
--------------------------------------------------------------------------------
Frame 3 | Star: [6,3] | Map: classic
[State] XDB   : Pos=[2,1] Dir=up    | CD=0 | Status=[Normal]
        Agro  : Pos=[6,6] Dir=left  | CD=38 | Status=[Normal] (Visible: false)
[Replay Actions]
  ⚔️ Agro : stay still
  🛡️ XDB   : stay still
[Local Simulation Evaluation]
  Chosen Target: {"action":"move","target":[2,1],"score":300}
  🤖 Local Code Action: speak("预判在: [6,6]")
  ⚠️ [Diverged] Local Code Action differs from Replay!
     -> Replay Action: stay still
     -> Local Code   : speak("预判在: [6,6]")
--------------------------------------------------------------------------------
Frame 4 | Star: [6,3] | Map: classic
[State] XDB   : Pos=[2,1] Dir=up    | CD=0 | Status=[Normal]
        Agro  : Pos=[6,6] Dir=left  | CD=37 | Status=[Normal] (Visible: false)
[Replay Actions]
  ⚔️ Agro : stay still
  🛡️ XDB   : stay still
[Local Simulation Evaluation]
  Chosen Target: {"action":"move","target":[2,1],"score":300}
  🤖 Local Code Action: stay still
--------------------------------------------------------------------------------
Frame 5 | Star: [6,3] | Map: classic
[State] XDB   : Pos=[2,1] Dir=up    | CD=0 | Status=[Normal]
        Agro  : Pos=[6,6] Dir=left  | CD=36 | Status=[Normal] (Visible: false)
[Replay Actions]
  ⚔️ Agro : stay still
  🛡️ XDB   : stay still
[Local Simulation Evaluation]
  Chosen Target: {"action":"move","target":[2,1],"score":300}
  🤖 Local Code Action: teleport(6, 2)
  ⚠️ [Diverged] Local Code Action differs from Replay!
     -> Replay Action: stay still
     -> Local Code   : teleport(6, 2)
--------------------------------------------------------------------------------
Frame 6 | Star: [6,3] | Map: classic
[State] XDB   : Pos=[6,7] Dir=up    | CD=40 | Status=[fireLocked]
        Agro  : Pos=[6,6] Dir=left  | CD=35 | Status=[Normal] (Visible: false)
[Replay Actions]
  ⚔️ Agro : stay still
  🛡️ XDB   : teleported to [6,7]
[Local Simulation Evaluation]
  Chosen Target: {"action":"move","target":[6,7],"score":9920}
  🤖 Local Code Action: stay still
  ⚠️ [Diverged] Local Code Action differs from Replay!
     -> Replay Action: teleported to [6,7]
     -> Local Code   : stay still
--------------------------------------------------------------------------------
Frame 7 | Star: [6,3] | Map: classic
[State] XDB   : Pos=[6,7] Dir=left  | CD=39 | Status=[fireLocked]
        Agro  : Pos=[6,6] Dir=left  | CD=34 | Status=[Normal] (Visible: false)
[Replay Actions]
  ⚔️ Agro : stay still
  🛡️ XDB   : turn left (now left)
[Local Simulation Evaluation]
  Chosen Target: {"action":"turn","target":[6,6],"score":9900}
  🤖 Local Code Action: turn("right")
  ⚠️ [Diverged] Local Code Action differs from Replay!
     -> Replay Action: turn left (now left)
     -> Local Code   : turn("right")
--------------------------------------------------------------------------------
Frame 8 | Star: [6,3] | Map: classic
[State] XDB   : Pos=[5,7] Dir=left  | CD=38 | Status=[Normal]
        Agro  : Pos=[6,6] Dir=left  | CD=33 | Status=[Normal] (Visible: false)
[Replay Actions]
  ⚔️ Agro : stay still
  🛡️ XDB   : move to [5,7]
[Local Simulation Evaluation]
  Chosen Target: {"action":"move","target":[6,3],"score":-500}
  🤖 Local Code Action: stay still
  ⚠️ [Diverged] Local Code Action differs from Replay!
     -> Replay Action: move to [5,7]
     -> Local Code   : stay still
--------------------------------------------------------------------------------
Frame 9 | Star: [6,3] | Map: classic
[State] XDB   : Pos=[5,7] Dir=left  | CD=37 | Status=[Normal]
        Agro  : Pos=[6,6] Dir=left  | CD=32 | Status=[Normal] (Visible: false)
[Replay Actions]
  ⚔️ Agro : stay still
  🛡️ XDB   : stay still
[Local Simulation Evaluation]
  Chosen Target: {"action":"move","target":[6,3],"score":-500}
  🤖 Local Code Action: stay still
--------------------------------------------------------------------------------
Frame 10 | Star: [6,3] | Map: classic
[State] XDB   : Pos=[5,7] Dir=left  | CD=36 | Status=[Normal]
        Agro  : Pos=[6,6] Dir=left  | CD=31 | Status=[Normal] (Visible: false)
[Replay Actions]
  ⚔️ Agro : stay still
  🛡️ XDB   : stay still
[Local Simulation Evaluation]
  Chosen Target: {"action":"move","target":[6,3],"score":-500}
  🤖 Local Code Action: stay still
--------------------------------------------------------------------------------
Frame 11 | Star: [6,3] | Map: classic
[State] XDB   : Pos=[5,7] Dir=left  | CD=35 | Status=[Normal]
        Agro  : Pos=[6,6] Dir=left  | CD=30 | Status=[Normal] (Visible: false)
[Replay Actions]
  ⚔️ Agro : stay still
  🛡️ XDB   : stay still
[Local Simulation Evaluation]
  Chosen Target: {"action":"move","target":[6,3],"score":-500}
  Path NextStep: [5,8] -> Need Turn/Move Dir: down
  🤖 Local Code Action: turn("left")
  ⚠️ [Diverged] Local Code Action differs from Replay!
     -> Replay Action: stay still
     -> Local Code   : turn("left")
--------------------------------------------------------------------------------
Frame 12 | Star: [6,3] | Map: classic
[State] XDB   : Pos=[5,7] Dir=down  | CD=34 | Status=[Normal]
        Agro  : Pos=[6,6] Dir=left  | CD=29 | Status=[Normal] (Visible: false)
[Replay Actions]
  ⚔️ Agro : stay still
  🛡️ XDB   : turn left (now down)
[Local Simulation Evaluation]
  Chosen Target: {"action":"move","target":[6,3],"score":-500}
  Path NextStep: [5,8] -> Need Turn/Move Dir: down
  🤖 Local Code Action: fire()
  ⚠️ [Diverged] Local Code Action differs from Replay!
     -> Replay Action: turn left (now down)
     -> Local Code   : fire()
--------------------------------------------------------------------------------
Frame 13 | Star: [6,3] | Map: classic
[State] XDB   : Pos=[5,7] Dir=down  | CD=33 | Status=[Normal]
        Agro  : Pos=[6,6] Dir=left  | CD=28 | Status=[Normal] (Visible: false)
[Replay Actions]
  ⚔️ Agro : stay still
  🛡️ XDB   : stay still
[Local Simulation Evaluation]
  Chosen Target: {"action":"move","target":[6,3],"score":-500}
  Path NextStep: [5,8] -> Need Turn/Move Dir: down
  🤖 Local Code Action: fire()
  ⚠️ [Diverged] Local Code Action differs from Replay!
     -> Replay Action: stay still
     -> Local Code   : fire()
--------------------------------------------------------------------------------
Frame 14 | Star: [6,3] | Map: classic
[State] XDB   : Pos=[5,7] Dir=down  | CD=32 | Status=[Normal]
        Agro  : Pos=[6,6] Dir=left  | CD=27 | Status=[Normal] (Visible: false)
[Replay Actions]
  ⚔️ Agro : stay still
  🛡️ XDB   : stay still
[Local Simulation Evaluation]
  Chosen Target: {"action":"move","target":[6,3],"score":-500}
  Path NextStep: [5,8] -> Need Turn/Move Dir: down
  🤖 Local Code Action: fire()
  ⚠️ [Diverged] Local Code Action differs from Replay!
     -> Replay Action: stay still
     -> Local Code   : fire()
--------------------------------------------------------------------------------
Frame 15 | Star: [6,3] | Map: classic
[State] XDB   : Pos=[5,7] Dir=down  | CD=31 | Status=[Normal]
        Agro  : Pos=[6,6] Dir=left  | CD=26 | Status=[Normal] (Visible: false)
[Replay Actions]
  ⚔️ Agro : stay still
  🛡️ XDB   : stay still
[Local Simulation Evaluation]
  Chosen Target: {"action":"move","target":[6,3],"score":-500}
  Path NextStep: [5,8] -> Need Turn/Move Dir: down
  🤖 Local Code Action: fire()
  ⚠️ [Diverged] Local Code Action differs from Replay!
     -> Replay Action: stay still
     -> Local Code   : fire()
--------------------------------------------------------------------------------
Frame 16 | Star: [6,3] | Map: classic
[State] XDB   : Pos=[5,7] Dir=down  | CD=30 | Status=[Normal]
        Agro  : Pos=[6,6] Dir=left  | CD=25 | Status=[Normal] (Visible: false)
[Replay Actions]
  ⚔️ Agro : stay still
  🛡️ XDB   : stay still
[Local Simulation Evaluation]
  Chosen Target: {"action":"move","target":[6,3],"score":-500}
  Path NextStep: [5,8] -> Need Turn/Move Dir: down
  🤖 Local Code Action: go(1)
  ⚠️ [Diverged] Local Code Action differs from Replay!
     -> Replay Action: stay still
     -> Local Code   : go(1)
--------------------------------------------------------------------------------
Frame 17 | Star: [6,3] | Map: classic
[State] XDB   : Pos=[5,8] Dir=down  | CD=29 | Status=[Normal]
        Agro  : Pos=[6,6] Dir=left  | CD=24 | Status=[Normal] (Visible: false)
[Replay Actions]
  ⚔️ Agro : stay still
  🛡️ XDB   : move to [5,8]
[Local Simulation Evaluation]
  Chosen Target: {"action":"move","target":[6,3],"score":-500}
  Path NextStep: [6,8] -> Need Turn/Move Dir: right
  🤖 Local Code Action: turn("left")
  ⚠️ [Diverged] Local Code Action differs from Replay!
     -> Replay Action: move to [5,8]
     -> Local Code   : turn("left")
--------------------------------------------------------------------------------
Frame 18 | Star: [6,3] | Map: classic
[State] XDB   : Pos=[5,8] Dir=right | CD=28 | Status=[Normal]
        Agro  : Pos=[6,6] Dir=left  | CD=23 | Status=[Normal] (Visible: false)
[Replay Actions]
  ⚔️ Agro : stay still
  🛡️ XDB   : turn left (now right)
[Local Simulation Evaluation]
  Chosen Target: {"action":"move","target":[6,3],"score":-500}
  Path NextStep: [6,8] -> Need Turn/Move Dir: right
  🤖 Local Code Action: go(1)
  ⚠️ [Diverged] Local Code Action differs from Replay!
     -> Replay Action: turn left (now right)
     -> Local Code   : go(1)
--------------------------------------------------------------------------------
Frame 19 | Star: [6,3] | Map: classic
[State] XDB   : Pos=[6,8] Dir=right | CD=27 | Status=[Normal]
        Agro  : Pos=[6,6] Dir=left  | CD=22 | Status=[Normal] (Visible: false)
[Replay Actions]
  ⚔️ Agro : stay still
  🛡️ XDB   : move to [6,8]
[Local Simulation Evaluation]
  Chosen Target: {"action":"turn","target":[6,6],"score":9900}
  🤖 Local Code Action: turn("left")
  ⚠️ [Diverged] Local Code Action differs from Replay!
     -> Replay Action: move to [6,8]
     -> Local Code   : turn("left")
--------------------------------------------------------------------------------
Frame 20 | Star: [6,3] | Map: classic
[State] XDB   : Pos=[7,8] Dir=right | CD=26 | Status=[Normal]
        Agro  : Pos=[6,6] Dir=left  | CD=21 | Status=[Normal] (Visible: false)
[Replay Actions]
  ⚔️ Agro : stay still
  🛡️ XDB   : move to [7,8]
[Local Simulation Evaluation]
  Chosen Target: {"action":"move","target":[6,3],"score":-500}
  Path NextStep: [8,8] -> Need Turn/Move Dir: right
  🤖 Local Code Action: go(1)
  ⚠️ [Diverged] Local Code Action differs from Replay!
     -> Replay Action: move to [7,8]
     -> Local Code   : go(1)
--------------------------------------------------------------------------------
Frame 21 | Star: [6,3] | Map: classic
[State] XDB   : Pos=[8,8] Dir=right | CD=25 | Status=[Normal]
        Agro  : Pos=[6,6] Dir=left  | CD=20 | Status=[Normal] (Visible: false)
[Replay Actions]
  ⚔️ Agro : stay still
  🛡️ XDB   : move to [8,8]
[Local Simulation Evaluation]
  Chosen Target: {"action":"move","target":[6,3],"score":-500}
  Path NextStep: [9,8] -> Need Turn/Move Dir: right
  🤖 Local Code Action: go(1)
  ⚠️ [Diverged] Local Code Action differs from Replay!
     -> Replay Action: move to [8,8]
     -> Local Code   : go(1)
--------------------------------------------------------------------------------
Frame 22 | Star: [6,3] | Map: classic
[State] XDB   : Pos=[9,8] Dir=right | CD=24 | Status=[Normal]
        Agro  : Pos=[6,6] Dir=left  | CD=19 | Status=[Normal] (Visible: false)
[Replay Actions]
  ⚔️ Agro : stay still
  🛡️ XDB   : move to [9,8]
[Local Simulation Evaluation]
  Chosen Target: {"action":"move","target":[6,3],"score":-500}
  Path NextStep: [10,8] -> Need Turn/Move Dir: right
  🤖 Local Code Action: go(1)
  ⚠️ [Diverged] Local Code Action differs from Replay!
     -> Replay Action: move to [9,8]
     -> Local Code   : go(1)
--------------------------------------------------------------------------------
Frame 23 | Star: [6,3] | Map: classic
[State] XDB   : Pos=[10,8] Dir=right | CD=23 | Status=[Normal]
        Agro  : Pos=[6,6] Dir=left  | CD=18 | Status=[Normal] (Visible: false)
[Replay Actions]
  ⚔️ Agro : stay still
  🛡️ XDB   : move to [10,8]
[Local Simulation Evaluation]
  Chosen Target: {"action":"move","target":[6,3],"score":-500}
  Path NextStep: [10,7] -> Need Turn/Move Dir: up
  🤖 Local Code Action: turn("left")
  ⚠️ [Diverged] Local Code Action differs from Replay!
     -> Replay Action: move to [10,8]
     -> Local Code   : turn("left")
--------------------------------------------------------------------------------
Frame 24 | Star: [6,3] | Map: classic
[State] XDB   : Pos=[10,8] Dir=up    | CD=22 | Status=[Normal]
        Agro  : Pos=[6,6] Dir=left  | CD=17 | Status=[Normal] (Visible: false)
[Replay Actions]
  ⚔️ Agro : stay still
  🛡️ XDB   : turn left (now up)
[Local Simulation Evaluation]
  Chosen Target: {"action":"move","target":[6,3],"score":-500}
  Path NextStep: [10,7] -> Need Turn/Move Dir: up
  🤖 Local Code Action: go(1)
  ⚠️ [Diverged] Local Code Action differs from Replay!
     -> Replay Action: turn left (now up)
     -> Local Code   : go(1)
--------------------------------------------------------------------------------
Frame 25 | Star: [6,3] | Map: classic
[State] XDB   : Pos=[10,7] Dir=up    | CD=21 | Status=[Normal]
        Agro  : Pos=[6,6] Dir=left  | CD=16 | Status=[Normal] (Visible: false)
[Replay Actions]
  ⚔️ Agro : stay still
  🛡️ XDB   : move to [10,7]
[Local Simulation Evaluation]
  Chosen Target: {"action":"move","target":[6,3],"score":-500}
  Path NextStep: [10,6] -> Need Turn/Move Dir: up
  🤖 Local Code Action: go(1)
  ⚠️ [Diverged] Local Code Action differs from Replay!
     -> Replay Action: move to [10,7]
     -> Local Code   : go(1)
--------------------------------------------------------------------------------
Frame 26 | Star: [6,3] | Map: classic
[State] XDB   : Pos=[10,6] Dir=up    | CD=20 | Status=[Normal]
        Agro  : Pos=[6,6] Dir=left  | CD=15 | Status=[Normal] (Visible: false)
[Replay Actions]
  ⚔️ Agro : stay still
  🛡️ XDB   : move to [10,6]
[Local Simulation Evaluation]
  Chosen Target: {"action":"move","target":[6,3],"score":-500}
  Path NextStep: [11,6] -> Need Turn/Move Dir: right
  🤖 Local Code Action: turn("right")
  ⚠️ [Diverged] Local Code Action differs from Replay!
     -> Replay Action: move to [10,6]
     -> Local Code   : turn("right")
--------------------------------------------------------------------------------
Frame 27 | Star: [6,3] | Map: classic
[State] XDB   : Pos=[10,6] Dir=right | CD=19 | Status=[Normal]
        Agro  : Pos=[6,6] Dir=left  | CD=14 | Status=[Normal] (Visible: false)
[Replay Actions]
  ⚔️ Agro : stay still
  🛡️ XDB   : turn right (now right)
[Local Simulation Evaluation]
  Chosen Target: {"action":"move","target":[6,3],"score":-500}
  Path NextStep: [11,6] -> Need Turn/Move Dir: right
  🤖 Local Code Action: go(1)
  ⚠️ [Diverged] Local Code Action differs from Replay!
     -> Replay Action: turn right (now right)
     -> Local Code   : go(1)
--------------------------------------------------------------------------------
Frame 28 | Star: [6,3] | Map: classic
[State] XDB   : Pos=[11,6] Dir=right | CD=18 | Status=[Normal]
        Agro  : Pos=[6,6] Dir=left  | CD=13 | Status=[Normal] (Visible: false)
[Replay Actions]
  ⚔️ Agro : stay still
  🛡️ XDB   : move to [11,6]
[Local Simulation Evaluation]
  Chosen Target: {"action":"move","target":[6,3],"score":-500}
  Path NextStep: [12,6] -> Need Turn/Move Dir: right
  🤖 Local Code Action: go(1)
  ⚠️ [Diverged] Local Code Action differs from Replay!
     -> Replay Action: move to [11,6]
     -> Local Code   : go(1)
--------------------------------------------------------------------------------
Frame 29 | Star: [6,3] | Map: classic
[State] XDB   : Pos=[12,6] Dir=right | CD=17 | Status=[Normal]
        Agro  : Pos=[6,6] Dir=left  | CD=12 | Status=[Normal] (Visible: false)
[Replay Actions]
  ⚔️ Agro : stay still
  🛡️ XDB   : move to [12,6]
[Local Simulation Evaluation]
  Chosen Target: {"action":"move","target":[6,3],"score":-500}
  Path NextStep: [13,6] -> Need Turn/Move Dir: right
  🤖 Local Code Action: go(1)
  ⚠️ [Diverged] Local Code Action differs from Replay!
     -> Replay Action: move to [12,6]
     -> Local Code   : go(1)
--------------------------------------------------------------------------------
Frame 30 | Star: [6,3] | Map: classic
[State] XDB   : Pos=[13,6] Dir=right | CD=16 | Status=[Normal]
        Agro  : Pos=[6,6] Dir=left  | CD=11 | Status=[Normal] (Visible: false)
[Replay Actions]
  ⚔️ Agro : stay still
  🛡️ XDB   : move to [13,6]
[Local Simulation Evaluation]
  Chosen Target: {"action":"move","target":[6,3],"score":-500}
  🤖 Local Code Action: stay still
  ⚠️ [Diverged] Local Code Action differs from Replay!
     -> Replay Action: move to [13,6]
     -> Local Code   : stay still
--------------------------------------------------------------------------------
Frame 31 | Star: [6,3] | Map: classic
[State] XDB   : Pos=[13,6] Dir=right | CD=15 | Status=[Normal]
        Agro  : Pos=[6,6] Dir=left  | CD=10 | Status=[Normal] (Visible: false)
[Replay Actions]
  ⚔️ Agro : stay still
  🛡️ XDB   : stay still
[Local Simulation Evaluation]
  Chosen Target: {"action":"move","target":[6,3],"score":-500}
  🤖 Local Code Action: stay still
--------------------------------------------------------------------------------
Frame 32 | Star: [6,3] | Map: classic
[State] XDB   : Pos=[13,6] Dir=right | CD=14 | Status=[Normal]
        Agro  : Pos=[6,6] Dir=left  | CD=9 | Status=[Normal] (Visible: false)
[Replay Actions]
  ⚔️ Agro : stay still
  🛡️ XDB   : stay still
[Local Simulation Evaluation]
  Chosen Target: {"action":"move","target":[6,3],"score":-500}
  🤖 Local Code Action: stay still
--------------------------------------------------------------------------------
Frame 33 | Star: [6,3] | Map: classic
[State] XDB   : Pos=[13,6] Dir=right | CD=13 | Status=[Normal]
        Agro  : Pos=[6,6] Dir=left  | CD=8 | Status=[Normal] (Visible: false)
[Replay Actions]
  ⚔️ Agro : stay still
  🛡️ XDB   : stay still
[Local Simulation Evaluation]
  Chosen Target: {"action":"move","target":[6,3],"score":-500}
  🤖 Local Code Action: stay still
--------------------------------------------------------------------------------
Frame 34 | Star: [6,3] | Map: classic
[State] XDB   : Pos=[13,6] Dir=right | CD=12 | Status=[Normal]
        Agro  : Pos=[6,6] Dir=left  | CD=7 | Status=[Normal] (Visible: false)
[Replay Actions]
  ⚔️ Agro : stay still
  🛡️ XDB   : stay still
[Local Simulation Evaluation]
  Chosen Target: {"action":"move","target":[6,3],"score":-500}
  🤖 Local Code Action: stay still
--------------------------------------------------------------------------------
Frame 35 | Star: [6,3] | Map: classic
[State] XDB   : Pos=[13,6] Dir=right | CD=11 | Status=[Normal]
        Agro  : Pos=[6,6] Dir=left  | CD=6 | Status=[Normal] (Visible: false)
[Replay Actions]
  ⚔️ Agro : stay still
  🛡️ XDB   : stay still
[Local Simulation Evaluation]
  Chosen Target: {"action":"move","target":[6,3],"score":-500}
  🤖 Local Code Action: stay still
--------------------------------------------------------------------------------
Frame 36 | Star: [6,3] | Map: classic
[State] XDB   : Pos=[13,6] Dir=right | CD=10 | Status=[Normal]
        Agro  : Pos=[6,6] Dir=left  | CD=5 | Status=[Normal] (Visible: false)
[Replay Actions]
  ⚔️ Agro : stay still
  🛡️ XDB   : stay still
[Local Simulation Evaluation]
  Chosen Target: {"action":"move","target":[6,3],"score":-500}
  🤖 Local Code Action: stay still
--------------------------------------------------------------------------------
Frame 37 | Star: [6,3] | Map: classic
[State] XDB   : Pos=[13,6] Dir=right | CD=9 | Status=[Normal]
        Agro  : Pos=[6,6] Dir=left  | CD=4 | Status=[Normal] (Visible: false)
[Replay Actions]
  ⚔️ Agro : stay still
  🛡️ XDB   : stay still
[Local Simulation Evaluation]
  Chosen Target: {"action":"move","target":[6,3],"score":-500}
  🤖 Local Code Action: stay still
--------------------------------------------------------------------------------
Frame 38 | Star: [6,3] | Map: classic
[State] XDB   : Pos=[13,6] Dir=right | CD=8 | Status=[Normal]
        Agro  : Pos=[6,6] Dir=left  | CD=3 | Status=[Normal] (Visible: false)
[Replay Actions]
  ⚔️ Agro : stay still
  🛡️ XDB   : stay still
[Local Simulation Evaluation]
  Chosen Target: {"action":"move","target":[6,3],"score":-500}
  🤖 Local Code Action: go(1)
  ⚠️ [Diverged] Local Code Action differs from Replay!
     -> Replay Action: stay still
     -> Local Code   : go(1)
--------------------------------------------------------------------------------
Frame 39 | Star: [6,3] | Map: classic
[State] XDB   : Pos=[14,6] Dir=right | CD=7 | Status=[Normal]
        Agro  : Pos=[6,6] Dir=left  | CD=2 | Status=[Normal] (Visible: false)
[Replay Actions]
  ⚔️ Agro : stay still
  🛡️ XDB   : move to [14,6]
[Local Simulation Evaluation]
  Chosen Target: {"action":"move","target":[6,3],"score":-500}
  Path NextStep: [14,5] -> Need Turn/Move Dir: up
  🤖 Local Code Action: turn("left")
  ⚠️ [Diverged] Local Code Action differs from Replay!
     -> Replay Action: move to [14,6]
     -> Local Code   : turn("left")
--------------------------------------------------------------------------------
Frame 40 | Star: [6,3] | Map: classic
[State] XDB   : Pos=[14,6] Dir=up    | CD=6 | Status=[Normal]
        Agro  : Pos=[6,6] Dir=left  | CD=1 | Status=[Normal] (Visible: false)
[Replay Actions]
  ⚔️ Agro : stay still
  🛡️ XDB   : turn left (now up)
[Local Simulation Evaluation]
  Chosen Target: {"action":"move","target":[6,3],"score":-500}
  Path NextStep: [14,5] -> Need Turn/Move Dir: up
  🤖 Local Code Action: go(1)
  ⚠️ [Diverged] Local Code Action differs from Replay!
     -> Replay Action: turn left (now up)
     -> Local Code   : go(1)
--------------------------------------------------------------------------------
Frame 41 | Star: [6,3] | Map: classic
[State] XDB   : Pos=[14,5] Dir=up    | CD=5 | Status=[Normal]
        Agro  : Pos=[6,6] Dir=left  | CD=0 | Status=[Normal] (Visible: false)
[Replay Actions]
  ⚔️ Agro : stay still
  🛡️ XDB   : move to [14,5]
[Local Simulation Evaluation]
  Chosen Target: {"action":"move","target":[6,3],"score":-500}
  Path NextStep: [14,4] -> Need Turn/Move Dir: up
  🤖 Local Code Action: go(1)
  ⚠️ [Diverged] Local Code Action differs from Replay!
     -> Replay Action: move to [14,5]
     -> Local Code   : go(1)
--------------------------------------------------------------------------------
Frame 42 | Star: [6,3] | Map: classic
[State] XDB   : Pos=[14,4] Dir=up    | CD=4 | Status=[Normal]
        Agro  : Pos=[6,6] Dir=left  | CD=0 | Status=[Normal] (Visible: false)
[Replay Actions]
  ⚔️ Agro : stay still
  🛡️ XDB   : move to [14,4]
[Local Simulation Evaluation]
  Chosen Target: {"action":"move","target":[6,3],"score":-500}
  Path NextStep: [14,3] -> Need Turn/Move Dir: up
  🤖 Local Code Action: go(1)
  ⚠️ [Diverged] Local Code Action differs from Replay!
     -> Replay Action: move to [14,4]
     -> Local Code   : go(1)
--------------------------------------------------------------------------------
Frame 43 | Star: [6,3] | Map: classic
[State] XDB   : Pos=[14,3] Dir=up    | CD=3 | Status=[Normal]
        Agro  : Pos=[6,6] Dir=left  | CD=0 | Status=[Normal] (Visible: false)
[Replay Actions]
  ⚔️ Agro : stay still
  🛡️ XDB   : move to [14,3]
[Local Simulation Evaluation]
  Chosen Target: {"action":"move","target":[6,3],"score":-500}
  Path NextStep: [14,2] -> Need Turn/Move Dir: up
  🤖 Local Code Action: go(1)
  ⚠️ [Diverged] Local Code Action differs from Replay!
     -> Replay Action: move to [14,3]
     -> Local Code   : go(1)
--------------------------------------------------------------------------------
Frame 44 | Star: [6,3] | Map: classic
[State] XDB   : Pos=[14,2] Dir=up    | CD=2 | Status=[Normal]
        Agro  : Pos=[6,6] Dir=left  | CD=0 | Status=[Normal] (Visible: false)
[Replay Actions]
  ⚔️ Agro : stay still
  🛡️ XDB   : move to [14,2]
[Local Simulation Evaluation]
  Chosen Target: {"action":"move","target":[6,3],"score":-500}
  Path NextStep: [14,1] -> Need Turn/Move Dir: up
  🤖 Local Code Action: go(1)
  ⚠️ [Diverged] Local Code Action differs from Replay!
     -> Replay Action: move to [14,2]
     -> Local Code   : go(1)
--------------------------------------------------------------------------------
Frame 45 | Star: [6,3] | Map: classic
[State] XDB   : Pos=[14,1] Dir=up    | CD=1 | Status=[Normal]
        Agro  : Pos=[6,6] Dir=left  | CD=0 | Status=[Normal] (Visible: false)
[Replay Actions]
  ⚔️ Agro : stay still
  🛡️ XDB   : move to [14,1]
[Local Simulation Evaluation]
  Chosen Target: {"action":"move","target":[6,3],"score":-500}
  Path NextStep: [13,1] -> Need Turn/Move Dir: left
  🤖 Local Code Action: turn("left")
  ⚠️ [Diverged] Local Code Action differs from Replay!
     -> Replay Action: move to [14,1]
     -> Local Code   : turn("left")
--------------------------------------------------------------------------------
Frame 46 | Star: [6,3] | Map: classic
[State] XDB   : Pos=[14,1] Dir=left  | CD=0 | Status=[Normal]
        Agro  : Pos=[3,1] Dir=left  | CD=40 | Status=[fireLocked] (Visible: false)
[Replay Actions]
  ⚔️ Agro : teleported to [3,1]
  🛡️ XDB   : turn left (now left)
[Local Simulation Evaluation]
  Chosen Target: {"action":"teleport","target":[6,7],"score":10100}
  🤖 Local Code Action: teleport(6, 7)
  ⚠️ [Diverged] Local Code Action differs from Replay!
     -> Replay Action: turn left (now left)
     -> Local Code   : teleport(6, 7)
--------------------------------------------------------------------------------
Frame 47 | Star: [6,3] | Map: classic
[State] XDB   : Pos=[6,7] Dir=left  | CD=40 | Status=[fireLocked]
        Agro  : Pos=[3,1] Dir=left  | CD=39 | Status=[fireLocked] (Visible: false)
[Replay Actions]
  ⚔️ Agro : stay still
  🛡️ XDB   : teleported to [6,7]
[Local Simulation Evaluation]
  Chosen Target: {"action":"turn","target":[6,6],"score":9900}
  🤖 Local Code Action: turn("right")
  ⚠️ [Diverged] Local Code Action differs from Replay!
     -> Replay Action: teleported to [6,7]
     -> Local Code   : turn("right")
--------------------------------------------------------------------------------
Frame 48 | Star: [6,3] | Map: classic
[State] XDB   : Pos=[6,7] Dir=left  | CD=39 | Status=[fireLocked]
        Agro  : Pos=[3,1] Dir=left  | CD=38 | Status=[Normal] (Visible: false)
[Replay Actions]
  ⚔️ Agro : stay still
  🛡️ XDB   : stay still
[Local Simulation Evaluation]
  Chosen Target: {"action":"turn","target":[6,6],"score":9900}
  🤖 Local Code Action: turn("right")
  ⚠️ [Diverged] Local Code Action differs from Replay!
     -> Replay Action: stay still
     -> Local Code   : turn("right")
--------------------------------------------------------------------------------
Frame 49 | Star: [6,3] | Map: classic
[State] XDB   : Pos=[5,7] Dir=left  | CD=38 | Status=[Normal]
        Agro  : Pos=[3,1] Dir=left  | CD=37 | Status=[Normal] (Visible: false)
[Replay Actions]
  ⚔️ Agro : stay still
  🛡️ XDB   : move to [5,7]
[Local Simulation Evaluation]
  Chosen Target: {"action":"move","target":[6,3],"score":-500}
  🤖 Local Code Action: stay still
  ⚠️ [Diverged] Local Code Action differs from Replay!
     -> Replay Action: move to [5,7]
     -> Local Code   : stay still
--------------------------------------------------------------------------------
Frame 50 | Star: [6,3] | Map: classic
[State] XDB   : Pos=[5,7] Dir=left  | CD=37 | Status=[Normal]
        Agro  : Pos=[3,1] Dir=left  | CD=36 | Status=[Normal] (Visible: false)
[Replay Actions]
  ⚔️ Agro : stay still
  🛡️ XDB   : stay still
[Local Simulation Evaluation]
  Chosen Target: {"action":"move","target":[6,3],"score":-500}
  🤖 Local Code Action: stay still
--------------------------------------------------------------------------------
Frame 51 | Star: [6,3] | Map: classic
[State] XDB   : Pos=[5,7] Dir=left  | CD=36 | Status=[Normal]
        Agro  : Pos=[3,1] Dir=left  | CD=35 | Status=[Normal] (Visible: false)
[Replay Actions]
  ⚔️ Agro : stay still
  🛡️ XDB   : stay still
[Local Simulation Evaluation]
  Chosen Target: {"action":"move","target":[6,3],"score":-500}
  🤖 Local Code Action: stay still
--------------------------------------------------------------------------------
Frame 52 | Star: [6,3] | Map: classic
[State] XDB   : Pos=[5,7] Dir=left  | CD=35 | Status=[Normal]
        Agro  : Pos=[3,1] Dir=left  | CD=34 | Status=[Normal] (Visible: false)
[Replay Actions]
  ⚔️ Agro : stay still
  🛡️ XDB   : stay still
[Local Simulation Evaluation]
  Chosen Target: {"action":"move","target":[6,3],"score":-500}
  🤖 Local Code Action: stay still
--------------------------------------------------------------------------------
Frame 53 | Star: [6,3] | Map: classic
[State] XDB   : Pos=[5,7] Dir=left  | CD=34 | Status=[Normal]
        Agro  : Pos=[3,1] Dir=left  | CD=33 | Status=[Normal] (Visible: false)
[Replay Actions]
  ⚔️ Agro : stay still
  🛡️ XDB   : stay still
[Local Simulation Evaluation]
  Chosen Target: {"action":"move","target":[6,3],"score":-500}
  🤖 Local Code Action: stay still
--------------------------------------------------------------------------------
Frame 54 | Star: [6,3] | Map: classic
[State] XDB   : Pos=[5,7] Dir=left  | CD=33 | Status=[Normal]
        Agro  : Pos=[3,1] Dir=left  | CD=32 | Status=[Normal] (Visible: false)
[Replay Actions]
  ⚔️ Agro : stay still
  🛡️ XDB   : stay still
[Local Simulation Evaluation]
  Chosen Target: {"action":"move","target":[6,3],"score":-500}
  🤖 Local Code Action: stay still
--------------------------------------------------------------------------------
Frame 55 | Star: [6,3] | Map: classic
[State] XDB   : Pos=[5,7] Dir=left  | CD=32 | Status=[Normal]
        Agro  : Pos=[3,1] Dir=left  | CD=31 | Status=[Normal] (Visible: false)
[Replay Actions]
  ⚔️ Agro : stay still
  🛡️ XDB   : stay still
[Local Simulation Evaluation]
  Chosen Target: {"action":"move","target":[6,3],"score":-500}
  🤖 Local Code Action: stay still
--------------------------------------------------------------------------------
Frame 56 | Star: [6,3] | Map: classic
[State] XDB   : Pos=[5,7] Dir=left  | CD=31 | Status=[Normal]
        Agro  : Pos=[3,1] Dir=left  | CD=30 | Status=[Normal] (Visible: false)
[Replay Actions]
  ⚔️ Agro : stay still
  🛡️ XDB   : stay still
[Local Simulation Evaluation]
  Chosen Target: {"action":"move","target":[6,3],"score":-500}
  Path NextStep: [5,8] -> Need Turn/Move Dir: down
  🤖 Local Code Action: turn("left")
  ⚠️ [Diverged] Local Code Action differs from Replay!
     -> Replay Action: stay still
     -> Local Code   : turn("left")
--------------------------------------------------------------------------------
Frame 57 | Star: [6,3] | Map: classic
[State] XDB   : Pos=[5,7] Dir=down  | CD=30 | Status=[Normal]
        Agro  : Pos=[3,1] Dir=left  | CD=29 | Status=[Normal] (Visible: false)
[Replay Actions]
  ⚔️ Agro : stay still
  🛡️ XDB   : turn left (now down)
[Local Simulation Evaluation]
  Chosen Target: {"action":"move","target":[6,3],"score":-500}
  Path NextStep: [5,8] -> Need Turn/Move Dir: down
  🤖 Local Code Action: fire()
  ⚠️ [Diverged] Local Code Action differs from Replay!
     -> Replay Action: turn left (now down)
     -> Local Code   : fire()
--------------------------------------------------------------------------------
Frame 58 | Star: [6,3] | Map: classic
[State] XDB   : Pos=[5,7] Dir=down  | CD=29 | Status=[Normal]
        Agro  : Pos=[3,1] Dir=left  | CD=28 | Status=[Normal] (Visible: false)
[Replay Actions]
  ⚔️ Agro : stay still
  🛡️ XDB   : stay still
[Local Simulation Evaluation]
  Chosen Target: {"action":"move","target":[6,3],"score":-500}
  Path NextStep: [5,8] -> Need Turn/Move Dir: down
  🤖 Local Code Action: fire()
  ⚠️ [Diverged] Local Code Action differs from Replay!
     -> Replay Action: stay still
     -> Local Code   : fire()
--------------------------------------------------------------------------------
Frame 59 | Star: [6,3] | Map: classic
[State] XDB   : Pos=[5,7] Dir=down  | CD=28 | Status=[Normal]
        Agro  : Pos=[3,1] Dir=left  | CD=27 | Status=[Normal] (Visible: false)
[Replay Actions]
  ⚔️ Agro : stay still
  🛡️ XDB   : stay still
[Local Simulation Evaluation]
  Chosen Target: {"action":"move","target":[6,3],"score":-500}
  Path NextStep: [5,8] -> Need Turn/Move Dir: down
  🤖 Local Code Action: fire()
  ⚠️ [Diverged] Local Code Action differs from Replay!
     -> Replay Action: stay still
     -> Local Code   : fire()
--------------------------------------------------------------------------------
Frame 60 | Star: [6,3] | Map: classic
[State] XDB   : Pos=[5,7] Dir=down  | CD=27 | Status=[Normal]
        Agro  : Pos=[3,1] Dir=left  | CD=26 | Status=[Normal] (Visible: false)
[Replay Actions]
  ⚔️ Agro : stay still
  🛡️ XDB   : stay still
[Local Simulation Evaluation]
  Chosen Target: {"action":"move","target":[6,3],"score":-500}
  Path NextStep: [5,8] -> Need Turn/Move Dir: down
  🤖 Local Code Action: fire()
  ⚠️ [Diverged] Local Code Action differs from Replay!
     -> Replay Action: stay still
     -> Local Code   : fire()
--------------------------------------------------------------------------------
Frame 61 | Star: [6,3] | Map: classic
[State] XDB   : Pos=[5,7] Dir=down  | CD=26 | Status=[Normal]
        Agro  : Pos=[3,1] Dir=left  | CD=25 | Status=[Normal] (Visible: false)
[Replay Actions]
  ⚔️ Agro : stay still
  🛡️ XDB   : stay still
[Local Simulation Evaluation]
  Chosen Target: {"action":"move","target":[6,3],"score":-500}
  Path NextStep: [5,8] -> Need Turn/Move Dir: down
  🤖 Local Code Action: go(1)
  ⚠️ [Diverged] Local Code Action differs from Replay!
     -> Replay Action: stay still
     -> Local Code   : go(1)
--------------------------------------------------------------------------------
Frame 62 | Star: [6,3] | Map: classic
[State] XDB   : Pos=[5,8] Dir=down  | CD=25 | Status=[Normal]
        Agro  : Pos=[3,1] Dir=left  | CD=24 | Status=[Normal] (Visible: false)
[Replay Actions]
  ⚔️ Agro : stay still
  🛡️ XDB   : move to [5,8]
[Local Simulation Evaluation]
  Chosen Target: {"action":"move","target":[6,3],"score":-500}
  Path NextStep: [6,8] -> Need Turn/Move Dir: right
  🤖 Local Code Action: turn("left")
  ⚠️ [Diverged] Local Code Action differs from Replay!
     -> Replay Action: move to [5,8]
     -> Local Code   : turn("left")
--------------------------------------------------------------------------------
Frame 63 | Star: [6,3] | Map: classic
[State] XDB   : Pos=[5,8] Dir=right | CD=24 | Status=[Normal]
        Agro  : Pos=[3,1] Dir=left  | CD=23 | Status=[Normal] (Visible: false)
[Replay Actions]
  ⚔️ Agro : stay still
  🛡️ XDB   : turn left (now right)
[Local Simulation Evaluation]
  Chosen Target: {"action":"move","target":[6,3],"score":-500}
  Path NextStep: [6,8] -> Need Turn/Move Dir: right
  🤖 Local Code Action: go(1)
  ⚠️ [Diverged] Local Code Action differs from Replay!
     -> Replay Action: turn left (now right)
     -> Local Code   : go(1)
--------------------------------------------------------------------------------
Frame 64 | Star: [6,3] | Map: classic
[State] XDB   : Pos=[6,8] Dir=right | CD=23 | Status=[Normal]
        Agro  : Pos=[3,1] Dir=left  | CD=22 | Status=[Normal] (Visible: false)
[Replay Actions]
  ⚔️ Agro : stay still
  🛡️ XDB   : move to [6,8]
[Local Simulation Evaluation]
  Chosen Target: {"action":"turn","target":[6,6],"score":9900}
  🤖 Local Code Action: turn("left")
  ⚠️ [Diverged] Local Code Action differs from Replay!
     -> Replay Action: move to [6,8]
     -> Local Code   : turn("left")
--------------------------------------------------------------------------------
Frame 65 | Star: [6,3] | Map: classic
[State] XDB   : Pos=[7,8] Dir=right | CD=22 | Status=[Normal]
        Agro  : Pos=[3,1] Dir=left  | CD=21 | Status=[Normal] (Visible: false)
[Replay Actions]
  ⚔️ Agro : stay still
  🛡️ XDB   : move to [7,8]
[Local Simulation Evaluation]
  Chosen Target: {"action":"move","target":[6,3],"score":-500}
  Path NextStep: [8,8] -> Need Turn/Move Dir: right
  🤖 Local Code Action: go(1)
  ⚠️ [Diverged] Local Code Action differs from Replay!
     -> Replay Action: move to [7,8]
     -> Local Code   : go(1)
--------------------------------------------------------------------------------
Frame 66 | Star: [6,3] | Map: classic
[State] XDB   : Pos=[8,8] Dir=right | CD=21 | Status=[Normal]
        Agro  : Pos=[3,1] Dir=left  | CD=20 | Status=[Normal] (Visible: false)
[Replay Actions]
  ⚔️ Agro : stay still
  🛡️ XDB   : move to [8,8]
[Local Simulation Evaluation]
  Chosen Target: {"action":"move","target":[6,3],"score":-500}
  Path NextStep: [9,8] -> Need Turn/Move Dir: right
  🤖 Local Code Action: go(1)
  ⚠️ [Diverged] Local Code Action differs from Replay!
     -> Replay Action: move to [8,8]
     -> Local Code   : go(1)
--------------------------------------------------------------------------------
Frame 67 | Star: [6,3] | Map: classic
[State] XDB   : Pos=[9,8] Dir=right | CD=20 | Status=[Normal]
        Agro  : Pos=[3,1] Dir=left  | CD=19 | Status=[Normal] (Visible: false)
[Replay Actions]
  ⚔️ Agro : stay still
  🛡️ XDB   : move to [9,8]
[Local Simulation Evaluation]
  Chosen Target: {"action":"move","target":[6,3],"score":-500}
  Path NextStep: [10,8] -> Need Turn/Move Dir: right
  🤖 Local Code Action: go(1)
  ⚠️ [Diverged] Local Code Action differs from Replay!
     -> Replay Action: move to [9,8]
     -> Local Code   : go(1)
--------------------------------------------------------------------------------
Frame 68 | Star: [6,3] | Map: classic
[State] XDB   : Pos=[10,8] Dir=right | CD=19 | Status=[Normal]
        Agro  : Pos=[3,1] Dir=left  | CD=18 | Status=[Normal] (Visible: false)
[Replay Actions]
  ⚔️ Agro : stay still
  🛡️ XDB   : move to [10,8]
[Local Simulation Evaluation]
  Chosen Target: {"action":"move","target":[6,3],"score":-500}
  Path NextStep: [10,7] -> Need Turn/Move Dir: up
  🤖 Local Code Action: turn("left")
  ⚠️ [Diverged] Local Code Action differs from Replay!
     -> Replay Action: move to [10,8]
     -> Local Code   : turn("left")
--------------------------------------------------------------------------------
Frame 69 | Star: [6,3] | Map: classic
[State] XDB   : Pos=[10,8] Dir=up    | CD=18 | Status=[Normal]
        Agro  : Pos=[3,1] Dir=left  | CD=17 | Status=[Normal] (Visible: false)
[Replay Actions]
  ⚔️ Agro : stay still
  🛡️ XDB   : turn left (now up)
[Local Simulation Evaluation]
  Chosen Target: {"action":"move","target":[6,3],"score":-500}
  Path NextStep: [10,7] -> Need Turn/Move Dir: up
  🤖 Local Code Action: go(1)
  ⚠️ [Diverged] Local Code Action differs from Replay!
     -> Replay Action: turn left (now up)
     -> Local Code   : go(1)
--------------------------------------------------------------------------------
Frame 70 | Star: [6,3] | Map: classic
[State] XDB   : Pos=[10,7] Dir=up    | CD=17 | Status=[Normal]
        Agro  : Pos=[3,1] Dir=left  | CD=16 | Status=[Normal] (Visible: false)
[Replay Actions]
  ⚔️ Agro : stay still
  🛡️ XDB   : move to [10,7]
[Local Simulation Evaluation]
  Chosen Target: {"action":"move","target":[6,3],"score":-500}
  Path NextStep: [10,6] -> Need Turn/Move Dir: up
  🤖 Local Code Action: go(1)
  ⚠️ [Diverged] Local Code Action differs from Replay!
     -> Replay Action: move to [10,7]
     -> Local Code   : go(1)
--------------------------------------------------------------------------------
Frame 71 | Star: [6,3] | Map: classic
[State] XDB   : Pos=[10,6] Dir=up    | CD=16 | Status=[Normal]
        Agro  : Pos=[3,1] Dir=left  | CD=15 | Status=[Normal] (Visible: false)
[Replay Actions]
  ⚔️ Agro : stay still
  🛡️ XDB   : move to [10,6]
[Local Simulation Evaluation]
  Chosen Target: {"action":"move","target":[6,3],"score":-500}
  Path NextStep: [11,6] -> Need Turn/Move Dir: right
  🤖 Local Code Action: turn("right")
  ⚠️ [Diverged] Local Code Action differs from Replay!
     -> Replay Action: move to [10,6]
     -> Local Code   : turn("right")
--------------------------------------------------------------------------------
Frame 72 | Star: [6,3] | Map: classic
[State] XDB   : Pos=[10,6] Dir=right | CD=15 | Status=[Normal]
        Agro  : Pos=[3,1] Dir=left  | CD=14 | Status=[Normal] (Visible: false)
[Replay Actions]
  ⚔️ Agro : stay still
  🛡️ XDB   : turn right (now right)
[Local Simulation Evaluation]
  Chosen Target: {"action":"move","target":[6,3],"score":-500}
  Path NextStep: [11,6] -> Need Turn/Move Dir: right
  🤖 Local Code Action: go(1)
  ⚠️ [Diverged] Local Code Action differs from Replay!
     -> Replay Action: turn right (now right)
     -> Local Code   : go(1)
--------------------------------------------------------------------------------
Frame 73 | Star: [6,3] | Map: classic
[State] XDB   : Pos=[11,6] Dir=right | CD=14 | Status=[Normal]
        Agro  : Pos=[3,1] Dir=left  | CD=13 | Status=[Normal] (Visible: false)
[Replay Actions]
  ⚔️ Agro : stay still
  🛡️ XDB   : move to [11,6]
[Local Simulation Evaluation]
  Chosen Target: {"action":"move","target":[6,3],"score":-500}
  Path NextStep: [12,6] -> Need Turn/Move Dir: right
  🤖 Local Code Action: go(1)
  ⚠️ [Diverged] Local Code Action differs from Replay!
     -> Replay Action: move to [11,6]
     -> Local Code   : go(1)
--------------------------------------------------------------------------------
Frame 74 | Star: [6,3] | Map: classic
[State] XDB   : Pos=[12,6] Dir=right | CD=13 | Status=[Normal]
        Agro  : Pos=[3,1] Dir=left  | CD=12 | Status=[Normal] (Visible: false)
[Replay Actions]
  ⚔️ Agro : stay still
  🛡️ XDB   : move to [12,6]
[Local Simulation Evaluation]
  Chosen Target: {"action":"move","target":[6,3],"score":-500}
  Path NextStep: [13,6] -> Need Turn/Move Dir: right
  🤖 Local Code Action: go(1)
  ⚠️ [Diverged] Local Code Action differs from Replay!
     -> Replay Action: move to [12,6]
     -> Local Code   : go(1)
--------------------------------------------------------------------------------
Frame 75 | Star: [6,3] | Map: classic
[State] XDB   : Pos=[13,6] Dir=right | CD=12 | Status=[Normal]
        Agro  : Pos=[3,1] Dir=left  | CD=11 | Status=[Normal] (Visible: false)
[Replay Actions]
  ⚔️ Agro : stay still
  🛡️ XDB   : move to [13,6]
[Local Simulation Evaluation]
  Chosen Target: {"action":"move","target":[6,3],"score":-500}
  🤖 Local Code Action: stay still
  ⚠️ [Diverged] Local Code Action differs from Replay!
     -> Replay Action: move to [13,6]
     -> Local Code   : stay still
--------------------------------------------------------------------------------
Frame 76 | Star: [6,3] | Map: classic
[State] XDB   : Pos=[13,6] Dir=right | CD=11 | Status=[Normal]
        Agro  : Pos=[3,1] Dir=left  | CD=10 | Status=[Normal] (Visible: false)
[Replay Actions]
  ⚔️ Agro : stay still
  🛡️ XDB   : stay still
[Local Simulation Evaluation]
  Chosen Target: {"action":"move","target":[6,3],"score":-500}
  🤖 Local Code Action: stay still
--------------------------------------------------------------------------------
Frame 77 | Star: [6,3] | Map: classic
[State] XDB   : Pos=[13,6] Dir=right | CD=10 | Status=[Normal]
        Agro  : Pos=[3,1] Dir=left  | CD=9 | Status=[Normal] (Visible: false)
[Replay Actions]
  ⚔️ Agro : stay still
  🛡️ XDB   : stay still
[Local Simulation Evaluation]
  Chosen Target: {"action":"move","target":[6,3],"score":-500}
  🤖 Local Code Action: stay still
--------------------------------------------------------------------------------
Frame 78 | Star: [6,3] | Map: classic
[State] XDB   : Pos=[13,6] Dir=right | CD=9 | Status=[Normal]
        Agro  : Pos=[3,1] Dir=left  | CD=8 | Status=[Normal] (Visible: false)
[Replay Actions]
  ⚔️ Agro : stay still
  🛡️ XDB   : stay still
[Local Simulation Evaluation]
  Chosen Target: {"action":"move","target":[6,3],"score":-500}
  🤖 Local Code Action: stay still
--------------------------------------------------------------------------------
Frame 79 | Star: [6,3] | Map: classic
[State] XDB   : Pos=[13,6] Dir=right | CD=8 | Status=[Normal]
        Agro  : Pos=[3,1] Dir=left  | CD=7 | Status=[Normal] (Visible: false)
[Replay Actions]
  ⚔️ Agro : stay still
  🛡️ XDB   : stay still
[Local Simulation Evaluation]
  Chosen Target: {"action":"move","target":[6,3],"score":-500}
  🤖 Local Code Action: stay still
--------------------------------------------------------------------------------
Frame 80 | Star: [6,3] | Map: classic
[State] XDB   : Pos=[13,6] Dir=right | CD=7 | Status=[Normal]
        Agro  : Pos=[3,1] Dir=left  | CD=6 | Status=[Normal] (Visible: false)
[Replay Actions]
  ⚔️ Agro : stay still
  🛡️ XDB   : stay still
[Local Simulation Evaluation]
  Chosen Target: {"action":"move","target":[6,3],"score":-500}
  🤖 Local Code Action: stay still
--------------------------------------------------------------------------------
Frame 81 | Star: [6,3] | Map: classic
[State] XDB   : Pos=[13,6] Dir=right | CD=6 | Status=[Normal]
        Agro  : Pos=[3,1] Dir=left  | CD=5 | Status=[Normal] (Visible: false)
[Replay Actions]
  ⚔️ Agro : stay still
  🛡️ XDB   : stay still
[Local Simulation Evaluation]
  Chosen Target: {"action":"move","target":[6,3],"score":-500}
  🤖 Local Code Action: stay still
--------------------------------------------------------------------------------
Frame 82 | Star: [6,3] | Map: classic
[State] XDB   : Pos=[13,6] Dir=right | CD=5 | Status=[Normal]
        Agro  : Pos=[3,1] Dir=left  | CD=4 | Status=[Normal] (Visible: false)
[Replay Actions]
  ⚔️ Agro : stay still
  🛡️ XDB   : stay still
[Local Simulation Evaluation]
  Chosen Target: {"action":"move","target":[6,3],"score":-500}
  🤖 Local Code Action: stay still
--------------------------------------------------------------------------------
Frame 83 | Star: [6,3] | Map: classic
[State] XDB   : Pos=[13,6] Dir=right | CD=4 | Status=[Normal]
        Agro  : Pos=[3,1] Dir=left  | CD=3 | Status=[Normal] (Visible: false)
[Replay Actions]
  ⚔️ Agro : stay still
  🛡️ XDB   : stay still
[Local Simulation Evaluation]
  Chosen Target: {"action":"move","target":[6,3],"score":-500}
  🤖 Local Code Action: go(1)
  ⚠️ [Diverged] Local Code Action differs from Replay!
     -> Replay Action: stay still
     -> Local Code   : go(1)
--------------------------------------------------------------------------------
Frame 84 | Star: [6,3] | Map: classic
[State] XDB   : Pos=[14,6] Dir=right | CD=3 | Status=[Normal]
        Agro  : Pos=[3,1] Dir=left  | CD=2 | Status=[Normal] (Visible: false)
[Replay Actions]
  ⚔️ Agro : stay still
  🛡️ XDB   : move to [14,6]
[Local Simulation Evaluation]
  Chosen Target: {"action":"move","target":[6,3],"score":-500}
  Path NextStep: [14,5] -> Need Turn/Move Dir: up
  🤖 Local Code Action: turn("left")
  ⚠️ [Diverged] Local Code Action differs from Replay!
     -> Replay Action: move to [14,6]
     -> Local Code   : turn("left")
--------------------------------------------------------------------------------
Frame 85 | Star: [6,3] | Map: classic
[State] XDB   : Pos=[14,6] Dir=up    | CD=2 | Status=[Normal]
        Agro  : Pos=[3,1] Dir=left  | CD=1 | Status=[Normal] (Visible: false)
[Replay Actions]
  ⚔️ Agro : stay still
  🛡️ XDB   : turn left (now up)
[Local Simulation Evaluation]
  Chosen Target: {"action":"move","target":[6,3],"score":-500}
  Path NextStep: [14,5] -> Need Turn/Move Dir: up
  🤖 Local Code Action: go(1)
  ⚠️ [Diverged] Local Code Action differs from Replay!
     -> Replay Action: turn left (now up)
     -> Local Code   : go(1)
--------------------------------------------------------------------------------
Frame 86 | Star: [6,3] | Map: classic
[State] XDB   : Pos=[14,5] Dir=up    | CD=1 | Status=[Normal]
        Agro  : Pos=[3,1] Dir=left  | CD=0 | Status=[Normal] (Visible: false)
[Replay Actions]
  ⚔️ Agro : stay still
  🛡️ XDB   : move to [14,5]
[Local Simulation Evaluation]
  Chosen Target: {"action":"move","target":[6,3],"score":-500}
  Path NextStep: [14,4] -> Need Turn/Move Dir: up
  🤖 Local Code Action: go(1)
  ⚠️ [Diverged] Local Code Action differs from Replay!
     -> Replay Action: move to [14,5]
     -> Local Code   : go(1)
--------------------------------------------------------------------------------
Frame 87 | Star: [6,3] | Map: classic
[State] XDB   : Pos=[14,4] Dir=up    | CD=0 | Status=[Normal]
        Agro  : Pos=[6,6] Dir=left  | CD=40 | Status=[fireLocked] (Visible: false)
[Replay Actions]
  ⚔️ Agro : teleported to [6,6]
  🛡️ XDB   : move to [14,4]
[Local Simulation Evaluation]
  Chosen Target: {"action":"teleport","target":[6,7],"score":10100}
  🤖 Local Code Action: teleport(6, 7)
  ⚠️ [Diverged] Local Code Action differs from Replay!
     -> Replay Action: move to [14,4]
     -> Local Code   : teleport(6, 7)
--------------------------------------------------------------------------------
Frame 88 | Star: [6,3] | Map: classic
[State] XDB   : Pos=[6,7] Dir=up    | CD=40 | Status=[fireLocked]
        Agro  : Pos=[6,6] Dir=left  | CD=39 | Status=[fireLocked] (Visible: false)
[Replay Actions]
  ⚔️ Agro : stay still
  🛡️ XDB   : teleported to [6,7]
[Local Simulation Evaluation]
  Chosen Target: {"action":"move","target":[6,7],"score":9920}
  🤖 Local Code Action: speak("预判在: [6,6]")
  ⚠️ [Diverged] Local Code Action differs from Replay!
     -> Replay Action: teleported to [6,7]
     -> Local Code   : speak("预判在: [6,6]")
--------------------------------------------------------------------------------
Frame 89 | Star: [6,3] | Map: classic
[State] XDB   : Pos=[6,7] Dir=left  | CD=39 | Status=[fireLocked]
        Agro  : Pos=[6,6] Dir=left  | CD=38 | Status=[Normal] (Visible: false)
[Replay Actions]
  ⚔️ Agro : stay still
  🛡️ XDB   : turn left (now left)
[Local Simulation Evaluation]
  Chosen Target: {"action":"turn","target":[6,6],"score":9900}
  🤖 Local Code Action: turn("right")
  ⚠️ [Diverged] Local Code Action differs from Replay!
     -> Replay Action: turn left (now left)
     -> Local Code   : turn("right")
--------------------------------------------------------------------------------
Frame 90 | Star: [6,3] | Map: classic
[State] XDB   : Pos=[5,7] Dir=left  | CD=38 | Status=[Normal]
        Agro  : Pos=[6,6] Dir=left  | CD=37 | Status=[Normal] (Visible: false)
[Replay Actions]
  ⚔️ Agro : stay still
  🛡️ XDB   : move to [5,7]
[Local Simulation Evaluation]
  Chosen Target: {"action":"move","target":[6,3],"score":-500}
  🤖 Local Code Action: stay still
  ⚠️ [Diverged] Local Code Action differs from Replay!
     -> Replay Action: move to [5,7]
     -> Local Code   : stay still
--------------------------------------------------------------------------------
Frame 91 | Star: [6,3] | Map: classic
[State] XDB   : Pos=[5,7] Dir=left  | CD=37 | Status=[Normal]
        Agro  : Pos=[6,6] Dir=left  | CD=36 | Status=[Normal] (Visible: false)
[Replay Actions]
  ⚔️ Agro : stay still
  🛡️ XDB   : stay still
[Local Simulation Evaluation]
  Chosen Target: {"action":"move","target":[6,3],"score":-500}
  🤖 Local Code Action: stay still
--------------------------------------------------------------------------------
Frame 92 | Star: [6,3] | Map: classic
[State] XDB   : Pos=[5,7] Dir=left  | CD=36 | Status=[Normal]
        Agro  : Pos=[6,6] Dir=left  | CD=35 | Status=[Normal] (Visible: false)
[Replay Actions]
  ⚔️ Agro : stay still
  🛡️ XDB   : stay still
[Local Simulation Evaluation]
  Chosen Target: {"action":"move","target":[6,3],"score":-500}
  🤖 Local Code Action: stay still
--------------------------------------------------------------------------------
Frame 93 | Star: [6,3] | Map: classic
[State] XDB   : Pos=[5,7] Dir=left  | CD=35 | Status=[Normal]
        Agro  : Pos=[6,6] Dir=left  | CD=34 | Status=[Normal] (Visible: false)
[Replay Actions]
  ⚔️ Agro : stay still
  🛡️ XDB   : stay still
[Local Simulation Evaluation]
  Chosen Target: {"action":"move","target":[6,3],"score":-500}
  🤖 Local Code Action: stay still
--------------------------------------------------------------------------------
Frame 94 | Star: [6,3] | Map: classic
[State] XDB   : Pos=[5,7] Dir=left  | CD=34 | Status=[Normal]
        Agro  : Pos=[6,6] Dir=left  | CD=33 | Status=[Normal] (Visible: false)
[Replay Actions]
  ⚔️ Agro : stay still
  🛡️ XDB   : stay still
[Local Simulation Evaluation]
  Chosen Target: {"action":"move","target":[6,3],"score":-500}
  🤖 Local Code Action: stay still
--------------------------------------------------------------------------------
Frame 95 | Star: [6,3] | Map: classic
[State] XDB   : Pos=[5,7] Dir=left  | CD=33 | Status=[Normal]
        Agro  : Pos=[6,6] Dir=left  | CD=32 | Status=[Normal] (Visible: false)
[Replay Actions]
  ⚔️ Agro : stay still
  🛡️ XDB   : stay still
[Local Simulation Evaluation]
  Chosen Target: {"action":"move","target":[6,3],"score":-500}
  🤖 Local Code Action: stay still
--------------------------------------------------------------------------------
Frame 96 | Star: [6,3] | Map: classic
[State] XDB   : Pos=[5,7] Dir=left  | CD=32 | Status=[Normal]
        Agro  : Pos=[6,6] Dir=left  | CD=31 | Status=[Normal] (Visible: false)
[Replay Actions]
  ⚔️ Agro : stay still
  🛡️ XDB   : stay still
[Local Simulation Evaluation]
  Chosen Target: {"action":"move","target":[6,3],"score":-500}
  🤖 Local Code Action: stay still
--------------------------------------------------------------------------------
Frame 97 | Star: [6,3] | Map: classic
[State] XDB   : Pos=[5,7] Dir=left  | CD=31 | Status=[Normal]
        Agro  : Pos=[6,6] Dir=left  | CD=30 | Status=[Normal] (Visible: false)
[Replay Actions]
  ⚔️ Agro : stay still
  🛡️ XDB   : stay still
[Local Simulation Evaluation]
  Chosen Target: {"action":"move","target":[6,3],"score":-500}
  Path NextStep: [5,8] -> Need Turn/Move Dir: down
  🤖 Local Code Action: turn("left")
  ⚠️ [Diverged] Local Code Action differs from Replay!
     -> Replay Action: stay still
     -> Local Code   : turn("left")
--------------------------------------------------------------------------------
Frame 98 | Star: [6,3] | Map: classic
[State] XDB   : Pos=[5,7] Dir=down  | CD=30 | Status=[Normal]
        Agro  : Pos=[6,6] Dir=left  | CD=29 | Status=[Normal] (Visible: false)
[Replay Actions]
  ⚔️ Agro : stay still
  🛡️ XDB   : turn left (now down)
[Local Simulation Evaluation]
  Chosen Target: {"action":"move","target":[6,3],"score":-500}
  Path NextStep: [5,8] -> Need Turn/Move Dir: down
  🤖 Local Code Action: fire()
  ⚠️ [Diverged] Local Code Action differs from Replay!
     -> Replay Action: turn left (now down)
     -> Local Code   : fire()
--------------------------------------------------------------------------------
Frame 99 | Star: [6,3] | Map: classic
[State] XDB   : Pos=[5,7] Dir=down  | CD=29 | Status=[Normal]
        Agro  : Pos=[6,6] Dir=left  | CD=28 | Status=[Normal] (Visible: false)
[Replay Actions]
  ⚔️ Agro : stay still
  🛡️ XDB   : stay still
[Local Simulation Evaluation]
  Chosen Target: {"action":"move","target":[6,3],"score":-500}
  Path NextStep: [5,8] -> Need Turn/Move Dir: down
  🤖 Local Code Action: fire()
  ⚠️ [Diverged] Local Code Action differs from Replay!
     -> Replay Action: stay still
     -> Local Code   : fire()
--------------------------------------------------------------------------------
Frame 100 | Star: [6,3] | Map: classic
[State] XDB   : Pos=[5,7] Dir=down  | CD=28 | Status=[Normal]
        Agro  : Pos=[6,6] Dir=left  | CD=27 | Status=[Normal] (Visible: false)
[Replay Actions]
  ⚔️ Agro : stay still
  🛡️ XDB   : stay still
[Local Simulation Evaluation]
  Chosen Target: {"action":"move","target":[6,3],"score":-500}
  Path NextStep: [5,8] -> Need Turn/Move Dir: down
  🤖 Local Code Action: fire()
  ⚠️ [Diverged] Local Code Action differs from Replay!
     -> Replay Action: stay still
     -> Local Code   : fire()
--------------------------------------------------------------------------------
Frame 101 | Star: [6,3] | Map: classic
[State] XDB   : Pos=[5,7] Dir=down  | CD=27 | Status=[Normal]
        Agro  : Pos=[6,6] Dir=left  | CD=26 | Status=[Normal] (Visible: false)
[Replay Actions]
  ⚔️ Agro : stay still
  🛡️ XDB   : stay still
[Local Simulation Evaluation]
  Chosen Target: {"action":"move","target":[6,3],"score":-500}
  Path NextStep: [5,8] -> Need Turn/Move Dir: down
  🤖 Local Code Action: fire()
  ⚠️ [Diverged] Local Code Action differs from Replay!
     -> Replay Action: stay still
     -> Local Code   : fire()
--------------------------------------------------------------------------------
Frame 102 | Star: [6,3] | Map: classic
[State] XDB   : Pos=[5,7] Dir=down  | CD=26 | Status=[Normal]
        Agro  : Pos=[6,6] Dir=left  | CD=25 | Status=[Normal] (Visible: false)
[Replay Actions]
  ⚔️ Agro : stay still
  🛡️ XDB   : stay still
[Local Simulation Evaluation]
  Chosen Target: {"action":"move","target":[6,3],"score":-500}
  Path NextStep: [5,8] -> Need Turn/Move Dir: down
  🤖 Local Code Action: go(1)
  ⚠️ [Diverged] Local Code Action differs from Replay!
     -> Replay Action: stay still
     -> Local Code   : go(1)
--------------------------------------------------------------------------------
Frame 103 | Star: [6,3] | Map: classic
[State] XDB   : Pos=[5,8] Dir=down  | CD=25 | Status=[Normal]
        Agro  : Pos=[6,6] Dir=left  | CD=24 | Status=[Normal] (Visible: false)
[Replay Actions]
  ⚔️ Agro : stay still
  🛡️ XDB   : move to [5,8]
[Local Simulation Evaluation]
  Chosen Target: {"action":"move","target":[6,3],"score":-500}
  Path NextStep: [6,8] -> Need Turn/Move Dir: right
  🤖 Local Code Action: turn("left")
  ⚠️ [Diverged] Local Code Action differs from Replay!
     -> Replay Action: move to [5,8]
     -> Local Code   : turn("left")
--------------------------------------------------------------------------------
Frame 104 | Star: [6,3] | Map: classic
[State] XDB   : Pos=[5,8] Dir=right | CD=24 | Status=[Normal]
        Agro  : Pos=[6,6] Dir=left  | CD=23 | Status=[Normal] (Visible: false)
[Replay Actions]
  ⚔️ Agro : stay still
  🛡️ XDB   : turn left (now right)
[Local Simulation Evaluation]
  Chosen Target: {"action":"move","target":[6,3],"score":-500}
  Path NextStep: [6,8] -> Need Turn/Move Dir: right
  🤖 Local Code Action: go(1)
  ⚠️ [Diverged] Local Code Action differs from Replay!
     -> Replay Action: turn left (now right)
     -> Local Code   : go(1)
--------------------------------------------------------------------------------
Frame 105 | Star: [6,3] | Map: classic
[State] XDB   : Pos=[6,8] Dir=right | CD=23 | Status=[Normal]
        Agro  : Pos=[6,6] Dir=left  | CD=22 | Status=[Normal] (Visible: false)
[Replay Actions]
  ⚔️ Agro : stay still
  🛡️ XDB   : move to [6,8]
[Local Simulation Evaluation]
  Chosen Target: {"action":"turn","target":[6,6],"score":9900}
  🤖 Local Code Action: turn("left")
  ⚠️ [Diverged] Local Code Action differs from Replay!
     -> Replay Action: move to [6,8]
     -> Local Code   : turn("left")
--------------------------------------------------------------------------------
Frame 106 | Star: [6,3] | Map: classic
[State] XDB   : Pos=[7,8] Dir=right | CD=22 | Status=[Normal]
        Agro  : Pos=[6,6] Dir=left  | CD=21 | Status=[Normal] (Visible: false)
[Replay Actions]
  ⚔️ Agro : stay still
  🛡️ XDB   : move to [7,8]
[Local Simulation Evaluation]
  Chosen Target: {"action":"move","target":[6,3],"score":-500}
  Path NextStep: [8,8] -> Need Turn/Move Dir: right
  🤖 Local Code Action: go(1)
  ⚠️ [Diverged] Local Code Action differs from Replay!
     -> Replay Action: move to [7,8]
     -> Local Code   : go(1)
--------------------------------------------------------------------------------
Frame 107 | Star: [6,3] | Map: classic
[State] XDB   : Pos=[8,8] Dir=right | CD=21 | Status=[Normal]
        Agro  : Pos=[6,6] Dir=left  | CD=20 | Status=[Normal] (Visible: false)
[Replay Actions]
  ⚔️ Agro : stay still
  🛡️ XDB   : move to [8,8]
[Local Simulation Evaluation]
  Chosen Target: {"action":"move","target":[6,3],"score":-500}
  Path NextStep: [9,8] -> Need Turn/Move Dir: right
  🤖 Local Code Action: go(1)
  ⚠️ [Diverged] Local Code Action differs from Replay!
     -> Replay Action: move to [8,8]
     -> Local Code   : go(1)
--------------------------------------------------------------------------------
Frame 108 | Star: [6,3] | Map: classic
[State] XDB   : Pos=[9,8] Dir=right | CD=20 | Status=[Normal]
        Agro  : Pos=[6,6] Dir=left  | CD=19 | Status=[Normal] (Visible: false)
[Replay Actions]
  ⚔️ Agro : stay still
  🛡️ XDB   : move to [9,8]
[Local Simulation Evaluation]
  Chosen Target: {"action":"move","target":[6,3],"score":-500}
  Path NextStep: [10,8] -> Need Turn/Move Dir: right
  🤖 Local Code Action: go(1)
  ⚠️ [Diverged] Local Code Action differs from Replay!
     -> Replay Action: move to [9,8]
     -> Local Code   : go(1)
--------------------------------------------------------------------------------
Frame 109 | Star: [6,3] | Map: classic
[State] XDB   : Pos=[10,8] Dir=right | CD=19 | Status=[Normal]
        Agro  : Pos=[6,6] Dir=left  | CD=18 | Status=[Normal] (Visible: false)
[Replay Actions]
  ⚔️ Agro : stay still
  🛡️ XDB   : move to [10,8]
[Local Simulation Evaluation]
  Chosen Target: {"action":"move","target":[6,3],"score":-500}
  Path NextStep: [10,7] -> Need Turn/Move Dir: up
  🤖 Local Code Action: turn("left")
  ⚠️ [Diverged] Local Code Action differs from Replay!
     -> Replay Action: move to [10,8]
     -> Local Code   : turn("left")
--------------------------------------------------------------------------------
Frame 110 | Star: [6,3] | Map: classic
[State] XDB   : Pos=[10,8] Dir=up    | CD=18 | Status=[Normal]
        Agro  : Pos=[6,6] Dir=left  | CD=17 | Status=[Normal] (Visible: false)
[Replay Actions]
  ⚔️ Agro : stay still
  🛡️ XDB   : turn left (now up)
[Local Simulation Evaluation]
  Chosen Target: {"action":"move","target":[6,3],"score":-500}
  Path NextStep: [10,7] -> Need Turn/Move Dir: up
  🤖 Local Code Action: go(1)
  ⚠️ [Diverged] Local Code Action differs from Replay!
     -> Replay Action: turn left (now up)
     -> Local Code   : go(1)
--------------------------------------------------------------------------------
Frame 111 | Star: [6,3] | Map: classic
[State] XDB   : Pos=[10,7] Dir=up    | CD=17 | Status=[Normal]
        Agro  : Pos=[6,6] Dir=left  | CD=16 | Status=[Normal] (Visible: false)
[Replay Actions]
  ⚔️ Agro : stay still
  🛡️ XDB   : move to [10,7]
[Local Simulation Evaluation]
  Chosen Target: {"action":"move","target":[6,3],"score":-500}
  Path NextStep: [10,6] -> Need Turn/Move Dir: up
  🤖 Local Code Action: go(1)
  ⚠️ [Diverged] Local Code Action differs from Replay!
     -> Replay Action: move to [10,7]
     -> Local Code   : go(1)
--------------------------------------------------------------------------------
Frame 112 | Star: [6,3] | Map: classic
[State] XDB   : Pos=[10,6] Dir=up    | CD=16 | Status=[Normal]
        Agro  : Pos=[6,6] Dir=left  | CD=15 | Status=[Normal] (Visible: false)
[Replay Actions]
  ⚔️ Agro : stay still
  🛡️ XDB   : move to [10,6]
[Local Simulation Evaluation]
  Chosen Target: {"action":"move","target":[6,3],"score":-500}
  Path NextStep: [11,6] -> Need Turn/Move Dir: right
  🤖 Local Code Action: turn("right")
  ⚠️ [Diverged] Local Code Action differs from Replay!
     -> Replay Action: move to [10,6]
     -> Local Code   : turn("right")
--------------------------------------------------------------------------------
Frame 113 | Star: [6,3] | Map: classic
[State] XDB   : Pos=[10,6] Dir=right | CD=15 | Status=[Normal]
        Agro  : Pos=[6,6] Dir=left  | CD=14 | Status=[Normal] (Visible: false)
[Replay Actions]
  ⚔️ Agro : stay still
  🛡️ XDB   : turn right (now right)
[Local Simulation Evaluation]
  Chosen Target: {"action":"move","target":[6,3],"score":-500}
  Path NextStep: [11,6] -> Need Turn/Move Dir: right
  🤖 Local Code Action: go(1)
  ⚠️ [Diverged] Local Code Action differs from Replay!
     -> Replay Action: turn right (now right)
     -> Local Code   : go(1)
--------------------------------------------------------------------------------
Frame 114 | Star: [6,3] | Map: classic
[State] XDB   : Pos=[11,6] Dir=right | CD=14 | Status=[Normal]
        Agro  : Pos=[6,6] Dir=left  | CD=13 | Status=[Normal] (Visible: false)
[Replay Actions]
  ⚔️ Agro : stay still
  🛡️ XDB   : move to [11,6]
[Local Simulation Evaluation]
  Chosen Target: {"action":"move","target":[6,3],"score":-500}
  Path NextStep: [12,6] -> Need Turn/Move Dir: right
  🤖 Local Code Action: go(1)
  ⚠️ [Diverged] Local Code Action differs from Replay!
     -> Replay Action: move to [11,6]
     -> Local Code   : go(1)
--------------------------------------------------------------------------------
Frame 115 | Star: [6,3] | Map: classic
[State] XDB   : Pos=[12,6] Dir=right | CD=13 | Status=[Normal]
        Agro  : Pos=[6,6] Dir=left  | CD=12 | Status=[Normal] (Visible: false)
[Replay Actions]
  ⚔️ Agro : stay still
  🛡️ XDB   : move to [12,6]
[Local Simulation Evaluation]
  Chosen Target: {"action":"move","target":[6,3],"score":-500}
  Path NextStep: [13,6] -> Need Turn/Move Dir: right
  🤖 Local Code Action: go(1)
  ⚠️ [Diverged] Local Code Action differs from Replay!
     -> Replay Action: move to [12,6]
     -> Local Code   : go(1)
--------------------------------------------------------------------------------
Frame 116 | Star: [6,3] | Map: classic
[State] XDB   : Pos=[13,6] Dir=right | CD=12 | Status=[Normal]
        Agro  : Pos=[6,6] Dir=left  | CD=11 | Status=[Normal] (Visible: false)
[Replay Actions]
  ⚔️ Agro : stay still
  🛡️ XDB   : move to [13,6]
[Local Simulation Evaluation]
  Chosen Target: {"action":"move","target":[6,3],"score":-500}
  🤖 Local Code Action: stay still
  ⚠️ [Diverged] Local Code Action differs from Replay!
     -> Replay Action: move to [13,6]
     -> Local Code   : stay still
--------------------------------------------------------------------------------
Frame 117 | Star: [6,3] | Map: classic
[State] XDB   : Pos=[13,6] Dir=right | CD=11 | Status=[Normal]
        Agro  : Pos=[6,6] Dir=left  | CD=10 | Status=[Normal] (Visible: false)
[Replay Actions]
  ⚔️ Agro : stay still
  🛡️ XDB   : stay still
[Local Simulation Evaluation]
  Chosen Target: {"action":"move","target":[6,3],"score":-500}
  🤖 Local Code Action: stay still
--------------------------------------------------------------------------------
Frame 118 | Star: [6,3] | Map: classic
[State] XDB   : Pos=[13,6] Dir=right | CD=10 | Status=[Normal]
        Agro  : Pos=[6,6] Dir=left  | CD=9 | Status=[Normal] (Visible: false)
[Replay Actions]
  ⚔️ Agro : stay still
  🛡️ XDB   : stay still
[Local Simulation Evaluation]
  Chosen Target: {"action":"move","target":[6,3],"score":-500}
  🤖 Local Code Action: stay still
--------------------------------------------------------------------------------
Frame 119 | Star: [6,3] | Map: classic
[State] XDB   : Pos=[13,6] Dir=right | CD=9 | Status=[Normal]
        Agro  : Pos=[6,6] Dir=left  | CD=8 | Status=[Normal] (Visible: false)
[Replay Actions]
  ⚔️ Agro : stay still
  🛡️ XDB   : stay still
[Local Simulation Evaluation]
  Chosen Target: {"action":"move","target":[6,3],"score":-500}
  🤖 Local Code Action: stay still
--------------------------------------------------------------------------------
Frame 120 | Star: [6,3] | Map: classic
[State] XDB   : Pos=[13,6] Dir=right | CD=8 | Status=[Normal]
        Agro  : Pos=[6,6] Dir=left  | CD=7 | Status=[Normal] (Visible: false)
[Replay Actions]
  ⚔️ Agro : stay still
  🛡️ XDB   : stay still
[Local Simulation Evaluation]
  Chosen Target: {"action":"move","target":[6,3],"score":-500}
  🤖 Local Code Action: stay still
--------------------------------------------------------------------------------
Frame 121 | Star: [6,3] | Map: classic
[State] XDB   : Pos=[13,6] Dir=right | CD=7 | Status=[Normal]
        Agro  : Pos=[6,6] Dir=left  | CD=6 | Status=[Normal] (Visible: false)
[Replay Actions]
  ⚔️ Agro : stay still
  🛡️ XDB   : stay still
[Local Simulation Evaluation]
  Chosen Target: {"action":"move","target":[6,3],"score":-500}
  🤖 Local Code Action: stay still
--------------------------------------------------------------------------------
Frame 122 | Star: [6,3] | Map: classic
[State] XDB   : Pos=[13,6] Dir=right | CD=6 | Status=[Normal]
        Agro  : Pos=[6,6] Dir=left  | CD=5 | Status=[Normal] (Visible: false)
[Replay Actions]
  ⚔️ Agro : stay still
  🛡️ XDB   : stay still
[Local Simulation Evaluation]
  Chosen Target: {"action":"move","target":[6,3],"score":-500}
  🤖 Local Code Action: stay still
--------------------------------------------------------------------------------
Frame 123 | Star: [6,3] | Map: classic
[State] XDB   : Pos=[13,6] Dir=right | CD=5 | Status=[Normal]
        Agro  : Pos=[6,6] Dir=left  | CD=4 | Status=[Normal] (Visible: false)
[Replay Actions]
  ⚔️ Agro : stay still
  🛡️ XDB   : stay still
[Local Simulation Evaluation]
  Chosen Target: {"action":"move","target":[6,3],"score":-500}
  🤖 Local Code Action: stay still
--------------------------------------------------------------------------------
Frame 124 | Star: [6,3] | Map: classic
[State] XDB   : Pos=[13,6] Dir=right | CD=4 | Status=[Normal]
        Agro  : Pos=[6,6] Dir=left  | CD=3 | Status=[Normal] (Visible: false)
[Replay Actions]
  ⚔️ Agro : stay still
  🛡️ XDB   : stay still
[Local Simulation Evaluation]
  Chosen Target: {"action":"move","target":[6,3],"score":-500}
  🤖 Local Code Action: go(1)
  ⚠️ [Diverged] Local Code Action differs from Replay!
     -> Replay Action: stay still
     -> Local Code   : go(1)
--------------------------------------------------------------------------------
Frame 125 | Star: [6,3] | Map: classic
[State] XDB   : Pos=[14,6] Dir=right | CD=3 | Status=[Normal]
        Agro  : Pos=[6,6] Dir=left  | CD=2 | Status=[Normal] (Visible: false)
[Replay Actions]
  ⚔️ Agro : stay still
  🛡️ XDB   : move to [14,6]
[Local Simulation Evaluation]
  Chosen Target: {"action":"move","target":[6,3],"score":-500}
  Path NextStep: [14,5] -> Need Turn/Move Dir: up
  🤖 Local Code Action: turn("left")
  ⚠️ [Diverged] Local Code Action differs from Replay!
     -> Replay Action: move to [14,6]
     -> Local Code   : turn("left")
--------------------------------------------------------------------------------
Frame 126 | Star: [6,3] | Map: classic
[State] XDB   : Pos=[14,6] Dir=up    | CD=2 | Status=[Normal]
        Agro  : Pos=[6,6] Dir=left  | CD=1 | Status=[Normal] (Visible: false)
[Replay Actions]
  ⚔️ Agro : stay still
  🛡️ XDB   : turn left (now up)
[Local Simulation Evaluation]
  Chosen Target: {"action":"move","target":[6,3],"score":-500}
  Path NextStep: [14,5] -> Need Turn/Move Dir: up
  🤖 Local Code Action: go(1)
  ⚠️ [Diverged] Local Code Action differs from Replay!
     -> Replay Action: turn left (now up)
     -> Local Code   : go(1)
--------------------------------------------------------------------------------
Frame 127 | Star: [6,3] | Map: classic
[State] XDB   : Pos=[14,5] Dir=up    | CD=1 | Status=[Normal]
        Agro  : Pos=[6,6] Dir=left  | CD=0 | Status=[Normal] (Visible: false)
[Replay Actions]
  ⚔️ Agro : stay still
  🛡️ XDB   : move to [14,5]
[Local Simulation Evaluation]
  Chosen Target: {"action":"move","target":[6,3],"score":-500}
  Path NextStep: [14,4] -> Need Turn/Move Dir: up
  🤖 Local Code Action: go(1)
  ⚠️ [Diverged] Local Code Action differs from Replay!
     -> Replay Action: move to [14,5]
     -> Local Code   : go(1)
================================================================================
