
=================== Simulation Config ===================
  My Tank (XDB) ID : 36fe0b03 (Index: 0)
  Enemy (ByteStorm) ID : 90ae7de3 (Index: 1)
=========================================================

--------------------------------------------------------------------------------
Frame 1 | Star: [5,13] | Map: classic
[State] XDB   : Pos=[5,12] Dir=up    | CD=40 | Status=[fireLocked]
        ByteStorm : Pos=[16,13] Dir=down  | CD=0 | Status=[Normal] (Visible: true)
[Replay Actions]
  鈿旓笍 ByteStorm: move to [16,13]
  馃洝锔?XDB   : teleported to [5,12]
[Local Simulation Evaluation]
  Chosen Target: {"action":"move","target":[5,13],"score":1799,"type":"star"}
  Path NextStep: [5,13] -> Need Turn/Move Dir: down
  馃 Local Code Action: turn("left")
  鈿狅笍 [Diverged] Local Code Action differs from Replay!
     -> Replay Action: teleported to [5,12]
     -> Local Code   : turn("left")
--------------------------------------------------------------------------------
Frame 2 | Star: [5,13] | Map: classic
[State] XDB   : Pos=[5,12] Dir=left  | CD=39 | Status=[fireLocked]
        ByteStorm : Pos=[16,13] Dir=left  | CD=0 | Status=[Normal] (Visible: false)
[Replay Actions]
  鈿旓笍 ByteStorm: turn right (now left)
  馃洝锔?XDB   : turn left (now left)
[Local Simulation Evaluation]
  Chosen Target: {"action":"move","target":[5,13],"score":1949,"type":"star"}
  Path NextStep: [5,13] -> Need Turn/Move Dir: down
  馃 Local Code Action: go(1)
  鈿狅笍 [Diverged] Local Code Action differs from Replay!
     -> Replay Action: turn left (now left)
     -> Local Code   : go(1)
--------------------------------------------------------------------------------
Frame 3 | Star: [5,13] | Map: classic
[State] XDB   : Pos=[5,12] Dir=down  | CD=38 | Status=[Normal]
        ByteStorm : Pos=[15,13] Dir=left  | CD=0 | Status=[Normal] (Visible: false)
[Replay Actions]
  鈿旓笍 ByteStorm: move to [15,13]
  馃洝锔?XDB   : turn left (now down)
[Local Simulation Evaluation]
  Chosen Target: {"action":"fire","target":[5,13],"score":2200,"type":"guard"}
  馃 Local Code Action: fire()
  鈿狅笍 [Diverged] Local Code Action differs from Replay!
     -> Replay Action: turn left (now down)
     -> Local Code   : fire()
--------------------------------------------------------------------------------
Frame 4 | Star: null | Map: classic
[State] XDB   : Pos=[5,13] Dir=down  | CD=37 | Status=[Normal]
        ByteStorm : Pos=[14,13] Dir=left  | CD=0 | Status=[Normal] (Visible: true)
[Replay Actions]
  鈿旓笍 ByteStorm: move to [14,13]
  馃洝锔?XDB   : move to [5,13]
[Local Simulation Evaluation]
  Chosen Target: {"action":"move","target":[5,8],"score":750,"type":"survival"}
  Path NextStep: [5,12] -> Need Turn/Move Dir: up
  馃 Local Code Action: turn("right")
  鈿狅笍 [Diverged] Local Code Action differs from Replay!
     -> Replay Action: move to [5,13]
     -> Local Code   : turn("right")
--------------------------------------------------------------------------------
Frame 5 | Star: null | Map: classic
[State] XDB   : Pos=[5,13] Dir=right | CD=36 | Status=[Normal]
        ByteStorm : Pos=[13,13] Dir=left  | CD=0 | Status=[Normal] (Visible: true)
[Replay Actions]
  鈿旓笍 ByteStorm: move to [13,13]
  馃洝锔?XDB   : turn left (now right)
[Local Simulation Evaluation]
  Chosen Target: {"action":"move","target":[5,8],"score":1550,"type":"survival"}
  Path NextStep: [5,12] -> Need Turn/Move Dir: up
  馃 Local Code Action: turn("left")
  鈿狅笍 [Diverged] Local Code Action differs from Replay!
     -> Replay Action: turn left (now right)
     -> Local Code   : turn("left")
--------------------------------------------------------------------------------
Frame 6 | Star: null | Map: classic
[State] XDB   : Pos=[5,13] Dir=up    | CD=35 | Status=[Normal]
        ByteStorm : Pos=[12,13] Dir=left  | CD=0 | Status=[Normal] (Visible: true)
[Replay Actions]
  鈿旓笍 ByteStorm: move to [12,13]
  馃洝锔?XDB   : turn left (now up)
[Local Simulation Evaluation]
  Chosen Target: {"action":"move","target":[5,8],"score":1550,"type":"survival"}
  Path NextStep: [5,12] -> Need Turn/Move Dir: up
  馃 Local Code Action: go(1)
  鈿狅笍 [Diverged] Local Code Action differs from Replay!
     -> Replay Action: turn left (now up)
     -> Local Code   : go(1)
--------------------------------------------------------------------------------
Frame 7 | Star: null | Map: classic
[State] XDB   : Pos=[5,12] Dir=up    | CD=34 | Status=[Normal]
        ByteStorm : Pos=[11,13] Dir=left  | CD=0 | Status=[Normal] (Visible: true)
[Replay Actions]
  鈿旓笍 ByteStorm: move to [11,13]
  馃洝锔?XDB   : move to [5,12]
[Local Simulation Evaluation]
  Chosen Target: {"action":"move","target":[5,8],"score":1560,"type":"survival"}
  Path NextStep: [5,11] -> Need Turn/Move Dir: up
  馃 Local Code Action: stay still
  鈿狅笍 [Diverged] Local Code Action differs from Replay!
     -> Replay Action: move to [5,12]
     -> Local Code   : stay still
--------------------------------------------------------------------------------
Frame 8 | Star: null | Map: classic
[State] XDB   : Pos=[5,12] Dir=up    | CD=33 | Status=[Normal]
        ByteStorm : Pos=[10,13] Dir=left  | CD=0 | Status=[Normal] (Visible: true)
[Replay Actions]
  鈿旓笍 ByteStorm: move to [10,13]
  馃洝锔?XDB   : stay still
[Local Simulation Evaluation]
  Chosen Target: {"action":"move","target":[5,8],"score":1560,"type":"survival"}
  Path NextStep: [5,11] -> Need Turn/Move Dir: up
  馃 Local Code Action: go(1)
  鈿狅笍 [Diverged] Local Code Action differs from Replay!
     -> Replay Action: stay still
     -> Local Code   : go(1)
--------------------------------------------------------------------------------
Frame 9 | Star: null | Map: classic
[State] XDB   : Pos=[5,11] Dir=up    | CD=32 | Status=[Normal]
        ByteStorm : Pos=[9,13] Dir=left  | CD=0 | Status=[Normal] (Visible: true)
[Replay Actions]
  鈿旓笍 ByteStorm: move to [9,13]
  馃洝锔?XDB   : move to [5,11]
[Local Simulation Evaluation]
  Chosen Target: {"action":"move","target":[5,8],"score":1570,"type":"survival"}
  Path NextStep: [5,10] -> Need Turn/Move Dir: up
  馃 Local Code Action: go(1)
  鈿狅笍 [Diverged] Local Code Action differs from Replay!
     -> Replay Action: move to [5,11]
     -> Local Code   : go(1)
--------------------------------------------------------------------------------
Frame 10 | Star: null | Map: classic
[State] XDB   : Pos=[5,10] Dir=up    | CD=31 | Status=[Normal]
        ByteStorm : Pos=[8,13] Dir=left  | CD=0 | Status=[Normal] (Visible: true)
[Replay Actions]
  鈿旓笍 ByteStorm: move to [8,13]
  馃洝锔?XDB   : move to [5,10]
[Local Simulation Evaluation]
  Chosen Target: {"action":"move","target":[5,8],"score":1580,"type":"survival"}
  Path NextStep: [4,10] -> Need Turn/Move Dir: left
  馃 Local Code Action: turn("left")
  鈿狅笍 [Diverged] Local Code Action differs from Replay!
     -> Replay Action: move to [5,10]
     -> Local Code   : turn("left")
--------------------------------------------------------------------------------
Frame 11 | Star: null | Map: classic
[State] XDB   : Pos=[5,10] Dir=left  | CD=30 | Status=[Normal]
        ByteStorm : Pos=[7,13] Dir=left  | CD=0 | Status=[Normal] (Visible: true)
[Replay Actions]
  鈿旓笍 ByteStorm: move to [7,13]
  馃洝锔?XDB   : turn left (now left)
[Local Simulation Evaluation]
  Chosen Target: {"action":"move","target":[5,8],"score":1580,"type":"survival"}
  Path NextStep: [4,10] -> Need Turn/Move Dir: left
  馃 Local Code Action: go(1)
  鈿狅笍 [Diverged] Local Code Action differs from Replay!
     -> Replay Action: turn left (now left)
     -> Local Code   : go(1)
--------------------------------------------------------------------------------
Frame 12 | Star: null | Map: classic
[State] XDB   : Pos=[4,10] Dir=left  | CD=29 | Status=[Normal]
        ByteStorm : Pos=[6,13] Dir=left  | CD=0 | Status=[Normal] (Visible: true)
[Replay Actions]
  鈿旓笍 ByteStorm: move to [6,13]
  馃洝锔?XDB   : move to [4,10]
[Local Simulation Evaluation]
  Chosen Target: {"action":"move","target":[5,8],"score":1570,"type":"survival"}
  Path NextStep: [4,9] -> Need Turn/Move Dir: up
  馃 Local Code Action: turn("right")
  鈿狅笍 [Diverged] Local Code Action differs from Replay!
     -> Replay Action: move to [4,10]
     -> Local Code   : turn("right")
--------------------------------------------------------------------------------
Frame 13 | Star: null | Map: classic
[State] XDB   : Pos=[4,10] Dir=up    | CD=28 | Status=[Normal]
        ByteStorm : Pos=[5,13] Dir=left  | CD=0 | Status=[Normal] (Visible: true)
[Replay Actions]
  鈿旓笍 ByteStorm: move to [5,13]
  馃洝锔?XDB   : turn right (now up)
[Local Simulation Evaluation]
  Chosen Target: {"action":"move","target":[5,8],"score":1570,"type":"survival"}
  Path NextStep: [4,9] -> Need Turn/Move Dir: up
  馃 Local Code Action: go(1)
  鈿狅笍 [Diverged] Local Code Action differs from Replay!
     -> Replay Action: turn right (now up)
     -> Local Code   : go(1)
--------------------------------------------------------------------------------
Frame 14 | Star: [16,7] | Map: classic
[State] XDB   : Pos=[4,9] Dir=up    | CD=27 | Status=[Normal]
        ByteStorm : Pos=[4,13] Dir=left  | CD=0 | Status=[Normal] (Visible: true)
[Replay Actions]
  鈿旓笍 ByteStorm: move to [4,13]
  馃洝锔?XDB   : move to [4,9]
[Local Simulation Evaluation]
  Chosen Target: {"action":"turn","target":[4,13],"score":9900,"type":"shoot"}
  馃 Local Code Action: turn("left")
  鈿狅笍 [Diverged] Local Code Action differs from Replay!
     -> Replay Action: move to [4,9]
     -> Local Code   : turn("left")
--------------------------------------------------------------------------------
Frame 15 | Star: [16,7] | Map: classic
[State] XDB   : Pos=[4,9] Dir=left  | CD=26 | Status=[Normal]
        ByteStorm : Pos=[3,13] Dir=left  | CD=0 | Status=[Normal] (Visible: true)
[Replay Actions]
  鈿旓笍 ByteStorm: move to [3,13]
  馃洝锔?XDB   : turn left (now left)
[Local Simulation Evaluation]
  Chosen Target: {"action":"move","target":[16,7],"score":1786,"type":"star"}
  Path NextStep: [4,8] -> Need Turn/Move Dir: up
  馃 Local Code Action: turn("right")
  鈿狅笍 [Diverged] Local Code Action differs from Replay!
     -> Replay Action: turn left (now left)
     -> Local Code   : turn("right")
--------------------------------------------------------------------------------
Frame 16 | Star: [16,7] | Map: classic
[State] XDB   : Pos=[4,9] Dir=up    | CD=25 | Status=[Normal]
        ByteStorm : Pos=[3,13] Dir=up    | CD=0 | Status=[Normal] (Visible: true)
[Replay Actions]
  鈿旓笍 ByteStorm: turn right (now up)
  馃洝锔?XDB   : turn right (now up)
[Local Simulation Evaluation]
  Chosen Target: {"action":"move","target":[16,7],"score":1936,"type":"star"}
  Path NextStep: [4,8] -> Need Turn/Move Dir: up
  馃 Local Code Action: go(1)
  鈿狅笍 [Diverged] Local Code Action differs from Replay!
     -> Replay Action: turn right (now up)
     -> Local Code   : go(1)
--------------------------------------------------------------------------------
Frame 17 | Star: [16,7] | Map: classic
[State] XDB   : Pos=[4,8] Dir=up    | CD=24 | Status=[Normal]
        ByteStorm : Pos=[3,13] Dir=up    | CD=32 | Status=[overloaded] (Visible: true)
[Replay Actions]
  鈿旓笍 ByteStorm: stay still
  馃洝锔?XDB   : move to [4,8]
[Local Simulation Evaluation]
  Chosen Target: {"action":"move","target":[16,7],"score":1537,"type":"star"}
  Path NextStep: [5,8] -> Need Turn/Move Dir: right
  馃 Local Code Action: turn("right")
  鈿狅笍 [Diverged] Local Code Action differs from Replay!
     -> Replay Action: move to [4,8]
     -> Local Code   : turn("right")
--------------------------------------------------------------------------------
Frame 18 | Star: [16,7] | Map: classic
[State] XDB   : Pos=[4,8] Dir=right | CD=23 | Status=[Normal]
        ByteStorm : Pos=[3,12] Dir=up    | CD=31 | Status=[overloaded] (Visible: true)
[Replay Actions]
  鈿旓笍 ByteStorm: move to [3,12]
  馃洝锔?XDB   : turn right (now right)
[Local Simulation Evaluation]
  Chosen Target: {"action":"move","target":[16,7],"score":1537,"type":"star"}
  Path NextStep: [5,8] -> Need Turn/Move Dir: right
  馃 Local Code Action: go(1)
  鈿狅笍 [Diverged] Local Code Action differs from Replay!
     -> Replay Action: turn right (now right)
     -> Local Code   : go(1)
--------------------------------------------------------------------------------
Frame 19 | Star: [16,7] | Map: classic
[State] XDB   : Pos=[5,8] Dir=right | CD=22 | Status=[Normal]
        ByteStorm : Pos=[3,11] Dir=up    | CD=30 | Status=[overloaded] (Visible: true)
[Replay Actions]
  鈿旓笍 ByteStorm: move to [3,11]
  馃洝锔?XDB   : move to [5,8]
[Local Simulation Evaluation]
  Chosen Target: {"action":"turn","target":[4,8],"score":9850,"type":"pre_aim"}
  馃 Local Code Action: turn("left")
  鈿狅笍 [Diverged] Local Code Action differs from Replay!
     -> Replay Action: move to [5,8]
     -> Local Code   : turn("left")
--------------------------------------------------------------------------------
Frame 20 | Star: [16,7] | Map: classic
[State] XDB   : Pos=[5,8] Dir=up    | CD=21 | Status=[Normal]
        ByteStorm : Pos=[3,11] Dir=right | CD=29 | Status=[overloaded] (Visible: true)
[Replay Actions]
  鈿旓笍 ByteStorm: turn right (now right)
  馃洝锔?XDB   : turn left (now up)
[Local Simulation Evaluation]
  Chosen Target: {"action":"move","target":[16,7],"score":1388,"type":"star"}
  Path NextStep: [5,7] -> Need Turn/Move Dir: up
  馃 Local Code Action: go(1)
  鈿狅笍 [Diverged] Local Code Action differs from Replay!
     -> Replay Action: turn left (now up)
     -> Local Code   : go(1)
--------------------------------------------------------------------------------
Frame 21 | Star: [16,7] | Map: classic
[State] XDB   : Pos=[5,7] Dir=up    | CD=20 | Status=[Normal]
        ByteStorm : Pos=[4,11] Dir=right | CD=28 | Status=[overloaded] (Visible: true)
[Replay Actions]
  鈿旓笍 ByteStorm: move to [4,11]
  馃洝锔?XDB   : move to [5,7]
[Local Simulation Evaluation]
  Chosen Target: {"action":"move","target":[16,7],"score":1539,"type":"star"}
  Path NextStep: [6,7] -> Need Turn/Move Dir: right
  馃 Local Code Action: turn("right")
  鈿狅笍 [Diverged] Local Code Action differs from Replay!
     -> Replay Action: move to [5,7]
     -> Local Code   : turn("right")
--------------------------------------------------------------------------------
Frame 22 | Star: [16,7] | Map: classic
[State] XDB   : Pos=[5,7] Dir=right | CD=19 | Status=[Normal]
        ByteStorm : Pos=[4,11] Dir=up    | CD=27 | Status=[overloaded] (Visible: true)
[Replay Actions]
  鈿旓笍 ByteStorm: turn left (now up)
  馃洝锔?XDB   : turn right (now right)
[Local Simulation Evaluation]
  Chosen Target: {"action":"turn","target":[4,7],"score":9850,"type":"pre_aim"}
  馃 Local Code Action: turn("right")
  鈿狅笍 [Diverged] Local Code Action differs from Replay!
     -> Replay Action: turn right (now right)
     -> Local Code   : turn("right")
--------------------------------------------------------------------------------
Frame 23 | Star: [16,7] | Map: classic
[State] XDB   : Pos=[5,7] Dir=down  | CD=18 | Status=[Normal]
        ByteStorm : Pos=[4,10] Dir=up    | CD=26 | Status=[overloaded] (Visible: true)
[Replay Actions]
  鈿旓笍 ByteStorm: move to [4,10]
  馃洝锔?XDB   : turn right (now down)
[Local Simulation Evaluation]
  Chosen Target: {"action":"turn","target":[4,7],"score":9850,"type":"pre_aim"}
  馃 Local Code Action: turn("right")
  鈿狅笍 [Diverged] Local Code Action differs from Replay!
     -> Replay Action: turn right (now down)
     -> Local Code   : turn("right")
--------------------------------------------------------------------------------
Frame 24 | Star: [16,7] | Map: classic
[State] XDB   : Pos=[5,7] Dir=left  | CD=17 | Status=[Normal]
        ByteStorm : Pos=[4,9] Dir=up    | CD=25 | Status=[overloaded] (Visible: true)
[Replay Actions]
  鈿旓笍 ByteStorm: move to [4,9]
  馃洝锔?XDB   : turn right (now left)
[Local Simulation Evaluation]
  Chosen Target: {"action":"move","target":[5,7],"score":9840,"type":"pre_aim"}
  馃 Local Code Action: stay still
  鈿狅笍 [Diverged] Local Code Action differs from Replay!
     -> Replay Action: turn right (now left)
     -> Local Code   : stay still
--------------------------------------------------------------------------------
Frame 25 | Star: [16,7] | Map: classic
[State] XDB   : Pos=[5,7] Dir=left  | CD=16 | Status=[Normal]
        ByteStorm : Pos=[4,9] Dir=up    | CD=24 | Status=[Normal] (Visible: true)
[Replay Actions]
  鈿旓笍 ByteStorm: stay still
  馃洝锔?XDB   : CRASHED
[Local Simulation Evaluation]
  Chosen Target: {"action":"move","target":[5,7],"score":9840,"type":"pre_aim"}
  馃 Local Code Action: speak("鍙戠幇浜嗗瓙寮?)
  鈿狅笍 [Diverged] Local Code Action differs from Replay!
     -> Replay Action: CRASHED
     -> Local Code   : speak("鍙戠幇浜嗗瓙寮?)
================================================================================
