
=================== Simulation Config ===================
  My Tank (XDB) ID : adc37d0a (Index: 0)
  Enemy (Agro) ID : 0ed848dd (Index: 1)
=========================================================

--------------------------------------------------------------------------------
Frame 1 | Star: [16,3] | Map: classic
[State] XDB   : Pos=[2,1] Dir=up    | CD=0 | Status=[Normal]
        Agro  : Pos=[13,6] Dir=down  | CD=40 | Status=[fireLocked] (Visible: true)
[Replay Actions]
  ⚔️ Agro : teleported to [13,6]
  🛡️ XDB   : move to [2,1]
[Local Simulation Evaluation]
  Chosen Target: {"action":"teleport","target":[8,6],"score":10100}
  🤖 Local Code Action: teleport(8, 6)
  ⚠️ [Diverged] Local Code Action differs from Replay!
     -> Replay Action: move to [2,1]
     -> Local Code   : teleport(8, 6)
--------------------------------------------------------------------------------
Frame 2 | Star: [16,3] | Map: classic
[State] XDB   : Pos=[2,1] Dir=right | CD=0 | Status=[Normal]
        Agro  : Pos=[13,6] Dir=left  | CD=39 | Status=[fireLocked] (Visible: false)
[Replay Actions]
  ⚔️ Agro : turn right (now left)
  🛡️ XDB   : turn right (now right)
[Local Simulation Evaluation]
  Chosen Target: {"action":"teleport","target":[16,6],"score":10100}
  🤖 Local Code Action: teleport(16, 6)
  ⚠️ [Diverged] Local Code Action differs from Replay!
     -> Replay Action: turn right (now right)
     -> Local Code   : teleport(16, 6)
--------------------------------------------------------------------------------
Frame 3 | Star: [16,3] | Map: classic
[State] XDB   : Pos=[3,1] Dir=right | CD=0 | Status=[Normal]
        Agro  : Pos=[13,6] Dir=left  | CD=38 | Status=[Normal] (Visible: false)
[Replay Actions]
  ⚔️ Agro : stay still
  🛡️ XDB   : move to [3,1]
[Local Simulation Evaluation]
  Chosen Target: {"action":"teleport","target":[16,6],"score":10100}
  🤖 Local Code Action: teleport(16, 6)
  ⚠️ [Diverged] Local Code Action differs from Replay!
     -> Replay Action: move to [3,1]
     -> Local Code   : teleport(16, 6)
--------------------------------------------------------------------------------
Frame 4 | Star: [16,3] | Map: classic
[State] XDB   : Pos=[15,3] Dir=right | CD=40 | Status=[fireLocked]
        Agro  : Pos=[13,6] Dir=left  | CD=37 | Status=[Normal] (Visible: false)
[Replay Actions]
  ⚔️ Agro : stay still
  🛡️ XDB   : teleported to [15,3]
[Local Simulation Evaluation]
  Chosen Target: {"action":"move","target":[16,3],"score":1799}
  Path NextStep: [16,3] -> Need Turn/Move Dir: right
  🤖 Local Code Action: go(1)
  ⚠️ [Diverged] Local Code Action differs from Replay!
     -> Replay Action: teleported to [15,3]
     -> Local Code   : go(1)
--------------------------------------------------------------------------------
Frame 5 | Star: [16,3] | Map: classic
[State] XDB   : Pos=[15,3] Dir=right | CD=39 | Status=[fireLocked]
        Agro  : Pos=[13,6] Dir=left  | CD=36 | Status=[Normal] (Visible: false)
[Replay Actions]
  ⚔️ Agro : stay still
  🛡️ XDB   : stay still
[Local Simulation Evaluation]
  Chosen Target: {"action":"move","target":[16,3],"score":1799}
  Path NextStep: [16,3] -> Need Turn/Move Dir: right
  🤖 Local Code Action: go(1)
  ⚠️ [Diverged] Local Code Action differs from Replay!
     -> Replay Action: stay still
     -> Local Code   : go(1)
--------------------------------------------------------------------------------
Frame 6 | Star: null | Map: classic
[State] XDB   : Pos=[16,3] Dir=right | CD=38 | Status=[Normal]
        Agro  : Pos=[13,6] Dir=left  | CD=35 | Status=[Normal] (Visible: false)
[Replay Actions]
  ⚔️ Agro : stay still
  🛡️ XDB   : move to [16,3]
[Local Simulation Evaluation]
  Chosen Target: {"action":"move","target":[10,6],"score":710}
  Path NextStep: [15,3] -> Need Turn/Move Dir: left
  🤖 Local Code Action: turn("right")
  ⚠️ [Diverged] Local Code Action differs from Replay!
     -> Replay Action: move to [16,3]
     -> Local Code   : turn("right")
--------------------------------------------------------------------------------
Frame 7 | Star: null | Map: classic
[State] XDB   : Pos=[16,3] Dir=down  | CD=37 | Status=[Normal]
        Agro  : Pos=[13,6] Dir=up    | CD=34 | Status=[Normal] (Visible: false)
[Replay Actions]
  ⚔️ Agro : turn right (now up)
  🛡️ XDB   : turn right (now down)
[Local Simulation Evaluation]
  Chosen Target: {"action":"move","target":[10,6],"score":710}
  Path NextStep: [15,3] -> Need Turn/Move Dir: left
  🤖 Local Code Action: turn("right")
  ⚠️ [Diverged] Local Code Action differs from Replay!
     -> Replay Action: turn right (now down)
     -> Local Code   : turn("right")
--------------------------------------------------------------------------------
Frame 8 | Star: null | Map: classic
[State] XDB   : Pos=[16,4] Dir=down  | CD=36 | Status=[Normal]
        Agro  : Pos=[13,6] Dir=right | CD=33 | Status=[Normal] (Visible: false)
[Replay Actions]
  ⚔️ Agro : turn right (now right)
  🛡️ XDB   : move to [16,4]
[Local Simulation Evaluation]
  Chosen Target: {"action":"move","target":[10,6],"score":720}
  Path NextStep: [15,4] -> Need Turn/Move Dir: left
  🤖 Local Code Action: turn("right")
  ⚠️ [Diverged] Local Code Action differs from Replay!
     -> Replay Action: move to [16,4]
     -> Local Code   : turn("right")
--------------------------------------------------------------------------------
Frame 9 | Star: null | Map: classic
[State] XDB   : Pos=[16,5] Dir=down  | CD=35 | Status=[Normal]
        Agro  : Pos=[13,6] Dir=right | CD=32 | Status=[Normal] (Visible: false)
[Replay Actions]
  ⚔️ Agro : stay still
  🛡️ XDB   : move to [16,5]
[Local Simulation Evaluation]
  Chosen Target: {"action":"move","target":[10,6],"score":730}
  Path NextStep: [16,4] -> Need Turn/Move Dir: up
  🤖 Local Code Action: turn("left")
  ⚠️ [Diverged] Local Code Action differs from Replay!
     -> Replay Action: move to [16,5]
     -> Local Code   : turn("left")
--------------------------------------------------------------------------------
Frame 10 | Star: null | Map: classic
[State] XDB   : Pos=[16,6] Dir=down  | CD=34 | Status=[Normal]
        Agro  : Pos=[13,6] Dir=right | CD=31 | Status=[Normal] (Visible: false)
[Replay Actions]
  ⚔️ Agro : stay still
  🛡️ XDB   : CRASHED
[Local Simulation Evaluation]
  Chosen Target: {"action":"move","target":[10,6],"score":740}
  Path NextStep: [16,5] -> Need Turn/Move Dir: up
  🤖 Local Code Action: turn("left")
  ⚠️ [Diverged] Local Code Action differs from Replay!
     -> Replay Action: CRASHED
     -> Local Code   : turn("left")
================================================================================
